I0804 15:35:20.406152 22023 util.cc:56] "query-bsp"
I0804 15:35:20.236259 13743 worker.cc:155] tid-0 access Cool
I0804 15:35:20.236277 13747 worker.cc:155] tid-4 access Cool
I0804 15:35:20.231104 13353 worker.cc:155] tid-2 access Cool
I0804 15:35:20.231129 13355 worker.cc:155] tid-4 access Cool
I0804 15:35:20.048904 10512 worker.cc:155] tid-2 access Cool
I0804 15:35:20.048969 10517 worker.cc:155] tid-7 access Cool
I0804 15:35:20.355597 13397 worker.cc:155] tid-0 access Cool
I0804 15:35:20.355597 13401 worker.cc:155] tid-4 access Cool
I0804 15:35:20.182359 13553 worker.cc:155] tid-2 access Cool
I0804 15:35:20.142983 13677 worker.cc:155] tid-0 access Cool
I0804 15:35:20.142966 13679 worker.cc:155] tid-2 access Cool
I0804 15:35:20.608650 19446 worker.cc:155] tid-1 access Cool
I0804 15:35:20.608587 19445 worker.cc:155] tid-0 access Cool
I0804 15:35:20.437470 27113 worker.cc:155] tid-1 access Cool
I0804 15:35:20.437556 27107 worker.cc:49] Enter worker loop, task num is 8
I0804 15:35:20.437569 27112 worker.cc:155] tid-0 access Cool
I0804 15:35:20.407215 22023 worker.cc:238] The query absolute path is /BIGDATA1/buaa_wffan_1/lidongze/code/grape/cpp/build/query/wcc_feature/query-bsp
I0804 15:35:20.413414 22023 worker.cc:244] query detail: 
I0804 15:35:20.413429 22023 query.cc:81] terminate = 0
I0804 15:35:20.413457 22023 query.cc:82] bound = 0
I0804 15:35:20.413465 22023 query.cc:83] root = 0
I0804 15:35:20.413470 22023 query.cc:84] lower_bound_ = 0
I0804 15:35:20.413473 22023 query.cc:85] upper_bound_ = 50
I0804 15:35:20.413477 22023 query.cc:86] ttl_ = 100000
I0804 15:35:20.416738 22023 query.cc:87] sampling_pattern = 
I0804 15:35:20.416744 22023 worker.cc:249] query_info=file:/BIGDATA1/buaa_wffan_1/lidongze/code/grape/cpp/build/query/wcc_feature/query-bsp
I0804 15:35:20.416915 22023 worker.cc:35] Enter coordinator loop
I0804 15:35:20.236258 13744 worker.cc:155] tid-1 access Cool
I0804 15:35:20.231146 13356 worker.cc:155] tid-5 access Cool
I0804 15:35:20.355617 13402 worker.cc:155] tid-5 access Cool
I0804 15:35:20.048810 10514 worker.cc:155] tid-4 access Cool
I0804 15:35:20.236310 13748 worker.cc:155] tid-5 access Cool
I0804 15:35:20.231103 13352 worker.cc:155] tid-1 access Cool
I0804 15:35:20.355576 13400 worker.cc:155] tid-3 access Cool
I0804 15:35:20.048787 10513 worker.cc:155] tid-3 access Cool
I0804 15:35:20.048799 10510 worker.cc:155] tid-0 access Cool
I0804 15:35:20.048785 10511 worker.cc:155] tid-1 access Cool
I0804 15:35:20.236263 13746 worker.cc:155] tid-3 access Cool
I0804 15:35:20.236359 13745 worker.cc:155] tid-2 access Cool
I0804 15:35:20.231106 13354 worker.cc:155] tid-3 access Cool
I0804 15:35:20.231299 13358 worker.cc:155] tid-7 access Cool
I0804 15:35:20.355633 13399 worker.cc:155] tid-2 access Cool
I0804 15:35:20.048930 10516 worker.cc:155] tid-6 access Cool
I0804 15:35:20.236376 13749 worker.cc:155] tid-6 access Cool
I0804 15:35:20.231107 13351 worker.cc:155] tid-0 access Cool
I0804 15:35:20.231200 13357 worker.cc:155] tid-6 access Cool
I0804 15:35:20.355574 13398 worker.cc:155] tid-1 access Cool
I0804 15:35:20.048882 10515 worker.cc:155] tid-5 access Cool
I0804 15:35:20.236429 13750 worker.cc:155] tid-7 access Cool
I0804 15:35:20.231237 13346 worker.cc:49] Enter worker loop, task num is 8
I0804 15:35:20.355654 13403 worker.cc:155] tid-6 access Cool
I0804 15:35:20.048969 10505 worker.cc:49] Enter worker loop, task num is 8
I0804 15:35:20.236428 13738 worker.cc:49] Enter worker loop, task num is 8
I0804 15:35:20.254084 13351 wcc_hashmin.cc:130] worker window 1 0 374231
I0804 15:35:20.355690 13404 worker.cc:155] tid-7 access Cool
I0804 15:35:20.072078 10513 wcc_hashmin.cc:130] worker window 30 0 374373
I0804 15:35:20.072078 10510 wcc_hashmin.cc:130] worker window 6 0 374270
I0804 15:35:20.259363 13744 wcc_hashmin.cc:130] worker window 8 0 374804
I0804 15:35:20.259388 13745 wcc_hashmin.cc:130] worker window 16 0 374359
I0804 15:35:20.254259 13352 wcc_hashmin.cc:130] worker window 9 0 372074
I0804 15:35:20.355684 13392 worker.cc:49] Enter worker loop, task num is 8
I0804 15:35:20.072428 10511 wcc_hashmin.cc:130] worker window 14 0 374476
I0804 15:35:20.259594 13743 wcc_hashmin.cc:130] worker window 0 0 374073
I0804 15:35:20.254658 13354 wcc_hashmin.cc:130] worker window 25 0 374081
I0804 15:35:20.378199 13400 wcc_hashmin.cc:130] worker window 27 0 374686
I0804 15:35:20.073734 10514 wcc_hashmin.cc:130] worker window 38 0 374899
I0804 15:35:20.259656 13750 wcc_hashmin.cc:130] worker window 56 0 374145
I0804 15:35:20.254839 13358 wcc_hashmin.cc:130] worker window 57 0 374111
I0804 15:35:20.380128 13404 wcc_hashmin.cc:130] worker window 59 0 374594
I0804 15:35:20.380162 13399 wcc_hashmin.cc:130] worker window 19 0 374020
I0804 15:35:20.380147 13403 wcc_hashmin.cc:130] worker window 51 0 371790
I0804 15:35:20.074102 10515 wcc_hashmin.cc:130] worker window 46 0 374079
I0804 15:35:20.074102 10516 wcc_hashmin.cc:130] worker window 54 0 374220
I0804 15:35:20.074105 10517 wcc_hashmin.cc:130] worker window 62 0 372293
I0804 15:35:20.074115 10512 wcc_hashmin.cc:130] worker window 22 0 374439
I0804 15:35:20.261389 13746 wcc_hashmin.cc:130] worker window 24 0 374079
I0804 15:35:20.261401 13748 wcc_hashmin.cc:130] worker window 40 0 374193
I0804 15:35:20.261406 13749 wcc_hashmin.cc:130] worker window 48 0 374772
I0804 15:35:20.261411 13747 wcc_hashmin.cc:130] worker window 32 0 374381
I0804 15:35:20.254854 13353 wcc_hashmin.cc:130] worker window 17 0 374358
I0804 15:35:20.380182 13398 wcc_hashmin.cc:130] worker window 11 0 374616
I0804 15:35:20.255211 13355 wcc_hashmin.cc:130] worker window 33 0 374384
I0804 15:35:20.381184 13397 wcc_hashmin.cc:130] worker window 3 0 374246
I0804 15:35:20.256161 13356 wcc_hashmin.cc:130] worker window 41 0 374199
I0804 15:35:20.256170 13357 wcc_hashmin.cc:130] worker window 49 0 374873
I0804 15:35:20.382181 13401 wcc_hashmin.cc:130] worker window 35 0 374446
I0804 15:35:20.382191 13402 wcc_hashmin.cc:130] worker window 43 0 374720
I0804 15:35:20.182307 13556 worker.cc:155] tid-5 access Cool
I0804 15:35:20.142959 13681 worker.cc:155] tid-4 access Cool
I0804 15:35:20.182201 13555 worker.cc:155] tid-4 access Cool
I0804 15:35:20.182406 13558 worker.cc:155] tid-7 access Cool
I0804 15:35:20.142957 13680 worker.cc:155] tid-3 access Cool
I0804 15:35:20.182199 13554 worker.cc:155] tid-3 access Cool
I0804 15:35:20.182201 13551 worker.cc:155] tid-0 access Cool
I0804 15:35:20.182356 13552 worker.cc:155] tid-1 access Cool
I0804 15:35:20.143076 13682 worker.cc:155] tid-5 access Cool
I0804 15:35:20.143169 13684 worker.cc:155] tid-7 access Cool
I0804 15:35:20.182373 13557 worker.cc:155] tid-6 access Cool
I0804 15:35:20.182404 13546 worker.cc:49] Enter worker loop, task num is 8
I0804 15:35:20.142957 13678 worker.cc:155] tid-1 access Cool
I0804 15:35:20.205031 13552 wcc_hashmin.cc:130] worker window 10 0 374015
I0804 15:35:20.143095 13683 worker.cc:155] tid-6 access Cool
I0804 15:35:20.205411 13554 wcc_hashmin.cc:130] worker window 26 0 374235
I0804 15:35:20.143139 13672 worker.cc:49] Enter worker loop, task num is 8
I0804 15:35:20.205437 13553 wcc_hashmin.cc:130] worker window 18 0 373998
I0804 15:35:20.165963 13679 wcc_hashmin.cc:130] worker window 20 0 374081
I0804 15:35:20.166024 13684 wcc_hashmin.cc:130] worker window 60 0 374411
I0804 15:35:20.205885 13557 wcc_hashmin.cc:130] worker window 50 0 374182
I0804 15:35:20.167955 13680 wcc_hashmin.cc:130] worker window 28 0 374551
I0804 15:35:20.167955 13682 wcc_hashmin.cc:130] worker window 44 0 374458
I0804 15:35:20.167978 13681 wcc_hashmin.cc:130] worker window 36 0 371990
I0804 15:35:20.167973 13683 wcc_hashmin.cc:130] worker window 52 0 374182
I0804 15:35:20.206846 13551 wcc_hashmin.cc:130] worker window 2 0 374238
I0804 15:35:20.168153 13678 wcc_hashmin.cc:130] worker window 12 0 374141
I0804 15:35:20.207072 13555 wcc_hashmin.cc:130] worker window 34 0 374324
I0804 15:35:20.168339 13677 wcc_hashmin.cc:130] worker window 4 0 374512
I0804 15:35:20.207386 13556 wcc_hashmin.cc:130] worker window 42 0 374186
I0804 15:35:20.210379 13558 wcc_hashmin.cc:130] worker window 58 0 375024
I0804 15:35:20.608623 19447 worker.cc:155] tid-2 access Cool
I0804 15:35:20.437479 27114 worker.cc:155] tid-2 access Cool
I0804 15:35:20.608661 19450 worker.cc:155] tid-5 access Cool
I0804 15:35:20.437497 27115 worker.cc:155] tid-3 access Cool
I0804 15:35:20.437521 27118 worker.cc:155] tid-6 access Cool
I0804 15:35:20.608594 19449 worker.cc:155] tid-4 access Cool
I0804 15:35:20.437474 27116 worker.cc:155] tid-4 access Cool
I0804 15:35:20.437477 27117 worker.cc:155] tid-5 access Cool
I0804 15:35:20.608747 19452 worker.cc:155] tid-7 access Cool
I0804 15:35:20.437588 27119 worker.cc:155] tid-7 access Cool
I0804 15:35:20.608702 19451 worker.cc:155] tid-6 access Cool
I0804 15:35:20.460867 27115 wcc_hashmin.cc:130] worker window 31 0 372216
I0804 15:35:20.607384 19448 worker.cc:155] tid-3 access Cool
I0804 15:35:20.461650 27113 wcc_hashmin.cc:130] worker window 15 0 374139
I0804 15:35:20.608745 19440 worker.cc:49] Enter worker loop, task num is 8
I0804 15:35:20.462011 27117 wcc_hashmin.cc:130] worker window 47 0 374088
I0804 15:35:20.631654 19445 wcc_hashmin.cc:130] worker window 5 0 374065
I0804 15:35:20.462877 27116 wcc_hashmin.cc:130] worker window 39 0 374840
I0804 15:35:20.632198 19450 wcc_hashmin.cc:130] worker window 45 0 374082
I0804 15:35:20.462975 27112 wcc_hashmin.cc:130] worker window 7 0 374083
I0804 15:35:20.633765 19447 wcc_hashmin.cc:130] worker window 21 0 374490
I0804 15:35:20.463058 27114 wcc_hashmin.cc:130] worker window 23 0 374254
I0804 15:35:20.633790 19449 wcc_hashmin.cc:130] worker window 37 0 374216
I0804 15:35:20.633792 19451 wcc_hashmin.cc:130] worker window 53 0 374205
I0804 15:35:20.633775 19448 wcc_hashmin.cc:130] worker window 29 0 374537
I0804 15:35:20.463817 27119 wcc_hashmin.cc:130] worker window 63 0 375615
I0804 15:35:20.633790 19446 wcc_hashmin.cc:130] worker window 13 0 374174
I0804 15:35:20.465013 27118 wcc_hashmin.cc:130] worker window 55 0 374129
I0804 15:35:20.633775 19452 wcc_hashmin.cc:130] worker window 61 0 374403
I0804 15:35:20.286572 13745 wcc_hashmin.cc:266] worker window 16 1 300266
I0804 15:35:20.286814 13746 wcc_hashmin.cc:266] worker window 24 1 313608
I0804 15:35:20.286870 13750 wcc_hashmin.cc:266] worker window 56 1 310754
I0804 15:35:20.406168 13400 wcc_hashmin.cc:266] worker window 27 1 301650
I0804 15:35:20.232784 13554 wcc_hashmin.cc:266] worker window 26 1 311613
I0804 15:35:20.281998 13357 wcc_hashmin.cc:266] worker window 49 1 301014
I0804 15:35:20.287358 13749 wcc_hashmin.cc:266] worker window 48 1 316571
I0804 15:35:20.099792 10513 wcc_hashmin.cc:266] worker window 30 1 303939
I0804 15:35:20.233355 13552 wcc_hashmin.cc:266] worker window 10 1 323031
I0804 15:35:20.194165 13681 wcc_hashmin.cc:266] worker window 36 1 305291
I0804 15:35:20.287768 13748 wcc_hashmin.cc:266] worker window 40 1 319500
I0804 15:35:20.282500 13353 wcc_hashmin.cc:266] worker window 17 1 311021
I0804 15:35:20.282554 13354 wcc_hashmin.cc:266] worker window 25 1 317290
I0804 15:35:20.488809 27112 wcc_hashmin.cc:266] worker window 7 1 302267
I0804 15:35:20.488826 27115 wcc_hashmin.cc:266] worker window 31 1 313361
I0804 15:35:20.282608 13358 wcc_hashmin.cc:266] worker window 57 1 317718
I0804 15:35:20.233628 13558 wcc_hashmin.cc:266] worker window 58 1 311199
I0804 15:35:20.287941 13743 wcc_hashmin.cc:266] worker window 0 1 324237
I0804 15:35:20.282637 13351 wcc_hashmin.cc:266] worker window 1 1 308311
I0804 15:35:20.288045 13744 wcc_hashmin.cc:266] worker window 8 1 326588
I0804 15:35:20.407142 13399 wcc_hashmin.cc:266] worker window 19 1 309666
I0804 15:35:20.100466 10512 wcc_hashmin.cc:266] worker window 22 1 320820
I0804 15:35:20.100512 10515 wcc_hashmin.cc:266] worker window 46 1 316630
I0804 15:35:20.194716 13682 wcc_hashmin.cc:266] worker window 44 1 315949
I0804 15:35:20.194734 13684 wcc_hashmin.cc:266] worker window 60 1 326676
I0804 15:35:20.194778 13679 wcc_hashmin.cc:266] worker window 20 1 311619
I0804 15:35:20.194785 13683 wcc_hashmin.cc:266] worker window 52 1 319940
I0804 15:35:20.659116 19449 wcc_hashmin.cc:266] worker window 37 1 312174
I0804 15:35:20.659152 19445 wcc_hashmin.cc:266] worker window 5 1 318431
I0804 15:35:20.100875 10514 wcc_hashmin.cc:266] worker window 38 1 326571
I0804 15:35:20.100906 10510 wcc_hashmin.cc:266] worker window 6 1 331436
I0804 15:35:20.288401 13747 wcc_hashmin.cc:266] worker window 32 1 332789
I0804 15:35:20.283251 13352 wcc_hashmin.cc:266] worker window 9 1 323230
I0804 15:35:20.234380 13557 wcc_hashmin.cc:266] worker window 50 1 318790
I0804 15:35:20.101080 10516 wcc_hashmin.cc:266] worker window 54 1 320423
I0804 15:35:20.659729 19452 wcc_hashmin.cc:266] worker window 61 1 332051
I0804 15:35:20.659734 19450 wcc_hashmin.cc:266] worker window 45 1 322915
I0804 15:35:20.407951 13403 wcc_hashmin.cc:266] worker window 51 1 319793
I0804 15:35:20.195374 13680 wcc_hashmin.cc:266] worker window 28 1 328787
I0804 15:35:20.101238 10517 wcc_hashmin.cc:266] worker window 62 1 325537
I0804 15:35:20.408056 13404 wcc_hashmin.cc:266] worker window 59 1 320300
I0804 15:35:20.234681 13555 wcc_hashmin.cc:266] worker window 34 1 328012
I0804 15:35:20.659909 19447 wcc_hashmin.cc:266] worker window 21 1 309079
I0804 15:35:20.659950 19446 wcc_hashmin.cc:266] worker window 13 1 330918
I0804 15:35:20.490110 27116 wcc_hashmin.cc:266] worker window 39 1 321294
I0804 15:35:20.660023 19451 wcc_hashmin.cc:266] worker window 53 1 325841
I0804 15:35:20.490288 27113 wcc_hashmin.cc:266] worker window 15 1 314879
I0804 15:35:20.490294 27114 wcc_hashmin.cc:266] worker window 23 1 319915
I0804 15:35:20.660269 19448 wcc_hashmin.cc:266] worker window 29 1 330665
I0804 15:35:20.490466 27117 wcc_hashmin.cc:266] worker window 47 1 324010
I0804 15:35:20.408615 13397 wcc_hashmin.cc:266] worker window 3 1 320076
I0804 15:35:20.235225 13551 wcc_hashmin.cc:266] worker window 2 1 338008
I0804 15:35:20.235244 13556 wcc_hashmin.cc:266] worker window 42 1 341678
I0804 15:35:20.284260 13355 wcc_hashmin.cc:266] worker window 33 1 327494
I0804 15:35:20.101925 10511 wcc_hashmin.cc:266] worker window 14 1 329888
I0804 15:35:20.196096 13677 wcc_hashmin.cc:266] worker window 4 1 343479
I0804 15:35:20.196149 13678 wcc_hashmin.cc:266] worker window 12 1 329748
I0804 15:35:20.408998 13402 wcc_hashmin.cc:266] worker window 43 1 325428
I0804 15:35:20.409008 13398 wcc_hashmin.cc:266] worker window 11 1 337351
I0804 15:35:20.235585 13553 wcc_hashmin.cc:266] worker window 18 1 310932
I0804 15:35:20.490886 27119 wcc_hashmin.cc:266] worker window 63 1 341299
I0804 15:35:20.285042 13356 wcc_hashmin.cc:266] worker window 41 1 325690
I0804 15:35:20.409504 13401 wcc_hashmin.cc:266] worker window 35 1 334032
I0804 15:35:20.491750 27118 wcc_hashmin.cc:266] worker window 55 1 329002
I0804 15:35:20.429687 13400 wcc_hashmin.cc:266] worker window 27 2 258146
I0804 15:35:20.256821 13554 wcc_hashmin.cc:266] worker window 26 2 272221
I0804 15:35:20.305794 13357 wcc_hashmin.cc:266] worker window 49 2 257843
I0804 15:35:20.310992 13750 wcc_hashmin.cc:266] worker window 56 2 270757
I0804 15:35:20.311003 13745 wcc_hashmin.cc:266] worker window 16 2 261998
I0804 15:35:20.311096 13749 wcc_hashmin.cc:266] worker window 48 2 273265
I0804 15:35:20.123632 10513 wcc_hashmin.cc:266] worker window 30 2 260471
I0804 15:35:20.311151 13746 wcc_hashmin.cc:266] worker window 24 2 276341
I0804 15:35:20.311496 13748 wcc_hashmin.cc:266] worker window 40 2 281357
I0804 15:35:20.306440 13358 wcc_hashmin.cc:266] worker window 57 2 280695
I0804 15:35:20.512706 27112 wcc_hashmin.cc:266] worker window 7 2 264558
I0804 15:35:20.512735 27115 wcc_hashmin.cc:266] worker window 31 2 280527
I0804 15:35:20.257664 13558 wcc_hashmin.cc:266] worker window 58 2 269943
I0804 15:35:20.218410 13681 wcc_hashmin.cc:266] worker window 36 2 268311
I0804 15:35:20.124307 10512 wcc_hashmin.cc:266] worker window 22 2 280361
I0804 15:35:20.682796 19447 wcc_hashmin.cc:266] worker window 21 2 276766
I0804 15:35:20.124405 10515 wcc_hashmin.cc:266] worker window 46 2 275845
I0804 15:35:20.306725 13353 wcc_hashmin.cc:266] worker window 17 2 276006
I0804 15:35:20.306869 13351 wcc_hashmin.cc:266] worker window 1 2 271207
I0804 15:35:20.257946 13552 wcc_hashmin.cc:266] worker window 10 2 301421
I0804 15:35:20.218675 13684 wcc_hashmin.cc:266] worker window 60 2 283999
I0804 15:35:20.218730 13680 wcc_hashmin.cc:266] worker window 28 2 284194
I0804 15:35:20.218843 13683 wcc_hashmin.cc:266] worker window 52 2 286271
I0804 15:35:20.218888 13682 wcc_hashmin.cc:266] worker window 44 2 283344
I0804 15:35:20.124689 10517 wcc_hashmin.cc:266] worker window 62 2 278624
I0804 15:35:20.218915 13679 wcc_hashmin.cc:266] worker window 20 2 272793
I0804 15:35:20.124713 10514 wcc_hashmin.cc:266] worker window 38 2 278856
I0804 15:35:20.312227 13743 wcc_hashmin.cc:266] worker window 0 2 294346
I0804 15:35:20.312424 13744 wcc_hashmin.cc:266] worker window 8 2 299681
I0804 15:35:20.307193 13356 wcc_hashmin.cc:266] worker window 41 2 285587
I0804 15:35:20.431565 13404 wcc_hashmin.cc:266] worker window 59 2 271822
I0804 15:35:20.431684 13403 wcc_hashmin.cc:266] worker window 51 2 279779
I0804 15:35:20.683485 19449 wcc_hashmin.cc:266] worker window 37 2 277050
I0804 15:35:20.683547 19448 wcc_hashmin.cc:266] worker window 29 2 285516
I0804 15:35:20.258409 13553 wcc_hashmin.cc:266] worker window 18 2 280726
I0804 15:35:20.683593 19445 wcc_hashmin.cc:266] worker window 5 2 282849
I0804 15:35:20.258522 13557 wcc_hashmin.cc:266] worker window 50 2 284580
I0804 15:35:20.125147 10510 wcc_hashmin.cc:266] worker window 6 2 303347
I0804 15:35:20.683693 19452 wcc_hashmin.cc:266] worker window 61 2 293928
I0804 15:35:20.307457 13352 wcc_hashmin.cc:266] worker window 9 2 299584
I0804 15:35:20.219435 13677 wcc_hashmin.cc:266] worker window 4 2 304669
I0804 15:35:20.513963 27116 wcc_hashmin.cc:266] worker window 39 2 277624
I0804 15:35:20.683910 19450 wcc_hashmin.cc:266] worker window 45 2 290397
I0804 15:35:20.312927 13747 wcc_hashmin.cc:266] worker window 32 2 305100
I0804 15:35:20.125425 10516 wcc_hashmin.cc:266] worker window 54 2 293820
I0804 15:35:20.684024 19446 wcc_hashmin.cc:266] worker window 13 2 298240
I0804 15:35:20.258973 13551 wcc_hashmin.cc:266] worker window 2 2 298362
I0804 15:35:20.432415 13397 wcc_hashmin.cc:266] worker window 3 2 282772
I0804 15:35:20.259027 13556 wcc_hashmin.cc:266] worker window 42 2 307881
I0804 15:35:20.125721 10511 wcc_hashmin.cc:266] worker window 14 2 301019
I0804 15:35:20.514222 27117 wcc_hashmin.cc:266] worker window 47 2 289398
I0804 15:35:20.432574 13402 wcc_hashmin.cc:266] worker window 43 2 289740
I0804 15:35:20.259153 13555 wcc_hashmin.cc:266] worker window 34 2 301155
I0804 15:35:20.514336 27114 wcc_hashmin.cc:266] worker window 23 2 289834
I0804 15:35:20.308116 13355 wcc_hashmin.cc:266] worker window 33 2 289293
I0804 15:35:20.514339 27113 wcc_hashmin.cc:266] worker window 15 2 280806
I0804 15:35:20.514542 27119 wcc_hashmin.cc:266] worker window 63 2 301154
I0804 15:35:20.684455 19451 wcc_hashmin.cc:266] worker window 53 2 295655
I0804 15:35:20.308367 13354 wcc_hashmin.cc:266] worker window 25 2 280753
I0804 15:35:20.220265 13678 wcc_hashmin.cc:266] worker window 12 2 305301
I0804 15:35:20.432917 13398 wcc_hashmin.cc:266] worker window 11 2 320960
I0804 15:35:20.433071 13399 wcc_hashmin.cc:266] worker window 19 2 279307
I0804 15:35:20.433390 13401 wcc_hashmin.cc:266] worker window 35 2 308555
I0804 15:35:20.515944 27118 wcc_hashmin.cc:266] worker window 55 2 309361
I0804 15:35:20.452976 13400 wcc_hashmin.cc:266] worker window 27 3 230131
I0804 15:35:20.328636 13357 wcc_hashmin.cc:266] worker window 49 3 227589
I0804 15:35:20.333901 13750 wcc_hashmin.cc:266] worker window 56 3 233670
I0804 15:35:20.333966 13749 wcc_hashmin.cc:266] worker window 48 3 241582
I0804 15:35:20.279913 13554 wcc_hashmin.cc:266] worker window 26 3 243639
I0804 15:35:20.334118 13745 wcc_hashmin.cc:266] worker window 16 3 236437
I0804 15:35:20.146806 10513 wcc_hashmin.cc:266] worker window 30 3 234451
I0804 15:35:20.334470 13746 wcc_hashmin.cc:266] worker window 24 3 250798
I0804 15:35:20.334537 13748 wcc_hashmin.cc:266] worker window 40 3 248301
I0804 15:35:20.329444 13358 wcc_hashmin.cc:266] worker window 57 3 248701
I0804 15:35:20.147202 10514 wcc_hashmin.cc:266] worker window 38 3 233263
I0804 15:35:20.280602 13558 wcc_hashmin.cc:266] worker window 58 3 236280
I0804 15:35:20.241394 13684 wcc_hashmin.cc:266] worker window 60 3 244125
I0804 15:35:20.147325 10517 wcc_hashmin.cc:266] worker window 62 3 238080
I0804 15:35:20.535917 27115 wcc_hashmin.cc:266] worker window 31 3 253931
I0804 15:35:20.241521 13681 wcc_hashmin.cc:266] worker window 36 3 242124
I0804 15:35:20.241564 13680 wcc_hashmin.cc:266] worker window 28 3 247311
I0804 15:35:20.147459 10515 wcc_hashmin.cc:266] worker window 46 3 249301
I0804 15:35:20.329876 13354 wcc_hashmin.cc:266] worker window 25 3 252712
I0804 15:35:20.147524 10512 wcc_hashmin.cc:266] worker window 22 3 248899
I0804 15:35:20.706023 19448 wcc_hashmin.cc:266] worker window 29 3 243895
I0804 15:35:20.454286 13404 wcc_hashmin.cc:266] worker window 59 3 235669
I0804 15:35:20.706130 19447 wcc_hashmin.cc:266] worker window 21 3 257203
I0804 15:35:20.706152 19449 wcc_hashmin.cc:266] worker window 37 3 246740
I0804 15:35:20.241850 13682 wcc_hashmin.cc:266] worker window 44 3 253140
I0804 15:35:20.330024 13353 wcc_hashmin.cc:266] worker window 17 3 249263
I0804 15:35:20.454573 13403 wcc_hashmin.cc:266] worker window 51 3 245563
I0804 15:35:20.241895 13683 wcc_hashmin.cc:266] worker window 52 3 259866
I0804 15:35:20.281194 13552 wcc_hashmin.cc:266] worker window 10 3 279439
I0804 15:35:20.241967 13679 wcc_hashmin.cc:266] worker window 20 3 242723
I0804 15:35:20.335402 13743 wcc_hashmin.cc:266] worker window 0 3 263242
I0804 15:35:20.330119 13351 wcc_hashmin.cc:266] worker window 1 3 244637
I0804 15:35:20.454732 13399 wcc_hashmin.cc:266] worker window 19 3 255791
I0804 15:35:20.706476 19445 wcc_hashmin.cc:266] worker window 5 3 249857
I0804 15:35:20.242199 13677 wcc_hashmin.cc:266] worker window 4 3 267223
I0804 15:35:20.330335 13356 wcc_hashmin.cc:266] worker window 41 3 255293
I0804 15:35:20.335598 13744 wcc_hashmin.cc:266] worker window 8 3 271281
I0804 15:35:20.148120 10510 wcc_hashmin.cc:266] worker window 6 3 271877
I0804 15:35:20.536726 27116 wcc_hashmin.cc:266] worker window 39 3 240033
I0804 15:35:20.281564 13553 wcc_hashmin.cc:266] worker window 18 3 258276
I0804 15:35:20.536979 27117 wcc_hashmin.cc:266] worker window 47 3 258061
I0804 15:35:20.281774 13557 wcc_hashmin.cc:266] worker window 50 3 262406
I0804 15:35:20.537058 27119 wcc_hashmin.cc:266] worker window 63 3 257071
I0804 15:35:20.706919 19450 wcc_hashmin.cc:266] worker window 45 3 258229
I0804 15:35:20.330798 13352 wcc_hashmin.cc:266] worker window 9 3 278590
I0804 15:35:20.281915 13556 wcc_hashmin.cc:266] worker window 42 3 278495
I0804 15:35:20.148494 10516 wcc_hashmin.cc:266] worker window 54 3 267563
I0804 15:35:20.336037 13747 wcc_hashmin.cc:266] worker window 32 3 277585
I0804 15:35:20.455271 13397 wcc_hashmin.cc:266] worker window 3 3 250638
I0804 15:35:20.537284 27113 wcc_hashmin.cc:266] worker window 15 3 258189
I0804 15:35:20.330957 13355 wcc_hashmin.cc:266] worker window 33 3 253145
I0804 15:35:20.148685 10511 wcc_hashmin.cc:266] worker window 14 3 268969
I0804 15:35:20.282150 13555 wcc_hashmin.cc:266] worker window 34 3 272645
I0804 15:35:20.537406 27114 wcc_hashmin.cc:266] worker window 23 3 262668
I0804 15:35:20.707281 19451 wcc_hashmin.cc:266] worker window 53 3 270404
I0804 15:35:20.455559 13402 wcc_hashmin.cc:266] worker window 43 3 262156
I0804 15:35:20.537505 27112 wcc_hashmin.cc:266] worker window 7 3 237801
I0804 15:35:20.243283 13678 wcc_hashmin.cc:266] worker window 12 3 278267
I0804 15:35:20.455943 13398 wcc_hashmin.cc:266] worker window 11 3 296473
I0804 15:35:20.708168 19452 wcc_hashmin.cc:266] worker window 61 3 260767
I0804 15:35:20.456460 13401 wcc_hashmin.cc:266] worker window 35 3 283624
I0804 15:35:20.708755 19446 wcc_hashmin.cc:266] worker window 13 3 278833
I0804 15:35:20.538882 27118 wcc_hashmin.cc:266] worker window 55 3 288121
I0804 15:35:20.283783 13551 wcc_hashmin.cc:266] worker window 2 3 262265
I0804 15:35:20.350608 13357 wcc_hashmin.cc:266] worker window 49 4 204273
I0804 15:35:20.475280 13400 wcc_hashmin.cc:266] worker window 27 4 209741
I0804 15:35:20.356132 13750 wcc_hashmin.cc:266] worker window 56 4 209126
I0804 15:35:20.356146 13749 wcc_hashmin.cc:266] worker window 48 4 216222
I0804 15:35:20.302220 13554 wcc_hashmin.cc:266] worker window 26 4 222398
I0804 15:35:20.356523 13745 wcc_hashmin.cc:266] worker window 16 4 218776
I0804 15:35:20.356705 13746 wcc_hashmin.cc:266] worker window 24 4 228704
I0804 15:35:20.169118 10517 wcc_hashmin.cc:266] worker window 62 4 206846
I0804 15:35:20.169170 10513 wcc_hashmin.cc:266] worker window 30 4 215766
I0804 15:35:20.356782 13748 wcc_hashmin.cc:266] worker window 40 4 228544
I0804 15:35:20.351617 13358 wcc_hashmin.cc:266] worker window 57 4 226780
I0804 15:35:20.263408 13680 wcc_hashmin.cc:266] worker window 28 4 217097
I0804 15:35:20.169239 10514 wcc_hashmin.cc:266] worker window 38 4 204794
I0804 15:35:20.557914 27112 wcc_hashmin.cc:266] worker window 7 4 216640
I0804 15:35:20.263604 13681 wcc_hashmin.cc:266] worker window 36 4 221378
I0804 15:35:20.351919 13354 wcc_hashmin.cc:266] worker window 25 4 227577
I0804 15:35:20.302863 13558 wcc_hashmin.cc:266] worker window 58 4 218015
I0804 15:35:20.728027 19448 wcc_hashmin.cc:266] worker window 29 4 217241
I0804 15:35:20.558264 27115 wcc_hashmin.cc:266] worker window 31 4 233777
I0804 15:35:20.476418 13404 wcc_hashmin.cc:266] worker window 59 4 211814
I0804 15:35:20.263952 13683 wcc_hashmin.cc:266] worker window 52 4 238826
I0804 15:35:20.169683 10512 wcc_hashmin.cc:266] worker window 22 4 225510
I0804 15:35:20.728385 19449 wcc_hashmin.cc:266] worker window 37 4 223791
I0804 15:35:20.476692 13403 wcc_hashmin.cc:266] worker window 51 4 219460
I0804 15:35:20.264000 13682 wcc_hashmin.cc:266] worker window 44 4 233527
I0804 15:35:20.169845 10515 wcc_hashmin.cc:266] worker window 46 4 231203
I0804 15:35:20.264080 13679 wcc_hashmin.cc:266] worker window 20 4 220401
I0804 15:35:20.357488 13743 wcc_hashmin.cc:266] worker window 0 4 235719
I0804 15:35:20.352242 13353 wcc_hashmin.cc:266] worker window 17 4 231086
I0804 15:35:20.352267 13351 wcc_hashmin.cc:266] worker window 1 4 223218
I0804 15:35:20.558624 27119 wcc_hashmin.cc:266] worker window 63 4 222405
I0804 15:35:20.728519 19447 wcc_hashmin.cc:266] worker window 21 4 240298
I0804 15:35:20.728579 19445 wcc_hashmin.cc:266] worker window 5 4 224322
I0804 15:35:20.352421 13356 wcc_hashmin.cc:266] worker window 41 4 235319
I0804 15:35:20.303449 13552 wcc_hashmin.cc:266] worker window 10 4 258737
I0804 15:35:20.264259 13677 wcc_hashmin.cc:266] worker window 4 4 241608
I0804 15:35:20.476985 13399 wcc_hashmin.cc:266] worker window 19 4 238090
I0804 15:35:20.558809 27116 wcc_hashmin.cc:266] worker window 39 4 213727
I0804 15:35:20.728734 19452 wcc_hashmin.cc:266] worker window 61 4 240132
I0804 15:35:20.728735 19450 wcc_hashmin.cc:266] worker window 45 4 230689
I0804 15:35:20.170265 10510 wcc_hashmin.cc:266] worker window 6 4 246639
I0804 15:35:20.558837 27117 wcc_hashmin.cc:266] worker window 47 4 236147
I0804 15:35:20.357916 13744 wcc_hashmin.cc:266] worker window 8 4 250434
I0804 15:35:20.303830 13551 wcc_hashmin.cc:266] worker window 2 4 236333
I0804 15:35:20.303941 13553 wcc_hashmin.cc:266] worker window 18 4 238201
I0804 15:35:20.303942 13557 wcc_hashmin.cc:266] worker window 50 4 237452
I0804 15:35:20.352960 13355 wcc_hashmin.cc:266] worker window 33 4 228650
I0804 15:35:20.477411 13397 wcc_hashmin.cc:266] worker window 3 4 228585
I0804 15:35:20.170656 10516 wcc_hashmin.cc:266] worker window 54 4 247162
I0804 15:35:20.559322 27113 wcc_hashmin.cc:266] worker window 15 4 243854
I0804 15:35:20.358276 13747 wcc_hashmin.cc:266] worker window 32 4 256822
I0804 15:35:20.170794 10511 wcc_hashmin.cc:266] worker window 14 4 241847
I0804 15:35:20.559382 27114 wcc_hashmin.cc:266] worker window 23 4 241190
I0804 15:35:20.477669 13402 wcc_hashmin.cc:266] worker window 43 4 238903
I0804 15:35:20.304304 13556 wcc_hashmin.cc:266] worker window 42 4 261792
I0804 15:35:20.265097 13684 wcc_hashmin.cc:266] worker window 60 4 214780
I0804 15:35:20.729585 19446 wcc_hashmin.cc:266] worker window 13 4 264168
I0804 15:35:20.729634 19451 wcc_hashmin.cc:266] worker window 53 4 252599
I0804 15:35:20.304567 13555 wcc_hashmin.cc:266] worker window 34 4 257897
I0804 15:35:20.478230 13398 wcc_hashmin.cc:266] worker window 11 4 280986
I0804 15:35:20.478665 13401 wcc_hashmin.cc:266] worker window 35 4 265126
I0804 15:35:20.354744 13352 wcc_hashmin.cc:266] worker window 9 4 258405
I0804 15:35:20.267210 13678 wcc_hashmin.cc:266] worker window 12 4 249237
I0804 15:35:20.562286 27118 wcc_hashmin.cc:266] worker window 55 4 266816
I0804 15:35:20.373193 13357 wcc_hashmin.cc:266] worker window 49 5 187165
I0804 15:35:20.497870 13400 wcc_hashmin.cc:266] worker window 27 5 195538
I0804 15:35:20.378667 13750 wcc_hashmin.cc:266] worker window 56 5 189851
I0804 15:35:20.378717 13749 wcc_hashmin.cc:266] worker window 48 5 195838
I0804 15:35:20.324842 13554 wcc_hashmin.cc:266] worker window 26 5 204583
I0804 15:35:20.285764 13684 wcc_hashmin.cc:266] worker window 60 5 192748
I0804 15:35:20.191601 10514 wcc_hashmin.cc:266] worker window 38 5 183923
I0804 15:35:20.379281 13745 wcc_hashmin.cc:266] worker window 16 5 206115
I0804 15:35:20.374219 13358 wcc_hashmin.cc:266] worker window 57 5 209296
I0804 15:35:20.286002 13680 wcc_hashmin.cc:266] worker window 28 5 195364
I0804 15:35:20.191777 10517 wcc_hashmin.cc:266] worker window 62 5 189845
I0804 15:35:20.191905 10513 wcc_hashmin.cc:266] worker window 30 5 203454
I0804 15:35:20.379456 13746 wcc_hashmin.cc:266] worker window 24 5 211752
I0804 15:35:20.750566 19448 wcc_hashmin.cc:266] worker window 29 5 198582
I0804 15:35:20.379657 13748 wcc_hashmin.cc:266] worker window 40 5 215518
I0804 15:35:20.580660 27112 wcc_hashmin.cc:266] worker window 7 5 200346
I0804 15:35:20.192265 10512 wcc_hashmin.cc:266] worker window 22 5 206775
I0804 15:35:20.580909 27115 wcc_hashmin.cc:266] worker window 31 5 218158
I0804 15:35:20.374655 13354 wcc_hashmin.cc:266] worker window 25 5 212584
I0804 15:35:20.499027 13404 wcc_hashmin.cc:266] worker window 59 5 190023
I0804 15:35:20.325639 13558 wcc_hashmin.cc:266] worker window 58 5 202739
I0804 15:35:20.750982 19449 wcc_hashmin.cc:266] worker window 37 5 209126
I0804 15:35:20.379907 13743 wcc_hashmin.cc:266] worker window 0 5 212260
I0804 15:35:20.286496 13681 wcc_hashmin.cc:266] worker window 36 5 206117
I0804 15:35:20.192471 10515 wcc_hashmin.cc:266] worker window 46 5 214523
I0804 15:35:20.581146 27119 wcc_hashmin.cc:266] worker window 63 5 197331
I0804 15:35:20.499243 13403 wcc_hashmin.cc:266] worker window 51 5 202766
I0804 15:35:20.581244 27116 wcc_hashmin.cc:266] worker window 39 5 196818
I0804 15:35:20.751102 19445 wcc_hashmin.cc:266] worker window 5 5 206130
I0804 15:35:20.326050 13552 wcc_hashmin.cc:266] worker window 10 5 239335
I0804 15:35:20.286818 13682 wcc_hashmin.cc:266] worker window 44 5 216718
I0804 15:35:20.286834 13683 wcc_hashmin.cc:266] worker window 52 5 219960
I0804 15:35:20.374938 13353 wcc_hashmin.cc:266] worker window 17 5 215342
I0804 15:35:20.374967 13351 wcc_hashmin.cc:266] worker window 1 5 205568
I0804 15:35:20.286911 13679 wcc_hashmin.cc:266] worker window 20 5 205368
I0804 15:35:20.751253 19447 wcc_hashmin.cc:266] worker window 21 5 225279
I0804 15:35:20.375043 13356 wcc_hashmin.cc:266] worker window 41 5 217087
I0804 15:35:20.192795 10510 wcc_hashmin.cc:266] worker window 6 5 226900
I0804 15:35:20.286975 13677 wcc_hashmin.cc:266] worker window 4 5 224721
I0804 15:35:20.751339 19452 wcc_hashmin.cc:266] worker window 61 5 223215
I0804 15:35:20.751343 19450 wcc_hashmin.cc:266] worker window 45 5 210952
I0804 15:35:20.499780 13399 wcc_hashmin.cc:266] worker window 19 5 222775
I0804 15:35:20.375416 13355 wcc_hashmin.cc:266] worker window 33 5 205682
I0804 15:35:20.326445 13557 wcc_hashmin.cc:266] worker window 50 5 215507
I0804 15:35:20.499958 13397 wcc_hashmin.cc:266] worker window 3 5 211016
I0804 15:35:20.581784 27117 wcc_hashmin.cc:266] worker window 47 5 223473
I0804 15:35:20.380672 13744 wcc_hashmin.cc:266] worker window 8 5 235842
I0804 15:35:20.326555 13551 wcc_hashmin.cc:266] worker window 2 5 217448
I0804 15:35:20.375633 13352 wcc_hashmin.cc:266] worker window 9 5 242677
I0804 15:35:20.326792 13553 wcc_hashmin.cc:266] worker window 18 5 226470
I0804 15:35:20.287475 13678 wcc_hashmin.cc:266] worker window 12 5 224039
I0804 15:35:20.380874 13747 wcc_hashmin.cc:266] worker window 32 5 240172
I0804 15:35:20.193423 10516 wcc_hashmin.cc:266] worker window 54 5 238195
I0804 15:35:20.500291 13402 wcc_hashmin.cc:266] worker window 43 5 224640
I0804 15:35:20.582245 27113 wcc_hashmin.cc:266] worker window 15 5 227326
I0804 15:35:20.752151 19451 wcc_hashmin.cc:266] worker window 53 5 235097
I0804 15:35:20.752254 19446 wcc_hashmin.cc:266] worker window 13 5 249039
I0804 15:35:20.582393 27114 wcc_hashmin.cc:266] worker window 23 5 227330
I0804 15:35:20.327152 13556 wcc_hashmin.cc:266] worker window 42 5 249764
I0804 15:35:20.327299 13555 wcc_hashmin.cc:266] worker window 34 5 243062
I0804 15:35:20.500924 13398 wcc_hashmin.cc:266] worker window 11 5 268727
I0804 15:35:20.501358 13401 wcc_hashmin.cc:266] worker window 35 5 253025
I0804 15:35:20.583504 27118 wcc_hashmin.cc:266] worker window 55 5 250374
I0804 15:35:20.194953 10511 wcc_hashmin.cc:266] worker window 14 5 221568
I0804 15:35:20.399071 13750 wcc_hashmin.cc:266] worker window 56 6 176745
I0804 15:35:20.399082 13749 wcc_hashmin.cc:266] worker window 48 6 181252
I0804 15:35:20.518671 13400 wcc_hashmin.cc:266] worker window 27 6 182374
I0804 15:35:20.211881 10517 wcc_hashmin.cc:266] worker window 62 6 175321
I0804 15:35:20.394300 13357 wcc_hashmin.cc:266] worker window 49 6 173561
I0804 15:35:20.212163 10513 wcc_hashmin.cc:266] worker window 30 6 193261
I0804 15:35:20.399747 13746 wcc_hashmin.cc:266] worker window 24 6 198080
I0804 15:35:20.212265 10514 wcc_hashmin.cc:266] worker window 38 6 165169
I0804 15:35:20.306382 13684 wcc_hashmin.cc:266] worker window 60 6 176978
I0804 15:35:20.345647 13554 wcc_hashmin.cc:266] worker window 26 6 191904
I0804 15:35:20.306571 13680 wcc_hashmin.cc:266] worker window 28 6 178207
I0804 15:35:20.400086 13748 wcc_hashmin.cc:266] worker window 40 6 203869
I0804 15:35:20.212702 10515 wcc_hashmin.cc:266] worker window 46 6 204169
I0804 15:35:20.395076 13358 wcc_hashmin.cc:266] worker window 57 6 194526
I0804 15:35:20.400316 13745 wcc_hashmin.cc:266] worker window 16 6 198459
I0804 15:35:20.601537 27112 wcc_hashmin.cc:266] worker window 7 6 190207
I0804 15:35:20.346374 13558 wcc_hashmin.cc:266] worker window 58 6 187226
I0804 15:35:20.400655 13743 wcc_hashmin.cc:266] worker window 0 6 195197
I0804 15:35:20.213135 10511 wcc_hashmin.cc:266] worker window 14 6 205902
I0804 15:35:20.601675 27119 wcc_hashmin.cc:266] worker window 63 6 182115
I0804 15:35:20.601738 27115 wcc_hashmin.cc:266] worker window 31 6 205137
I0804 15:35:20.771625 19448 wcc_hashmin.cc:266] worker window 29 6 190855
I0804 15:35:20.395532 13354 wcc_hashmin.cc:266] worker window 25 6 199593
I0804 15:35:20.213215 10512 wcc_hashmin.cc:266] worker window 22 6 195602
I0804 15:35:20.520035 13404 wcc_hashmin.cc:266] worker window 59 6 179383
I0804 15:35:20.307381 13681 wcc_hashmin.cc:266] worker window 36 6 195964
I0804 15:35:20.307425 13682 wcc_hashmin.cc:266] worker window 44 6 205620
I0804 15:35:20.307446 13683 wcc_hashmin.cc:266] worker window 52 6 208522
I0804 15:35:20.602053 27116 wcc_hashmin.cc:266] worker window 39 6 185407
I0804 15:35:20.771803 19445 wcc_hashmin.cc:266] worker window 5 6 191575
I0804 15:35:20.346784 13552 wcc_hashmin.cc:266] worker window 10 6 224939
I0804 15:35:20.307602 13677 wcc_hashmin.cc:266] worker window 4 6 204293
I0804 15:35:20.771862 19452 wcc_hashmin.cc:266] worker window 61 6 203211
I0804 15:35:20.400980 13744 wcc_hashmin.cc:266] worker window 8 6 223419
I0804 15:35:20.395776 13353 wcc_hashmin.cc:266] worker window 17 6 200961
I0804 15:35:20.395776 13351 wcc_hashmin.cc:266] worker window 1 6 192841
I0804 15:35:20.520052 13403 wcc_hashmin.cc:266] worker window 51 6 186137
I0804 15:35:20.771869 19449 wcc_hashmin.cc:266] worker window 37 6 198134
I0804 15:35:20.395898 13356 wcc_hashmin.cc:266] worker window 41 6 207595
I0804 15:35:20.772024 19450 wcc_hashmin.cc:266] worker window 45 6 196794
I0804 15:35:20.772121 19447 wcc_hashmin.cc:266] worker window 21 6 213491
I0804 15:35:20.520498 13399 wcc_hashmin.cc:266] worker window 19 6 206860
I0804 15:35:20.307938 13679 wcc_hashmin.cc:266] worker window 20 6 197109
I0804 15:35:20.213723 10510 wcc_hashmin.cc:266] worker window 6 6 211641
I0804 15:35:20.213724 10516 wcc_hashmin.cc:266] worker window 54 6 231295
I0804 15:35:20.347167 13557 wcc_hashmin.cc:266] worker window 50 6 200238
I0804 15:35:20.308003 13678 wcc_hashmin.cc:266] worker window 12 6 204038
I0804 15:35:20.520728 13397 wcc_hashmin.cc:266] worker window 3 6 199217
I0804 15:35:20.347257 13551 wcc_hashmin.cc:266] worker window 2 6 199236
I0804 15:35:20.396306 13355 wcc_hashmin.cc:266] worker window 33 6 192506
I0804 15:35:20.602710 27117 wcc_hashmin.cc:266] worker window 47 6 213639
I0804 15:35:20.396567 13352 wcc_hashmin.cc:266] worker window 9 6 229256
I0804 15:35:20.347677 13553 wcc_hashmin.cc:266] worker window 18 6 215333
I0804 15:35:20.401799 13747 wcc_hashmin.cc:266] worker window 32 6 229573
I0804 15:35:20.521117 13402 wcc_hashmin.cc:266] worker window 43 6 216540
I0804 15:35:20.603071 27113 wcc_hashmin.cc:266] worker window 15 6 218274
I0804 15:35:20.772939 19451 wcc_hashmin.cc:266] worker window 53 6 222900
I0804 15:35:20.773052 19446 wcc_hashmin.cc:266] worker window 13 6 235714
I0804 15:35:20.347991 13556 wcc_hashmin.cc:266] worker window 42 6 237324
I0804 15:35:20.603233 27114 wcc_hashmin.cc:266] worker window 23 6 218767
I0804 15:35:20.348039 13555 wcc_hashmin.cc:266] worker window 34 6 227783
I0804 15:35:20.521764 13398 wcc_hashmin.cc:266] worker window 11 6 257747
I0804 15:35:20.604209 27118 wcc_hashmin.cc:266] worker window 55 6 237112
I0804 15:35:20.523886 13401 wcc_hashmin.cc:266] worker window 35 6 247053
I0804 15:35:20.419864 13749 wcc_hashmin.cc:266] worker window 48 7 172419
I0804 15:35:20.419876 13750 wcc_hashmin.cc:266] worker window 56 7 168570
I0804 15:35:20.326565 13684 wcc_hashmin.cc:266] worker window 60 7 166003
I0804 15:35:20.232417 10517 wcc_hashmin.cc:266] worker window 62 7 165449
I0804 15:35:20.326699 13680 wcc_hashmin.cc:266] worker window 28 7 167661
I0804 15:35:20.232772 10513 wcc_hashmin.cc:266] worker window 30 7 184597
I0804 15:35:20.414960 13357 wcc_hashmin.cc:266] worker window 49 7 163622
I0804 15:35:20.420351 13746 wcc_hashmin.cc:266] worker window 24 7 186936
I0804 15:35:20.233208 10515 wcc_hashmin.cc:266] worker window 46 7 192882
I0804 15:35:20.420796 13748 wcc_hashmin.cc:266] worker window 40 7 195392
I0804 15:35:20.415666 13358 wcc_hashmin.cc:266] worker window 57 7 181976
I0804 15:35:20.327646 13682 wcc_hashmin.cc:266] worker window 44 7 197422
I0804 15:35:20.327651 13683 wcc_hashmin.cc:266] worker window 52 7 200938
I0804 15:35:20.327672 13678 wcc_hashmin.cc:266] worker window 12 7 181608
I0804 15:35:20.233572 10511 wcc_hashmin.cc:266] worker window 14 7 194911
I0804 15:35:20.540513 13400 wcc_hashmin.cc:266] worker window 27 7 173925
I0804 15:35:20.233815 10514 wcc_hashmin.cc:266] worker window 38 7 148770
I0804 15:35:20.416287 13354 wcc_hashmin.cc:266] worker window 25 7 192250
I0804 15:35:20.421583 13744 wcc_hashmin.cc:266] worker window 8 7 213929
I0804 15:35:20.367404 13554 wcc_hashmin.cc:266] worker window 26 7 186179
I0804 15:35:20.541093 13404 wcc_hashmin.cc:266] worker window 59 7 168369
I0804 15:35:20.541107 13403 wcc_hashmin.cc:266] worker window 51 7 175830
I0804 15:35:20.234396 10516 wcc_hashmin.cc:266] worker window 54 7 230510
I0804 15:35:20.541538 13399 wcc_hashmin.cc:266] worker window 19 7 197101
I0804 15:35:20.368062 13558 wcc_hashmin.cc:266] worker window 58 7 173360
I0804 15:35:20.793200 19448 wcc_hashmin.cc:266] worker window 29 7 185871
I0804 15:35:20.422190 13745 wcc_hashmin.cc:266] worker window 16 7 192399
I0804 15:35:20.623358 27112 wcc_hashmin.cc:266] worker window 7 7 179753
I0804 15:35:20.422312 13743 wcc_hashmin.cc:266] worker window 0 7 183966
I0804 15:35:20.793318 19452 wcc_hashmin.cc:266] worker window 61 7 190476
I0804 15:35:20.417305 13352 wcc_hashmin.cc:266] worker window 9 7 223728
I0804 15:35:20.623584 27115 wcc_hashmin.cc:266] worker window 31 7 196430
I0804 15:35:20.793496 19445 wcc_hashmin.cc:266] worker window 5 7 180469
I0804 15:35:20.793506 19449 wcc_hashmin.cc:266] worker window 37 7 193094
I0804 15:35:20.235023 10512 wcc_hashmin.cc:266] worker window 22 7 188385
I0804 15:35:20.541890 13397 wcc_hashmin.cc:266] worker window 3 7 189732
I0804 15:35:20.329221 13677 wcc_hashmin.cc:266] worker window 4 7 188157
I0804 15:35:20.623777 27119 wcc_hashmin.cc:266] worker window 63 7 177736
I0804 15:35:20.235169 10510 wcc_hashmin.cc:266] worker window 6 7 196773
I0804 15:35:20.793783 19450 wcc_hashmin.cc:266] worker window 45 7 184123
I0804 15:35:20.417469 13351 wcc_hashmin.cc:266] worker window 1 7 182185
I0804 15:35:20.329389 13681 wcc_hashmin.cc:266] worker window 36 7 192615
I0804 15:35:20.623855 27116 wcc_hashmin.cc:266] worker window 39 7 173787
I0804 15:35:20.417572 13353 wcc_hashmin.cc:266] worker window 17 7 193486
I0804 15:35:20.793982 19447 wcc_hashmin.cc:266] worker window 21 7 204344
I0804 15:35:20.417745 13355 wcc_hashmin.cc:266] worker window 33 7 177960
I0804 15:35:20.368870 13551 wcc_hashmin.cc:266] worker window 2 7 182132
I0804 15:35:20.417793 13356 wcc_hashmin.cc:266] worker window 41 7 201051
I0804 15:35:20.368908 13557 wcc_hashmin.cc:266] worker window 50 7 188671
I0804 15:35:20.329717 13679 wcc_hashmin.cc:266] worker window 20 7 189406
I0804 15:35:20.542433 13402 wcc_hashmin.cc:266] worker window 43 7 211484
I0804 15:35:20.369184 13553 wcc_hashmin.cc:266] worker window 18 7 201314
I0804 15:35:20.794286 19446 wcc_hashmin.cc:266] worker window 13 7 218267
I0804 15:35:20.794311 19451 wcc_hashmin.cc:266] worker window 53 7 211331
I0804 15:35:20.423581 13747 wcc_hashmin.cc:266] worker window 32 7 219718
I0804 15:35:20.624763 27117 wcc_hashmin.cc:266] worker window 47 7 211211
I0804 15:35:20.369515 13556 wcc_hashmin.cc:266] worker window 42 7 220297
I0804 15:35:20.624805 27113 wcc_hashmin.cc:266] worker window 15 7 207309
I0804 15:35:20.369690 13555 wcc_hashmin.cc:266] worker window 34 7 217509
I0804 15:35:20.624987 27114 wcc_hashmin.cc:266] worker window 23 7 212558
I0804 15:35:20.543359 13401 wcc_hashmin.cc:266] worker window 35 7 239430
I0804 15:35:20.543435 13398 wcc_hashmin.cc:266] worker window 11 7 244751
I0804 15:35:20.370474 13552 wcc_hashmin.cc:266] worker window 10 7 214153
I0804 15:35:20.625790 27118 wcc_hashmin.cc:266] worker window 55 7 223955
I0804 15:35:20.438618 13749 wcc_hashmin.cc:266] worker window 48 8 162698
I0804 15:35:20.438671 13750 wcc_hashmin.cc:266] worker window 56 8 162741
I0804 15:35:20.433614 13357 wcc_hashmin.cc:266] worker window 49 8 156810
I0804 15:35:20.384740 13554 wcc_hashmin.cc:266] worker window 26 8 182798
I0804 15:35:20.345538 13684 wcc_hashmin.cc:266] worker window 60 8 158977
I0804 15:35:20.345752 13680 wcc_hashmin.cc:266] worker window 28 8 163820
I0804 15:35:20.439123 13746 wcc_hashmin.cc:266] worker window 24 8 176163
I0804 15:35:20.251588 10517 wcc_hashmin.cc:266] worker window 62 8 158436
I0804 15:35:20.251893 10513 wcc_hashmin.cc:266] worker window 30 8 179655
I0804 15:35:20.434231 13358 wcc_hashmin.cc:266] worker window 57 8 173683
I0804 15:35:20.439503 13748 wcc_hashmin.cc:266] worker window 40 8 186024
I0804 15:35:20.385416 13552 wcc_hashmin.cc:266] worker window 10 8 206999
I0804 15:35:20.346315 13678 wcc_hashmin.cc:266] worker window 12 8 167311
I0804 15:35:20.346545 13682 wcc_hashmin.cc:266] worker window 44 8 189391
I0804 15:35:20.252329 10515 wcc_hashmin.cc:266] worker window 46 8 186753
I0804 15:35:20.434732 13354 wcc_hashmin.cc:266] worker window 25 8 183069
I0804 15:35:20.346601 13683 wcc_hashmin.cc:266] worker window 52 8 192049
I0804 15:35:20.252776 10511 wcc_hashmin.cc:266] worker window 14 8 190934
I0804 15:35:20.559496 13403 wcc_hashmin.cc:266] worker window 51 8 165570
I0804 15:35:20.440378 13744 wcc_hashmin.cc:266] worker window 8 8 207797
I0804 15:35:20.559604 13404 wcc_hashmin.cc:266] worker window 59 8 161095
I0804 15:35:20.559761 13399 wcc_hashmin.cc:266] worker window 19 8 188727
I0804 15:35:20.386382 13558 wcc_hashmin.cc:266] worker window 58 8 163470
I0804 15:35:20.811640 19452 wcc_hashmin.cc:266] worker window 61 8 183630
I0804 15:35:20.811622 19448 wcc_hashmin.cc:266] worker window 29 8 178674
I0804 15:35:20.560045 13400 wcc_hashmin.cc:266] worker window 27 8 164638
I0804 15:35:20.435694 13352 wcc_hashmin.cc:266] worker window 9 8 215639
I0804 15:35:20.253221 10514 wcc_hashmin.cc:266] worker window 38 8 134865
I0804 15:35:20.641892 27112 wcc_hashmin.cc:266] worker window 7 8 171571
I0804 15:35:20.811981 19449 wcc_hashmin.cc:266] worker window 37 8 188429
I0804 15:35:20.560230 13397 wcc_hashmin.cc:266] worker window 3 8 182898
I0804 15:35:20.812109 19446 wcc_hashmin.cc:266] worker window 13 8 194172
I0804 15:35:20.642246 27119 wcc_hashmin.cc:266] worker window 63 8 170588
I0804 15:35:20.253597 10516 wcc_hashmin.cc:266] worker window 54 8 227771
I0804 15:35:20.642334 27116 wcc_hashmin.cc:266] worker window 39 8 162113
I0804 15:35:20.560689 13402 wcc_hashmin.cc:266] worker window 43 8 209853
I0804 15:35:20.812419 19445 wcc_hashmin.cc:266] worker window 5 8 171429
I0804 15:35:20.387290 13551 wcc_hashmin.cc:266] worker window 2 8 168448
I0804 15:35:20.812566 19451 wcc_hashmin.cc:266] worker window 53 8 203433
I0804 15:35:20.387465 13557 wcc_hashmin.cc:266] worker window 50 8 178742
I0804 15:35:20.812757 19450 wcc_hashmin.cc:266] worker window 45 8 173555
I0804 15:35:20.812860 19447 wcc_hashmin.cc:266] worker window 21 8 196137
I0804 15:35:20.387686 13553 wcc_hashmin.cc:266] worker window 18 8 192929
I0804 15:35:20.387867 13556 wcc_hashmin.cc:266] worker window 42 8 208277
I0804 15:35:20.441998 13745 wcc_hashmin.cc:266] worker window 16 8 187223
I0804 15:35:20.442068 13743 wcc_hashmin.cc:266] worker window 0 8 176949
I0804 15:35:20.561427 13401 wcc_hashmin.cc:266] worker window 35 8 230989
I0804 15:35:20.348742 13677 wcc_hashmin.cc:266] worker window 4 8 180793
I0804 15:35:20.254736 10512 wcc_hashmin.cc:266] worker window 22 8 182985
I0804 15:35:20.643344 27115 wcc_hashmin.cc:266] worker window 31 8 189569
I0804 15:35:20.643394 27114 wcc_hashmin.cc:266] worker window 23 8 204096
I0804 15:35:20.437063 13351 wcc_hashmin.cc:266] worker window 1 8 174015
I0804 15:35:20.388164 13555 wcc_hashmin.cc:266] worker window 34 8 210275
I0804 15:35:20.254849 10510 wcc_hashmin.cc:266] worker window 6 8 186938
I0804 15:35:20.437270 13353 wcc_hashmin.cc:266] worker window 17 8 187826
I0804 15:35:20.349122 13681 wcc_hashmin.cc:266] worker window 36 8 188579
I0804 15:35:20.437363 13356 wcc_hashmin.cc:266] worker window 41 8 191751
I0804 15:35:20.349371 13679 wcc_hashmin.cc:266] worker window 20 8 181338
I0804 15:35:20.644062 27118 wcc_hashmin.cc:266] worker window 55 8 210391
I0804 15:35:20.443148 13747 wcc_hashmin.cc:266] worker window 32 8 209881
I0804 15:35:20.644539 27113 wcc_hashmin.cc:266] worker window 15 8 203223
I0804 15:35:20.644556 27117 wcc_hashmin.cc:266] worker window 47 8 209400
I0804 15:35:20.562904 13398 wcc_hashmin.cc:266] worker window 11 8 233181
I0804 15:35:20.439082 13355 wcc_hashmin.cc:266] worker window 33 8 166303
I0804 15:35:20.452674 13357 wcc_hashmin.cc:266] worker window 49 9 154884
I0804 15:35:20.403789 13554 wcc_hashmin.cc:266] worker window 26 9 178379
I0804 15:35:20.458070 13749 wcc_hashmin.cc:266] worker window 48 9 156582
I0804 15:35:20.458155 13750 wcc_hashmin.cc:266] worker window 56 9 155643
I0804 15:35:20.453148 13358 wcc_hashmin.cc:266] worker window 57 9 164193
I0804 15:35:20.364859 13684 wcc_hashmin.cc:266] worker window 60 9 152272
I0804 15:35:20.458446 13746 wcc_hashmin.cc:266] worker window 24 9 168029
I0804 15:35:20.365219 13680 wcc_hashmin.cc:266] worker window 28 9 157387
I0804 15:35:20.404505 13552 wcc_hashmin.cc:266] worker window 10 9 199829
I0804 15:35:20.271014 10517 wcc_hashmin.cc:266] worker window 62 9 153214
I0804 15:35:20.458853 13748 wcc_hashmin.cc:266] worker window 40 9 176651
I0804 15:35:20.404722 13558 wcc_hashmin.cc:266] worker window 58 9 151793
I0804 15:35:20.453779 13354 wcc_hashmin.cc:266] worker window 25 9 175996
I0804 15:35:20.271489 10513 wcc_hashmin.cc:266] worker window 30 9 177510
I0804 15:35:20.365785 13683 wcc_hashmin.cc:266] worker window 52 9 179874
I0804 15:35:20.660203 27112 wcc_hashmin.cc:266] worker window 7 9 165808
I0804 15:35:20.830088 19446 wcc_hashmin.cc:266] worker window 13 9 167358
I0804 15:35:20.830165 19452 wcc_hashmin.cc:266] worker window 61 9 180731
I0804 15:35:20.578363 13403 wcc_hashmin.cc:266] worker window 51 9 158019
I0804 15:35:20.365861 13682 wcc_hashmin.cc:266] worker window 44 9 183545
I0804 15:35:20.271780 10515 wcc_hashmin.cc:266] worker window 46 9 181979
I0804 15:35:20.830358 19448 wcc_hashmin.cc:266] worker window 29 9 178766
I0804 15:35:20.578593 13404 wcc_hashmin.cc:266] worker window 59 9 155594
I0804 15:35:20.830490 19449 wcc_hashmin.cc:266] worker window 37 9 184203
I0804 15:35:20.578737 13399 wcc_hashmin.cc:266] worker window 19 9 183829
I0804 15:35:20.660655 27116 wcc_hashmin.cc:266] worker window 39 9 154300
I0804 15:35:20.830540 19445 wcc_hashmin.cc:266] worker window 5 9 164665
I0804 15:35:20.660805 27119 wcc_hashmin.cc:266] worker window 63 9 168792
