I0624 20:11:35.847048 13662 util.cc:56] "query-bsp"
I0624 20:11:35.847828 13662 worker.cc:238] The query absolute path is /BIGDATA1/buaa_wffan_1/lidongze/code/grape/cpp/build/query/pagerank_feature/query-bsp
I0624 20:11:35.860780 13662 worker.cc:244] query detail: 
I0624 20:11:35.860793 13662 query.cc:75] terminate = 0
I0624 20:11:35.860806 13662 query.cc:76] bound = 0
I0624 20:11:35.860813 13662 query.cc:77] root = 0
I0624 20:11:35.860818 13662 query.cc:78] lower_bound_ = 0
I0624 20:11:35.860822 13662 query.cc:79] upper_bound_ = 50
I0624 20:11:35.860826 13662 query.cc:80] ttl_ = 100000
I0624 20:11:35.863513 13662 worker.cc:249] query_info=file:/BIGDATA1/buaa_wffan_1/lidongze/code/grape/cpp/build/query/pagerank_feature/query-bsp
I0624 20:11:35.863715 13662 worker.cc:35] Enter coordinator loop
I0624 20:11:36.009521 30864 worker.cc:155] tid-0 access Cool
I0624 20:11:35.999698  2603 worker.cc:155] tid-0 access Cool
I0624 20:11:35.999702  2607 worker.cc:155] tid-4 access Cool
I0624 20:11:36.015609 13480 worker.cc:155] tid-0 access Cool
I0624 20:11:35.961966 11089 worker.cc:155] tid-5 access Cool
I0624 20:11:35.961939 11085 worker.cc:155] tid-1 access Cool
I0624 20:11:35.786733  4899 worker.cc:155] tid-2 access Cool
I0624 20:11:35.786782  4902 worker.cc:155] tid-5 access Cool
I0624 20:11:35.822939 10089 worker.cc:155] tid-6 access Cool
I0624 20:11:35.822805 10087 worker.cc:155] tid-4 access Cool
I0624 20:11:35.873625 20568 worker.cc:155] tid-1 access Cool
I0624 20:11:36.009203  4923 worker.cc:155] tid-7 access Cool
I0624 20:11:35.961946 11084 worker.cc:155] tid-0 access Cool
I0624 20:11:35.786844  4897 worker.cc:155] tid-0 access Cool
I0624 20:11:35.822791 10085 worker.cc:155] tid-2 access Cool
I0624 20:11:35.873777 20572 worker.cc:155] tid-5 access Cool
I0624 20:11:36.008985  4920 worker.cc:155] tid-4 access Cool
I0624 20:11:35.999727  2608 worker.cc:155] tid-5 access Cool
I0624 20:11:35.999698  2604 worker.cc:155] tid-1 access Cool
I0624 20:11:36.015609 13481 worker.cc:155] tid-1 access Cool
I0624 20:11:36.009536 30868 worker.cc:155] tid-4 access Cool
I0624 20:11:35.961961 11088 worker.cc:155] tid-4 access Cool
I0624 20:11:35.961941 11087 worker.cc:155] tid-3 access Cool
I0624 20:11:35.786756  4901 worker.cc:155] tid-4 access Cool
I0624 20:11:35.822963 10090 worker.cc:155] tid-7 access Cool
I0624 20:11:35.873749 20570 worker.cc:155] tid-3 access Cool
I0624 20:11:36.008954  4919 worker.cc:155] tid-3 access Cool
I0624 20:11:36.008951  4917 worker.cc:155] tid-1 access Cool
I0624 20:11:35.999699  2606 worker.cc:155] tid-3 access Cool
I0624 20:11:36.015642 13486 worker.cc:155] tid-6 access Cool
I0624 20:11:36.009523 30867 worker.cc:155] tid-3 access Cool
I0624 20:11:35.962095 11086 worker.cc:155] tid-2 access Cool
I0624 20:11:35.786736  4898 worker.cc:155] tid-1 access Cool
I0624 20:11:35.822790 10084 worker.cc:155] tid-1 access Cool
I0624 20:11:35.822880 10083 worker.cc:155] tid-0 access Cool
I0624 20:11:35.873631 20567 worker.cc:155] tid-0 access Cool
I0624 20:11:36.009129  4921 worker.cc:155] tid-5 access Cool
I0624 20:11:35.999754  2609 worker.cc:155] tid-6 access Cool
I0624 20:11:36.015614 13483 worker.cc:155] tid-3 access Cool
I0624 20:11:36.015625 13484 worker.cc:155] tid-4 access Cool
I0624 20:11:36.009521 30865 worker.cc:155] tid-1 access Cool
I0624 20:11:36.009521 30866 worker.cc:155] tid-2 access Cool
I0624 20:11:35.962100 11090 worker.cc:155] tid-6 access Cool
I0624 20:11:35.962136 11091 worker.cc:155] tid-7 access Cool
I0624 20:11:35.962136 11079 worker.cc:49] Enter worker loop, task num is 8
I0624 20:11:35.786890  4892 worker.cc:49] Enter worker loop, task num is 8
I0624 20:11:35.822907 10088 worker.cc:155] tid-5 access Cool
I0624 20:11:35.873740 20569 worker.cc:155] tid-2 access Cool
I0624 20:11:36.008952  4916 worker.cc:155] tid-0 access Cool
I0624 20:11:35.999756  2605 worker.cc:155] tid-2 access Cool
I0624 20:11:36.015609 13482 worker.cc:155] tid-2 access Cool
I0624 20:11:36.009543 30870 worker.cc:155] tid-6 access Cool
I0624 20:11:36.009553 30869 worker.cc:155] tid-5 access Cool
I0624 20:11:36.009567 30871 worker.cc:155] tid-7 access Cool
I0624 20:11:35.990145 11089 pagerankX.cc:154] TrainLog: fid-40;0.003336;64637;46682;111319;414539;39730;
I0624 20:11:35.786864  4903 worker.cc:155] tid-6 access Cool
I0624 20:11:35.786891  4904 worker.cc:155] tid-7 access Cool
I0624 20:11:35.822790 10086 worker.cc:155] tid-3 access Cool
I0624 20:11:35.873819 20573 worker.cc:155] tid-6 access Cool
I0624 20:11:36.009076  4918 worker.cc:155] tid-2 access Cool
I0624 20:11:35.999806  2610 worker.cc:155] tid-7 access Cool
I0624 20:11:36.015641 13485 worker.cc:155] tid-5 access Cool
I0624 20:11:36.009563 30859 worker.cc:49] Enter worker loop, task num is 8
I0624 20:11:35.989724 11087 pagerankX.cc:154] TrainLog: fid-24;0.002909;74218;30016;104234;388307;30789;
I0624 20:11:35.786738  4900 worker.cc:155] tid-3 access Cool
I0624 20:11:35.822962 10078 worker.cc:49] Enter worker loop, task num is 8
I0624 20:11:35.873631 20571 worker.cc:155] tid-4 access Cool
I0624 20:11:36.009200  4911 worker.cc:49] Enter worker loop, task num is 8
I0624 20:11:35.999806  2598 worker.cc:49] Enter worker loop, task num is 8
I0624 20:11:36.015728 13475 worker.cc:49] Enter worker loop, task num is 8
I0624 20:11:36.038015 30870 pagerankX.cc:154] TrainLog: fid-53;0.003237;35841;50712;86553;304089;38242;
I0624 20:11:35.992898 11086 pagerankX.cc:154] TrainLog: fid-16;0.006054;53384;64307;117691;392595;51307;
I0624 20:11:35.817239  4904 pagerankX.cc:154] TrainLog: fid-57;0.00425;84220;45516;129736;502410;37223;
I0624 20:11:35.819878  4900 pagerankX.cc:154] TrainLog: fid-25;0.006891;84209;79914;164123;900372;99538;
I0624 20:11:35.849447 10089 pagerankX.cc:154] TrainLog: fid-50;0.001634;44761;17980;62741;140738;22341;
I0624 20:11:35.852377 10083 pagerankX.cc:154] TrainLog: fid-2;0.004217;69979;40833;110812;422723;31649;
I0624 20:11:35.873841 20574 worker.cc:155] tid-7 access Cool
I0624 20:11:35.873839 20562 worker.cc:49] Enter worker loop, task num is 8
I0624 20:11:36.009150  4922 worker.cc:155] tid-6 access Cool
I0624 20:11:36.029150  2603 pagerankX.cc:154] TrainLog: fid-7;0.003929;84223;38822;123045;513729;35811;
I0624 20:11:36.029150  2610 pagerankX.cc:154] TrainLog: fid-63;0.003905;84227;27786;112013;618695;23490;
I0624 20:11:36.015722 13487 worker.cc:155] tid-7 access Cool
I0624 20:11:36.039798 30865 pagerankX.cc:154] TrainLog: fid-13;0.003333;68278;32673;100951;393419;25924;
I0624 20:11:35.993265 11091 pagerankX.cc:154] TrainLog: fid-56;0.006449;84214;65462;149676;715618;62256;
I0624 20:11:35.820852  4898 pagerankX.cc:154] TrainLog: fid-9;0.00787;76669;46183;122852;575334;31880;
I0624 20:11:35.851106 10087 pagerankX.cc:154] TrainLog: fid-34;0.002622;43513;40170;83683;240401;35315;
I0624 20:11:35.907904 20571 pagerankX.cc:154] TrainLog: fid-35;0.00464;84224;38995;123219;519041;36047;
I0624 20:11:36.040658  4918 pagerankX.cc:154] TrainLog: fid-20;0.00619;83946;70759;154705;746281;56270;
I0624 20:11:36.038678  4922 pagerankX.cc:154] TrainLog: fid-52;0.004206;84223;43351;127574;531617;37955;
I0624 20:11:36.032486  2605 pagerankX.cc:154] TrainLog: fid-23;0.007267;80147;46526;126673;562692;41853;
I0624 20:11:36.044454 13480 pagerankX.cc:154] TrainLog: fid-6;0.003509;84178;32504;116682;413169;33868;
I0624 20:11:36.045284 13484 pagerankX.cc:154] TrainLog: fid-38;0.004347;84191;43668;127859;503551;33629;
I0624 20:11:36.041154 30869 pagerankX.cc:154] TrainLog: fid-45;0.006376;44749;55812;100561;360972;48124;
I0624 20:11:35.993779 11084 pagerankX.cc:154] TrainLog: fid-0;0.006971;84225;71443;155668;785132;89096;
I0624 20:11:35.822265  4903 pagerankX.cc:154] TrainLog: fid-49;0.009285;80634;109603;190237;1034819;104239;
I0624 20:11:35.852483 10085 pagerankX.cc:154] TrainLog: fid-18;0.004673;84232;44109;128341;452219;38383;
I0624 20:11:35.911448 20568 pagerankX.cc:154] TrainLog: fid-11;0.008188;84209;49763;133972;603967;34784;
I0624 20:11:36.043169  4923 pagerankX.cc:154] TrainLog: fid-60;0.008702;84225;52407;136632;625507;56286;
I0624 20:11:36.034283  2606 pagerankX.cc:154] TrainLog: fid-31;0.008984;79043;74777;153820;1083119;60463;
I0624 20:11:36.044935 13487 pagerankX.cc:154] TrainLog: fid-62;0.003994;84225;43574;127799;497253;38727;
I0624 20:11:36.044683 13482 pagerankX.cc:154] TrainLog: fid-22;0.003746;57648;49984;107632;404607;44745;
I0624 20:11:36.041492 30868 pagerankX.cc:154] TrainLog: fid-37;0.006727;52649;45677;98326;490241;32973;
I0624 20:11:35.994230 11085 pagerankX.cc:154] TrainLog: fid-8;0.007423;54520;153783;208303;828179;127385;
I0624 20:11:35.823206  4902 pagerankX.cc:154] TrainLog: fid-41;0.010226;84226;79146;163372;1001615;76071;
I0624 20:11:35.852572 10086 pagerankX.cc:154] TrainLog: fid-26;0.00476;84214;45118;129332;537092;46668;
I0624 20:11:36.043884  4921 pagerankX.cc:154] TrainLog: fid-44;0.009414;84216;64837;149053;921325;64494;
I0624 20:11:36.034691  2607 pagerankX.cc:154] TrainLog: fid-39;0.009471;84209;80798;165007;1044831;85756;
I0624 20:11:36.047016 13481 pagerankX.cc:154] TrainLog: fid-14;0.006065;84227;52214;136441;842109;48997;
I0624 20:11:36.041999 30864 pagerankX.cc:154] TrainLog: fid-5;0.007234;84216;63806;148022;729860;46547;
I0624 20:11:35.994525 11090 pagerankX.cc:154] TrainLog: fid-48;0.007718;84200;95125;179325;936805;106898;
I0624 20:11:35.823534  4899 pagerankX.cc:154] TrainLog: fid-17;0.010554;82581;91642;174223;833694;98186;
I0624 20:11:35.854442 10090 pagerankX.cc:154] TrainLog: fid-58;0.006631;84228;62210;146438;925592;92293;
I0624 20:11:36.043942  4917 pagerankX.cc:154] TrainLog: fid-12;0.009452;84224;74677;158901;764938;69591;
I0624 20:11:36.036063  2609 pagerankX.cc:154] TrainLog: fid-55;0.010828;84224;111883;196107;1107375;127558;
I0624 20:11:36.048864 13483 pagerankX.cc:154] TrainLog: fid-30;0.007914;45973;96649;142622;673657;64548;
I0624 20:11:36.042398 30866 pagerankX.cc:154] TrainLog: fid-21;0.007633;84215;59114;143329;881595;75494;
I0624 20:11:36.042399 30871 pagerankX.cc:154] TrainLog: fid-61;0.007632;76057;60896;136953;610582;63159;
I0624 20:11:35.996640 11088 pagerankX.cc:154] TrainLog: fid-32;0.009832;84205;123055;207260;1181299;167751;
I0624 20:11:35.823828  4901 pagerankX.cc:154] TrainLog: fid-33;0.010849;84218;93584;177802;1168862;93824;
I0624 20:11:35.857923 10088 pagerankX.cc:154] TrainLog: fid-42;0.010124;84202;107090;191292;1563104;107760;
I0624 20:11:36.044587  4916 pagerankX.cc:154] TrainLog: fid-4;0.010122;84165;96871;181036;1264647;85563;
I0624 20:11:36.036437  2608 pagerankX.cc:154] TrainLog: fid-47;0.011211;82029;132537;214566;1139729;125990;
I0624 20:11:36.050176 13485 pagerankX.cc:154] TrainLog: fid-46;0.009234;84224;94833;179057;1212840;97442;
I0624 20:11:36.049410 30867 pagerankX.cc:154] TrainLog: fid-29;0.01464;84206;174361;258567;1580062;217674;
I0624 20:11:35.860954 10084 pagerankX.cc:154] TrainLog: fid-10;0.013149;84232;150997;235229;1959471;182642;
I0624 20:11:35.914038 20573 pagerankX.cc:154] TrainLog: fid-51;0.010784;84173;57027;141200;1008130;46972;
I0624 20:11:36.045059  4919 pagerankX.cc:154] TrainLog: fid-28;0.0106;84200;106454;190654;1138857;96045;
I0624 20:11:36.045060  4920 pagerankX.cc:154] TrainLog: fid-36;0.0106;84191;103630;187821;1247845;104446;
I0624 20:11:36.037374  2604 pagerankX.cc:154] TrainLog: fid-15;0.012137;84222;117070;201292;1413131;143870;
I0624 20:11:36.051195 13486 pagerankX.cc:154] TrainLog: fid-54;0.010251;78067;141682;219749;1066503;107079;
I0624 20:11:35.828230  4897 pagerankX.cc:154] TrainLog: fid-1;0.015251;84228;185158;269386;1396748;197761;
I0624 20:11:35.915153 20567 pagerankX.cc:154] TrainLog: fid-3;0.0119;68069;139816;207885;822157;103030;
I0624 20:11:35.915341 20574 pagerankX.cc:154] TrainLog: fid-59;0.012091;49107;176971;226078;726698;98237;
I0624 20:11:35.915606 20572 pagerankX.cc:154] TrainLog: fid-43;0.012355;69759;138379;208138;971666;113791;
I0624 20:11:35.920379 20569 pagerankX.cc:154] TrainLog: fid-19;0.017127;84212;155903;240115;2122591;209440;
I0624 20:11:35.921607 20570 pagerankX.cc:154] TrainLog: fid-27;0.018356;84218;193747;277965;2300002;335172;
I0624 20:11:35.875797 10089 pagerankX.cc:154] TrainLog: fid-50;0.001632;44761;17980;62741;140738;22341;
I0624 20:11:35.876760 10087 pagerankX.cc:154] TrainLog: fid-34;0.002595;43513;40170;83683;240401;35315;
I0624 20:11:36.015947 11087 pagerankX.cc:154] TrainLog: fid-24;0.002828;74218;30016;104234;388307;30789;
I0624 20:11:36.016432 11089 pagerankX.cc:154] TrainLog: fid-40;0.003313;64637;46682;111319;414539;39730;
I0624 20:11:35.877619 10083 pagerankX.cc:154] TrainLog: fid-2;0.003471;69979;40833;110812;422723;31649;
I0624 20:11:36.064342 30870 pagerankX.cc:154] TrainLog: fid-53;0.003204;35841;50712;86553;304089;38242;
I0624 20:11:36.064433 30865 pagerankX.cc:154] TrainLog: fid-13;0.003319;68278;32673;100951;393419;25924;
I0624 20:11:36.016927 11086 pagerankX.cc:154] TrainLog: fid-16;0.003885;53384;64307;117691;392595;51307;
I0624 20:11:36.064704 30869 pagerankX.cc:154] TrainLog: fid-45;0.003576;44749;55812;100561;360972;48124;
I0624 20:11:35.877969 10085 pagerankX.cc:154] TrainLog: fid-18;0.003821;84232;44109;128341;452219;38383;
I0624 20:11:36.070806 13480 pagerankX.cc:154] TrainLog: fid-6;0.003538;84178;32504;116682;413169;33868;
I0624 20:11:36.070960 13482 pagerankX.cc:154] TrainLog: fid-22;0.00368;57648;49984;107632;404607;44745;
I0624 20:11:36.065042 30868 pagerankX.cc:154] TrainLog: fid-37;0.003909;52649;45677;98326;490241;32973;
I0624 20:11:36.064504  4922 pagerankX.cc:154] TrainLog: fid-52;0.004119;84223;43351;127574;531617;37955;
I0624 20:11:35.878384 10086 pagerankX.cc:154] TrainLog: fid-26;0.004271;84214;45118;129332;537092;46668;
I0624 20:11:35.842520  4898 pagerankX.cc:154] TrainLog: fid-9;0.004263;76669;46183;122852;575334;31880;
I0624 20:11:36.071558 13487 pagerankX.cc:154] TrainLog: fid-62;0.004263;84225;43574;127799;497253;38727;
I0624 20:11:36.018040 11091 pagerankX.cc:154] TrainLog: fid-56;0.004987;84214;65462;149676;715618;62256;
I0624 20:11:35.842783  4904 pagerankX.cc:154] TrainLog: fid-57;0.00451;84220;45516;129736;502410;37223;
I0624 20:11:36.071897 13484 pagerankX.cc:154] TrainLog: fid-38;0.00464;84191;43668;127859;503551;33629;
I0624 20:11:36.065549  4923 pagerankX.cc:154] TrainLog: fid-60;0.005132;84225;52407;136632;625507;56286;
I0624 20:11:36.056433  2603 pagerankX.cc:154] TrainLog: fid-7;0.003902;84223;38822;123045;513729;35811;
I0624 20:11:36.056466  2610 pagerankX.cc:154] TrainLog: fid-63;0.00391;84227;27786;112013;618695;23490;
I0624 20:11:36.056646  2605 pagerankX.cc:154] TrainLog: fid-23;0.004102;80147;46526;126673;562692;41853;
I0624 20:11:36.066500 30871 pagerankX.cc:154] TrainLog: fid-61;0.005365;76057;60896;136953;610582;63159;
I0624 20:11:36.066735 30864 pagerankX.cc:154] TrainLog: fid-5;0.005618;84216;63806;148022;729860;46547;
I0624 20:11:36.072845 13481 pagerankX.cc:154] TrainLog: fid-14;0.005601;84227;52214;136441;842109;48997;
I0624 20:11:36.019253 11084 pagerankX.cc:154] TrainLog: fid-0;0.006193;84225;71443;155668;785132;89096;
I0624 20:11:36.066308  4917 pagerankX.cc:154] TrainLog: fid-12;0.00594;84224;74677;158901;764938;69591;
I0624 20:11:36.066606  4918 pagerankX.cc:154] TrainLog: fid-20;0.006203;83946;70759;154705;746281;56270;
I0624 20:11:36.019738 11090 pagerankX.cc:154] TrainLog: fid-48;0.006695;84200;95125;179325;936805;106898;
I0624 20:11:36.067317 30866 pagerankX.cc:154] TrainLog: fid-21;0.006184;84215;59114;143329;881595;75494;
I0624 20:11:35.880718 10090 pagerankX.cc:154] TrainLog: fid-58;0.006598;84228;62210;146438;925592;92293;
I0624 20:11:36.073807 13483 pagerankX.cc:154] TrainLog: fid-30;0.006559;45973;96649;142622;673657;64548;
I0624 20:11:36.067162  4921 pagerankX.cc:154] TrainLog: fid-44;0.006758;84216;64837;149053;921325;64494;
I0624 20:11:35.931855 20571 pagerankX.cc:154] TrainLog: fid-35;0.004618;84224;38995;123219;519041;36047;
I0624 20:11:35.845053  4900 pagerankX.cc:154] TrainLog: fid-25;0.006788;84209;79914;164123;900372;99538;
I0624 20:11:35.932013 20568 pagerankX.cc:154] TrainLog: fid-11;0.004782;84209;49763;133972;603967;34784;
I0624 20:11:35.845444  4902 pagerankX.cc:154] TrainLog: fid-41;0.00721;84226;79146;163372;1001615;76071;
I0624 20:11:35.845747  4899 pagerankX.cc:154] TrainLog: fid-17;0.007516;82581;91642;174223;833694;98186;
I0624 20:11:36.021102 11085 pagerankX.cc:154] TrainLog: fid-8;0.007982;54520;153783;208303;828179;127385;
I0624 20:11:36.068954  4919 pagerankX.cc:154] TrainLog: fid-28;0.008586;84200;106454;190654;1138857;96045;
I0624 20:11:36.075635 13485 pagerankX.cc:154] TrainLog: fid-46;0.008387;84224;94833;179057;1212840;97442;
I0624 20:11:36.059835  2606 pagerankX.cc:154] TrainLog: fid-31;0.007297;79043;74777;153820;1083119;60463;
I0624 20:11:36.059841  2607 pagerankX.cc:154] TrainLog: fid-39;0.007326;84209;80798;165007;1044831;85756;
I0624 20:11:36.022537 11088 pagerankX.cc:154] TrainLog: fid-32;0.009493;84205;123055;207260;1181299;167751;
I0624 20:11:35.847470  4903 pagerankX.cc:154] TrainLog: fid-49;0.009232;80634;109603;190237;1034819;104239;
I0624 20:11:35.934510 20573 pagerankX.cc:154] TrainLog: fid-51;0.007299;84173;57027;141200;1008130;46972;
I0624 20:11:35.847766  4901 pagerankX.cc:154] TrainLog: fid-33;0.009533;84218;93584;177802;1168862;93824;
I0624 20:11:36.076869 13486 pagerankX.cc:154] TrainLog: fid-54;0.009613;78067;141682;219749;1066503;107079;
I0624 20:11:36.070233  4916 pagerankX.cc:154] TrainLog: fid-4;0.009861;84165;96871;181036;1264647;85563;
I0624 20:11:35.884137 10088 pagerankX.cc:154] TrainLog: fid-42;0.009973;84202;107090;191292;1563104;107760;
I0624 20:11:36.070356  4920 pagerankX.cc:154] TrainLog: fid-36;0.009983;84191;103630;187821;1247845;104446;
I0624 20:11:36.061866  2609 pagerankX.cc:154] TrainLog: fid-55;0.009352;84224;111883;196107;1107375;127558;
I0624 20:11:35.936761 20567 pagerankX.cc:154] TrainLog: fid-3;0.009557;68069;139816;207885;822157;103030;
I0624 20:11:36.062865  2608 pagerankX.cc:154] TrainLog: fid-47;0.010355;82029;132537;214566;1139729;125990;
I0624 20:11:36.063158  2604 pagerankX.cc:154] TrainLog: fid-15;0.010644;84222;117070;201292;1413131;143870;
I0624 20:11:35.937995 20574 pagerankX.cc:154] TrainLog: fid-59;0.010784;49107;176971;226078;726698;98237;
I0624 20:11:35.887146 10084 pagerankX.cc:154] TrainLog: fid-10;0.013036;84232;150997;235229;1959471;182642;
I0624 20:11:35.938220 20572 pagerankX.cc:154] TrainLog: fid-43;0.011013;69759;138379;208138;971666;113791;
I0624 20:11:36.074173 30867 pagerankX.cc:154] TrainLog: fid-29;0.01308;84206;174361;258567;1580062;217674;
I0624 20:11:35.853039  4897 pagerankX.cc:154] TrainLog: fid-1;0.014811;84228;185158;269386;1396748;197761;
I0624 20:11:35.943264 20569 pagerankX.cc:154] TrainLog: fid-19;0.016062;84212;155903;240115;2122591;209440;
I0624 20:11:35.945816 20570 pagerankX.cc:154] TrainLog: fid-27;0.018612;84218;193747;277965;2300002;335172;
I0624 20:11:35.897187 10089 pagerankX.cc:154] TrainLog: fid-50;0.001583;44761;17980;62741;140738;22341;
I0624 20:11:36.037228 11087 pagerankX.cc:154] TrainLog: fid-24;0.002779;74218;30016;104234;388307;30789;
I0624 20:11:35.898159 10087 pagerankX.cc:154] TrainLog: fid-34;0.002552;43513;40170;83683;240401;35315;
I0624 20:11:36.037658 11089 pagerankX.cc:154] TrainLog: fid-40;0.003211;64637;46682;111319;414539;39730;
I0624 20:11:36.038244 11086 pagerankX.cc:154] TrainLog: fid-16;0.003802;53384;64307;117691;392595;51307;
I0624 20:11:35.899040 10083 pagerankX.cc:154] TrainLog: fid-2;0.003449;69979;40833;110812;422723;31649;
I0624 20:11:36.085793 30870 pagerankX.cc:154] TrainLog: fid-53;0.003167;35841;50712;86553;304089;38242;
I0624 20:11:36.085832 30865 pagerankX.cc:154] TrainLog: fid-13;0.003215;68278;32673;100951;393419;25924;
I0624 20:11:36.086105 30869 pagerankX.cc:154] TrainLog: fid-45;0.003476;44749;55812;100561;360972;48124;
I0624 20:11:35.899387 10085 pagerankX.cc:154] TrainLog: fid-18;0.003794;84232;44109;128341;452219;38383;
I0624 20:11:36.092383 13480 pagerankX.cc:154] TrainLog: fid-6;0.003457;84178;32504;116682;413169;33868;
I0624 20:11:35.863562  4898 pagerankX.cc:154] TrainLog: fid-9;0.004058;76669;46183;122852;575334;31880;
I0624 20:11:36.085800  4922 pagerankX.cc:154] TrainLog: fid-52;0.004007;84223;43351;127574;531617;37955;
I0624 20:11:36.092627 13482 pagerankX.cc:154] TrainLog: fid-22;0.003685;57648;49984;107632;404607;44745;
I0624 20:11:36.086525 30868 pagerankX.cc:154] TrainLog: fid-37;0.003893;52649;45677;98326;490241;32973;
I0624 20:11:35.899797 10086 pagerankX.cc:154] TrainLog: fid-26;0.004212;84214;45118;129332;537092;46668;
I0624 20:11:35.863845  4904 pagerankX.cc:154] TrainLog: fid-57;0.004326;84220;45516;129736;502410;37223;
I0624 20:11:36.092911 13487 pagerankX.cc:154] TrainLog: fid-62;0.003966;84225;43574;127799;497253;38727;
I0624 20:11:36.039409 11091 pagerankX.cc:154] TrainLog: fid-56;0.004961;84214;65462;149676;715618;62256;
I0624 20:11:36.093148 13484 pagerankX.cc:154] TrainLog: fid-38;0.004206;84191;43668;127859;503551;33629;
I0624 20:11:36.077239  2610 pagerankX.cc:154] TrainLog: fid-63;0.003883;84227;27786;112013;618695;23490;
I0624 20:11:36.077265  2603 pagerankX.cc:154] TrainLog: fid-7;0.003925;84223;38822;123045;513729;35811;
I0624 20:11:36.077481  2605 pagerankX.cc:154] TrainLog: fid-23;0.004142;80147;46526;126673;562692;41853;
I0624 20:11:35.951472 20571 pagerankX.cc:154] TrainLog: fid-35;0.00425;84224;38995;123219;519041;36047;
I0624 20:11:36.086907  4923 pagerankX.cc:154] TrainLog: fid-60;0.005088;84225;52407;136632;625507;56286;
I0624 20:11:36.040298 11084 pagerankX.cc:154] TrainLog: fid-0;0.00589;84225;71443;155668;785132;89096;
I0624 20:11:36.087860 30871 pagerankX.cc:154] TrainLog: fid-61;0.005226;76057;60896;136953;610582;63159;
I0624 20:11:35.952189 20568 pagerankX.cc:154] TrainLog: fid-11;0.004976;84209;49763;133972;603967;34784;
I0624 20:11:36.040627 11090 pagerankX.cc:154] TrainLog: fid-48;0.0062;84200;95125;179325;936805;106898;
I0624 20:11:36.087679  4917 pagerankX.cc:154] TrainLog: fid-12;0.005863;84224;74677;158901;764938;69591;
I0624 20:11:36.088250 30864 pagerankX.cc:154] TrainLog: fid-5;0.005632;84216;63806;148022;729860;46547;
I0624 20:11:36.094406 13481 pagerankX.cc:154] TrainLog: fid-14;0.005476;84227;52214;136441;842109;48997;
I0624 20:11:36.094589 13483 pagerankX.cc:154] TrainLog: fid-30;0.00566;45973;96649;142622;673657;64548;
I0624 20:11:36.087991  4918 pagerankX.cc:154] TrainLog: fid-20;0.00617;83946;70759;154705;746281;56270;
I0624 20:11:35.866052  4900 pagerankX.cc:154] TrainLog: fid-25;0.006571;84209;79914;164123;900372;99538;
I0624 20:11:35.902084 10090 pagerankX.cc:154] TrainLog: fid-58;0.006482;84228;62210;146438;925592;92293;
I0624 20:11:36.088840 30866 pagerankX.cc:154] TrainLog: fid-21;0.006221;84215;59114;143329;881595;75494;
I0624 20:11:36.088713  4921 pagerankX.cc:154] TrainLog: fid-44;0.006883;84216;64837;149053;921325;64494;
I0624 20:11:35.866540  4902 pagerankX.cc:154] TrainLog: fid-41;0.007022;84226;79146;163372;1001615;76071;
I0624 20:11:36.041867 11085 pagerankX.cc:154] TrainLog: fid-8;0.007458;54520;153783;208303;828179;127385;
I0624 20:11:35.866932  4899 pagerankX.cc:154] TrainLog: fid-17;0.007427;82581;91642;174223;833694;98186;
I0624 20:11:36.080574  2606 pagerankX.cc:154] TrainLog: fid-31;0.007232;79043;74777;153820;1083119;60463;
I0624 20:11:36.080693  2607 pagerankX.cc:154] TrainLog: fid-39;0.007342;84209;80798;165007;1044831;85756;
I0624 20:11:35.954771 20573 pagerankX.cc:154] TrainLog: fid-51;0.007519;84173;57027;141200;1008130;46972;
I0624 20:11:35.867990  4903 pagerankX.cc:154] TrainLog: fid-49;0.008504;80634;109603;190237;1034819;104239;
I0624 20:11:36.090230  4919 pagerankX.cc:154] TrainLog: fid-28;0.008421;84200;106454;190654;1138857;96045;
I0624 20:11:36.097100 13485 pagerankX.cc:154] TrainLog: fid-46;0.008158;84224;94833;179057;1212840;97442;
I0624 20:11:36.043879 11088 pagerankX.cc:154] TrainLog: fid-32;0.009436;84205;123055;207260;1181299;167751;
I0624 20:11:35.868728  4901 pagerankX.cc:154] TrainLog: fid-33;0.009245;84218;93584;177802;1168862;93824;
I0624 20:11:35.955814 20567 pagerankX.cc:154] TrainLog: fid-3;0.008629;68069;139816;207885;822157;103030;
I0624 20:11:36.091596  4916 pagerankX.cc:154] TrainLog: fid-4;0.009783;84165;96871;181036;1264647;85563;
I0624 20:11:36.091707  4920 pagerankX.cc:154] TrainLog: fid-36;0.009922;84191;103630;187821;1247845;104446;
I0624 20:11:36.082388  2609 pagerankX.cc:154] TrainLog: fid-55;0.009073;84224;111883;196107;1107375;127558;
I0624 20:11:36.082541  2608 pagerankX.cc:154] TrainLog: fid-47;0.00923;82029;132537;214566;1139729;125990;
I0624 20:11:35.905676 10088 pagerankX.cc:154] TrainLog: fid-42;0.010071;84202;107090;191292;1563104;107760;
I0624 20:11:35.956715 20574 pagerankX.cc:154] TrainLog: fid-59;0.009521;49107;176971;226078;726698;98237;
I0624 20:11:36.099051 13486 pagerankX.cc:154] TrainLog: fid-54;0.010143;78067;141682;219749;1066503;107079;
I0624 20:11:35.957285 20572 pagerankX.cc:154] TrainLog: fid-43;0.010063;69759;138379;208138;971666;113791;
I0624 20:11:36.083745  2604 pagerankX.cc:154] TrainLog: fid-15;0.010401;84222;117070;201292;1413131;143870;
I0624 20:11:35.908656 10084 pagerankX.cc:154] TrainLog: fid-10;0.013071;84232;150997;235229;1959471;182642;
I0624 20:11:35.872895  4897 pagerankX.cc:154] TrainLog: fid-1;0.013419;84228;185158;269386;1396748;197761;
I0624 20:11:36.095697 30867 pagerankX.cc:154] TrainLog: fid-29;0.013077;84206;174361;258567;1580062;217674;
I0624 20:11:35.965929 20570 pagerankX.cc:154] TrainLog: fid-27;0.018741;84218;193747;277965;2300002;335172;
I0624 20:11:35.965939 20569 pagerankX.cc:154] TrainLog: fid-19;0.018748;84212;155903;240115;2122591;209440;
I0624 20:11:35.919292 10089 pagerankX.cc:154] TrainLog: fid-50;0.001587;44761;17980;62741;140738;22341;
I0624 20:11:36.059412 11087 pagerankX.cc:154] TrainLog: fid-24;0.002778;74218;30016;104234;388307;30789;
I0624 20:11:35.920262 10087 pagerankX.cc:154] TrainLog: fid-34;0.002555;43513;40170;83683;240401;35315;
I0624 20:11:36.059849 11089 pagerankX.cc:154] TrainLog: fid-40;0.003217;64637;46682;111319;414539;39730;
I0624 20:11:36.107756 30870 pagerankX.cc:154] TrainLog: fid-53;0.00319;35841;50712;86553;304089;38242;
I0624 20:11:36.107858 30865 pagerankX.cc:154] TrainLog: fid-13;0.00331;68278;32673;100951;393419;25924;
I0624 20:11:35.921154 10083 pagerankX.cc:154] TrainLog: fid-2;0.003447;69979;40833;110812;422723;31649;
I0624 20:11:36.060398 11086 pagerankX.cc:154] TrainLog: fid-16;0.003827;53384;64307;117691;392595;51307;
I0624 20:11:36.108042 30869 pagerankX.cc:154] TrainLog: fid-45;0.003475;44749;55812;100561;360972;48124;
I0624 20:11:36.114177 13480 pagerankX.cc:154] TrainLog: fid-6;0.003416;84178;32504;116682;413169;33868;
I0624 20:11:35.921486 10085 pagerankX.cc:154] TrainLog: fid-18;0.00378;84232;44109;128341;452219;38383;
I0624 20:11:36.114459 13482 pagerankX.cc:154] TrainLog: fid-22;0.00368;57648;49984;107632;404607;44745;
I0624 20:11:35.885550  4898 pagerankX.cc:154] TrainLog: fid-9;0.004036;76669;46183;122852;575334;31880;
I0624 20:11:36.107916  4922 pagerankX.cc:154] TrainLog: fid-52;0.004029;84223;43351;127574;531617;37955;
I0624 20:11:36.108551 30868 pagerankX.cc:154] TrainLog: fid-37;0.003988;52649;45677;98326;490241;32973;
I0624 20:11:35.921881 10086 pagerankX.cc:154] TrainLog: fid-26;0.004188;84214;45118;129332;537092;46668;
I0624 20:11:35.885891  4904 pagerankX.cc:154] TrainLog: fid-57;0.004356;84220;45516;129736;502410;37223;
I0624 20:11:36.114836 13487 pagerankX.cc:154] TrainLog: fid-62;0.004057;84225;43574;127799;497253;38727;
I0624 20:11:36.098958  2610 pagerankX.cc:154] TrainLog: fid-63;0.003901;84227;27786;112013;618695;23490;
I0624 20:11:36.098979  2603 pagerankX.cc:154] TrainLog: fid-7;0.003926;84223;38822;123045;513729;35811;
I0624 20:11:36.114967 13484 pagerankX.cc:154] TrainLog: fid-38;0.004219;84191;43668;127859;503551;33629;
I0624 20:11:36.099186  2605 pagerankX.cc:154] TrainLog: fid-23;0.004138;80147;46526;126673;562692;41853;
I0624 20:11:35.973142 20571 pagerankX.cc:154] TrainLog: fid-35;0.004235;84224;38995;123219;519041;36047;
I0624 20:11:36.061599 11091 pagerankX.cc:154] TrainLog: fid-56;0.004965;84214;65462;149676;715618;62256;
I0624 20:11:36.109025  4923 pagerankX.cc:154] TrainLog: fid-60;0.005113;84225;52407;136632;625507;56286;
I0624 20:11:35.973788 20568 pagerankX.cc:154] TrainLog: fid-11;0.004879;84209;49763;133972;603967;34784;
I0624 20:11:36.110050 30871 pagerankX.cc:154] TrainLog: fid-61;0.005485;76057;60896;136953;610582;63159;
I0624 20:11:36.062537 11084 pagerankX.cc:154] TrainLog: fid-0;0.005966;84225;71443;155668;785132;89096;
I0624 20:11:36.110249 30864 pagerankX.cc:154] TrainLog: fid-5;0.0057;84216;63806;148022;729860;46547;
I0624 20:11:36.109832  4917 pagerankX.cc:154] TrainLog: fid-12;0.005936;84224;74677;158901;764938;69591;
I0624 20:11:36.116451 13481 pagerankX.cc:154] TrainLog: fid-14;0.005683;84227;52214;136441;842109;48997;
I0624 20:11:36.062880 11090 pagerankX.cc:154] TrainLog: fid-48;0.006247;84200;95125;179325;936805;106898;
I0624 20:11:36.116544 13483 pagerankX.cc:154] TrainLog: fid-30;0.005777;45973;96649;142622;673657;64548;
I0624 20:11:36.110072  4918 pagerankX.cc:154] TrainLog: fid-20;0.00616;83946;70759;154705;746281;56270;
I0624 20:11:36.110858 30866 pagerankX.cc:154] TrainLog: fid-21;0.006296;84215;59114;143329;881595;75494;
I0624 20:11:35.888151  4900 pagerankX.cc:154] TrainLog: fid-25;0.006639;84209;79914;164123;900372;99538;
I0624 20:11:35.924211 10090 pagerankX.cc:154] TrainLog: fid-58;0.006505;84228;62210;146438;925592;92293;
I0624 20:11:35.888334  4902 pagerankX.cc:154] TrainLog: fid-41;0.006846;84226;79146;163372;1001615;76071;
I0624 20:11:36.110744  4921 pagerankX.cc:154] TrainLog: fid-44;0.006833;84216;64837;149053;921325;64494;
I0624 20:11:36.064082 11085 pagerankX.cc:154] TrainLog: fid-8;0.007459;54520;153783;208303;828179;127385;
I0624 20:11:35.888988  4899 pagerankX.cc:154] TrainLog: fid-17;0.007466;82581;91642;174223;833694;98186;
I0624 20:11:35.976256 20573 pagerankX.cc:154] TrainLog: fid-51;0.007369;84173;57027;141200;1008130;46972;
I0624 20:11:36.102331  2606 pagerankX.cc:154] TrainLog: fid-31;0.007273;79043;74777;153820;1083119;60463;
I0624 20:11:36.102636  2607 pagerankX.cc:154] TrainLog: fid-39;0.007572;84209;80798;165007;1044831;85756;
I0624 20:11:35.890079  4903 pagerankX.cc:154] TrainLog: fid-49;0.008543;80634;109603;190237;1034819;104239;
I0624 20:11:36.118993 13485 pagerankX.cc:154] TrainLog: fid-46;0.008215;84224;94833;179057;1212840;97442;
I0624 20:11:36.112388  4919 pagerankX.cc:154] TrainLog: fid-28;0.00848;84200;106454;190654;1138857;96045;
I0624 20:11:35.977141 20567 pagerankX.cc:154] TrainLog: fid-3;0.00827;68069;139816;207885;822157;103030;
I0624 20:11:35.977535 20574 pagerankX.cc:154] TrainLog: fid-59;0.008651;49107;176971;226078;726698;98237;
I0624 20:11:35.977639 20572 pagerankX.cc:154] TrainLog: fid-43;0.008759;69759;138379;208138;971666;113791;
I0624 20:11:35.890794  4901 pagerankX.cc:154] TrainLog: fid-33;0.009262;84218;93584;177802;1168862;93824;
I0624 20:11:36.066059 11088 pagerankX.cc:154] TrainLog: fid-32;0.009484;84205;123055;207260;1181299;167751;
I0624 20:11:36.104192  2609 pagerankX.cc:154] TrainLog: fid-55;0.009137;84224;111883;196107;1107375;127558;
I0624 20:11:36.104425  2608 pagerankX.cc:154] TrainLog: fid-47;0.009374;82029;132537;214566;1139729;125990;
I0624 20:11:36.113682  4916 pagerankX.cc:154] TrainLog: fid-4;0.009783;84165;96871;181036;1264647;85563;
I0624 20:11:36.113690  4920 pagerankX.cc:154] TrainLog: fid-36;0.009814;84191;103630;187821;1247845;104446;
I0624 20:11:36.120432 13486 pagerankX.cc:154] TrainLog: fid-54;0.009687;78067;141682;219749;1066503;107079;
I0624 20:11:35.927650 10088 pagerankX.cc:154] TrainLog: fid-42;0.009946;84202;107090;191292;1563104;107760;
I0624 20:11:36.105434  2604 pagerankX.cc:154] TrainLog: fid-15;0.010393;84222;117070;201292;1413131;143870;
I0624 20:11:35.930737 10084 pagerankX.cc:154] TrainLog: fid-10;0.013043;84232;150997;235229;1959471;182642;
I0624 20:11:35.894904  4897 pagerankX.cc:154] TrainLog: fid-1;0.01342;84228;185158;269386;1396748;197761;
I0624 20:11:36.117784 30867 pagerankX.cc:154] TrainLog: fid-29;0.013233;84206;174361;258567;1580062;217674;
I0624 20:11:35.984576 20569 pagerankX.cc:154] TrainLog: fid-19;0.015703;84212;155903;240115;2122591;209440;
I0624 20:11:35.987244 20570 pagerankX.cc:154] TrainLog: fid-27;0.018369;84218;193747;277965;2300002;335172;
I0624 20:11:35.938571 10089 pagerankX.cc:154] TrainLog: fid-50;0.001612;44761;17980;62741;140738;22341;
I0624 20:11:36.078734 11087 pagerankX.cc:154] TrainLog: fid-24;0.0028;74218;30016;104234;388307;30789;
I0624 20:11:35.939535 10087 pagerankX.cc:154] TrainLog: fid-34;0.002572;43513;40170;83683;240401;35315;
I0624 20:11:36.079233 11089 pagerankX.cc:154] TrainLog: fid-40;0.0033;64637;46682;111319;414539;39730;
I0624 20:11:36.127156 30865 pagerankX.cc:154] TrainLog: fid-13;0.003267;68278;32673;100951;393419;25924;
I0624 20:11:36.127174 30870 pagerankX.cc:154] TrainLog: fid-53;0.003267;35841;50712;86553;304089;38242;
I0624 20:11:36.079721 11086 pagerankX.cc:154] TrainLog: fid-16;0.003794;53384;64307;117691;392595;51307;
I0624 20:11:35.940560 10083 pagerankX.cc:154] TrainLog: fid-2;0.003596;69979;40833;110812;422723;31649;
I0624 20:11:36.127367 30869 pagerankX.cc:154] TrainLog: fid-45;0.003467;44749;55812;100561;360972;48124;
I0624 20:11:35.940709 10085 pagerankX.cc:154] TrainLog: fid-18;0.003747;84232;44109;128341;452219;38383;
I0624 20:11:36.133663 13480 pagerankX.cc:154] TrainLog: fid-6;0.003439;84178;32504;116682;413169;33868;
I0624 20:11:35.904889  4898 pagerankX.cc:154] TrainLog: fid-9;0.004051;76669;46183;122852;575334;31880;
I0624 20:11:36.133879 13482 pagerankX.cc:154] TrainLog: fid-22;0.003639;57648;49984;107632;404607;44745;
I0624 20:11:36.127178  4922 pagerankX.cc:154] TrainLog: fid-52;0.004009;84223;43351;127574;531617;37955;
I0624 20:11:36.127892 30868 pagerankX.cc:154] TrainLog: fid-37;0.003988;52649;45677;98326;490241;32973;
I0624 20:11:35.941218 10086 pagerankX.cc:154] TrainLog: fid-26;0.004257;84214;45118;129332;537092;46668;
I0624 20:11:36.118106  2603 pagerankX.cc:154] TrainLog: fid-7;0.003929;84223;38822;123045;513729;35811;
I0624 20:11:35.905210  4904 pagerankX.cc:154] TrainLog: fid-57;0.00434;84220;45516;129736;502410;37223;
I0624 20:11:36.118118  2610 pagerankX.cc:154] TrainLog: fid-63;0.003924;84227;27786;112013;618695;23490;
I0624 20:11:36.134115 13487 pagerankX.cc:154] TrainLog: fid-62;0.003873;84225;43574;127799;497253;38727;
I0624 20:11:36.118345  2605 pagerankX.cc:154] TrainLog: fid-23;0.004168;80147;46526;126673;562692;41853;
I0624 20:11:35.992278 20571 pagerankX.cc:154] TrainLog: fid-35;0.004221;84224;38995;123219;519041;36047;
I0624 20:11:36.080818 11091 pagerankX.cc:154] TrainLog: fid-56;0.004883;84214;65462;149676;715618;62256;
I0624 20:11:36.134511 13484 pagerankX.cc:154] TrainLog: fid-38;0.004306;84191;43668;127859;503551;33629;
I0624 20:11:35.992949 20568 pagerankX.cc:154] TrainLog: fid-11;0.004898;84209;49763;133972;603967;34784;
I0624 20:11:36.128367  4923 pagerankX.cc:154] TrainLog: fid-60;0.005152;84225;52407;136632;625507;56286;
I0624 20:11:36.129201 30871 pagerankX.cc:154] TrainLog: fid-61;0.005293;76057;60896;136953;610582;63159;
I0624 20:11:36.081825 11084 pagerankX.cc:154] TrainLog: fid-0;0.005899;84225;71443;155668;785132;89096;
I0624 20:11:36.129608 30864 pagerankX.cc:154] TrainLog: fid-5;0.005721;84216;63806;148022;729860;46547;
I0624 20:11:36.129073  4917 pagerankX.cc:154] TrainLog: fid-12;0.005878;84224;74677;158901;764938;69591;
I0624 20:11:36.082198 11090 pagerankX.cc:154] TrainLog: fid-48;0.006262;84200;95125;179325;936805;106898;
I0624 20:11:36.135814 13481 pagerankX.cc:154] TrainLog: fid-14;0.005588;84227;52214;136441;842109;48997;
I0624 20:11:36.135907 13483 pagerankX.cc:154] TrainLog: fid-30;0.00567;45973;96649;142622;673657;64548;
I0624 20:11:36.129375  4918 pagerankX.cc:154] TrainLog: fid-20;0.00617;83946;70759;154705;746281;56270;
I0624 20:11:35.943464 10090 pagerankX.cc:154] TrainLog: fid-58;0.006504;84228;62210;146438;925592;92293;
I0624 20:11:35.907446  4900 pagerankX.cc:154] TrainLog: fid-25;0.006629;84209;79914;164123;900372;99538;
I0624 20:11:36.130358 30866 pagerankX.cc:154] TrainLog: fid-21;0.006455;84215;59114;143329;881595;75494;
I0624 20:11:35.907696  4902 pagerankX.cc:154] TrainLog: fid-41;0.006846;84226;79146;163372;1001615;76071;
I0624 20:11:36.129967  4921 pagerankX.cc:154] TrainLog: fid-44;0.006764;84216;64837;149053;921325;64494;
I0624 20:11:36.083344 11085 pagerankX.cc:154] TrainLog: fid-8;0.007421;54520;153783;208303;828179;127385;
I0624 20:11:35.995095 20573 pagerankX.cc:154] TrainLog: fid-51;0.007067;84173;57027;141200;1008130;46972;
I0624 20:11:35.908362  4899 pagerankX.cc:154] TrainLog: fid-17;0.007508;82581;91642;174223;833694;98186;
I0624 20:11:36.121400  2606 pagerankX.cc:154] TrainLog: fid-31;0.007224;79043;74777;153820;1083119;60463;
I0624 20:11:36.121479  2607 pagerankX.cc:154] TrainLog: fid-39;0.007291;84209;80798;165007;1044831;85756;
I0624 20:11:36.131646  4919 pagerankX.cc:154] TrainLog: fid-28;0.008458;84200;106454;190654;1138857;96045;
I0624 20:11:35.909437  4903 pagerankX.cc:154] TrainLog: fid-49;0.008567;80634;109603;190237;1034819;104239;
I0624 20:11:36.138375 13485 pagerankX.cc:154] TrainLog: fid-46;0.008137;84224;94833;179057;1212840;97442;
I0624 20:11:35.996417 20567 pagerankX.cc:154] TrainLog: fid-3;0.008375;68069;139816;207885;822157;103030;
I0624 20:11:35.996600 20574 pagerankX.cc:154] TrainLog: fid-59;0.008571;49107;176971;226078;726698;98237;
I0624 20:11:35.996764 20572 pagerankX.cc:154] TrainLog: fid-43;0.00874;69759;138379;208138;971666;113791;
I0624 20:11:36.085387 11088 pagerankX.cc:154] TrainLog: fid-32;0.009459;84205;123055;207260;1181299;167751;
I0624 20:11:35.910161  4901 pagerankX.cc:154] TrainLog: fid-33;0.009305;84218;93584;177802;1168862;93824;
I0624 20:11:36.123253  2609 pagerankX.cc:154] TrainLog: fid-55;0.00907;84224;111883;196107;1107375;127558;
I0624 20:11:36.123410  2608 pagerankX.cc:154] TrainLog: fid-47;0.009235;82029;132537;214566;1139729;125990;
I0624 20:11:36.139525 13486 pagerankX.cc:154] TrainLog: fid-54;0.009305;78067;141682;219749;1066503;107079;
I0624 20:11:36.133024  4916 pagerankX.cc:154] TrainLog: fid-4;0.009835;84165;96871;181036;1264647;85563;
I0624 20:11:36.133024  4920 pagerankX.cc:154] TrainLog: fid-36;0.00986;84191;103630;187821;1247845;104446;
I0624 20:11:35.946882 10088 pagerankX.cc:154] TrainLog: fid-42;0.009921;84202;107090;191292;1563104;107760;
I0624 20:11:36.124524  2604 pagerankX.cc:154] TrainLog: fid-15;0.01038;84222;117070;201292;1413131;143870;
I0624 20:11:35.949980 10084 pagerankX.cc:154] TrainLog: fid-10;0.013037;84232;150997;235229;1959471;182642;
I0624 20:11:36.136904 30867 pagerankX.cc:154] TrainLog: fid-29;0.013007;84206;174361;258567;1580062;217674;
I0624 20:11:35.914271  4897 pagerankX.cc:154] TrainLog: fid-1;0.013418;84228;185158;269386;1396748;197761;
I0624 20:11:36.003787 20569 pagerankX.cc:154] TrainLog: fid-19;0.015768;84212;155903;240115;2122591;209440;
I0624 20:11:36.005723 20570 pagerankX.cc:154] TrainLog: fid-27;0.017703;84218;193747;277965;2300002;335172;
I0624 20:11:35.957525 10089 pagerankX.cc:154] TrainLog: fid-50;0.001623;44761;17980;62741;140738;22341;
I0624 20:11:35.958449 10087 pagerankX.cc:154] TrainLog: fid-34;0.002559;43513;40170;83683;240401;35315;
I0624 20:11:36.097779 11087 pagerankX.cc:154] TrainLog: fid-24;0.002799;74218;30016;104234;388307;30789;
I0624 20:11:36.098297 11089 pagerankX.cc:154] TrainLog: fid-40;0.003319;64637;46682;111319;414539;39730;
I0624 20:11:36.146003 30865 pagerankX.cc:154] TrainLog: fid-13;0.003188;68278;32673;100951;393419;25924;
I0624 20:11:36.146086 30870 pagerankX.cc:154] TrainLog: fid-53;0.003251;35841;50712;86553;304089;38242;
I0624 20:11:36.146180 30869 pagerankX.cc:154] TrainLog: fid-45;0.003351;44749;55812;100561;360972;48124;
I0624 20:11:35.959447 10083 pagerankX.cc:154] TrainLog: fid-2;0.003559;69979;40833;110812;422723;31649;
I0624 20:11:36.098731 11086 pagerankX.cc:154] TrainLog: fid-16;0.003814;53384;64307;117691;392595;51307;
I0624 20:11:35.959635 10085 pagerankX.cc:154] TrainLog: fid-18;0.003745;84232;44109;128341;452219;38383;
I0624 20:11:36.152549 13480 pagerankX.cc:154] TrainLog: fid-6;0.003425;84178;32504;116682;413169;33868;
I0624 20:11:35.923799  4898 pagerankX.cc:154] TrainLog: fid-9;0.004042;76669;46183;122852;575334;31880;
I0624 20:11:36.152783 13482 pagerankX.cc:154] TrainLog: fid-22;0.003643;57648;49984;107632;404607;44745;
I0624 20:11:36.146741 30868 pagerankX.cc:154] TrainLog: fid-37;0.003909;52649;45677;98326;490241;32973;
I0624 20:11:36.146149  4922 pagerankX.cc:154] TrainLog: fid-52;0.004006;84223;43351;127574;531617;37955;
I0624 20:11:35.960134 10086 pagerankX.cc:154] TrainLog: fid-26;0.004245;84214;45118;129332;537092;46668;
I0624 20:11:36.153019 13487 pagerankX.cc:154] TrainLog: fid-62;0.003878;84225;43574;127799;497253;38727;
I0624 20:11:35.924132  4904 pagerankX.cc:154] TrainLog: fid-57;0.004341;84220;45516;129736;502410;37223;
I0624 20:11:36.153353 13484 pagerankX.cc:154] TrainLog: fid-38;0.00424;84191;43668;127859;503551;33629;
I0624 20:11:36.137408  2603 pagerankX.cc:154] TrainLog: fid-7;0.003923;84223;38822;123045;513729;35811;
I0624 20:11:36.137419  2610 pagerankX.cc:154] TrainLog: fid-63;0.003917;84227;27786;112013;618695;23490;
I0624 20:11:36.099853 11091 pagerankX.cc:154] TrainLog: fid-56;0.004872;84214;65462;149676;715618;62256;
I0624 20:11:36.137655  2605 pagerankX.cc:154] TrainLog: fid-23;0.004169;80147;46526;126673;562692;41853;
I0624 20:11:36.011832 20571 pagerankX.cc:154] TrainLog: fid-35;0.004217;84224;38995;123219;519041;36047;
I0624 20:11:36.147284  4923 pagerankX.cc:154] TrainLog: fid-60;0.005106;84225;52407;136632;625507;56286;
I0624 20:11:36.148012 30871 pagerankX.cc:154] TrainLog: fid-61;0.005179;76057;60896;136953;610582;63159;
I0624 20:11:36.100826 11084 pagerankX.cc:154] TrainLog: fid-0;0.00591;84225;71443;155668;785132;89096;
I0624 20:11:36.012445 20568 pagerankX.cc:154] TrainLog: fid-11;0.004844;84209;49763;133972;603967;34784;
I0624 20:11:36.148439 30864 pagerankX.cc:154] TrainLog: fid-5;0.005622;84216;63806;148022;729860;46547;
I0624 20:11:36.154525 13481 pagerankX.cc:154] TrainLog: fid-14;0.005393;84227;52214;136441;842109;48997;
I0624 20:11:36.154611 13483 pagerankX.cc:154] TrainLog: fid-30;0.005482;45973;96649;142622;673657;64548;
I0624 20:11:36.148018  4917 pagerankX.cc:154] TrainLog: fid-12;0.005855;84224;74677;158901;764938;69591;
I0624 20:11:36.101200 11090 pagerankX.cc:154] TrainLog: fid-48;0.00622;84200;95125;179325;936805;106898;
I0624 20:11:36.148962 30866 pagerankX.cc:154] TrainLog: fid-21;0.006144;84215;59114;143329;881595;75494;
I0624 20:11:36.148360  4918 pagerankX.cc:154] TrainLog: fid-20;0.00618;83946;70759;154705;746281;56270;
I0624 20:11:35.962390 10090 pagerankX.cc:154] TrainLog: fid-58;0.006501;84228;62210;146438;925592;92293;
I0624 20:11:35.926350  4900 pagerankX.cc:154] TrainLog: fid-25;0.006614;84209;79914;164123;900372;99538;
I0624 20:11:35.926620  4902 pagerankX.cc:154] TrainLog: fid-41;0.006851;84226;79146;163372;1001615;76071;
I0624 20:11:36.148936  4921 pagerankX.cc:154] TrainLog: fid-44;0.006759;84216;64837;149053;921325;64494;
I0624 20:11:36.102399 11085 pagerankX.cc:154] TrainLog: fid-8;0.00742;54520;153783;208303;828179;127385;
I0624 20:11:35.927273  4899 pagerankX.cc:154] TrainLog: fid-17;0.007498;82581;91642;174223;833694;98186;
I0624 20:11:36.140691  2606 pagerankX.cc:154] TrainLog: fid-31;0.007205;79043;74777;153820;1083119;60463;
I0624 20:11:36.140712  2607 pagerankX.cc:154] TrainLog: fid-39;0.007224;84209;80798;165007;1044831;85756;
I0624 20:11:36.156940 13485 pagerankX.cc:154] TrainLog: fid-46;0.007799;84224;94833;179057;1212840;97442;
I0624 20:11:35.928366  4903 pagerankX.cc:154] TrainLog: fid-49;0.008589;80634;109603;190237;1034819;104239;
I0624 20:11:36.150609  4919 pagerankX.cc:154] TrainLog: fid-28;0.008445;84200;106454;190654;1138857;96045;
I0624 20:11:36.015720 20573 pagerankX.cc:154] TrainLog: fid-51;0.008098;84173;57027;141200;1008130;46972;
I0624 20:11:36.015821 20567 pagerankX.cc:154] TrainLog: fid-3;0.00822;68069;139816;207885;822157;103030;
I0624 20:11:35.929078  4901 pagerankX.cc:154] TrainLog: fid-33;0.009302;84218;93584;177802;1168862;93824;
I0624 20:11:36.104373 11088 pagerankX.cc:154] TrainLog: fid-32;0.009454;84205;123055;207260;1181299;167751;
I0624 20:11:36.016192 20574 pagerankX.cc:154] TrainLog: fid-59;0.008579;49107;176971;226078;726698;98237;
I0624 20:11:36.016315 20572 pagerankX.cc:154] TrainLog: fid-43;0.008702;69759;138379;208138;971666;113791;
I0624 20:11:36.158367 13486 pagerankX.cc:154] TrainLog: fid-54;0.009254;78067;141682;219749;1066503;107079;
I0624 20:11:36.142591  2609 pagerankX.cc:154] TrainLog: fid-55;0.009104;84224;111883;196107;1107375;127558;
I0624 20:11:36.151921  4920 pagerankX.cc:154] TrainLog: fid-36;0.009782;84191;103630;187821;1247845;104446;
I0624 20:11:36.151953  4916 pagerankX.cc:154] TrainLog: fid-4;0.009789;84165;96871;181036;1264647;85563;
I0624 20:11:36.142711  2608 pagerankX.cc:154] TrainLog: fid-47;0.009227;82029;132537;214566;1139729;125990;
I0624 20:11:35.965802 10088 pagerankX.cc:154] TrainLog: fid-42;0.009915;84202;107090;191292;1563104;107760;
I0624 20:11:36.143766  2604 pagerankX.cc:154] TrainLog: fid-15;0.010299;84222;117070;201292;1413131;143870;
I0624 20:11:36.153865 30867 pagerankX.cc:154] TrainLog: fid-29;0.011047;84206;174361;258567;1580062;217674;
I0624 20:11:35.968912 10084 pagerankX.cc:154] TrainLog: fid-10;0.013038;84232;150997;235229;1959471;182642;
I0624 20:11:35.933192  4897 pagerankX.cc:154] TrainLog: fid-1;0.013418;84228;185158;269386;1396748;197761;
I0624 20:11:36.023303 20569 pagerankX.cc:154] TrainLog: fid-19;0.015702;84212;155903;240115;2122591;209440;
I0624 20:11:36.024672 20570 pagerankX.cc:154] TrainLog: fid-27;0.017097;84218;193747;277965;2300002;335172;
I0624 20:11:35.976178 10089 pagerankX.cc:154] TrainLog: fid-50;0.001597;44761;17980;62741;140738;22341;
I0624 20:11:35.977138 10087 pagerankX.cc:154] TrainLog: fid-34;0.002552;43513;40170;83683;240401;35315;
I0624 20:11:36.116433 11087 pagerankX.cc:154] TrainLog: fid-24;0.002808;74218;30016;104234;388307;30789;
I0624 20:11:36.164328 30865 pagerankX.cc:154] TrainLog: fid-13;0.00276;68278;32673;100951;393419;25924;
I0624 20:11:36.164515 30869 pagerankX.cc:154] TrainLog: fid-45;0.002947;44749;55812;100561;360972;48124;
I0624 20:11:36.116920 11089 pagerankX.cc:154] TrainLog: fid-40;0.003297;64637;46682;111319;414539;39730;
I0624 20:11:36.164742 30870 pagerankX.cc:154] TrainLog: fid-53;0.003232;35841;50712;86553;304089;38242;
I0624 20:11:35.978143 10083 pagerankX.cc:154] TrainLog: fid-2;0.00356;69979;40833;110812;422723;31649;
I0624 20:11:36.117388 11086 pagerankX.cc:154] TrainLog: fid-16;0.003812;53384;64307;117691;392595;51307;
I0624 20:11:35.978320 10085 pagerankX.cc:154] TrainLog: fid-18;0.003736;84232;44109;128341;452219;38383;
I0624 20:11:36.171119 13480 pagerankX.cc:154] TrainLog: fid-6;0.003403;84178;32504;116682;413169;33868;
I0624 20:11:36.171339 13482 pagerankX.cc:154] TrainLog: fid-22;0.003622;57648;49984;107632;404607;44745;
I0624 20:11:35.942487  4898 pagerankX.cc:154] TrainLog: fid-9;0.00405;76669;46183;122852;575334;31880;
I0624 20:11:36.165393 30868 pagerankX.cc:154] TrainLog: fid-37;0.003887;52649;45677;98326;490241;32973;
I0624 20:11:36.164819  4922 pagerankX.cc:154] TrainLog: fid-52;0.003996;84223;43351;127574;531617;37955;
I0624 20:11:36.171592 13487 pagerankX.cc:154] TrainLog: fid-62;0.003863;84225;43574;127799;497253;38727;
I0624 20:11:35.978807 10086 pagerankX.cc:154] TrainLog: fid-26;0.004239;84214;45118;129332;537092;46668;
I0624 20:11:35.942833  4904 pagerankX.cc:154] TrainLog: fid-57;0.004367;84220;45516;129736;502410;37223;
I0624 20:11:36.155764  2610 pagerankX.cc:154] TrainLog: fid-63;0.003913;84227;27786;112013;618695;23490;
I0624 20:11:36.155778  2603 pagerankX.cc:154] TrainLog: fid-7;0.003937;84223;38822;123045;513729;35811;
I0624 20:11:36.156013  2605 pagerankX.cc:154] TrainLog: fid-23;0.004171;80147;46526;126673;562692;41853;
I0624 20:11:36.171944 13484 pagerankX.cc:154] TrainLog: fid-38;0.004248;84191;43668;127859;503551;33629;
I0624 20:11:36.118522 11091 pagerankX.cc:154] TrainLog: fid-56;0.004896;84214;65462;149676;715618;62256;
I0624 20:11:36.030236 20571 pagerankX.cc:154] TrainLog: fid-35;0.004234;84224;38995;123219;519041;36047;
I0624 20:11:36.165961  4923 pagerankX.cc:154] TrainLog: fid-60;0.005123;84225;52407;136632;625507;56286;
I0624 20:11:36.172668 13481 pagerankX.cc:154] TrainLog: fid-14;0.004957;84227;52214;136441;842109;48997;
I0624 20:11:36.166690 30871 pagerankX.cc:154] TrainLog: fid-61;0.005168;76057;60896;136953;610582;63159;
I0624 20:11:36.172822 13483 pagerankX.cc:154] TrainLog: fid-30;0.0051;45973;96649;142622;673657;64548;
I0624 20:11:36.030809 20568 pagerankX.cc:154] TrainLog: fid-11;0.004827;84209;49763;133972;603967;34784;
I0624 20:11:36.119500 11084 pagerankX.cc:154] TrainLog: fid-0;0.005925;84225;71443;155668;785132;89096;
I0624 20:11:36.167115 30864 pagerankX.cc:154] TrainLog: fid-5;0.005617;84216;63806;148022;729860;46547;
I0624 20:11:36.166667  4917 pagerankX.cc:154] TrainLog: fid-12;0.005861;84224;74677;158901;764938;69591;
I0624 20:11:36.119845 11090 pagerankX.cc:154] TrainLog: fid-48;0.00622;84200;95125;179325;936805;106898;
I0624 20:11:36.166965  4918 pagerankX.cc:154] TrainLog: fid-20;0.006143;83946;70759;154705;746281;56270;
I0624 20:11:36.167575 30866 pagerankX.cc:154] TrainLog: fid-21;0.006068;84215;59114;143329;881595;75494;
I0624 20:11:35.981066 10090 pagerankX.cc:154] TrainLog: fid-58;0.006485;84228;62210;146438;925592;92293;
I0624 20:11:35.945066  4900 pagerankX.cc:154] TrainLog: fid-25;0.006654;84209;79914;164123;900372;99538;
I0624 20:11:35.945323  4902 pagerankX.cc:154] TrainLog: fid-41;0.006876;84226;79146;163372;1001615;76071;
I0624 20:11:36.167591  4921 pagerankX.cc:154] TrainLog: fid-44;0.00677;84216;64837;149053;921325;64494;
