I0624 20:11:36.385915 20569 pagerankX.cc:154] TrainLog: fid-19;0.010518;84212;155903;240115;2122591;176410;
I0624 20:11:36.299640  4897 pagerankX.cc:154] TrainLog: fid-1;0.011427;84228;185158;269386;1396748;180121;
I0624 20:11:36.389698 20570 pagerankX.cc:154] TrainLog: fid-27;0.014299;84218;193747;277965;2300002;292150;
I0624 20:11:36.340116 10089 pagerankX.cc:148] fid: 50	update_sum0.436959
I0624 20:11:36.340143 10089 pagerankX.cc:154] TrainLog: fid-50;0.000814;44761;17980;62741;140738;5101;
I0624 20:11:36.340584 10087 pagerankX.cc:148] fid: 34	update_sum5.16116
I0624 20:11:36.340608 10087 pagerankX.cc:154] TrainLog: fid-34;0.001275;43513;40170;83683;240401;27160;
I0624 20:11:36.480131 11086 pagerankX.cc:148] fid: 16	update_sum9.70219
I0624 20:11:36.480155 11086 pagerankX.cc:154] TrainLog: fid-16;0.001786;53384;64307;117691;392595;32011;
I0624 20:11:36.527782 30870 pagerankX.cc:148] fid: 53	update_sum6.66822
I0624 20:11:36.527810 30870 pagerankX.cc:154] TrainLog: fid-53;0.001511;35841;50712;86553;304089;29141;
I0624 20:11:36.480352 11087 pagerankX.cc:148] fid: 24	update_sum0.924128
I0624 20:11:36.480384 11087 pagerankX.cc:154] TrainLog: fid-24;0.002018;74218;30016;104234;388307;8249;
I0624 20:11:36.480536 11089 pagerankX.cc:148] fid: 40	update_sum6.4571
I0624 20:11:36.480562 11089 pagerankX.cc:154] TrainLog: fid-40;0.002176;64637;46682;111319;414539;21132;
I0624 20:11:36.341351 10083 pagerankX.cc:148] fid: 2	update_sum7.1383
I0624 20:11:36.341375 10083 pagerankX.cc:154] TrainLog: fid-2;0.002043;69979;40833;110812;422723;17394;
I0624 20:11:36.341482 10085 pagerankX.cc:148] fid: 18	update_sum0.536979
I0624 20:11:36.341507 10085 pagerankX.cc:154] TrainLog: fid-18;0.002175;84232;44109;128341;452219;12754;
I0624 20:11:36.528285 30865 pagerankX.cc:148] fid: 13	update_sum4.84465
I0624 20:11:36.534353 13482 pagerankX.cc:148] fid: 22	update_sum8.12152
I0624 20:11:36.534381 13482 pagerankX.cc:154] TrainLog: fid-22;0.001954;57648;49984;107632;404607;33125;
I0624 20:11:36.534426 13480 pagerankX.cc:148] fid: 6	update_sum2.9038
I0624 20:11:36.528313 30865 pagerankX.cc:154] TrainLog: fid-13;0.001959;68278;32673;100951;393419;18881;
I0624 20:11:36.534453 13480 pagerankX.cc:154] TrainLog: fid-6;0.002027;84178;32504;116682;413169;14018;
I0624 20:11:36.305635  4898 pagerankX.cc:148] fid: 9	update_sum7.66891
I0624 20:11:36.305689  4898 pagerankX.cc:154] TrainLog: fid-9;0.002456;76669;46183;122852;575334;19748;
I0624 20:11:36.528481 30868 pagerankX.cc:148] fid: 37	update_sum8.12349
I0624 20:11:36.528522 30868 pagerankX.cc:154] TrainLog: fid-37;0.00221;52649;45677;98326;490241;26581;
I0624 20:11:36.534658 13487 pagerankX.cc:148] fid: 62	update_sum0.621513
I0624 20:11:36.527930  4922 pagerankX.cc:148] fid: 52	update_sum1.62563
I0624 20:11:36.527973  4922 pagerankX.cc:154] TrainLog: fid-52;0.002385;84223;43351;127574;531617;13430;
I0624 20:11:36.518689  2603 pagerankX.cc:148] fid: 7	update_sum5.91546
I0624 20:11:36.518714  2603 pagerankX.cc:154] TrainLog: fid-7;0.002156;84223;38822;123045;513729;16367;
I0624 20:11:36.305822  4904 pagerankX.cc:148] fid: 57	update_sum4.35271
I0624 20:11:36.305852  4904 pagerankX.cc:154] TrainLog: fid-57;0.002617;84220;45516;129736;502410;17844;
I0624 20:11:36.341873 10086 pagerankX.cc:148] fid: 26	update_sum5.85805
I0624 20:11:36.341900 10086 pagerankX.cc:154] TrainLog: fid-26;0.002576;84214;45118;129332;537092;25531;
I0624 20:11:36.518831  2605 pagerankX.cc:148] fid: 23	update_sum8.61212
I0624 20:11:36.534683 13487 pagerankX.cc:154] TrainLog: fid-62;0.002247;84225;43574;127799;497253;9172;
I0624 20:11:36.518854  2605 pagerankX.cc:154] TrainLog: fid-23;0.002296;80147;46526;126673;562692;23345;
I0624 20:11:36.392973 20571 pagerankX.cc:148] fid: 35	update_sum3.51868
I0624 20:11:36.393015 20571 pagerankX.cc:154] TrainLog: fid-35;0.002551;84224;38995;123219;519041;13973;
I0624 20:11:36.534963 13484 pagerankX.cc:148] fid: 38	update_sum6.006
I0624 20:11:36.534994 13484 pagerankX.cc:154] TrainLog: fid-38;0.002608;84191;43668;127859;503551;18408;
I0624 20:11:36.519238  2610 pagerankX.cc:148] fid: 63	update_sum4.08487
I0624 20:11:36.519273  2610 pagerankX.cc:154] TrainLog: fid-63;0.002706;84227;27786;112013;618695;12624;
I0624 20:11:36.529165 30869 pagerankX.cc:154] TrainLog: fid-45;0.002807;44749;55812;100561;360972;32336;
I0624 20:11:36.535233 13483 pagerankX.cc:148] fid: 30	update_sum8.19319
I0624 20:11:36.535274 13483 pagerankX.cc:154] TrainLog: fid-30;0.002775;45973;96649;142622;673657;47579;
I0624 20:11:36.481739 11091 pagerankX.cc:148] fid: 56	update_sum9.92703
I0624 20:11:36.481765 11091 pagerankX.cc:154] TrainLog: fid-56;0.003376;84214;65462;149676;715618;36120;
I0624 20:11:36.528820  4923 pagerankX.cc:148] fid: 60	update_sum12.9937
I0624 20:11:36.528852  4923 pagerankX.cc:154] TrainLog: fid-60;0.003229;84225;52407;136632;625507;30880;
I0624 20:11:36.529423 30864 pagerankX.cc:148] fid: 5	update_sum1.44861
I0624 20:11:36.529448 30864 pagerankX.cc:154] TrainLog: fid-5;0.003152;84216;63806;148022;729860;14712;
I0624 20:11:36.393554 20568 pagerankX.cc:148] fid: 11	update_sum2.11375
I0624 20:11:36.393594 20568 pagerankX.cc:154] TrainLog: fid-11;0.003143;84209;49763;133972;603967;17103;
I0624 20:11:36.535917 13481 pagerankX.cc:148] fid: 14	update_sum12.7826
I0624 20:11:36.535941 13481 pagerankX.cc:154] TrainLog: fid-14;0.003458;84227;52214;136441;842109;38794;
I0624 20:11:36.529443  4918 pagerankX.cc:148] fid: 20	update_sum10.577
I0624 20:11:36.529469  4918 pagerankX.cc:154] TrainLog: fid-20;0.003859;83946;70759;154705;746281;33987;
I0624 20:11:36.307350  4902 pagerankX.cc:148] fid: 41	update_sum9.27287
I0624 20:11:36.307379  4902 pagerankX.cc:154] TrainLog: fid-41;0.004144;84226;79146;163372;1001615;41881;
I0624 20:11:36.482877 11084 pagerankX.cc:154] TrainLog: fid-0;0.004505;84225;71443;155668;785132;56462;
I0624 20:11:36.530541 30871 pagerankX.cc:154] TrainLog: fid-61;0.004227;76057;60896;136953;610582;35845;
I0624 20:11:36.530091  4921 pagerankX.cc:148] fid: 44	update_sum12.44
I0624 20:11:36.530115  4921 pagerankX.cc:154] TrainLog: fid-44;0.004491;84216;64837;149053;921325;42562;
I0624 20:11:36.530270  4917 pagerankX.cc:154] TrainLog: fid-12;0.004596;84224;74677;158901;764938;40246;
I0624 20:11:36.530388  4919 pagerankX.cc:148] fid: 28	update_sum17.3415
I0624 20:11:36.530418  4919 pagerankX.cc:154] TrainLog: fid-28;0.004746;84200;106454;190654;1138857;68600;
I0624 20:11:36.521193  2606 pagerankX.cc:148] fid: 31	update_sum11.0241
I0624 20:11:36.521220  2606 pagerankX.cc:154] TrainLog: fid-31;0.004655;79043;74777;153820;1083119;44169;
I0624 20:11:36.537189 13486 pagerankX.cc:148] fid: 54	update_sum10.2246
I0624 20:11:36.537215 13486 pagerankX.cc:154] TrainLog: fid-54;0.00478;78067;141682;219749;1066503;74609;
I0624 20:11:36.395182 20573 pagerankX.cc:148] fid: 51	update_sum11.4463
I0624 20:11:36.395210 20573 pagerankX.cc:154] TrainLog: fid-51;0.004759;84173;57027;141200;1008130;38057;
I0624 20:11:36.395318 20572 pagerankX.cc:148] fid: 43	update_sum17.4736
I0624 20:11:36.395349 20572 pagerankX.cc:154] TrainLog: fid-43;0.004894;69759;138379;208138;971666;82277;
I0624 20:11:36.344583 10090 pagerankX.cc:154] TrainLog: fid-58;0.005254;84228;62210;146438;925592;68578;
I0624 20:11:36.531385 30866 pagerankX.cc:154] TrainLog: fid-21;0.005086;84215;59114;143329;881595;47756;
I0624 20:11:36.308604  4900 pagerankX.cc:154] TrainLog: fid-25;0.005369;84209;79914;164123;900372;83009;
I0624 20:11:36.484263 11090 pagerankX.cc:154] TrainLog: fid-48;0.005875;84200;95125;179325;936805;70791;
I0624 20:11:36.522193  2607 pagerankX.cc:154] TrainLog: fid-39;0.005627;84209;80798;165007;1044831;57945;
I0624 20:11:36.345490 10088 pagerankX.cc:148] fid: 42	update_sum17.7795
I0624 20:11:36.345517 10088 pagerankX.cc:154] TrainLog: fid-42;0.006187;84202;107090;191292;1563104;79258;
I0624 20:11:36.309468  4899 pagerankX.cc:154] TrainLog: fid-17;0.00623;82581;91642;174223;833694;62466;
I0624 20:11:36.531869  4916 pagerankX.cc:148] fid: 4	update_sum16.6819
I0624 20:11:36.531898  4916 pagerankX.cc:154] TrainLog: fid-4;0.006288;84165;96871;181036;1264647;59770;
I0624 20:11:36.522641  2604 pagerankX.cc:148] fid: 15	update_sum6.14393
I0624 20:11:36.522662  2604 pagerankX.cc:154] TrainLog: fid-15;0.006143;84222;117070;201292;1413131;77097;
I0624 20:11:36.538771 13485 pagerankX.cc:154] TrainLog: fid-46;0.006283;84224;94833;179057;1212840;74266;
I0624 20:11:36.485308 11085 pagerankX.cc:154] TrainLog: fid-8;0.006939;54520;153783;208303;828179;92916;
I0624 20:11:36.397133 20567 pagerankX.cc:154] TrainLog: fid-3;0.006682;68069;139816;207885;822157;71995;
I0624 20:11:36.485532 11088 pagerankX.cc:154] TrainLog: fid-32;0.00716;84205;123055;207260;1181299;117055;
I0624 20:11:36.310513  4903 pagerankX.cc:154] TrainLog: fid-49;0.007272;80634;109603;190237;1034819;83452;
I0624 20:11:36.523622  2609 pagerankX.cc:154] TrainLog: fid-55;0.007052;84224;111883;196107;1107375;93110;
I0624 20:11:36.397575 20574 pagerankX.cc:154] TrainLog: fid-59;0.007117;49107;176971;226078;726698;74751;
I0624 20:11:36.311141  4901 pagerankX.cc:154] TrainLog: fid-33;0.007903;84218;93584;177802;1168862;69346;
I0624 20:11:36.347198 10084 pagerankX.cc:148] fid: 10	update_sum10.7207
I0624 20:11:36.347244 10084 pagerankX.cc:154] TrainLog: fid-10;0.007917;84232;150997;235229;1959471;100379;
I0624 20:11:36.524114  2608 pagerankX.cc:154] TrainLog: fid-47;0.007546;82029;132537;214566;1139729;97894;
I0624 20:11:36.533982  4920 pagerankX.cc:154] TrainLog: fid-36;0.008371;84191;103630;187821;1247845;89543;
I0624 20:11:36.535814 30867 pagerankX.cc:154] TrainLog: fid-29;0.009457;84206;174361;258567;1580062;151999;
I0624 20:11:36.400233 20569 pagerankX.cc:148] fid: 19	update_sum12.2007
I0624 20:11:36.400259 20569 pagerankX.cc:154] TrainLog: fid-19;0.009809;84212;155903;240115;2122591;120973;
I0624 20:11:36.401082 20570 pagerankX.cc:148] fid: 27	update_sum27.3644
I0624 20:11:36.401103 20570 pagerankX.cc:154] TrainLog: fid-27;0.010664;84218;193747;277965;2300002;226925;
I0624 20:11:36.314359  4897 pagerankX.cc:154] TrainLog: fid-1;0.011123;84228;185158;269386;1396748;147069;
I0624 20:11:36.351565 10089 pagerankX.cc:148] fid: 50	update_sum0.26472
I0624 20:11:36.351593 10089 pagerankX.cc:154] TrainLog: fid-50;0.000794;44761;17980;62741;140738;4054;
I0624 20:11:36.351970 10087 pagerankX.cc:148] fid: 34	update_sum3.14931
I0624 20:11:36.351994 10087 pagerankX.cc:154] TrainLog: fid-34;0.001222;43513;40170;83683;240401;22347;
I0624 20:11:36.491616 11086 pagerankX.cc:148] fid: 16	update_sum5.91984
I0624 20:11:36.491652 11086 pagerankX.cc:154] TrainLog: fid-16;0.001727;53384;64307;117691;392595;23562;
I0624 20:11:36.539309 30870 pagerankX.cc:148] fid: 53	update_sum4.10657
I0624 20:11:36.539336 30870 pagerankX.cc:154] TrainLog: fid-53;0.001451;35841;50712;86553;304089;20513;
I0624 20:11:36.491855 11087 pagerankX.cc:148] fid: 24	update_sum0.518421
I0624 20:11:36.491888 11087 pagerankX.cc:154] TrainLog: fid-24;0.001969;74218;30016;104234;388307;5502;
I0624 20:11:36.352723 10083 pagerankX.cc:148] fid: 2	update_sum4.55043
I0624 20:11:36.352747 10083 pagerankX.cc:154] TrainLog: fid-2;0.001977;69979;40833;110812;422723;12180;
I0624 20:11:36.539522 30869 pagerankX.cc:148] fid: 45	update_sum8.65206
I0624 20:11:36.492000 11089 pagerankX.cc:148] fid: 40	update_sum4.12999
I0624 20:11:36.352880 10085 pagerankX.cc:148] fid: 18	update_sum0.328973
I0624 20:11:36.539549 30869 pagerankX.cc:154] TrainLog: fid-45;0.001608;44749;55812;100561;360972;25753;
I0624 20:11:36.492028 11089 pagerankX.cc:154] TrainLog: fid-40;0.00211;64637;46682;111319;414539;16514;
I0624 20:11:36.352905 10085 pagerankX.cc:154] TrainLog: fid-18;0.002134;84232;44109;128341;452219;9767;
I0624 20:11:36.539772 30865 pagerankX.cc:148] fid: 13	update_sum2.8149
I0624 20:11:36.539798 30865 pagerankX.cc:154] TrainLog: fid-13;0.001858;68278;32673;100951;393419;11227;
I0624 20:11:36.545907 13482 pagerankX.cc:148] fid: 22	update_sum5.46129
I0624 20:11:36.545935 13482 pagerankX.cc:154] TrainLog: fid-22;0.001912;57648;49984;107632;404607;29580;
I0624 20:11:36.353132 10086 pagerankX.cc:148] fid: 26	update_sum2.89726
I0624 20:11:36.353160 10086 pagerankX.cc:154] TrainLog: fid-26;0.002388;84214;45118;129332;537092;12268;
I0624 20:11:36.545964 13480 pagerankX.cc:148] fid: 6	update_sum1.71971
I0624 20:11:36.545985 13480 pagerankX.cc:154] TrainLog: fid-6;0.001971;84178;32504;116682;413169;8618;
I0624 20:11:36.539968 30868 pagerankX.cc:148] fid: 37	update_sum4.12268
I0624 20:11:36.539993 30868 pagerankX.cc:154] TrainLog: fid-37;0.00213;52649;45677;98326;490241;12770;
I0624 20:11:36.539466  4922 pagerankX.cc:148] fid: 52	update_sum0.940519
I0624 20:11:36.539487  4922 pagerankX.cc:154] TrainLog: fid-52;0.002261;84223;43351;127574;531617;8198;
I0624 20:11:36.546212 13487 pagerankX.cc:148] fid: 62	update_sum0.400778
I0624 20:11:36.530266  2603 pagerankX.cc:148] fid: 7	update_sum3.56469
I0624 20:11:36.530303  2603 pagerankX.cc:154] TrainLog: fid-7;0.00212;84223;38822;123045;513729;11752;
I0624 20:11:36.546238 13487 pagerankX.cc:154] TrainLog: fid-62;0.002212;84225;43574;127799;497253;7687;
I0624 20:11:36.530403  2605 pagerankX.cc:148] fid: 23	update_sum5.22008
I0624 20:11:36.530427  2605 pagerankX.cc:154] TrainLog: fid-23;0.002256;80147;46526;126673;562692;18146;
I0624 20:11:36.404371 20571 pagerankX.cc:148] fid: 35	update_sum2.20671
I0624 20:11:36.404412 20571 pagerankX.cc:154] TrainLog: fid-35;0.002512;84224;38995;123219;519041;10527;
I0624 20:11:36.546473 13484 pagerankX.cc:148] fid: 38	update_sum3.77257
I0624 20:11:36.546490 13484 pagerankX.cc:154] TrainLog: fid-38;0.002515;84191;43668;127859;503551;14164;
I0624 20:11:36.317617  4898 pagerankX.cc:148] fid: 9	update_sum4.91262
I0624 20:11:36.317662  4898 pagerankX.cc:154] TrainLog: fid-9;0.002418;76669;46183;122852;575334;14785;
I0624 20:11:36.317759  4904 pagerankX.cc:148] fid: 57	update_sum2.62824
I0624 20:11:36.317790  4904 pagerankX.cc:154] TrainLog: fid-57;0.002591;84220;45516;129736;502410;13099;
I0624 20:11:36.546669 13483 pagerankX.cc:148] fid: 30	update_sum4.4337
I0624 20:11:36.546711 13483 pagerankX.cc:154] TrainLog: fid-30;0.002623;45973;96649;142622;673657;28039;
I0624 20:11:36.540653 30871 pagerankX.cc:148] fid: 61	update_sum9.76246
I0624 20:11:36.540678 30871 pagerankX.cc:154] TrainLog: fid-61;0.002766;76057;60896;136953;610582;25103;
I0624 20:11:36.530812  2610 pagerankX.cc:148] fid: 63	update_sum2.42547
I0624 20:11:36.530846  2610 pagerankX.cc:154] TrainLog: fid-63;0.002662;84227;27786;112013;618695;9389;
I0624 20:11:36.493187 11091 pagerankX.cc:148] fid: 56	update_sum5.95617
I0624 20:11:36.493211 11091 pagerankX.cc:154] TrainLog: fid-56;0.003291;84214;65462;149676;715618;25179;
I0624 20:11:36.404824 20568 pagerankX.cc:148] fid: 11	update_sum1.12207
I0624 20:11:36.404855 20568 pagerankX.cc:154] TrainLog: fid-11;0.002971;84209;49763;133972;603967;9627;
I0624 20:11:36.540347  4923 pagerankX.cc:148] fid: 60	update_sum8.60362
I0624 20:11:36.540380  4923 pagerankX.cc:154] TrainLog: fid-60;0.003092;84225;52407;136632;625507;23652;
I0624 20:11:36.540434  4917 pagerankX.cc:148] fid: 12	update_sum11.347
I0624 20:11:36.540462  4917 pagerankX.cc:154] TrainLog: fid-12;0.003155;84224;74677;158901;764938;28406;
I0624 20:11:36.540976 30864 pagerankX.cc:148] fid: 5	update_sum0.851432
I0624 20:11:36.540998 30864 pagerankX.cc:154] TrainLog: fid-5;0.003127;84216;63806;148022;729860;11414;
I0624 20:11:36.405318 20574 pagerankX.cc:148] fid: 59	update_sum13.0556
I0624 20:11:36.405342 20574 pagerankX.cc:154] TrainLog: fid-59;0.003451;49107;176971;226078;726698;49673;
I0624 20:11:36.493691 11085 pagerankX.cc:148] fid: 8	update_sum11.9843
I0624 20:11:36.493716 11085 pagerankX.cc:154] TrainLog: fid-8;0.003813;54520;153783;208303;828179;61147;
I0624 20:11:36.547359 13481 pagerankX.cc:148] fid: 14	update_sum6.69835
I0624 20:11:36.547395 13481 pagerankX.cc:154] TrainLog: fid-14;0.00331;84227;52214;136441;842109;15591;
I0624 20:11:36.541460 30866 pagerankX.cc:148] fid: 21	update_sum9.8684
I0624 20:11:36.541484 30866 pagerankX.cc:154] TrainLog: fid-21;0.003612;84215;59114;143329;881595;29416;
I0624 20:11:36.540928  4918 pagerankX.cc:148] fid: 20	update_sum6.4468
I0624 20:11:36.540954  4918 pagerankX.cc:154] TrainLog: fid-20;0.003698;83946;70759;154705;746281;24005;
I0624 20:11:36.494077 11090 pagerankX.cc:148] fid: 48	update_sum13.5935
I0624 20:11:36.494102 11090 pagerankX.cc:154] TrainLog: fid-48;0.004183;84200;95125;179325;936805;46578;
I0624 20:11:36.405820 20567 pagerankX.cc:148] fid: 3	update_sum18.1882
I0624 20:11:36.405848 20567 pagerankX.cc:154] TrainLog: fid-3;0.003961;68069;139816;207885;822157;52063;
I0624 20:11:36.494331 11084 pagerankX.cc:154] TrainLog: fid-0;0.004418;84225;71443;155668;785132;39735;
I0624 20:11:36.319077  4900 pagerankX.cc:148] fid: 25	update_sum12.0754
I0624 20:11:36.319100  4900 pagerankX.cc:154] TrainLog: fid-25;0.003953;84209;79914;164123;900372;57812;
I0624 20:11:36.532073  2607 pagerankX.cc:148] fid: 39	update_sum15.5588
I0624 20:11:36.532099  2607 pagerankX.cc:154] TrainLog: fid-39;0.003926;84209;80798;165007;1044831;35475;
I0624 20:11:36.319363  4902 pagerankX.cc:148] fid: 41	update_sum5.42215
I0624 20:11:36.541568  4921 pagerankX.cc:148] fid: 44	update_sum7.9202
I0624 20:11:36.541591  4921 pagerankX.cc:154] TrainLog: fid-44;0.004335;84216;64837;149053;921325;25395;
I0624 20:11:36.319388  4902 pagerankX.cc:154] TrainLog: fid-41;0.004157;84226;79146;163372;1001615;30888;
I0624 20:11:36.541694  4919 pagerankX.cc:148] fid: 28	update_sum9.50229
I0624 20:11:36.406371 20572 pagerankX.cc:148] fid: 43	update_sum10.2486
I0624 20:11:36.406414 20572 pagerankX.cc:154] TrainLog: fid-43;0.004508;69759;138379;208138;971666;57055;
I0624 20:11:36.541719  4919 pagerankX.cc:154] TrainLog: fid-28;0.004412;84200;106454;190654;1138857;38277;
I0624 20:11:36.406477 20573 pagerankX.cc:148] fid: 51	update_sum5.84393
I0624 20:11:36.406502 20573 pagerankX.cc:154] TrainLog: fid-51;0.004616;84173;57027;141200;1008130;15906;
I0624 20:11:36.319629  4899 pagerankX.cc:148] fid: 17	update_sum13.5167
I0624 20:11:36.319674  4899 pagerankX.cc:154] TrainLog: fid-17;0.00449;82581;91642;174223;833694;52597;
I0624 20:11:36.548575 13486 pagerankX.cc:148] fid: 54	update_sum4.72451
I0624 20:11:36.548601 13486 pagerankX.cc:154] TrainLog: fid-54;0.004577;78067;141682;219749;1066503;45940;
I0624 20:11:36.355805 10090 pagerankX.cc:154] TrainLog: fid-58;0.005029;84228;62210;146438;925592;47742;
I0624 20:11:36.532680  2606 pagerankX.cc:148] fid: 31	update_sum6.55409
I0624 20:11:36.532709  2606 pagerankX.cc:154] TrainLog: fid-31;0.004527;79043;74777;153820;1083119;27823;
I0624 20:11:36.548696 13485 pagerankX.cc:148] fid: 46	update_sum14.4721
I0624 20:11:36.548722 13485 pagerankX.cc:154] TrainLog: fid-46;0.004648;84224;94833;179057;1212840;48996;
I0624 20:11:36.533083  2609 pagerankX.cc:148] fid: 55	update_sum16.7038
I0624 20:11:36.533109  2609 pagerankX.cc:154] TrainLog: fid-55;0.004925;84224;111883;196107;1107375;75642;
I0624 20:11:36.533219  2608 pagerankX.cc:148] fid: 47	update_sum13.5117
I0624 20:11:36.533246  2608 pagerankX.cc:154] TrainLog: fid-47;0.005064;82029;132537;214566;1139729;62415;
I0624 20:11:36.320384  4903 pagerankX.cc:148] fid: 49	update_sum13.2859
I0624 20:11:36.320410  4903 pagerankX.cc:154] TrainLog: fid-49;0.0052;80634;109603;190237;1034819;58257;
I0624 20:11:36.356776 10088 pagerankX.cc:148] fid: 42	update_sum11.5076
I0624 20:11:36.356803 10088 pagerankX.cc:154] TrainLog: fid-42;0.006004;84202;107090;191292;1563104;58104;
I0624 20:11:36.543066  4920 pagerankX.cc:148] fid: 36	update_sum18.1167
I0624 20:11:36.543093  4920 pagerankX.cc:154] TrainLog: fid-36;0.005837;84191;103630;187821;1247845;65563;
I0624 20:11:36.543231  4916 pagerankX.cc:148] fid: 4	update_sum9.88474
I0624 20:11:36.543260  4916 pagerankX.cc:154] TrainLog: fid-4;0.006002;84165;96871;181036;1264647;32580;
I0624 20:11:36.321053  4901 pagerankX.cc:148] fid: 33	update_sum15.82
I0624 20:11:36.321079  4901 pagerankX.cc:154] TrainLog: fid-33;0.005909;84218;93584;177802;1168862;56454;
I0624 20:11:36.534140  2604 pagerankX.cc:148] fid: 15	update_sum2.70803
I0624 20:11:36.534159  2604 pagerankX.cc:154] TrainLog: fid-15;0.006026;84222;117070;201292;1413131;48298;
I0624 20:11:36.544250 30867 pagerankX.cc:148] fid: 29	update_sum19.2918
I0624 20:11:36.544276 30867 pagerankX.cc:154] TrainLog: fid-29;0.006336;84206;174361;258567;1580062;110882;
I0624 20:11:36.496845 11088 pagerankX.cc:154] TrainLog: fid-32;0.006932;84205;123055;207260;1181299;85628;
I0624 20:11:36.358306 10084 pagerankX.cc:148] fid: 10	update_sum4.99028
I0624 20:11:36.358332 10084 pagerankX.cc:154] TrainLog: fid-10;0.007559;84232;150997;235229;1959471;68258;
I0624 20:11:36.322507  4897 pagerankX.cc:148] fid: 1	update_sum18.3471
I0624 20:11:36.322533  4897 pagerankX.cc:154] TrainLog: fid-1;0.007365;84228;185158;269386;1396748;98419;
I0624 20:11:36.410962 20569 pagerankX.cc:148] fid: 19	update_sum5.66811
I0624 20:11:36.410985 20569 pagerankX.cc:154] TrainLog: fid-19;0.009099;84212;155903;240115;2122591;78448;
I0624 20:11:36.411769 20570 pagerankX.cc:148] fid: 27	update_sum16.2305
I0624 20:11:36.411792 20570 pagerankX.cc:154] TrainLog: fid-27;0.009915;84218;193747;277965;2300002;155961;
I0624 20:11:36.361786 10089 pagerankX.cc:148] fid: 50	update_sum0.071464
I0624 20:11:36.361812 10089 pagerankX.cc:154] TrainLog: fid-50;0.000774;44761;17980;62741;140738;420;
I0624 20:11:36.362116 10087 pagerankX.cc:148] fid: 34	update_sum1.15132
I0624 20:11:36.362140 10087 pagerankX.cc:154] TrainLog: fid-34;0.001111;43513;40170;83683;240401;7936;
I0624 20:11:36.549103 30870 pagerankX.cc:148] fid: 53	update_sum1.26564
I0624 20:11:36.549129 30870 pagerankX.cc:154] TrainLog: fid-53;0.001303;35841;50712;86553;304089;2732;
I0624 20:11:36.549320 30869 pagerankX.cc:148] fid: 45	update_sum4.05179
I0624 20:11:36.549346 30869 pagerankX.cc:154] TrainLog: fid-45;0.001499;44749;55812;100561;360972;10538;
I0624 20:11:36.501775 11086 pagerankX.cc:148] fid: 16	update_sum1.88117
I0624 20:11:36.501797 11086 pagerankX.cc:154] TrainLog: fid-16;0.001584;53384;64307;117691;392595;3207;
I0624 20:11:36.555582 13482 pagerankX.cc:148] fid: 22	update_sum1.17698
I0624 20:11:36.555609 13482 pagerankX.cc:154] TrainLog: fid-22;0.00174;57648;49984;107632;404607;2772;
I0624 20:11:36.549569 30865 pagerankX.cc:148] fid: 13	update_sum1.08733
I0624 20:11:36.549600 30865 pagerankX.cc:154] TrainLog: fid-13;0.001754;68278;32673;100951;393419;743;
I0624 20:11:36.502013 11087 pagerankX.cc:148] fid: 24	update_sum0.180065
I0624 20:11:36.502048 11087 pagerankX.cc:154] TrainLog: fid-24;0.001817;74218;30016;104234;388307;638;
I0624 20:11:36.555754 13480 pagerankX.cc:148] fid: 6	update_sum0.720838
I0624 20:11:36.502089 11089 pagerankX.cc:148] fid: 40	update_sum1.68091
I0624 20:11:36.362893 10083 pagerankX.cc:148] fid: 2	update_sum1.97798
I0624 20:11:36.362917 10083 pagerankX.cc:154] TrainLog: fid-2;0.001888;69979;40833;110812;422723;1991;
I0624 20:11:36.502120 11089 pagerankX.cc:154] TrainLog: fid-40;0.001889;64637;46682;111319;414539;3416;
I0624 20:11:36.555779 13480 pagerankX.cc:154] TrainLog: fid-6;0.001912;84178;32504;116682;413169;1783;
I0624 20:11:36.363061 10085 pagerankX.cc:148] fid: 18	update_sum0.117124
I0624 20:11:36.549767 30868 pagerankX.cc:148] fid: 37	update_sum1.43236
I0624 20:11:36.549793 30868 pagerankX.cc:154] TrainLog: fid-37;0.002007;52649;45677;98326;490241;1135;
I0624 20:11:36.539953  2603 pagerankX.cc:148] fid: 7	update_sum1.50472
I0624 20:11:36.539978  2603 pagerankX.cc:154] TrainLog: fid-7;0.002042;84223;38822;123045;513729;2002;
I0624 20:11:36.363086 10085 pagerankX.cc:154] TrainLog: fid-18;0.002057;84232;44109;128341;452219;1952;
I0624 20:11:36.540064  2605 pagerankX.cc:148] fid: 23	update_sum1.60625
I0624 20:11:36.555989 13487 pagerankX.cc:148] fid: 62	update_sum0.0766703
I0624 20:11:36.549340  4922 pagerankX.cc:148] fid: 52	update_sum0.358343
I0624 20:11:36.549361  4922 pagerankX.cc:154] TrainLog: fid-52;0.002179;84223;43351;127574;531617;1943;
I0624 20:11:36.327159  4898 pagerankX.cc:148] fid: 9	update_sum2.16536
I0624 20:11:36.327184  4898 pagerankX.cc:154] TrainLog: fid-9;0.002156;76669;46183;122852;575334;3424;
I0624 20:11:36.540088  2605 pagerankX.cc:154] TrainLog: fid-23;0.002152;80147;46526;126673;562692;2774;
I0624 20:11:36.556015 13487 pagerankX.cc:154] TrainLog: fid-62;0.002126;84225;43574;127799;497253;158;
I0624 20:11:36.363289 10086 pagerankX.cc:148] fid: 26	update_sum0.893389
I0624 20:11:36.363317 10086 pagerankX.cc:154] TrainLog: fid-26;0.002283;84214;45118;129332;537092;1926;
I0624 20:11:36.414129 20571 pagerankX.cc:148] fid: 35	update_sum0.888149
I0624 20:11:36.414170 20571 pagerankX.cc:154] TrainLog: fid-35;0.002283;84224;38995;123219;519041;1868;
I0624 20:11:36.556248 13484 pagerankX.cc:148] fid: 38	update_sum1.40924
I0624 20:11:36.327343  4904 pagerankX.cc:148] fid: 57	update_sum0.827758
I0624 20:11:36.327373  4904 pagerankX.cc:154] TrainLog: fid-57;0.002359;84220;45516;129736;502410;1957;
I0624 20:11:36.556267 13484 pagerankX.cc:154] TrainLog: fid-38;0.002431;84191;43668;127859;503551;2689;
I0624 20:11:36.540407  2610 pagerankX.cc:148] fid: 63	update_sum0.811336
I0624 20:11:36.540438  2610 pagerankX.cc:154] TrainLog: fid-63;0.002493;84227;27786;112013;618695;1696;
I0624 20:11:36.556336 13483 pagerankX.cc:148] fid: 30	update_sum1.31198
I0624 20:11:36.556377 13483 pagerankX.cc:154] TrainLog: fid-30;0.00249;45973;96649;142622;673657;2997;
I0624 20:11:36.550387 30871 pagerankX.cc:148] fid: 61	update_sum3.82094
I0624 20:11:36.550411 30871 pagerankX.cc:154] TrainLog: fid-61;0.002611;76057;60896;136953;610582;5229;
I0624 20:11:36.414497 20568 pagerankX.cc:148] fid: 11	update_sum0.331662
I0624 20:11:36.414526 20568 pagerankX.cc:154] TrainLog: fid-11;0.002661;84209;49763;133972;603967;515;
I0624 20:11:36.503073 11084 pagerankX.cc:148] fid: 0	update_sum8.23291
I0624 20:11:36.503096 11084 pagerankX.cc:154] TrainLog: fid-0;0.002882;84225;71443;155668;785132;5618;
I0624 20:11:36.414834 20574 pagerankX.cc:148] fid: 59	update_sum1.77046
I0624 20:11:36.550094  4923 pagerankX.cc:148] fid: 60	update_sum3.40941
I0624 20:11:36.550125  4923 pagerankX.cc:154] TrainLog: fid-60;0.002895;84225;52407;136632;625507;5971;
I0624 20:11:36.550168  4917 pagerankX.cc:148] fid: 12	update_sum4.75882
I0624 20:11:36.503188 11091 pagerankX.cc:148] fid: 56	update_sum2.3796
I0624 20:11:36.503216 11091 pagerankX.cc:154] TrainLog: fid-56;0.002983;84214;65462;149676;715618;3554;
I0624 20:11:36.414860 20574 pagerankX.cc:154] TrainLog: fid-59;0.002986;49107;176971;226078;726698;4577;
I0624 20:11:36.550189  4917 pagerankX.cc:154] TrainLog: fid-12;0.002994;84224;74677;158901;764938;6674;
I0624 20:11:36.550770 30864 pagerankX.cc:148] fid: 5	update_sum0.164576
I0624 20:11:36.550792 30864 pagerankX.cc:154] TrainLog: fid-5;0.003009;84216;63806;148022;729860;383;
I0624 20:11:36.557070 13481 pagerankX.cc:148] fid: 14	update_sum2.63447
I0624 20:11:36.557107 13481 pagerankX.cc:154] TrainLog: fid-14;0.003226;84227;52214;136441;842109;2409;
I0624 20:11:36.503502 11085 pagerankX.cc:148] fid: 8	update_sum2.46541
I0624 20:11:36.503540 11085 pagerankX.cc:154] TrainLog: fid-8;0.003334;54520;153783;208303;828179;6922;
I0624 20:11:36.328346  4900 pagerankX.cc:148] fid: 25	update_sum2.7881
I0624 20:11:36.328364  4900 pagerankX.cc:154] TrainLog: fid-25;0.003419;84209;79914;164123;900372;3245;
I0624 20:11:36.415287 20567 pagerankX.cc:148] fid: 3	update_sum4.79354
I0624 20:11:36.415313 20567 pagerankX.cc:154] TrainLog: fid-3;0.003442;68069;139816;207885;822157;7108;
I0624 20:11:36.550647  4918 pagerankX.cc:148] fid: 20	update_sum2.66819
I0624 20:11:36.550673  4918 pagerankX.cc:154] TrainLog: fid-20;0.00347;83946;70759;154705;746281;2282;
I0624 20:11:36.551184 30866 pagerankX.cc:148] fid: 21	update_sum3.87545
I0624 20:11:36.551208 30866 pagerankX.cc:154] TrainLog: fid-21;0.003423;84215;59114;143329;881595;5925;
I0624 20:11:36.541654  2607 pagerankX.cc:148] fid: 39	update_sum6.81049
I0624 20:11:36.541682  2607 pagerankX.cc:154] TrainLog: fid-39;0.00374;84209;80798;165007;1044831;5084;
I0624 20:11:36.503998 11090 pagerankX.cc:148] fid: 48	update_sum4.88873
I0624 20:11:36.504021 11090 pagerankX.cc:154] TrainLog: fid-48;0.00379;84200;95125;179325;936805;9957;
I0624 20:11:36.328723  4902 pagerankX.cc:148] fid: 41	update_sum2.16783
I0624 20:11:36.328747  4902 pagerankX.cc:154] TrainLog: fid-41;0.003717;84226;79146;163372;1001615;2246;
I0624 20:11:36.415736 20572 pagerankX.cc:148] fid: 43	update_sum2.78319
I0624 20:11:36.415765 20572 pagerankX.cc:154] TrainLog: fid-43;0.00389;69759;138379;208138;971666;4150;
I0624 20:11:36.328868  4899 pagerankX.cc:148] fid: 17	update_sum4.23509
I0624 20:11:36.328896  4899 pagerankX.cc:154] TrainLog: fid-17;0.003928;82581;91642;174223;833694;4726;
I0624 20:11:36.551270  4921 pagerankX.cc:148] fid: 44	update_sum3.3675
I0624 20:11:36.551293  4921 pagerankX.cc:154] TrainLog: fid-44;0.004092;84216;64837;149053;921325;2675;
I0624 20:11:36.551337  4919 pagerankX.cc:148] fid: 28	update_sum3.32652
I0624 20:11:36.551362  4919 pagerankX.cc:154] TrainLog: fid-28;0.004165;84200;106454;190654;1138857;3514;
I0624 20:11:36.416046 20573 pagerankX.cc:148] fid: 51	update_sum2.19323
I0624 20:11:36.542158  2606 pagerankX.cc:148] fid: 31	update_sum2.53153
I0624 20:11:36.542186  2606 pagerankX.cc:154] TrainLog: fid-31;0.004243;79043;74777;153820;1083119;2070;
I0624 20:11:36.416082 20573 pagerankX.cc:154] TrainLog: fid-51;0.004209;84173;57027;141200;1008130;2392;
I0624 20:11:36.558123 13486 pagerankX.cc:148] fid: 54	update_sum1.35852
I0624 20:11:36.558149 13486 pagerankX.cc:154] TrainLog: fid-54;0.004262;78067;141682;219749;1066503;3950;
I0624 20:11:36.504536 11088 pagerankX.cc:148] fid: 32	update_sum9.01755
I0624 20:11:36.504562 11088 pagerankX.cc:154] TrainLog: fid-32;0.004346;84205;123055;207260;1181299;7409;
I0624 20:11:36.542347  2609 pagerankX.cc:148] fid: 55	update_sum4.64334
I0624 20:11:36.558284 13485 pagerankX.cc:148] fid: 46	update_sum5.18179
I0624 20:11:36.558310 13485 pagerankX.cc:154] TrainLog: fid-46;0.004422;84224;94833;179057;1212840;4825;
I0624 20:11:36.542373  2609 pagerankX.cc:154] TrainLog: fid-55;0.004428;84224;111883;196107;1107375;5990;
I0624 20:11:36.542516  2608 pagerankX.cc:148] fid: 47	update_sum3.46241
I0624 20:11:36.329576  4903 pagerankX.cc:148] fid: 49	update_sum3.99867
I0624 20:11:36.329600  4903 pagerankX.cc:154] TrainLog: fid-49;0.004585;80634;109603;190237;1034819;4177;
I0624 20:11:36.542563  2608 pagerankX.cc:154] TrainLog: fid-47;0.004619;82029;132537;214566;1139729;4474;
I0624 20:11:36.365772 10090 pagerankX.cc:154] TrainLog: fid-58;0.004735;84228;62210;146438;925592;3228;
I0624 20:11:36.552510  4920 pagerankX.cc:148] fid: 36	update_sum4.33352
I0624 20:11:36.552537  4920 pagerankX.cc:154] TrainLog: fid-36;0.005335;84191;103630;187821;1247845;4285;
I0624 20:11:36.330309  4901 pagerankX.cc:148] fid: 33	update_sum5.4221
I0624 20:11:36.330334  4901 pagerankX.cc:154] TrainLog: fid-33;0.005365;84218;93584;177802;1168862;5565;
I0624 20:11:36.552788  4916 pagerankX.cc:148] fid: 4	update_sum4.26213
I0624 20:11:36.543471  2604 pagerankX.cc:148] fid: 15	update_sum0.674278
I0624 20:11:36.543490  2604 pagerankX.cc:154] TrainLog: fid-15;0.005595;84222;117070;201292;1413131;2317;
I0624 20:11:36.552814  4916 pagerankX.cc:154] TrainLog: fid-4;0.005609;84165;96871;181036;1264647;2983;
I0624 20:11:36.366665 10088 pagerankX.cc:148] fid: 42	update_sum3.48099
I0624 20:11:36.366691 10088 pagerankX.cc:154] TrainLog: fid-42;0.005637;84202;107090;191292;1563104;2331;
I0624 20:11:36.553450 30867 pagerankX.cc:148] fid: 29	update_sum5.58646
I0624 20:11:36.553473 30867 pagerankX.cc:154] TrainLog: fid-29;0.005628;84206;174361;258567;1580062;12609;
I0624 20:11:36.331357  4897 pagerankX.cc:148] fid: 1	update_sum4.59636
I0624 20:11:36.331382  4897 pagerankX.cc:154] TrainLog: fid-1;0.006414;84228;185158;269386;1396748;10907;
I0624 20:11:36.368135 10084 pagerankX.cc:148] fid: 10	update_sum1.26642
I0624 20:11:36.368161 10084 pagerankX.cc:154] TrainLog: fid-10;0.007135;84232;150997;235229;1959471;3354;
I0624 20:11:36.420073 20569 pagerankX.cc:148] fid: 19	update_sum1.43353
I0624 20:11:36.420095 20569 pagerankX.cc:154] TrainLog: fid-19;0.008224;84212;155903;240115;2122591;4404;
I0624 20:11:36.420658 20570 pagerankX.cc:148] fid: 27	update_sum4.27899
I0624 20:11:36.420677 20570 pagerankX.cc:154] TrainLog: fid-27;0.008848;84218;193747;277965;2300002;13977;
I0624 20:11:36.370666 10089 pagerankX.cc:148] fid: 50	update_sum0.0157182
I0624 20:11:36.370692 10089 pagerankX.cc:154] TrainLog: fid-50;0.000769;44761;17980;62741;140738;30;
I0624 20:11:36.370957 10087 pagerankX.cc:148] fid: 34	update_sum0.179383
I0624 20:11:36.370982 10087 pagerankX.cc:154] TrainLog: fid-34;0.001071;43513;40170;83683;240401;366;
I0624 20:11:36.557957 30870 pagerankX.cc:148] fid: 53	update_sum0.357408
I0624 20:11:36.557984 30870 pagerankX.cc:154] TrainLog: fid-53;0.001285;35841;50712;86553;304089;820;
I0624 20:11:36.558035 30869 pagerankX.cc:148] fid: 45	update_sum0.850437
I0624 20:11:36.558094 30869 pagerankX.cc:154] TrainLog: fid-45;0.001422;44749;55812;100561;360972;526;
I0624 20:11:36.510612 11086 pagerankX.cc:148] fid: 16	update_sum0.5957
I0624 20:11:36.510635 11086 pagerankX.cc:154] TrainLog: fid-16;0.001538;53384;64307;117691;392595;687;
I0624 20:11:36.558343 30865 pagerankX.cc:148] fid: 13	update_sum0.412289
I0624 20:11:36.564445 13482 pagerankX.cc:148] fid: 22	update_sum0.239131
I0624 20:11:36.564473 13482 pagerankX.cc:154] TrainLog: fid-22;0.001725;57648;49984;107632;404607;366;
I0624 20:11:36.558368 30865 pagerankX.cc:154] TrainLog: fid-13;0.001697;68278;32673;100951;393419;125;
I0624 20:11:36.510807 11087 pagerankX.cc:148] fid: 24	update_sum0.0670046
I0624 20:11:36.510855 11087 pagerankX.cc:154] TrainLog: fid-24;0.001749;74218;30016;104234;388307;44;
I0624 20:11:36.510876 11089 pagerankX.cc:148] fid: 40	update_sum0.632982
I0624 20:11:36.510898 11089 pagerankX.cc:154] TrainLog: fid-40;0.001792;64637;46682;111319;414539;272;
I0624 20:11:36.371737 10083 pagerankX.cc:148] fid: 2	update_sum0.820372
I0624 20:11:36.371759 10083 pagerankX.cc:154] TrainLog: fid-2;0.00185;69979;40833;110812;422723;242;
I0624 20:11:36.564618 13480 pagerankX.cc:148] fid: 6	update_sum0.224976
I0624 20:11:36.564643 13480 pagerankX.cc:154] TrainLog: fid-6;0.001896;84178;32504;116682;413169;110;
I0624 20:11:36.371904 10085 pagerankX.cc:148] fid: 18	update_sum0.0281209
I0624 20:11:36.558638 30868 pagerankX.cc:148] fid: 37	update_sum0.543258
I0624 20:11:36.558689 30868 pagerankX.cc:154] TrainLog: fid-37;0.002017;52649;45677;98326;490241;386;
I0624 20:11:36.371929 10085 pagerankX.cc:154] TrainLog: fid-18;0.002019;84232;44109;128341;452219;12;
I0624 20:11:36.548826  2603 pagerankX.cc:148] fid: 7	update_sum0.619423
I0624 20:11:36.548866  2603 pagerankX.cc:154] TrainLog: fid-7;0.002032;84223;38822;123045;513729;454;
I0624 20:11:36.548934  2605 pagerankX.cc:148] fid: 23	update_sum0.45489
I0624 20:11:36.564862 13487 pagerankX.cc:148] fid: 62	update_sum0.0134112
I0624 20:11:36.335963  4898 pagerankX.cc:148] fid: 9	update_sum0.694122
I0624 20:11:36.336007  4898 pagerankX.cc:154] TrainLog: fid-9;0.002165;76669;46183;122852;575334;484;
I0624 20:11:36.558193  4922 pagerankX.cc:148] fid: 52	update_sum0.11554
I0624 20:11:36.558224  4922 pagerankX.cc:154] TrainLog: fid-52;0.002159;84223;43351;127574;531617;25;
I0624 20:11:36.548959  2605 pagerankX.cc:154] TrainLog: fid-23;0.002139;80147;46526;126673;562692;333;
I0624 20:11:36.564888 13487 pagerankX.cc:154] TrainLog: fid-62;0.002118;84225;43574;127799;497253;29;
I0624 20:11:36.372130 10086 pagerankX.cc:148] fid: 26	update_sum0.278257
I0624 20:11:36.372157 10086 pagerankX.cc:154] TrainLog: fid-26;0.00225;84214;45118;129332;537092;425;
I0624 20:11:36.423014 20571 pagerankX.cc:148] fid: 35	update_sum0.307886
I0624 20:11:36.423041 20571 pagerankX.cc:154] TrainLog: fid-35;0.002287;84224;38995;123219;519041;110;
I0624 20:11:36.336164  4904 pagerankX.cc:148] fid: 57	update_sum0.25102
I0624 20:11:36.336192  4904 pagerankX.cc:154] TrainLog: fid-57;0.002328;84220;45516;129736;502410;269;
I0624 20:11:36.565119 13484 pagerankX.cc:148] fid: 38	update_sum0.459604
I0624 20:11:36.565136 13484 pagerankX.cc:154] TrainLog: fid-38;0.002406;84191;43668;127859;503551;256;
I0624 20:11:36.549258  2610 pagerankX.cc:148] fid: 63	update_sum0.341995
I0624 20:11:36.565191 13483 pagerankX.cc:148] fid: 30	update_sum0.416728
I0624 20:11:36.565232 13483 pagerankX.cc:154] TrainLog: fid-30;0.002452;45973;96649;142622;673657;574;
I0624 20:11:36.549288  2610 pagerankX.cc:154] TrainLog: fid-63;0.002462;84227;27786;112013;618695;1030;
I0624 20:11:36.559237 30871 pagerankX.cc:148] fid: 61	update_sum1.27049
I0624 20:11:36.559262 30871 pagerankX.cc:154] TrainLog: fid-61;0.002578;76057;60896;136953;610582;680;
I0624 20:11:36.423368 20568 pagerankX.cc:148] fid: 11	update_sum0.109011
I0624 20:11:36.423398 20568 pagerankX.cc:154] TrainLog: fid-11;0.002654;84209;49763;133972;603967;51;
I0624 20:11:36.511915 11084 pagerankX.cc:148] fid: 0	update_sum3.12036
I0624 20:11:36.511940 11084 pagerankX.cc:154] TrainLog: fid-0;0.002842;84225;71443;155668;785132;953;
I0624 20:11:36.558917  4923 pagerankX.cc:148] fid: 60	update_sum1.13606
I0624 20:11:36.558946  4923 pagerankX.cc:154] TrainLog: fid-60;0.002844;84225;52407;136632;625507;379;
I0624 20:11:36.511958 11091 pagerankX.cc:148] fid: 56	update_sum0.981892
I0624 20:11:36.511981 11091 pagerankX.cc:154] TrainLog: fid-56;0.002873;84214;65462;149676;715618;680;
I0624 20:11:36.423714 20574 pagerankX.cc:148] fid: 59	update_sum0.293613
I0624 20:11:36.558997  4917 pagerankX.cc:148] fid: 12	update_sum1.71394
I0624 20:11:36.559022  4917 pagerankX.cc:154] TrainLog: fid-12;0.002945;84224;74677;158901;764938;776;
I0624 20:11:36.559643 30864 pagerankX.cc:148] fid: 5	update_sum0.0323013
I0624 20:11:36.559666 30864 pagerankX.cc:154] TrainLog: fid-5;0.002998;84216;63806;148022;729860;60;
I0624 20:11:36.423740 20574 pagerankX.cc:154] TrainLog: fid-59;0.002982;49107;176971;226078;726698;2031;
I0624 20:11:36.512223 11085 pagerankX.cc:148] fid: 8	update_sum0.45979
I0624 20:11:36.512254 11085 pagerankX.cc:154] TrainLog: fid-8;0.003157;54520;153783;208303;828179;2251;
I0624 20:11:36.565932 13481 pagerankX.cc:148] fid: 14	update_sum1.03946
I0624 20:11:36.565953 13481 pagerankX.cc:154] TrainLog: fid-14;0.003188;84227;52214;136441;842109;830;
I0624 20:11:36.337193  4900 pagerankX.cc:148] fid: 25	update_sum0.765966
I0624 20:11:36.337213  4900 pagerankX.cc:154] TrainLog: fid-25;0.003385;84209;79914;164123;900372;2556;
I0624 20:11:36.560030 30866 pagerankX.cc:148] fid: 21	update_sum1.53793
I0624 20:11:36.560053 30866 pagerankX.cc:154] TrainLog: fid-21;0.003384;84215;59114;143329;881595;3560;
I0624 20:11:36.424188 20567 pagerankX.cc:148] fid: 3	update_sum1.11473
I0624 20:11:36.424212 20567 pagerankX.cc:154] TrainLog: fid-3;0.00346;68069;139816;207885;822157;1385;
I0624 20:11:36.559496  4918 pagerankX.cc:148] fid: 20	update_sum1.15428
I0624 20:11:36.559522  4918 pagerankX.cc:154] TrainLog: fid-20;0.003433;83946;70759;154705;746281;900;
I0624 20:11:36.512696 11090 pagerankX.cc:148] fid: 48	update_sum1.46898
I0624 20:11:36.512719 11090 pagerankX.cc:154] TrainLog: fid-48;0.003611;84200;95125;179325;936805;1609;
I0624 20:11:36.550505  2607 pagerankX.cc:148] fid: 39	update_sum2.96235
I0624 20:11:36.550529  2607 pagerankX.cc:154] TrainLog: fid-39;0.00371;84209;80798;165007;1044831;1009;
I0624 20:11:36.337585  4902 pagerankX.cc:148] fid: 41	update_sum0.899363
I0624 20:11:36.337608  4902 pagerankX.cc:154] TrainLog: fid-41;0.0037;84226;79146;163372;1001615;875;
I0624 20:11:36.337695  4899 pagerankX.cc:148] fid: 17	update_sum1.25154
I0624 20:11:36.337723  4899 pagerankX.cc:154] TrainLog: fid-17;0.003872;82581;91642;174223;833694;1250;
I0624 20:11:36.424641 20572 pagerankX.cc:148] fid: 43	update_sum0.839245
I0624 20:11:36.424670 20572 pagerankX.cc:154] TrainLog: fid-43;0.003925;69759;138379;208138;971666;2058;
I0624 20:11:36.560099  4921 pagerankX.cc:148] fid: 44	update_sum1.54776
I0624 20:11:36.560123  4921 pagerankX.cc:154] TrainLog: fid-44;0.004035;84216;64837;149053;921325;707;
I0624 20:11:36.560195  4919 pagerankX.cc:148] fid: 28	update_sum1.24778
I0624 20:11:36.560220  4919 pagerankX.cc:154] TrainLog: fid-28;0.004142;84200;106454;190654;1138857;993;
I0624 20:11:36.424912 20573 pagerankX.cc:148] fid: 51	update_sum0.81714
I0624 20:11:36.424937 20573 pagerankX.cc:154] TrainLog: fid-51;0.004181;84173;57027;141200;1008130;417;
I0624 20:11:36.513325 11088 pagerankX.cc:148] fid: 32	update_sum2.63762
I0624 20:11:36.513343 11088 pagerankX.cc:154] TrainLog: fid-32;0.00426;84205;123055;207260;1181299;1759;
I0624 20:11:36.551017  2606 pagerankX.cc:148] fid: 31	update_sum1.05991
I0624 20:11:36.551044  2606 pagerankX.cc:154] TrainLog: fid-31;0.004218;79043;74777;153820;1083119;612;
I0624 20:11:36.566959 13486 pagerankX.cc:148] fid: 54	update_sum0.45036
I0624 20:11:36.566985 13486 pagerankX.cc:154] TrainLog: fid-54;0.004213;78067;141682;219749;1066503;713;
I0624 20:11:36.551189  2609 pagerankX.cc:148] fid: 55	update_sum1.24784
I0624 20:11:36.551214  2609 pagerankX.cc:154] TrainLog: fid-55;0.004387;84224;111883;196107;1107375;1724;
I0624 20:11:36.567112 13485 pagerankX.cc:148] fid: 46	update_sum1.82303
I0624 20:11:36.567137 13485 pagerankX.cc:154] TrainLog: fid-46;0.004371;84224;94833;179057;1212840;2205;
I0624 20:11:36.551362  2608 pagerankX.cc:148] fid: 47	update_sum0.969807
I0624 20:11:36.551389  2608 pagerankX.cc:154] TrainLog: fid-47;0.004563;82029;132537;214566;1139729;2248;
I0624 20:11:36.338433  4903 pagerankX.cc:148] fid: 49	update_sum1.29049
I0624 20:11:36.338459  4903 pagerankX.cc:154] TrainLog: fid-49;0.004591;80634;109603;190237;1034819;2557;
I0624 20:11:36.339144  4901 pagerankX.cc:148] fid: 33	update_sum1.94582
I0624 20:11:36.339169  4901 pagerankX.cc:154] TrainLog: fid-33;0.005302;84218;93584;177802;1168862;1073;
I0624 20:11:36.561378  4920 pagerankX.cc:148] fid: 36	update_sum0.967495
I0624 20:11:36.561403  4920 pagerankX.cc:154] TrainLog: fid-36;0.005316;84191;103630;187821;1247845;2412;
I0624 20:11:36.561632  4916 pagerankX.cc:148] fid: 4	update_sum1.97605
I0624 20:11:36.552347  2604 pagerankX.cc:148] fid: 15	update_sum0.171084
I0624 20:11:36.552366  2604 pagerankX.cc:154] TrainLog: fid-15;0.005589;84222;117070;201292;1413131;589;
I0624 20:11:36.561658  4916 pagerankX.cc:154] TrainLog: fid-4;0.005567;84165;96871;181036;1264647;833;
I0624 20:11:36.375509 10088 pagerankX.cc:148] fid: 42	update_sum1.1627
I0624 20:11:36.375533 10088 pagerankX.cc:154] TrainLog: fid-42;0.005625;84202;107090;191292;1563104;1090;
I0624 20:11:36.562270 30867 pagerankX.cc:148] fid: 29	update_sum1.46332
I0624 20:11:36.562294 30867 pagerankX.cc:154] TrainLog: fid-29;0.005623;84206;174361;258567;1580062;2953;
I0624 20:11:36.340168  4897 pagerankX.cc:148] fid: 1	update_sum1.02758
I0624 20:11:36.340193  4897 pagerankX.cc:154] TrainLog: fid-1;0.006343;84228;185158;269386;1396748;2681;
I0624 20:11:36.376854 10084 pagerankX.cc:148] fid: 10	update_sum0.346981
I0624 20:11:36.376879 10084 pagerankX.cc:154] TrainLog: fid-10;0.006971;84232;150997;235229;1959471;577;
I0624 20:11:36.428983 20569 pagerankX.cc:148] fid: 19	update_sum0.368505
I0624 20:11:36.429006 20569 pagerankX.cc:154] TrainLog: fid-19;0.008254;84212;155903;240115;2122591;670;
I0624 20:11:36.429493 20570 pagerankX.cc:148] fid: 27	update_sum1.02295
I0624 20:11:36.429513 20570 pagerankX.cc:154] TrainLog: fid-27;0.00879;84218;193747;277965;2300002;3529;
I0624 20:11:36.520764 11079 worker.cc:478] [worker1] enters process result assemble, 8
I0624 20:11:36.345525  4892 worker.cc:478] [worker2] enters process result assemble, 8
I0624 20:11:36.381583 10078 worker.cc:478] [worker3] enters process result assemble, 8
I0624 20:11:36.432428 20562 worker.cc:478] [worker4] enters process result assemble, 8
I0624 20:11:36.567761  4911 worker.cc:478] [worker5] enters process result assemble, 8
I0624 20:11:36.558508  2598 worker.cc:478] [worker8] enters process result assemble, 8
I0624 20:11:36.574427 13475 worker.cc:478] [worker7] enters process result assemble, 8
I0624 20:11:36.568342 30859 worker.cc:478] [worker6] enters process result assemble, 8
W0624 20:11:37.144969 20562 pagerankX.cc:212] eta 0 Fid 3	#internation	32
W0624 20:11:37.159536 10078 pagerankX.cc:212] eta 0 Fid 2	#internation	32
W0624 20:11:37.233299  4892 pagerankX.cc:212] eta 0 Fid 1	#internation	32
W0624 20:11:37.435564 11079 pagerankX.cc:212] eta 0 Fid 0	#internation	32
W0624 20:11:38.015738 11079 pagerankX.cc:212] eta 0 Fid 8	#internation	32
W0624 20:11:38.026026 20562 pagerankX.cc:212] eta 0 Fid 11	#internation	32
W0624 20:11:38.058643  4892 pagerankX.cc:212] eta 0 Fid 9	#internation	32
W0624 20:11:38.095841 10078 pagerankX.cc:212] eta 0 Fid 10	#internation	32
W0624 20:11:38.439533 30859 pagerankX.cc:212] eta 0 Fid 5	#internation	32
W0624 20:11:38.444466  4911 pagerankX.cc:212] eta 0 Fid 4	#internation	32
W0624 20:11:38.471657  2598 pagerankX.cc:212] eta 0 Fid 7	#internation	32
W0624 20:11:38.532629 13475 pagerankX.cc:212] eta 0 Fid 6	#internation	32
W0624 20:11:38.589525 11079 pagerankX.cc:212] eta 0 Fid 16	#internation	32
W0624 20:11:38.931577 20562 pagerankX.cc:212] eta 0 Fid 19	#internation	32
W0624 20:11:38.964450  4892 pagerankX.cc:212] eta 0 Fid 17	#internation	32
W0624 20:11:39.036834 10078 pagerankX.cc:212] eta 0 Fid 18	#internation	32
W0624 20:11:39.413674 11079 pagerankX.cc:212] eta 0 Fid 24	#internation	32
W0624 20:11:39.934414 30859 pagerankX.cc:212] eta 0 Fid 13	#internation	32
W0624 20:11:40.168395 20562 pagerankX.cc:212] eta 0 Fid 27	#internation	32
W0624 20:11:40.083380  4892 pagerankX.cc:212] eta 0 Fid 25	#internation	32
W0624 20:11:40.342922  4911 pagerankX.cc:212] eta 0 Fid 12	#internation	32
W0624 20:11:40.314980 11079 pagerankX.cc:212] eta 0 Fid 32	#internation	32
W0624 20:11:40.179729 10078 pagerankX.cc:212] eta 0 Fid 26	#internation	32
W0624 20:11:40.387465  2598 pagerankX.cc:212] eta 0 Fid 15	#internation	32
W0624 20:11:40.505291 13475 pagerankX.cc:212] eta 0 Fid 14	#internation	32
W0624 20:11:40.680480 10078 pagerankX.cc:212] eta 0 Fid 34	#internation	32
W0624 20:11:41.018225 11079 pagerankX.cc:212] eta 0 Fid 40	#internation	32
W0624 20:11:41.033223 20562 pagerankX.cc:212] eta 0 Fid 35	#internation	32
W0624 20:11:40.977226  4892 pagerankX.cc:212] eta 0 Fid 33	#internation	32
W0624 20:11:41.798794 30859 pagerankX.cc:212] eta 0 Fid 21	#internation	32
W0624 20:11:41.813132 13475 pagerankX.cc:212] eta 0 Fid 22	#internation	32
W0624 20:11:41.655602 10078 pagerankX.cc:212] eta 0 Fid 42	#internation	32
W0624 20:11:41.748592 20562 pagerankX.cc:212] eta 0 Fid 43	#internation	32
W0624 20:11:41.927505 11079 pagerankX.cc:212] eta 0 Fid 48	#internation	32
W0624 20:11:41.860193  4892 pagerankX.cc:212] eta 0 Fid 41	#internation	32
W0624 20:11:42.197788  4911 pagerankX.cc:212] eta 0 Fid 20	#internation	32
W0624 20:11:42.200001  2598 pagerankX.cc:212] eta 0 Fid 23	#internation	32
W0624 20:11:42.163522 10078 pagerankX.cc:212] eta 0 Fid 50	#internation	32
W0624 20:11:42.614049 20562 pagerankX.cc:212] eta 0 Fid 51	#internation	32
W0624 20:11:42.877702 13475 pagerankX.cc:212] eta 0 Fid 30	#internation	32
W0624 20:11:42.834364 11079 pagerankX.cc:212] eta 0 Fid 56	#internation	32
W0624 20:11:42.708966  4892 pagerankX.cc:212] eta 0 Fid 49	#internation	32
W0624 20:11:43.114532 20562 pagerankX.cc:212] eta 0 Fid 59	#internation	32
W0624 20:11:43.150012 10078 pagerankX.cc:212] eta 0 Fid 58	#internation	31
W0624 20:11:43.654500 30859 pagerankX.cc:212] eta 0 Fid 29	#internation	32
W0624 20:11:43.581995  4892 pagerankX.cc:212] eta 0 Fid 57	#internation	32
W0624 20:11:43.996160  2598 pagerankX.cc:212] eta 0 Fid 31	#internation	32
W0624 20:11:44.051970  4911 pagerankX.cc:212] eta 0 Fid 28	#internation	32
W0624 20:11:44.810402 13475 pagerankX.cc:212] eta 0 Fid 38	#internation	32
W0624 20:11:44.807013 30859 pagerankX.cc:212] eta 0 Fid 37	#internation	32
W0624 20:11:45.786497 30859 pagerankX.cc:212] eta 0 Fid 45	#internation	32
W0624 20:11:45.892019  2598 pagerankX.cc:212] eta 0 Fid 39	#internation	32
W0624 20:11:45.912753  4911 pagerankX.cc:212] eta 0 Fid 36	#internation	32
W0624 20:11:46.570647 30859 pagerankX.cc:212] eta 0 Fid 53	#internation	32
W0624 20:11:46.735446 13475 pagerankX.cc:212] eta 0 Fid 46	#internation	32
W0624 20:11:47.748739  2598 pagerankX.cc:212] eta 0 Fid 47	#internation	32
W0624 20:11:47.773793  4911 pagerankX.cc:212] eta 0 Fid 44	#internation	32
W0624 20:11:48.250639 30859 pagerankX.cc:212] eta 0 Fid 61	#internation	32
W0624 20:11:48.529664 13475 pagerankX.cc:212] eta 0 Fid 54	#internation	32
W0624 20:11:49.640851  4911 pagerankX.cc:212] eta 0 Fid 52	#internation	32
W0624 20:11:49.672168  2598 pagerankX.cc:212] eta 0 Fid 55	#internation	32
W0624 20:11:50.462530 13475 pagerankX.cc:212] eta 0 Fid 62	#internation	32
W0624 20:11:51.496517  4911 pagerankX.cc:212] eta 0 Fid 60	#internation	32
W0624 20:11:51.604082  2598 pagerankX.cc:212] eta 0 Fid 63	#internation	32
I0624 20:11:51.469255 13662 metric.cc:219] -------------------------------------------------
I0624 20:11:51.469274 13662 metric.cc:220] algorithm:           pagerank
I0624 20:11:51.469295 13662 metric.cc:221] dataset-vfile:       /BIGDATA1/buaa_wffan_1/grape-data/dbpedia/evr/dbpedia.v
I0624 20:11:51.469300 13662 metric.cc:222] dataset-efile:       /BIGDATA1/buaa_wffan_1/grape-data/dbpedia/evr/dbpedia.e
I0624 20:11:51.469303 13662 metric.cc:223] partition-num:       64
I0624 20:11:51.469308 13662 metric.cc:224] query-info:          file:/BIGDATA1/buaa_wffan_1/lidongze/code/grape/cpp/build/query/pagerank_feature/query-bsp
I0624 20:11:51.469311 13662 metric.cc:225] graph-load-time(s):  1.4211
I0624 20:11:51.469322 13662 metric.cc:226] grape-total-time(s): 0.558999
I0624 20:11:51.469329 13662 metric.cc:227] max-thread-time(s):  0.51561
I0624 20:11:51.469334 13662 metric.cc:228] min-thread-time(s):  0.050318
I0624 20:11:51.469341 13662 metric.cc:229] avg-thread-time(s):  0.199645
