I0629 10:33:24.568727 23312 sampling.cc:260] TrainLog: fid-6;1.27069;147069;1093372;1240441;6156317;2722865;1550669;256704;5;1
I0629 10:33:24.882038 29310 sampling.cc:260] TrainLog: fid-9;1.38801;147067;982661;1129728;4270316;2415150;1236483;228713;5;1
I0629 10:33:25.231739 30123 sampling.cc:260] TrainLog: fid-7;1.52313;156038;1130876;1286914;5502853;2830906;1594246;285577;5;1
I0629 10:33:24.856775 17818 sampling.cc:260] TrainLog: fid-5;1.54966;147067;1251990;1399057;6602444;3028659;1881660;385412;5;1
I0629 10:33:24.860635 24598 sampling.cc:260] TrainLog: fid-4;1.57421;149436;1245658;1395094;8144929;3171591;2033325;434674;5;1
I0629 10:33:25.134299  7598 sampling.cc:260] TrainLog: fid-8;1.61047;156038;1071633;1227671;4781968;2717061;1463931;253271;5;1
I0629 10:33:25.428591  3700 sampling.cc:260] TrainLog: fid-3;1.87221;156038;1404813;1560851;10877322;3546543;2407518;671229;5;1
I0629 10:33:25.724864  5924 sampling.cc:260] TrainLog: fid-2;2.11428;156038;1500034;1656072;9309406;3672577;2534404;672974;5;1
I0629 10:33:25.940646 29309 sampling.cc:260] TrainLog: fid-1;2.44768;156038;1595075;1751113;11699861;4114805;3003626;941911;5;1
I0629 10:33:26.520958  7597 sampling.cc:260] TrainLog: fid-0;2.99798;147068;1834051;1981119;17176092;4726975;3716755;1392182;5;1
I0629 10:33:27.913659  5927 sampling.cc:260] TrainLog: fid-26;1.14138;147067;262782;409849;864513;1589341;445973;74814;6;3
I0629 10:33:27.696002 24601 sampling.cc:260] TrainLog: fid-28;1.24696;156038;226280;382318;755941;1631231;451533;86556;6;3
I0629 10:33:27.974095 29312 sampling.cc:260] TrainLog: fid-25;1.31977;151494;284275;435769;858397;1631143;434315;71850;6;3
I0629 10:33:28.020934  3703 sampling.cc:260] TrainLog: fid-27;1.30439;153158;244815;397973;853879;1607850;450153;101820;6;3
I0629 10:33:27.797870 17821 sampling.cc:260] TrainLog: fid-29;1.32519;156036;201360;357396;628559;1619843;468133;124505;6;3
I0629 10:33:28.047718  7600 sampling.cc:260] TrainLog: fid-24;1.35897;156033;319918;475951;936350;1726974;485040;63818;6;3
I0629 10:33:27.851960 23315 sampling.cc:260] TrainLog: fid-30;1.38733;152280;183228;335508;532903;1521903;467261;84501;6;3
I0629 10:33:28.141822  3702 sampling.cc:260] TrainLog: fid-19;1.42528;147069;459469;606538;1413941;1785041;605117;78583;6;3
I0629 10:33:28.290819 30125 sampling.cc:260] TrainLog: fid-23;1.4143;156038;335162;491200;1076532;1720789;472481;70153;6;3
I0629 10:33:27.924486 23314 sampling.cc:260] TrainLog: fid-22;1.45985;153771;380375;534146;1240816;1763314;548787;86592;6;3
I0629 10:33:27.968861 17820 sampling.cc:260] TrainLog: fid-21;1.49623;156038;416959;572997;1632291;1811873;600768;131594;6;3
I0629 10:33:28.347852  5926 sampling.cc:260] TrainLog: fid-18;1.57556;147067;495308;642375;1564651;1840161;638898;68897;6;3
I0629 10:33:28.013242 24600 sampling.cc:260] TrainLog: fid-20;1.56422;156038;454554;610592;1581145;1861456;615154;99779;6;3
I0629 10:33:28.534258 30126 sampling.cc:260] TrainLog: fid-31;1.65778;147071;132863;279934;468750;1271186;419228;282430;6;3
I0629 10:33:28.194032 23313 sampling.cc:260] TrainLog: fid-14;1.7294;147067;643863;790930;2280296;1946697;762851;116717;6;3
I0629 10:33:28.485082 29311 sampling.cc:260] TrainLog: fid-17;1.83099;156037;582925;738962;2191484;2039569;809121;129532;6;3
I0629 10:33:28.701584 30124 sampling.cc:260] TrainLog: fid-15;1.82504;147067;582935;730002;1990871;1870188;679055;108137;6;3
I0629 10:33:28.727192  7599 sampling.cc:260] TrainLog: fid-16;2.0378;156038;589518;745556;2183616;2000677;776505;156264;6;3
I0629 10:33:28.818486  3701 sampling.cc:260] TrainLog: fid-11;2.10195;147067;813308;960375;3117054;2144512;1015748;194743;6;3
I0629 10:33:28.578075 24599 sampling.cc:260] TrainLog: fid-12;2.12905;147067;763774;910841;3117091;2119289;940156;150195;6;3
I0629 10:33:28.724390 17819 sampling.cc:260] TrainLog: fid-13;2.25172;147067;734562;881629;2793442;2077672;935100;192993;6;3
I0629 10:33:29.181531  5925 sampling.cc:260] TrainLog: fid-10;2.40802;147067;837302;984369;4386069;2141285;1069059;273233;6;3
I0629 10:33:28.994896 23312 sampling.cc:260] TrainLog: fid-6;2.53023;147069;1093372;1240441;6156317;2699738;1556145;218714;6;3
I0629 10:33:29.508705 30123 sampling.cc:260] TrainLog: fid-7;2.63215;156038;1130876;1286914;5502853;2789281;1589396;249850;6;3
I0629 10:33:29.444411 29310 sampling.cc:260] TrainLog: fid-9;2.79024;147067;982661;1129728;4270316;2399480;1247216;234463;6;3
I0629 10:33:29.660318 24598 sampling.cc:260] TrainLog: fid-4;3.2113;149436;1245658;1395094;8144929;3195325;2073329;464501;6;3
I0629 10:33:29.696066 17818 sampling.cc:260] TrainLog: fid-5;3.22346;147067;1251990;1399057;6602444;3056930;1929007;408839;6;3
I0629 10:33:29.905383  7598 sampling.cc:260] TrainLog: fid-8;3.21546;156038;1071633;1227671;4781968;2734106;1510136;258667;6;3
I0629 10:33:30.637560  3700 sampling.cc:260] TrainLog: fid-3;3.92102;156038;1404813;1560851;10877322;3566136;2440166;691748;6;3
I0629 10:33:31.112466  5924 sampling.cc:260] TrainLog: fid-2;4.34023;156038;1500034;1656072;9309406;3703981;2577351;693715;6;3
I0629 10:33:31.681567 29309 sampling.cc:260] TrainLog: fid-1;5.02748;156038;1595075;1751113;11699861;4034733;2951212;842678;6;3
I0629 10:33:33.122282  7597 sampling.cc:260] TrainLog: fid-0;6.42709;147068;1834051;1981119;17176092;4542101;3553017;1291189;6;3
I0629 10:33:35.165508  5927 sampling.cc:260] TrainLog: fid-26;1.62428;147067;262782;409849;864513;4969376;1244147;215904;7;1
I0629 10:33:35.170068 29312 sampling.cc:260] TrainLog: fid-25;1.78078;151494;284275;435769;858397;5077924;1214701;209640;7;1
I0629 10:33:35.055243 24601 sampling.cc:260] TrainLog: fid-28;1.77422;156038;226280;382318;755941;5142051;1218330;255154;7;1
I0629 10:33:35.109503 17821 sampling.cc:260] TrainLog: fid-29;1.77835;156036;201360;357396;628559;4935686;1118774;341092;7;1
I0629 10:33:35.175320 23315 sampling.cc:260] TrainLog: fid-30;1.82761;152280;183228;335508;532903;5089324;1286503;261233;7;1
I0629 10:33:35.618826 30125 sampling.cc:260] TrainLog: fid-23;1.83801;156038;335162;491200;1076532;5380854;1379277;202448;7;1
I0629 10:33:35.490231  7600 sampling.cc:260] TrainLog: fid-24;1.88321;156033;319918;475951;936350;5410013;1400522;183956;7;1
I0629 10:33:35.430379 23314 sampling.cc:260] TrainLog: fid-22;2.08275;153771;380375;534146;1240816;5561095;1657699;250836;7;1
I0629 10:33:35.751315  3703 sampling.cc:260] TrainLog: fid-27;2.23186;153158;244815;397973;853879;5037046;1232740;299324;7;1
I0629 10:33:35.910176 30126 sampling.cc:260] TrainLog: fid-31;2.12961;147071;132863;279934;468750;4081298;997136;830912;7;1
I0629 10:33:35.612234 17820 sampling.cc:260] TrainLog: fid-21;2.28274;156038;416959;572997;1632291;5633936;1774424;369736;7;1
I0629 10:33:35.887516  3702 sampling.cc:260] TrainLog: fid-19;2.36709;147069;459469;606538;1413941;5542879;1782169;224782;7;1
I0629 10:33:35.626355 24600 sampling.cc:260] TrainLog: fid-20;2.34533;156038;454554;610592;1581145;5783845;1837924;273159;7;1
I0629 10:33:35.994989  5926 sampling.cc:260] TrainLog: fid-18;2.45282;147067;495308;642375;1564651;5650168;1854040;197768;7;1
I0629 10:33:36.013615 29311 sampling.cc:260] TrainLog: fid-17;2.62272;156037;582925;738962;2191484;6302957;2380196;373328;7;1
I0629 10:33:35.769079 23313 sampling.cc:260] TrainLog: fid-14;2.42144;147067;643863;790930;2280296;5965752;2236602;333387;7;1
I0629 10:33:36.214524 30124 sampling.cc:260] TrainLog: fid-15;2.43246;147067;582935;730002;1990871;5759588;2010698;305643;7;1
I0629 10:33:36.222589 24599 sampling.cc:260] TrainLog: fid-12;2.94158;147067;763774;910841;3117091;6446775;2744979;432051;7;1
I0629 10:33:36.574965  3701 sampling.cc:260] TrainLog: fid-11;3.05539;147067;813308;960375;3117054;6622731;3044532;607366;7;1
I0629 10:33:36.556780  7599 sampling.cc:260] TrainLog: fid-16;2.9476;156038;589518;745556;2183616;6184838;2309846;445643;7;1
I0629 10:33:36.587517 17819 sampling.cc:260] TrainLog: fid-13;3.25804;147067;734562;881629;2793442;6364694;2746538;561792;7;1
I0629 10:33:37.031209  5925 sampling.cc:260] TrainLog: fid-10;3.48998;147067;837302;984369;4386069;6631248;3222708;865408;7;1
I0629 10:33:36.798815 23312 sampling.cc:260] TrainLog: fid-6;3.45117;147069;1093372;1240441;6156317;8281349;4676333;756858;7;1
I0629 10:33:37.258042 30123 sampling.cc:260] TrainLog: fid-7;3.47693;156038;1130876;1286914;5502853;8656843;4840513;861335;7;1
I0629 10:33:37.495365 29310 sampling.cc:260] TrainLog: fid-9;4.1027;147067;982661;1129728;4270316;7349606;3712622;679811;7;1
I0629 10:33:37.629003 24598 sampling.cc:260] TrainLog: fid-4;4.34798;149436;1245658;1395094;8144929;9784312;6263035;1354549;7;1
I0629 10:33:37.725839 17818 sampling.cc:260] TrainLog: fid-5;4.39036;147067;1251990;1399057;6602444;9302986;5749324;1182580;7;1
I0629 10:33:38.350565  7598 sampling.cc:260] TrainLog: fid-8;4.73979;156038;1071633;1227671;4781968;8295362;4434890;764089;7;1
I0629 10:33:38.789263  3700 sampling.cc:260] TrainLog: fid-3;5.25877;156038;1404813;1560851;10877322;10875266;7318712;2047717;7;1
I0629 10:33:39.539697  5924 sampling.cc:260] TrainLog: fid-2;5.98821;156038;1500034;1656072;9309406;11310937;7742116;2036272;7;1
I0629 10:33:40.279763 29309 sampling.cc:260] TrainLog: fid-1;6.89053;156038;1595075;1751113;11699861;12722390;9235097;2861257;7;1
I0629 10:33:42.079454  7597 sampling.cc:260] TrainLog: fid-0;8.47118;147068;1834051;1981119;17176092;14607429;11406669;4199617;7;1
I0629 10:33:46.072002  5927 sampling.cc:260] TrainLog: fid-26;3.53272;147067;262782;409849;864513;4951165;1405382;214922;8;3
I0629 10:33:46.356191 30125 sampling.cc:260] TrainLog: fid-23;3.57826;156038;335162;491200;1076532;5305979;1456964;202956;8;3
I0629 10:33:46.306660 29312 sampling.cc:260] TrainLog: fid-25;3.9206;151494;284275;435769;858397;5047155;1348090;207088;8;3
I0629 10:33:46.205864 24601 sampling.cc:260] TrainLog: fid-28;3.92302;156038;226280;382318;755941;5112457;1432032;253474;8;3
I0629 10:33:46.545127 17821 sampling.cc:260] TrainLog: fid-29;4.21679;156036;201360;357396;628559;5101111;1481665;360006;8;3
I0629 10:33:46.736471  7600 sampling.cc:260] TrainLog: fid-24;4.13702;156033;319918;475951;936350;5343070;1504374;182530;8;3
I0629 10:33:46.882736  3703 sampling.cc:260] TrainLog: fid-27;4.36311;153158;244815;397973;853879;5012110;1410284;296482;8;3
I0629 10:33:46.987918  3702 sampling.cc:260] TrainLog: fid-19;4.46829;147069;459469;606538;1413941;5454799;1819835;227909;8;3
I0629 10:33:46.718106 23314 sampling.cc:260] TrainLog: fid-22;4.37318;153771;380375;534146;1240816;5425757;1671736;252690;8;3
I0629 10:33:46.813473 23315 sampling.cc:260] TrainLog: fid-30;4.4686;152280;183228;335508;532903;4829029;1488143;245298;8;3
I0629 10:33:47.086102 24600 sampling.cc:260] TrainLog: fid-20;4.80327;156038;454554;610592;1581145;5705862;1858576;286296;8;3
I0629 10:33:47.140586 17820 sampling.cc:260] TrainLog: fid-21;4.81236;156038;416959;572997;1632291;5578121;1829134;381364;8;3
I0629 10:33:47.567057  5926 sampling.cc:260] TrainLog: fid-18;5.02751;147067;495308;642375;1564651;5610073;1924402;198402;8;3
I0629 10:33:47.615664 30126 sampling.cc:260] TrainLog: fid-31;4.83865;147071;132863;279934;468750;4109266;1349797;837460;8;3
I0629 10:33:47.558902 23313 sampling.cc:260] TrainLog: fid-14;5.21403;147067;643863;790930;2280296;5921986;2278388;340919;8;3
I0629 10:33:47.840459 29311 sampling.cc:260] TrainLog: fid-17;5.45445;156037;582925;738962;2191484;6205031;2407202;380391;8;3
I0629 10:33:48.066995 30124 sampling.cc:260] TrainLog: fid-15;5.28843;147067;582935;730002;1990871;5686447;2025037;315526;8;3
I0629 10:33:48.441576 24599 sampling.cc:260] TrainLog: fid-12;6.15874;147067;763774;910841;3117091;6430737;2803044;436907;8;3
I0629 10:33:48.844293  3701 sampling.cc:260] TrainLog: fid-11;6.32465;147067;813308;960375;3117054;6515625;3018788;570219;8;3
I0629 10:33:48.797269  7599 sampling.cc:260] TrainLog: fid-16;6.19642;156038;589518;745556;2183616;6107455;2327340;464380;8;3
I0629 10:33:49.098381 17819 sampling.cc:260] TrainLog: fid-13;6.7701;147067;734562;881629;2793442;6311432;2780375;574090;8;3
I0629 10:33:49.691932  5925 sampling.cc:260] TrainLog: fid-10;7.15322;147067;837302;984369;4386069;6501460;3175306;815021;8;3
I0629 10:33:49.800065 23312 sampling.cc:260] TrainLog: fid-6;7.45519;147069;1093372;1240441;6156317;8175292;4642584;641358;8;3
I0629 10:33:50.279251 30123 sampling.cc:260] TrainLog: fid-7;7.50219;156038;1130876;1286914;5502853;8450181;4738214;747340;8;3
I0629 10:33:50.787910 29310 sampling.cc:260] TrainLog: fid-9;8.40184;147067;982661;1129728;4270316;7255216;3693930;693024;8;3
I0629 10:33:51.509151 24598 sampling.cc:260] TrainLog: fid-4;9.2263;149436;1245658;1395094;8144929;9705455;6234373;1429890;8;3
I0629 10:33:51.805145 17818 sampling.cc:260] TrainLog: fid-5;9.47027;147067;1251990;1399057;6602444;9278253;5786374;1244076;8;3
I0629 10:33:52.385164  7598 sampling.cc:260] TrainLog: fid-8;9.7828;156038;1071633;1227671;4781968;8279144;4498672;771728;8;3
I0629 10:33:53.820039  3700 sampling.cc:260] TrainLog: fid-3;11.3004;156038;1404813;1560851;10877322;10773926;7275100;2088057;8;3
I0629 10:33:55.216207  5924 sampling.cc:260] TrainLog: fid-2;12.6776;156038;1500034;1656072;9309406;11189447;7677571;2084673;8;3
I0629 10:33:57.228869 29309 sampling.cc:260] TrainLog: fid-1;14.8429;156038;1595075;1751113;11699861;12175091;8782861;2548860;8;3
I0629 10:34:00.872584  7597 sampling.cc:260] TrainLog: fid-0;18.253;147068;1834051;1981119;17176092;13653342;10545248;3894286;8;3
I0629 10:34:06.214372  5927 sampling.cc:260] TrainLog: fid-26;4.39325;147067;262782;409849;864513;14895619;3660253;629942;9;1
I0629 10:34:06.901304 29312 sampling.cc:260] TrainLog: fid-25;5.32009;151494;284275;435769;858397;15220797;3569148;615556;9;1
I0629 10:34:06.708323 24601 sampling.cc:260] TrainLog: fid-28;4.95994;156038;226280;382318;755941;15362525;3543101;753717;9;1
I0629 10:34:06.954664 23315 sampling.cc:260] TrainLog: fid-30;5.00308;152280;183228;335508;532903;15159923;3722624;761742;9;1
I0629 10:34:06.989526 17821 sampling.cc:260] TrainLog: fid-29;5.13759;156036;201360;357396;628559;14731699;3204304;1008347;9;1
I0629 10:34:07.487812 30125 sampling.cc:260] TrainLog: fid-23;5.05061;156038;335162;491200;1076532;16160741;4090298;590828;9;1
I0629 10:34:07.146785 23314 sampling.cc:260] TrainLog: fid-22;5.19473;153771;380375;534146;1240816;16669835;4883453;744969;9;1
I0629 10:34:07.757298  7600 sampling.cc:260] TrainLog: fid-24;5.47676;156033;319918;475951;936350;16197961;4106935;541180;9;1
I0629 10:34:08.577476 30126 sampling.cc:260] TrainLog: fid-31;6.14031;147071;132863;279934;468750;12108425;2788409;2490346;9;1
I0629 10:34:08.582342  3703 sampling.cc:260] TrainLog: fid-27;6.65944;153158;244815;397973;853879;15061628;3586817;883084;9;1
I0629 10:34:08.491328 17820 sampling.cc:260] TrainLog: fid-21;6.63946;156038;416959;572997;1632291;16961644;5268592;1089246;9;1
I0629 10:34:09.014355  5926 sampling.cc:260] TrainLog: fid-18;7.17991;147067;495308;642375;1564651;16993246;5536990;578012;9;1
I0629 10:34:08.765547 24600 sampling.cc:260] TrainLog: fid-20;7.01708;156038;454554;610592;1581145;17419620;5474349;803863;9;1
I0629 10:34:09.127584 23313 sampling.cc:260] TrainLog: fid-14;7.17552;147067;643863;790930;2280296;17982568;6695014;992259;9;1
I0629 10:34:09.446085 29311 sampling.cc:260] TrainLog: fid-17;7.86495;156037;582925;738962;2191484;18961252;7085377;1107208;9;1
I0629 10:34:09.759099 30124 sampling.cc:260] TrainLog: fid-15;7.32194;147067;582935;730002;1990871;17337023;5995703;902511;9;1
I0629 10:34:09.751494  3702 sampling.cc:260] TrainLog: fid-19;7.82639;147069;459469;606538;1413941;16668316;5310061;659608;9;1
I0629 10:34:10.499655 24599 sampling.cc:260] TrainLog: fid-12;8.75128;147067;763774;910841;3117091;19466522;8244896;1277540;9;1
I0629 10:34:10.891546  7599 sampling.cc:260] TrainLog: fid-16;8.60402;156038;589518;745556;2183616;18634768;6884617;1331401;9;1
I0629 10:34:11.246451  3701 sampling.cc:260] TrainLog: fid-11;9.32375;147067;813308;960375;3117054;20013153;9129537;1803575;9;1
I0629 10:34:11.543352 17819 sampling.cc:260] TrainLog: fid-13;9.69141;147067;734562;881629;2793442;19237874;8250956;1679307;9;1
I0629 10:34:11.949337  5925 sampling.cc:260] TrainLog: fid-10;10.1274;147067;837302;984369;4386069;20066763;9680820;2602099;9;1
I0629 10:34:11.616955 23312 sampling.cc:260] TrainLog: fid-6;9.66329;147069;1093372;1240441;6156317;25038555;14082996;2237148;9;1
I0629 10:34:13.166535 30123 sampling.cc:260] TrainLog: fid-7;10.7294;156038;1130876;1286914;5502853;26193173;14584553;2596276;9;1
I0629 10:34:13.680400 29310 sampling.cc:260] TrainLog: fid-9;12.0992;147067;982661;1129728;4270316;22221361;11160136;2022086;9;1
I0629 10:34:14.618495 24598 sampling.cc:260] TrainLog: fid-4;12.8478;149436;1245658;1395094;8144929;29765538;19018797;4137261;9;1
I0629 10:34:14.640210 17818 sampling.cc:260] TrainLog: fid-5;12.7883;147067;1251990;1399057;6602444;28226248;17392288;3578445;9;1
I0629 10:34:16.402385  7598 sampling.cc:260] TrainLog: fid-8;14.1095;156038;1071633;1227671;4781968;25129722;13391619;2284351;9;1
I0629 10:34:17.575139  3700 sampling.cc:260] TrainLog: fid-3;15.6524;156038;1404813;1560851;10877322;33036108;22152249;6171372;9;1
I0629 10:34:19.175105  5924 sampling.cc:260] TrainLog: fid-2;17.322;156038;1500034;1656072;9309406;34375423;23419132;6080864;9;1
I0629 10:34:22.248644 29309 sampling.cc:260] TrainLog: fid-1;20.663;156038;1595075;1751113;11699861;38748565;28027342;8591236;9;1
I0629 10:34:26.923668  7597 sampling.cc:260] TrainLog: fid-0;24.6391;147068;1834051;1981119;17176092;44383582;34523590;12564994;9;1
I0629 10:34:37.148281  5927 sampling.cc:260] TrainLog: fid-26;9.07396;147067;262782;409849;864513;15242301;4430364;629419;10;3
I0629 10:34:37.875751 17820 sampling.cc:260] TrainLog: fid-21;9.73062;156038;416959;572997;1632291;17009631;5585518;1122858;10;3
I0629 10:34:38.353503 29312 sampling.cc:260] TrainLog: fid-25;10.5558;151494;284275;435769;858397;15459232;4202193;607374;10;3
I0629 10:34:38.383663 17821 sampling.cc:260] TrainLog: fid-29;10.2385;156036;201360;357396;628559;15808186;4694983;1062071;10;3
I0629 10:34:38.978010 30125 sampling.cc:260] TrainLog: fid-23;10.2452;156038;335162;491200;1076532;16230015;4527305;597226;10;3
I0629 10:34:39.154778  3703 sampling.cc:260] TrainLog: fid-27;10.9699;153158;244815;397973;853879;15441228;4438694;876533;10;3
I0629 10:34:38.963009 24601 sampling.cc:260] TrainLog: fid-28;10.9339;156038;226280;382318;755941;15820127;4563172;752388;10;3
I0629 10:34:39.340376  3702 sampling.cc:260] TrainLog: fid-19;11.1555;147069;459469;606538;1413941;16549443;5506343;667874;10;3
I0629 10:34:39.616811 23314 sampling.cc:260] TrainLog: fid-22;11.3852;153771;380375;534146;1240816;16559372;5129613;748290;10;3
I0629 10:34:40.399309  7600 sampling.cc:260] TrainLog: fid-24;11.8162;156033;319918;475951;936350;16372112;4688685;535269;10;3
I0629 10:34:40.732712 30126 sampling.cc:260] TrainLog: fid-31;11.9892;147071;132863;279934;468750;12908624;4297982;2508806;10;3
I0629 10:34:40.411789 23315 sampling.cc:260] TrainLog: fid-30;12.1733;152280;183228;335508;532903;15040243;4743251;720048;10;3
I0629 10:34:40.918601  7599 sampling.cc:260] TrainLog: fid-16;12.3313;156038;589518;745556;2183616;18505022;7000326;1386298;10;3
I0629 10:34:41.329376  5926 sampling.cc:260] TrainLog: fid-18;13.2585;147067;495308;642375;1564651;16986481;5809101;582312;10;3
I0629 10:34:41.017171 24600 sampling.cc:260] TrainLog: fid-20;12.9897;156038;454554;610592;1581145;17342084;5636174;844712;10;3
I0629 10:34:41.539502 30124 sampling.cc:260] TrainLog: fid-15;12.8049;147067;582935;730002;1990871;17160083;6050621;929783;10;3
I0629 10:34:41.685334 29311 sampling.cc:260] TrainLog: fid-17;13.8885;156037;582925;738962;2191484;18744689;7188472;1127663;10;3
I0629 10:34:41.920473 23313 sampling.cc:260] TrainLog: fid-14;13.6836;147067;643863;790930;2280296;17882003;6818570;1015735;10;3
I0629 10:34:43.048288  3701 sampling.cc:260] TrainLog: fid-11;14.8635;147067;813308;960375;3117054;19658637;9003588;1691592;10;3
I0629 10:34:43.462136 17819 sampling.cc:260] TrainLog: fid-13;15.3142;147067;734562;881629;2793442;19016378;8268923;1710891;10;3
I0629 10:34:43.836387 24599 sampling.cc:260] TrainLog: fid-12;15.8089;147067;763774;910841;3117091;19389025;8373877;1291330;10;3
I0629 10:34:44.394954  5925 sampling.cc:260] TrainLog: fid-10;16.324;147067;837302;984369;4386069;19603697;9451668;2444589;10;3
I0629 10:34:45.815325 23312 sampling.cc:260] TrainLog: fid-6;17.5738;147069;1093372;1240441;6156317;24566469;13822395;1900970;10;3
I0629 10:34:47.635725 30123 sampling.cc:260] TrainLog: fid-7;18.9061;156038;1130876;1286914;5502853;25406244;14101248;2244858;10;3
I0629 10:34:47.588125 29310 sampling.cc:260] TrainLog: fid-9;19.7912;147067;982661;1129728;4270316;21820662;10978574;2056293;10;3
I0629 10:34:49.729357 24598 sampling.cc:260] TrainLog: fid-4;21.7019;149436;1245658;1395094;8144929;29257368;18676007;4335788;10;3
I0629 10:34:49.950702 17818 sampling.cc:260] TrainLog: fid-5;21.8122;147067;1251990;1399057;6602444;27890429;17253036;3753642;10;3
I0629 10:34:50.911510  7598 sampling.cc:260] TrainLog: fid-8;22.3216;156038;1071633;1227671;4781968;24876808;13372573;2301287;10;3
I0629 10:34:51.965077  3700 sampling.cc:260] TrainLog: fid-3;23.7802;156038;1404813;1560851;10877322;32345271;21660518;6289725;10;3
I0629 10:34:55.175057  5924 sampling.cc:260] TrainLog: fid-2;27.1041;156038;1500034;1656072;9309406;33489504;22741205;6211105;10;3
I0629 10:34:58.486518 29309 sampling.cc:260] TrainLog: fid-1;30.6481;156038;1595075;1751113;11699861;36464302;26058101;7654436;10;3
I0629 10:35:05.821506  7597 sampling.cc:260] TrainLog: fid-0;37.1743;147068;1834051;1981119;17176092;40799067;31249714;11651370;10;3
I0629 10:35:08.013717 29309 sampling.cc:260] TrainLog: fid-1;1.48876;156038;1595075;1751113;11699861;32656950;0;0;11;0
I0629 10:35:08.153012  5925 sampling.cc:260] TrainLog: fid-10;1.31746;147067;837302;984369;4386069;31473612;0;0;11;0
I0629 10:35:08.111449 29310 sampling.cc:260] TrainLog: fid-9;1.58651;147067;982661;1129728;4270316;33453174;0;0;11;0
I0629 10:35:08.231639  5924 sampling.cc:260] TrainLog: fid-2;1.39617;156038;1500034;1656072;9309406;33340128;0;0;11;0
I0629 10:35:08.143620 29312 sampling.cc:260] TrainLog: fid-25;1.61873;151494;284275;435769;858397;35070138;0;0;11;0
I0629 10:35:08.263062  5927 sampling.cc:260] TrainLog: fid-26;1.42745;147067;262782;409849;864513;33822585;0;0;11;0
I0629 10:35:08.185281 29311 sampling.cc:260] TrainLog: fid-17;1.63581;156037;582925;738962;2191484;35831892;0;0;11;0
I0629 10:35:08.320982  5926 sampling.cc:260] TrainLog: fid-18;1.4855;147067;495308;642375;1564651;34504008;0;0;11;0
I0629 10:35:08.304414 24598 sampling.cc:260] TrainLog: fid-4;1.31072;149436;1245658;1395094;8144929;32593701;0;0;11;0
I0629 10:35:08.589097 24599 sampling.cc:260] TrainLog: fid-12;1.59539;147067;763774;910841;3117091;33868392;0;0;11;0
I0629 10:35:08.595450 24601 sampling.cc:260] TrainLog: fid-28;1.60174;156038;226280;382318;755941;35555712;0;0;11;0
I0629 10:35:08.662328 24600 sampling.cc:260] TrainLog: fid-20;1.66861;156038;454554;610592;1581145;36030039;0;0;11;0
I0629 10:35:08.956466  3700 sampling.cc:260] TrainLog: fid-3;1.93924;156038;1404813;1560851;10877322;33053544;0;0;11;0
I0629 10:35:08.702947 17820 sampling.cc:260] TrainLog: fid-21;1.48493;156038;416959;572997;1632291;35291724;0;0;11;0
I0629 10:35:08.989725  3701 sampling.cc:260] TrainLog: fid-11;1.97253;147067;813308;960375;3117054;32924757;0;0;11;0
I0629 10:35:08.741518 17821 sampling.cc:260] TrainLog: fid-29;1.5235;156036;201360;357396;628559;34728867;0;0;11;0
I0629 10:35:08.751996 17819 sampling.cc:260] TrainLog: fid-13;1.53395;147067;734562;881629;2793442;33201918;0;0;11;0
I0629 10:35:08.755429 17818 sampling.cc:260] TrainLog: fid-5;1.53743;147067;1251990;1399057;6602444;32802315;0;0;11;0
I0629 10:35:09.226900 30126 sampling.cc:260] TrainLog: fid-31;1.14698;147071;132863;279934;468750;28092501;0;0;11;0
I0629 10:35:09.552182 30124 sampling.cc:260] TrainLog: fid-15;1.47225;147067;582935;730002;1990871;34196400;0;0;11;0
I0629 10:35:09.753949 30125 sampling.cc:260] TrainLog: fid-23;1.67404;156038;335162;491200;1076532;36330630;0;0;11;0
I0629 10:35:09.574998 23312 sampling.cc:260] TrainLog: fid-6;2.11108;147069;1093372;1240441;6156317;33110079;0;0;11;0
I0629 10:35:09.595154 23313 sampling.cc:260] TrainLog: fid-14;2.13126;147067;643863;790930;2280296;34042335;0;0;11;0
I0629 10:35:10.133008 30123 sampling.cc:260] TrainLog: fid-7;2.0531;156038;1130876;1286914;5502853;35126979;0;0;11;0
I0629 10:35:09.958549  7597 sampling.cc:260] TrainLog: fid-0;2.00819;147068;1834051;1981119;17176092;30061794;0;0;11;0
I0629 10:35:10.269191  7599 sampling.cc:260] TrainLog: fid-16;2.31879;156038;589518;745556;2183616;35480958;0;0;11;0
I0629 10:35:10.762188  3703 sampling.cc:260] TrainLog: fid-27;3.73381;153158;244815;397973;853879;34549680;0;0;11;0
I0629 10:35:10.948356  3702 sampling.cc:260] TrainLog: fid-19;3.93113;147069;459469;606538;1413941;34223706;0;0;11;0
I0629 10:35:12.549888 23314 sampling.cc:260] TrainLog: fid-22;5.07817;153771;380375;534146;1240816;35510163;0;0;11;0
I0629 10:35:12.999761 23315 sampling.cc:260] TrainLog: fid-30;5.5359;152280;183228;335508;532903;34370463;0;0;11;0
I0629 10:35:13.815832  7598 sampling.cc:260] TrainLog: fid-8;5.86549;156038;1071633;1227671;4781968;35483031;0;0;11;0
I0629 10:35:13.980379  7600 sampling.cc:260] TrainLog: fid-24;6.03002;156033;319918;475951;936350;36388812;0;0;11;0
I0629 10:35:14.173151  7592 worker.cc:478] [worker1] enters process result assemble, 4
I0629 10:35:14.320416  5919 worker.cc:478] [worker3] enters process result assemble, 4
I0629 10:35:14.247840  3695 worker.cc:478] [worker4] enters process result assemble, 4
I0629 10:35:13.968292 24593 worker.cc:478] [worker5] enters process result assemble, 4
I0629 10:35:13.982220 17813 worker.cc:478] [worker6] enters process result assemble, 4
I0629 10:35:13.962508 23307 worker.cc:478] [worker7] enters process result assemble, 4
I0629 10:35:14.366129 30118 worker.cc:478] [worker8] enters process result assemble, 4
I0629 10:35:14.216513 29304 worker.cc:478] [worker2] enters process result assemble, 4
I0629 10:35:55.431222  1911 metric.cc:219] -------------------------------------------------
I0629 10:35:55.431254  1911 metric.cc:220] algorithm:           sampling
I0629 10:35:55.431273  1911 metric.cc:221] dataset-vfile:       /BIGDATA1/buaa_wffan_1/grape-data/livejournal/evr/livejournal.v
I0629 10:35:55.431278  1911 metric.cc:222] dataset-efile:       /BIGDATA1/buaa_wffan_1/grape-data/livejournal/evr/livejournal.e
I0629 10:35:55.431283  1911 metric.cc:223] partition-num:       32
I0629 10:35:55.431288  1911 metric.cc:224] query-info:          file:/BIGDATA1/buaa_wffan_1/lidongze/code/grape/cpp/build/query/sampling/2-10-10
I0629 10:35:55.431291  1911 metric.cc:225] graph-load-time(s):  40.7199
I0629 10:35:55.431313  1911 metric.cc:226] grape-total-time(s): 116.626
I0629 10:35:55.431318  1911 metric.cc:227] max-thread-time(s):  106.603
I0629 10:35:55.431324  1911 metric.cc:228] min-thread-time(s):  24.0853
I0629 10:35:55.431329  1911 metric.cc:229] avg-thread-time(s):  44.4312
I0629 10:35:55.431334  1911 metric.cc:230] mpi-msg-size(Bytes): 45047796080
I0629 10:35:55.431342  1911 metric.cc:231] -------------------------------------------------
I0629 10:35:55.431346  1911 metric.cc:232] ------------Running State Time-------------------
I0629 10:35:55.431349  1911 metric.cc:234] [worker1]: 87.3671
I0629 10:35:55.431355  1911 metric.cc:234] [worker2]: 84.3258
I0629 10:35:55.431360  1911 metric.cc:234] [worker3]: 85.1037
I0629 10:35:55.431380  1911 metric.cc:234] [worker4]: 90.2128
I0629 10:35:55.431385  1911 metric.cc:234] [worker5]: 89.0699
I0629 10:35:55.431391  1911 metric.cc:234] [worker6]: 87.955
I0629 10:35:55.431396  1911 metric.cc:234] [worker7]: 92.8361
I0629 10:35:55.431401  1911 metric.cc:234] [worker8]: 88.9342
I0629 10:35:55.431407  1911 metric.cc:236] ------------Listening State Time-----------------
I0629 10:35:55.431411  1911 metric.cc:238] [worker1]: 0.000128031
I0629 10:35:55.431416  1911 metric.cc:238] [worker2]: 5.83976
I0629 10:35:55.431421  1911 metric.cc:238] [worker3]: 5.83195
I0629 10:35:55.431427  1911 metric.cc:238] [worker4]: 3.0962
I0629 10:35:55.431432  1911 metric.cc:238] [worker5]: 5.11416
I0629 10:35:55.431437  1911 metric.cc:238] [worker6]: 5.04826
I0629 10:35:55.431442  1911 metric.cc:238] [worker7]: 0.779165
I0629 10:35:55.431447  1911 metric.cc:238] [worker8]: 4.06019
I0629 10:35:55.431452  1911 metric.cc:240] -----------------Evaluation Time-----------------
I0629 10:35:55.431457  1911 metric.cc:242] [worker1]: 116.626
I0629 10:35:55.431461  1911 metric.cc:242] [worker2]: 116.626
I0629 10:35:55.431468  1911 metric.cc:242] [worker3]: 116.626
I0629 10:35:55.431473  1911 metric.cc:242] [worker4]: 116.626
I0629 10:35:55.431478  1911 metric.cc:242] [worker5]: 116.626
I0629 10:35:55.431483  1911 metric.cc:242] [worker6]: 116.626
I0629 10:35:55.431489  1911 metric.cc:242] [worker7]: 116.626
I0629 10:35:55.431494  1911 metric.cc:242] [worker8]: 116.626
I0629 10:35:55.431499  1911 metric.cc:244] -------------------Ejecting Time-----------------
I0629 10:35:55.431504  1911 metric.cc:246] [worker1]: 33.495
I0629 10:35:55.431509  1911 metric.cc:246] [worker2]: 30.2436
I0629 10:35:55.431514  1911 metric.cc:246] [worker3]: 28.4353
I0629 10:35:55.431519  1911 metric.cc:246] [worker4]: 26.0853
I0629 10:35:55.431525  1911 metric.cc:246] [worker5]: 25.545
I0629 10:35:55.431530  1911 metric.cc:246] [worker6]: 28.2666
I0629 10:35:55.431536  1911 metric.cc:246] [worker7]: 24.543
I0629 10:35:55.431541  1911 metric.cc:246] [worker8]: 24.3505
I0629 10:35:55.431547  1911 metric.cc:249] ------------------Receiving Time-----------------
I0629 10:35:55.431551  1911 metric.cc:251] [worker1]: 37.6758
I0629 10:35:55.431556  1911 metric.cc:251] [worker2]: 37.9631
I0629 10:35:55.431562  1911 metric.cc:251] [worker3]: 38.6855
I0629 10:35:55.431568  1911 metric.cc:251] [worker4]: 43.3659
I0629 10:35:55.431573  1911 metric.cc:251] [worker5]: 43.9808
I0629 10:35:55.431578  1911 metric.cc:251] [worker6]: 41.3368
I0629 10:35:55.431583  1911 metric.cc:251] [worker7]: 47.3438
I0629 10:35:55.431589  1911 metric.cc:251] [worker8]: 44.7078
I0629 10:35:55.431594  1911 metric.cc:255] ---------------------Waking Time-----------------
I0629 10:35:55.431604  1911 metric.cc:257] [worker1]: 21.3895
I0629 10:35:55.431610  1911 metric.cc:257] [worker2]: 21.2568
I0629 10:35:55.431617  1911 metric.cc:257] [worker3]: 23.7153
I0629 10:35:55.431622  1911 metric.cc:257] [worker4]: 27.3968
I0629 10:35:55.431627  1911 metric.cc:257] [worker5]: 25.7498
I0629 10:35:55.431632  1911 metric.cc:257] [worker6]: 24.2051
I0629 10:35:55.431638  1911 metric.cc:257] [worker7]: 27.5806
I0629 10:35:55.431643  1911 metric.cc:257] [worker8]: 26.184
I0629 10:35:55.431649  1911 metric.cc:259] ---------------------Msg Size--------------------
I0629 10:35:55.431653  1911 metric.cc:261] [worker1]: 6175734848
I0629 10:35:55.431656  1911 metric.cc:261] [worker2]: 5965234832
I0629 10:35:55.431660  1911 metric.cc:261] [worker3]: 5651667872
I0629 10:35:55.431663  1911 metric.cc:261] [worker4]: 5537962880
I0629 10:35:55.431668  1911 metric.cc:261] [worker5]: 5605197456
I0629 10:35:55.431670  1911 metric.cc:261] [worker6]: 5530425712
I0629 10:35:55.431674  1911 metric.cc:261] [worker7]: 5314717440
I0629 10:35:55.431677  1911 metric.cc:261] [worker8]: 5266855040
I0629 10:35:55.431681  1911 metric.cc:264] ---------------------MPI_recv time---------------
I0629 10:35:55.431684  1911 metric.cc:266] [worker1]: 0.00446987 , 2.53607, 0.000887394 , 
I0629 10:35:55.431692  1911 metric.cc:266] [worker2]: 0.00653481 , 2.51353, 0.000757217 , 
I0629 10:35:55.431699  1911 metric.cc:266] [worker3]: 0.00537992 , 2.30367, 0.000807762 , 
I0629 10:35:55.431705  1911 metric.cc:266] [worker4]: 0.0199888 , 2.40022, 0.000642776 , 
I0629 10:35:55.431712  1911 metric.cc:266] [worker5]: 0.00627398 , 2.29985, 0.000873804 , 
I0629 10:35:55.431718  1911 metric.cc:266] [worker6]: 0.00362015 , 2.32474, 0.00284743 , 
I0629 10:35:55.431725  1911 metric.cc:266] [worker7]: 0.00814581 , 2.33482, 0.000930309 , 
I0629 10:35:55.431731  1911 metric.cc:266] [worker8]: 0.00599599 , 2.20469, 0.000779629 , 
I0629 10:35:55.431738  1911 metric.cc:270] -----------------Sent Msg Num--------------------
I0629 10:35:55.431741  1911 metric.cc:274] [worker1]: 579541176
I0629 10:35:55.431746  1911 metric.cc:274] [worker2]: 480776403
I0629 10:35:55.431749  1911 metric.cc:274] [worker3]: 410553878
I0629 10:35:55.431753  1911 metric.cc:274] [worker4]: 391160510
I0629 10:35:55.431757  1911 metric.cc:274] [worker5]: 348406847
I0629 10:35:55.431761  1911 metric.cc:274] [worker6]: 333654734
I0629 10:35:55.431763  1911 metric.cc:274] [worker7]: 274079208
I0629 10:35:55.431767  1911 metric.cc:274] [worker8]: 261125794
I0629 10:35:55.431771  1911 metric.cc:277] [coordinator] : total = 3079298550
I0629 10:35:55.431774  1911 metric.cc:278] [coordinator] : aggregated msg num = 0
I0629 10:35:55.431778  1911 metric.cc:279] [coordinator] : iter num = 0
I0629 10:35:55.444620  1911 worker.cc:235] all queries in the workload is processed. 
I0629 10:35:55.444636  1911 worker.cc:249] query_info=
I0629 10:35:55.444850  1911 worker.cc:276] [coordinator] shutdown.
I0629 10:35:55.378201  7592 worker.cc:368] [worker_1] shutdown.
I0629 10:35:55.421486 29304 worker.cc:368] [worker_2] shutdown.
I0629 10:35:55.525477  5919 worker.cc:368] [worker_3] shutdown.
I0629 10:35:55.452893  3695 worker.cc:368] [worker_4] shutdown.
I0629 10:35:55.173182 24593 worker.cc:368] [worker_5] shutdown.
I0629 10:35:55.187110 17813 worker.cc:368] [worker_6] shutdown.
I0629 10:35:55.167366 23307 worker.cc:368] [worker_7] shutdown.
I0629 10:35:55.571225 30118 worker.cc:368] [worker_8] shutdown.
