I0804 15:24:26.844400 13080 wcc.cc:178] worker window 51 6 104
I0804 15:24:26.844415 13076 wcc.cc:178] worker window 19 6 74
I0804 15:24:26.633451 13310 wcc.cc:178] worker window 52 6 243
I0804 15:24:26.633442 13308 wcc.cc:178] worker window 36 6 191
I0804 15:24:26.633456 13309 wcc.cc:148] access IncEval
I0804 15:24:26.540035   839 wcc.cc:148] access IncEval
I0804 15:24:26.924794 17475 wcc.cc:178] worker window 63 6 57
I0804 15:24:26.924782 17473 wcc.cc:148] access IncEval
I0804 15:24:27.093744  9191 wcc.cc:178] worker window 13 5 277
I0804 15:24:26.720896 13030 wcc.cc:178] worker window 17 6 45
I0804 15:24:26.720919 13034 wcc.cc:178] worker window 49 6 108
I0804 15:24:26.720943 13033 wcc.cc:178] worker window 41 6 80
I0804 15:24:26.726052  4181 wcc.cc:178] worker window 32 6 307
I0804 15:24:26.672439 13187 wcc.cc:148] access IncEval
I0804 15:24:26.672472 13181 wcc.cc:178] worker window 10 6 5
I0804 15:24:26.672482 13187 wcc.cc:178] worker window 58 6 102
I0804 15:24:26.844395 13081 wcc.cc:148] access IncEval
I0804 15:24:26.844439 13081 wcc.cc:178] worker window 59 6 40
I0804 15:24:26.633471 13311 wcc.cc:148] access IncEval
I0804 15:24:26.633489 13309 wcc.cc:178] worker window 44 6 163
I0804 15:24:26.633496 13311 wcc.cc:178] worker window 60 6 85
I0804 15:24:26.540032   834 wcc.cc:148] access IncEval
I0804 15:24:26.540062   837 wcc.cc:148] access IncEval
I0804 15:24:26.540071   839 wcc.cc:178] worker window 54 6 325
I0804 15:24:26.924809 17473 wcc.cc:178] worker window 47 6 241
I0804 15:24:26.924813 17474 wcc.cc:148] access IncEval
I0804 15:24:26.924816 17470 wcc.cc:148] access IncEval
I0804 15:24:27.093768  9194 wcc.cc:178] worker window 37 5 315
I0804 15:24:26.721048 13032 wcc.cc:148] access IncEval
I0804 15:24:26.721051 13033 wcc.cc:148] access IncEval
I0804 15:24:26.726169  4181 wcc.cc:148] access IncEval
I0804 15:24:26.672598 13182 wcc.cc:148] access IncEval
I0804 15:24:26.672605 13187 wcc.cc:148] access IncEval
I0804 15:24:26.672600 13185 wcc.cc:148] access IncEval
I0804 15:24:26.672600 13184 wcc.cc:148] access IncEval
I0804 15:24:26.672627 13185 wcc.cc:178] worker window 42 7 160
I0804 15:24:26.672616 13182 wcc.cc:178] worker window 18 7 3
I0804 15:24:26.844523 13076 wcc.cc:148] access IncEval
I0804 15:24:26.844529 13080 wcc.cc:148] access IncEval
I0804 15:24:26.633456 13307 wcc.cc:178] worker window 28 6 70
I0804 15:24:26.540035   840 wcc.cc:148] access IncEval
I0804 15:24:26.540076   838 wcc.cc:148] access IncEval
I0804 15:24:26.924818 17472 wcc.cc:148] access IncEval
I0804 15:24:27.093832  9191 wcc.cc:148] access IncEval
I0804 15:24:26.721065 13033 wcc.cc:178] worker window 41 7 80
I0804 15:24:26.721052 13035 wcc.cc:148] access IncEval
I0804 15:24:26.672605 13186 wcc.cc:148] access IncEval
I0804 15:24:26.672621 13187 wcc.cc:178] worker window 58 7 102
I0804 15:24:26.672649 13186 wcc.cc:178] worker window 50 7 98
I0804 15:24:26.844527 13078 wcc.cc:148] access IncEval
I0804 15:24:26.844532 13081 wcc.cc:148] access IncEval
I0804 15:24:26.633607 13307 wcc.cc:148] access IncEval
I0804 15:24:26.540087   837 wcc.cc:178] worker window 38 6 40
I0804 15:24:26.540115   838 wcc.cc:178] worker window 46 6 146
I0804 15:24:26.924860 17470 wcc.cc:178] worker window 23 6 68
I0804 15:24:26.721061 13032 wcc.cc:178] worker window 33 7 217
I0804 15:24:26.721086 13035 wcc.cc:178] worker window 57 7 139
I0804 15:24:26.726174  4182 wcc.cc:148] access IncEval
I0804 15:24:26.672641 13184 wcc.cc:178] worker window 34 7 290
I0804 15:24:26.844544 13080 wcc.cc:178] worker window 51 7 104
I0804 15:24:26.844537 13076 wcc.cc:178] worker window 19 7 2
I0804 15:24:26.633613 13308 wcc.cc:148] access IncEval
I0804 15:24:26.633617 13307 wcc.cc:178] worker window 28 7 7
I0804 15:24:26.540112   840 wcc.cc:178] worker window 62 6 116
I0804 15:24:26.924844 17474 wcc.cc:178] worker window 55 6 470
I0804 15:24:27.093840  9194 wcc.cc:148] access IncEval
I0804 15:24:27.093845  9191 wcc.cc:178] worker window 13 6 82
I0804 15:24:26.721051 13034 wcc.cc:148] access IncEval
I0804 15:24:26.726186  4181 wcc.cc:178] worker window 32 7 301
I0804 15:24:26.672765 13185 wcc.cc:148] access IncEval
I0804 15:24:26.672767 13187 wcc.cc:148] access IncEval
I0804 15:24:26.672782 13185 wcc.cc:178] worker window 42 8 172
I0804 15:24:26.672771 13186 wcc.cc:148] access IncEval
I0804 15:24:26.672788 13187 wcc.cc:178] worker window 58 8 84
I0804 15:24:26.672806 13186 wcc.cc:178] worker window 50 8 42
I0804 15:24:26.844550 13078 wcc.cc:178] worker window 35 7 348
I0804 15:24:26.844550 13081 wcc.cc:178] worker window 59 7 40
I0804 15:24:26.633620 13311 wcc.cc:148] access IncEval
I0804 15:24:26.633616 13309 wcc.cc:148] access IncEval
I0804 15:24:26.633617 13310 wcc.cc:148] access IncEval
I0804 15:24:26.540077   834 wcc.cc:178] worker window 22 6 64
I0804 15:24:26.924872 17472 wcc.cc:178] worker window 39 6 109
I0804 15:24:27.093852  9194 wcc.cc:178] worker window 37 6 23
I0804 15:24:26.721102 13034 wcc.cc:178] worker window 49 7 69
I0804 15:24:26.726171  4183 wcc.cc:148] access IncEval
I0804 15:24:26.726171  4184 wcc.cc:148] access IncEval
I0804 15:24:26.672765 13184 wcc.cc:148] access IncEval
I0804 15:24:26.672823 13184 wcc.cc:178] worker window 34 8 164
I0804 15:24:26.844533 13079 wcc.cc:148] access IncEval
I0804 15:24:26.633642 13309 wcc.cc:178] worker window 44 7 126
I0804 15:24:26.633636 13311 wcc.cc:178] worker window 60 7 40
I0804 15:24:26.540215   836 wcc.cc:148] access IncEval
I0804 15:24:26.924983 17472 wcc.cc:148] access IncEval
I0804 15:24:26.924984 17473 wcc.cc:148] access IncEval
I0804 15:24:26.924985 17475 wcc.cc:148] access IncEval
I0804 15:24:26.925004 17472 wcc.cc:178] worker window 39 7 94
I0804 15:24:26.924985 17474 wcc.cc:148] access IncEval
I0804 15:24:26.925012 17475 wcc.cc:178] worker window 63 7 54
I0804 15:24:26.925009 17473 wcc.cc:178] worker window 47 7 190
I0804 15:24:26.925024 17474 wcc.cc:178] worker window 55 7 298
I0804 15:24:27.094010  9191 wcc.cc:148] access IncEval
I0804 15:24:26.721200 13032 wcc.cc:148] access IncEval
I0804 15:24:26.721201 13034 wcc.cc:148] access IncEval
I0804 15:24:26.726207  4183 wcc.cc:178] worker window 48 7 145
I0804 15:24:26.672890 13185 wcc.cc:148] access IncEval
I0804 15:24:26.844594 13079 wcc.cc:178] worker window 43 7 230
I0804 15:24:26.633625 13308 wcc.cc:178] worker window 36 7 123
I0804 15:24:26.633651 13310 wcc.cc:178] worker window 52 7 96
I0804 15:24:26.540217   834 wcc.cc:148] access IncEval
I0804 15:24:26.925118 17473 wcc.cc:148] access IncEval
I0804 15:24:26.925122 17472 wcc.cc:148] access IncEval
I0804 15:24:26.925122 17474 wcc.cc:148] access IncEval
I0804 15:24:26.925123 17475 wcc.cc:148] access IncEval
I0804 15:24:26.925143 17474 wcc.cc:178] worker window 55 8 151
I0804 15:24:26.925150 17475 wcc.cc:178] worker window 63 8 53
I0804 15:24:26.925138 17472 wcc.cc:178] worker window 39 8 96
I0804 15:24:27.094015  9195 wcc.cc:148] access IncEval
I0804 15:24:27.094018  9194 wcc.cc:148] access IncEval
I0804 15:24:26.721204 13035 wcc.cc:148] access IncEval
I0804 15:24:26.721218 13032 wcc.cc:178] worker window 33 8 244
I0804 15:24:26.726210  4182 wcc.cc:178] worker window 40 7 238
I0804 15:24:26.726212  4184 wcc.cc:178] worker window 56 7 59
I0804 15:24:26.672894 13187 wcc.cc:148] access IncEval
I0804 15:24:26.672904 13185 wcc.cc:178] worker window 42 9 115
I0804 15:24:26.844717 13079 wcc.cc:148] access IncEval
I0804 15:24:26.633776 13307 wcc.cc:148] access IncEval
I0804 15:24:26.633780 13308 wcc.cc:148] access IncEval
I0804 15:24:26.540228   836 wcc.cc:178] worker window 30 7 7
I0804 15:24:26.540220   837 wcc.cc:148] access IncEval
I0804 15:24:26.925133 17473 wcc.cc:178] worker window 47 8 167
I0804 15:24:27.094018  9197 wcc.cc:148] access IncEval
I0804 15:24:26.721221 13034 wcc.cc:178] worker window 49 8 108
I0804 15:24:26.721204 13033 wcc.cc:148] access IncEval
I0804 15:24:26.721226 13035 wcc.cc:178] worker window 57 8 141
I0804 15:24:26.726330  4183 wcc.cc:148] access IncEval
I0804 15:24:26.726336  4184 wcc.cc:148] access IncEval
I0804 15:24:26.726333  4182 wcc.cc:148] access IncEval
I0804 15:24:26.726332  4181 wcc.cc:148] access IncEval
I0804 15:24:26.726357  4182 wcc.cc:178] worker window 40 8 238
I0804 15:24:26.726351  4184 wcc.cc:178] worker window 56 8 59
I0804 15:24:26.726346  4183 wcc.cc:178] worker window 48 8 78
I0804 15:24:26.726367  4181 wcc.cc:178] worker window 32 8 241
I0804 15:24:26.672909 13186 wcc.cc:148] access IncEval
I0804 15:24:26.672910 13187 wcc.cc:178] worker window 58 9 102
I0804 15:24:26.844725 13081 wcc.cc:148] access IncEval
I0804 15:24:26.844733 13079 wcc.cc:178] worker window 43 8 149
I0804 15:24:26.540239   834 wcc.cc:178] worker window 22 7 36
I0804 15:24:26.540221   840 wcc.cc:148] access IncEval
I0804 15:24:27.094023  9191 wcc.cc:178] worker window 13 7 36
I0804 15:24:27.094035  9194 wcc.cc:178] worker window 37 7 159
I0804 15:24:26.721238 13033 wcc.cc:178] worker window 41 8 80
I0804 15:24:26.726480  4182 wcc.cc:148] access IncEval
I0804 15:24:26.726481  4183 wcc.cc:148] access IncEval
I0804 15:24:26.672945 13186 wcc.cc:178] worker window 50 9 55
I0804 15:24:26.844739 13081 wcc.cc:178] worker window 59 8 40
I0804 15:24:26.844722 13080 wcc.cc:148] access IncEval
I0804 15:24:26.844718 13078 wcc.cc:148] access IncEval
I0804 15:24:26.633785 13310 wcc.cc:148] access IncEval
I0804 15:24:26.540259   837 wcc.cc:178] worker window 38 7 40
I0804 15:24:26.925298 17473 wcc.cc:148] access IncEval
I0804 15:24:27.094028  9195 wcc.cc:178] worker window 45 6 112
I0804 15:24:27.094013  9193 wcc.cc:148] access IncEval
I0804 15:24:26.721351 13032 wcc.cc:148] access IncEval
I0804 15:24:26.721354 13035 wcc.cc:148] access IncEval
I0804 15:24:26.726491  4182 wcc.cc:178] worker window 40 9 136
I0804 15:24:26.726496  4183 wcc.cc:178] worker window 48 9 141
I0804 15:24:26.844753 13080 wcc.cc:178] worker window 51 8 75
I0804 15:24:26.633793 13308 wcc.cc:178] worker window 36 8 88
I0804 15:24:26.633800 13310 wcc.cc:178] worker window 52 8 102
I0804 15:24:26.633783 13309 wcc.cc:148] access IncEval
I0804 15:24:26.540218   839 wcc.cc:148] access IncEval
I0804 15:24:26.925300 17475 wcc.cc:148] access IncEval
I0804 15:24:26.925299 17472 wcc.cc:148] access IncEval
I0804 15:24:27.094039  9197 wcc.cc:178] worker window 61 6 78
I0804 15:24:26.721352 13034 wcc.cc:148] access IncEval
I0804 15:24:26.721366 13032 wcc.cc:178] worker window 33 9 74
I0804 15:24:26.726482  4184 wcc.cc:148] access IncEval
I0804 15:24:26.673014 13185 wcc.cc:148] access IncEval
I0804 15:24:26.673017 13187 wcc.cc:148] access IncEval
I0804 15:24:26.844759 13078 wcc.cc:178] worker window 35 8 295
I0804 15:24:26.633788 13307 wcc.cc:178] worker window 28 8 38
I0804 15:24:26.633788 13311 wcc.cc:148] access IncEval
I0804 15:24:26.540222   838 wcc.cc:148] access IncEval
I0804 15:24:26.925316 17475 wcc.cc:178] worker window 63 9 57
I0804 15:24:26.925312 17473 wcc.cc:178] worker window 47 9 93
I0804 15:24:27.094059  9193 wcc.cc:178] worker window 29 6 34
I0804 15:24:26.721372 13034 wcc.cc:178] worker window 49 9 50
I0804 15:24:26.726482  4181 wcc.cc:148] access IncEval
I0804 15:24:26.726516  4184 wcc.cc:178] worker window 56 9 57
I0804 15:24:26.673018 13186 wcc.cc:148] access IncEval
I0804 15:24:26.844839 13078 wcc.cc:148] access IncEval
I0804 15:24:26.844844 13080 wcc.cc:148] access IncEval
I0804 15:24:26.633827 13309 wcc.cc:178] worker window 44 8 69
I0804 15:24:26.540282   839 wcc.cc:178] worker window 54 7 305
I0804 15:24:26.925325 17472 wcc.cc:178] worker window 39 9 90
I0804 15:24:27.094045  9196 wcc.cc:148] access IncEval
I0804 15:24:26.721367 13035 wcc.cc:178] worker window 57 9 104
I0804 15:24:26.726526  4181 wcc.cc:178] worker window 32 9 106
I0804 15:24:26.673028 13187 wcc.cc:178] worker window 58 10 14
I0804 15:24:26.673058 13186 wcc.cc:178] worker window 50 10 31
I0804 15:24:26.633849 13311 wcc.cc:178] worker window 60 8 85
I0804 15:24:26.540268   840 wcc.cc:178] worker window 62 7 88
I0804 15:24:26.925400 17475 wcc.cc:148] access IncEval
I0804 15:24:27.094084  9196 wcc.cc:178] worker window 53 6 287
I0804 15:24:26.721354 13033 wcc.cc:148] access IncEval
I0804 15:24:26.726636  4183 wcc.cc:148] access IncEval
I0804 15:24:26.726636  4184 wcc.cc:148] access IncEval
I0804 15:24:26.673025 13185 wcc.cc:178] worker window 42 10 29
I0804 15:24:26.844841 13079 wcc.cc:148] access IncEval
I0804 15:24:26.844857 13080 wcc.cc:178] worker window 51 9 90
I0804 15:24:26.844856 13078 wcc.cc:178] worker window 35 9 103
I0804 15:24:26.844866 13079 wcc.cc:178] worker window 43 9 147
I0804 15:24:26.633932 13311 wcc.cc:148] access IncEval
I0804 15:24:26.633944 13311 wcc.cc:178] worker window 60 9 85
I0804 15:24:26.540290   838 wcc.cc:178] worker window 46 7 115
I0804 15:24:26.925400 17472 wcc.cc:148] access IncEval
I0804 15:24:27.094172  9193 wcc.cc:148] access IncEval
I0804 15:24:27.094175  9195 wcc.cc:148] access IncEval
I0804 15:24:26.721400 13033 wcc.cc:178] worker window 41 9 62
I0804 15:24:26.726650  4183 wcc.cc:178] worker window 48 10 48
I0804 15:24:26.726653  4184 wcc.cc:178] worker window 56 10 9
I0804 15:24:26.844846 13081 wcc.cc:148] access IncEval
I0804 15:24:26.844938 13081 wcc.cc:178] worker window 59 9 12
I0804 15:24:26.634032 13311 wcc.cc:148] access IncEval
I0804 15:24:26.540369   836 wcc.cc:148] access IncEval
I0804 15:24:26.925411 17475 wcc.cc:178] worker window 63 10 57
I0804 15:24:27.094182  9193 wcc.cc:178] worker window 29 7 3
I0804 15:24:27.094184  9195 wcc.cc:178] worker window 45 7 49
I0804 15:24:26.721479 13032 wcc.cc:148] access IncEval
I0804 15:24:26.844965 13079 wcc.cc:148] access IncEval
I0804 15:24:26.844974 13079 wcc.cc:178] worker window 43 10 58
I0804 15:24:26.634053 13311 wcc.cc:178] worker window 60 10 45
I0804 15:24:26.540374   837 wcc.cc:148] access IncEval
I0804 15:24:26.540381   836 wcc.cc:178] worker window 30 8 3
I0804 15:24:26.925423 17472 wcc.cc:178] worker window 39 10 94
I0804 15:24:27.094179  9196 wcc.cc:148] access IncEval
I0804 15:24:27.094179  9197 wcc.cc:148] access IncEval
I0804 15:24:26.721480 13034 wcc.cc:148] access IncEval
I0804 15:24:26.844970 13080 wcc.cc:148] access IncEval
I0804 15:24:26.540377   838 wcc.cc:148] access IncEval
I0804 15:24:26.540390   837 wcc.cc:178] worker window 38 8 21
I0804 15:24:26.540375   840 wcc.cc:148] access IncEval
I0804 15:24:26.540376   839 wcc.cc:148] access IncEval
I0804 15:24:27.094208  9196 wcc.cc:178] worker window 53 7 6
I0804 15:24:27.094180  9194 wcc.cc:148] access IncEval
I0804 15:24:26.721494 13032 wcc.cc:178] worker window 33 10 1
I0804 15:24:26.721482 13035 wcc.cc:148] access IncEval
I0804 15:24:26.721503 13034 wcc.cc:178] worker window 49 10 18
I0804 15:24:26.844972 13081 wcc.cc:148] access IncEval
I0804 15:24:26.844995 13080 wcc.cc:178] worker window 51 10 54
I0804 15:24:26.540403   838 wcc.cc:178] worker window 46 8 96
I0804 15:24:27.094216  9197 wcc.cc:178] worker window 61 7 68
I0804 15:24:26.721509 13035 wcc.cc:178] worker window 57 10 103
I0804 15:24:26.845000 13081 wcc.cc:178] worker window 59 10 34
I0804 15:24:26.540405   840 wcc.cc:178] worker window 62 8 116
I0804 15:24:26.540407   839 wcc.cc:178] worker window 54 8 109
I0804 15:24:27.094231  9194 wcc.cc:178] worker window 37 8 56
I0804 15:24:26.540518   840 wcc.cc:148] access IncEval
I0804 15:24:27.094324  9196 wcc.cc:148] access IncEval
I0804 15:24:27.094326  9197 wcc.cc:148] access IncEval
I0804 15:24:27.094328  9194 wcc.cc:148] access IncEval
I0804 15:24:26.540522   837 wcc.cc:148] access IncEval
I0804 15:24:26.540529   840 wcc.cc:178] worker window 62 9 102
I0804 15:24:27.094339  9196 wcc.cc:178] worker window 53 8 39
I0804 15:24:26.540536   837 wcc.cc:178] worker window 38 9 40
I0804 15:24:27.094352  9194 wcc.cc:178] worker window 37 9 61
I0804 15:24:26.540647   840 wcc.cc:148] access IncEval
I0804 15:24:26.540650   837 wcc.cc:148] access IncEval
I0804 15:24:27.094341  9197 wcc.cc:178] worker window 61 8 78
I0804 15:24:26.540657   840 wcc.cc:178] worker window 62 10 107
I0804 15:24:27.094451  9197 wcc.cc:148] access IncEval
I0804 15:24:26.540663   837 wcc.cc:178] worker window 38 10 40
I0804 15:24:27.094465  9197 wcc.cc:178] worker window 61 9 76
I0804 15:24:27.094453  9194 wcc.cc:148] access IncEval
I0804 15:24:27.094483  9194 wcc.cc:178] worker window 37 10 21
I0804 15:24:26.725129 13035 wcc.cc:148] access IncEval
I0804 15:24:26.725165 13035 wcc.cc:178] worker window 57 11 47
I0804 15:24:26.730242  4184 wcc.cc:148] access IncEval
I0804 15:24:26.730252  4184 wcc.cc:178] worker window 56 11 50
I0804 15:24:26.676697 13187 wcc.cc:148] access IncEval
I0804 15:24:26.676720 13187 wcc.cc:178] worker window 58 11 68
I0804 15:24:26.848603 13079 wcc.cc:148] access IncEval
I0804 15:24:26.848614 13079 wcc.cc:178] worker window 43 11 7
I0804 15:24:26.848639 13080 wcc.cc:148] access IncEval
I0804 15:24:26.637701 13311 wcc.cc:148] access IncEval
I0804 15:24:26.544281   840 wcc.cc:148] access IncEval
I0804 15:24:26.544291   840 wcc.cc:178] worker window 62 11 77
I0804 15:24:26.929064 17472 wcc.cc:148] access IncEval
I0804 15:24:26.929064 17475 wcc.cc:148] access IncEval
I0804 15:24:26.929090 17472 wcc.cc:178] worker window 39 11 19
I0804 15:24:27.098115  9197 wcc.cc:148] access IncEval
I0804 15:24:27.098140  9197 wcc.cc:178] worker window 61 10 33
I0804 15:24:26.725245 13035 wcc.cc:148] access IncEval
I0804 15:24:26.730376  4184 wcc.cc:148] access IncEval
I0804 15:24:26.848650 13081 wcc.cc:148] access IncEval
I0804 15:24:26.848654 13080 wcc.cc:178] worker window 51 11 32
I0804 15:24:26.848676 13081 wcc.cc:178] worker window 59 11 6
I0804 15:24:26.637724 13311 wcc.cc:178] worker window 60 11 40
I0804 15:24:26.544317   837 wcc.cc:148] access IncEval
I0804 15:24:26.929105 17475 wcc.cc:178] worker window 63 11 54
I0804 15:24:26.730384  4184 wcc.cc:178] worker window 56 12 7
I0804 15:24:26.848737 13081 wcc.cc:148] access IncEval
I0804 15:24:26.848748 13081 wcc.cc:178] worker window 59 12 6
I0804 15:24:26.637804 13311 wcc.cc:148] access IncEval
I0804 15:24:26.544337   837 wcc.cc:178] worker window 38 11 14
I0804 15:24:26.929162 17475 wcc.cc:148] access IncEval
I0804 15:24:27.098222  9197 wcc.cc:148] access IncEval
I0804 15:24:26.725255 13035 wcc.cc:178] worker window 57 12 36
I0804 15:24:26.637821 13311 wcc.cc:178] worker window 60 12 45
I0804 15:24:26.544417   840 wcc.cc:148] access IncEval
I0804 15:24:26.929170 17475 wcc.cc:178] worker window 63 12 3
I0804 15:24:27.098245  9197 wcc.cc:178] worker window 61 11 48
I0804 15:24:26.929219 17475 wcc.cc:148] access IncEval
I0804 15:24:26.929229 17475 wcc.cc:178] worker window 63 13 4
I0804 15:24:27.098274  9197 wcc.cc:148] access IncEval
I0804 15:24:26.544427   840 wcc.cc:178] worker window 62 12 82
I0804 15:24:27.098284  9197 wcc.cc:178] worker window 61 12 10
I0804 15:24:26.725962 13023 worker.cc:478] [worker2] enters process result assemble, 8
I0804 15:24:26.731096  4172 worker.cc:478] [worker1] enters process result assemble, 8
I0804 15:24:26.677497 13175 worker.cc:478] [worker3] enters process result assemble, 8
I0804 15:24:26.849462 13069 worker.cc:478] [worker4] enters process result assemble, 8
I0804 15:24:26.638514 13299 worker.cc:478] [worker5] enters process result assemble, 8
I0804 15:24:26.545127   827 worker.cc:478] [worker7] enters process result assemble, 8
I0804 15:24:26.929880 17463 worker.cc:478] [worker8] enters process result assemble, 8
I0804 15:24:27.098935  9185 worker.cc:478] [worker6] enters process result assemble, 8
I0804 15:24:27.852593 12393 metric.cc:219] -------------------------------------------------
I0804 15:24:27.852610 12393 metric.cc:220] algorithm:           wcc
I0804 15:24:27.852628 12393 metric.cc:221] dataset-vfile:       /BIGDATA1/buaa_wffan_1/grape-data/usaroad/evr/usa-road.v
I0804 15:24:27.852632 12393 metric.cc:222] dataset-efile:       /BIGDATA1/buaa_wffan_1/grape-data/usaroad/evr/usa-road.e
I0804 15:24:27.852644 12393 metric.cc:223] partition-num:       64
I0804 15:24:27.852649 12393 metric.cc:224] query-info:          file:/BIGDATA1/buaa_wffan_1/lidongze/code/grape/cpp/build/query/wcc/bsp/query-bsp
I0804 15:24:27.852653 12393 metric.cc:225] graph-load-time(s):  1.94804
I0804 15:24:27.852661 12393 metric.cc:226] grape-total-time(s): 0.0740061
I0804 15:24:27.852669 12393 metric.cc:227] max-thread-time(s):  0.0617638
I0804 15:24:27.852674 12393 metric.cc:228] min-thread-time(s):  0.0370021
I0804 15:24:27.852679 12393 metric.cc:229] avg-thread-time(s):  0.0517396
I0804 15:24:27.852684 12393 metric.cc:230] mpi-msg-size(Bytes): 690840
I0804 15:24:27.852692 12393 metric.cc:231] -------------------------------------------------
I0804 15:24:27.852695 12393 metric.cc:232] ------------Running State Time-------------------
I0804 15:24:27.852699 12393 metric.cc:234] [worker1]: 0.0583491
I0804 15:24:27.852720 12393 metric.cc:234] [worker2]: 0.0505979
I0804 15:24:27.852725 12393 metric.cc:234] [worker3]: 0.0451965
I0804 15:24:27.852730 12393 metric.cc:234] [worker4]: 0.0529385
I0804 15:24:27.852735 12393 metric.cc:234] [worker5]: 0.0545619
I0804 15:24:27.852741 12393 metric.cc:234] [worker6]: 0.049942
I0804 15:24:27.852746 12393 metric.cc:234] [worker7]: 0.055928
I0804 15:24:27.852751 12393 metric.cc:234] [worker8]: 0.0550776
I0804 15:24:27.852761 12393 metric.cc:236] ------------Listening State Time-----------------
I0804 15:24:27.852766 12393 metric.cc:238] [worker1]: 0.000574827
I0804 15:24:27.852772 12393 metric.cc:238] [worker2]: 0.000552416
I0804 15:24:27.852777 12393 metric.cc:238] [worker3]: 0.000583649
I0804 15:24:27.852783 12393 metric.cc:238] [worker4]: 0.000546217
I0804 15:24:27.852788 12393 metric.cc:238] [worker5]: 0.0005548
I0804 15:24:27.852793 12393 metric.cc:238] [worker6]: 0.00052309
I0804 15:24:27.852799 12393 metric.cc:238] [worker7]: 0.000555038
I0804 15:24:27.852804 12393 metric.cc:238] [worker8]: 0.000509024
I0804 15:24:27.852810 12393 metric.cc:240] -----------------Evaluation Time-----------------
I0804 15:24:27.852814 12393 metric.cc:242] [worker1]: 0.073981
I0804 15:24:27.852819 12393 metric.cc:242] [worker2]: 0.0739889
I0804 15:24:27.852824 12393 metric.cc:242] [worker3]: 0.0740039
I0804 15:24:27.852829 12393 metric.cc:242] [worker4]: 0.0739882
I0804 15:24:27.852835 12393 metric.cc:242] [worker5]: 0.0739951
I0804 15:24:27.852840 12393 metric.cc:242] [worker6]: 0.073983
I0804 15:24:27.852845 12393 metric.cc:242] [worker7]: 0.073997
I0804 15:24:27.852850 12393 metric.cc:242] [worker8]: 0.073966
I0804 15:24:27.852860 12393 metric.cc:244] -------------------Ejecting Time-----------------
I0804 15:24:27.852865 12393 metric.cc:246] [worker1]: 0.0132921
I0804 15:24:27.852871 12393 metric.cc:246] [worker2]: 0.0158808
I0804 15:24:27.852876 12393 metric.cc:246] [worker3]: 0.0145164
I0804 15:24:27.852881 12393 metric.cc:246] [worker4]: 0.0160196
I0804 15:24:27.852895 12393 metric.cc:246] [worker5]: 0.0128939
I0804 15:24:27.852902 12393 metric.cc:246] [worker6]: 0.0125794
I0804 15:24:27.852907 12393 metric.cc:246] [worker7]: 0.0167682
I0804 15:24:27.852913 12393 metric.cc:246] [worker8]: 0.016793
I0804 15:24:27.852918 12393 metric.cc:249] ------------------Receiving Time-----------------
I0804 15:24:27.852922 12393 metric.cc:251] [worker1]: 0.0305808
I0804 15:24:27.852928 12393 metric.cc:251] [worker2]: 0.0229301
I0804 15:24:27.852933 12393 metric.cc:251] [worker3]: 0.0201209
I0804 15:24:27.852939 12393 metric.cc:251] [worker4]: 0.0245547
I0804 15:24:27.852944 12393 metric.cc:251] [worker5]: 0.0292299
I0804 15:24:27.852950 12393 metric.cc:251] [worker6]: 0.0251145
I0804 15:24:27.852955 12393 metric.cc:251] [worker7]: 0.0260959
I0804 15:24:27.852960 12393 metric.cc:251] [worker8]: 0.0253551
I0804 15:24:27.852967 12393 metric.cc:255] ---------------------Waking Time-----------------
I0804 15:24:27.852970 12393 metric.cc:257] [worker1]: 0.0185628
I0804 15:24:27.852975 12393 metric.cc:257] [worker2]: 0.0152757
I0804 15:24:27.852982 12393 metric.cc:257] [worker3]: 0.0137079
I0804 15:24:27.852986 12393 metric.cc:257] [worker4]: 0.0160112
I0804 15:24:27.852991 12393 metric.cc:257] [worker5]: 0.0162833
I0804 15:24:27.852996 12393 metric.cc:257] [worker6]: 0.015837
I0804 15:24:27.853003 12393 metric.cc:257] [worker7]: 0.0170157
I0804 15:24:27.853008 12393 metric.cc:257] [worker8]: 0.0168374
I0804 15:24:27.853013 12393 metric.cc:259] ---------------------Msg Size--------------------
I0804 15:24:27.853016 12393 metric.cc:261] [worker1]: 92144
I0804 15:24:27.853020 12393 metric.cc:261] [worker2]: 81728
I0804 15:24:27.853024 12393 metric.cc:261] [worker3]: 83696
I0804 15:24:27.853027 12393 metric.cc:261] [worker4]: 93240
I0804 15:24:27.853031 12393 metric.cc:261] [worker5]: 82936
I0804 15:24:27.853034 12393 metric.cc:261] [worker6]: 86012
I0804 15:24:27.853039 12393 metric.cc:261] [worker7]: 77424
I0804 15:24:27.853041 12393 metric.cc:261] [worker8]: 93660
I0804 15:24:27.853044 12393 metric.cc:264] ---------------------MPI_recv time---------------
I0804 15:24:27.853049 12393 metric.cc:266] [worker1]: 9.15527e-05 , 0.000136137, 0.000101089 , 
I0804 15:24:27.853055 12393 metric.cc:266] [worker2]: 6.86646e-05 , 0.000136375, 0.00012064 , 
I0804 15:24:27.853062 12393 metric.cc:266] [worker3]: 8.70228e-05 , 0.000151634, 0.000123024 , 
I0804 15:24:27.853070 12393 metric.cc:266] [worker4]: 6.91414e-05 , 0.000124454, 8.96454e-05 , 
I0804 15:24:27.853076 12393 metric.cc:266] [worker5]: 6.67572e-05 , 0.000144243, 0.000110865 , 
I0804 15:24:27.853082 12393 metric.cc:266] [worker6]: 8.82149e-05 , 0.000146389, 0.000118494 , 
I0804 15:24:27.853090 12393 metric.cc:266] [worker7]: 5.10216e-05 , 0.000102043, 8.46386e-05 , 
I0804 15:24:27.853096 12393 metric.cc:266] [worker8]: 7.36713e-05 , 0.000148535, 0.000100851 , 
I0804 15:24:27.853102 12393 metric.cc:270] -----------------Sent Msg Num--------------------
I0804 15:24:27.853106 12393 metric.cc:274] [worker1]: 9053
I0804 15:24:27.853111 12393 metric.cc:274] [worker2]: 8123
I0804 15:24:27.853114 12393 metric.cc:274] [worker3]: 8583
I0804 15:24:27.853117 12393 metric.cc:274] [worker4]: 9564
I0804 15:24:27.853121 12393 metric.cc:274] [worker5]: 8530
I0804 15:24:27.853125 12393 metric.cc:274] [worker6]: 7936
I0804 15:24:27.853128 12393 metric.cc:274] [worker7]: 7474
I0804 15:24:27.853132 12393 metric.cc:274] [worker8]: 9538
I0804 15:24:27.853135 12393 metric.cc:277] [coordinator] : total = 68801
I0804 15:24:27.853139 12393 metric.cc:278] [coordinator] : aggregated msg num = 68801
I0804 15:24:27.853143 12393 metric.cc:279] [coordinator] : iter num = 0
I0804 15:24:27.979991 12393 worker.cc:235] all queries in the workload is processed. 
I0804 15:24:27.980011 12393 worker.cc:249] query_info=
I0804 15:24:27.980139 12393 worker.cc:276] [coordinator] shutdown.
I0804 15:24:27.795699 13023 worker.cc:368] [worker_2] shutdown.
I0804 15:24:27.800829  4172 worker.cc:368] [worker_1] shutdown.
I0804 15:24:27.747251 13175 worker.cc:368] [worker_3] shutdown.
I0804 15:24:27.919185 13069 worker.cc:368] [worker_4] shutdown.
I0804 15:24:27.708250 13299 worker.cc:368] [worker_5] shutdown.
I0804 15:24:27.614861   827 worker.cc:368] [worker_7] shutdown.
I0804 15:24:27.999631 17463 worker.cc:368] [worker_8] shutdown.
I0804 15:24:28.168675  9185 worker.cc:368] [worker_6] shutdown.
