I0804 23:10:32.069603 31062 util.cc:56] "query-bsp"
I0804 23:10:32.085960 15458 worker.cc:155] tid-0 access Cool
I0804 23:10:32.085963 15459 worker.cc:155] tid-1 access Cool
I0804 23:10:31.988056  5090 worker.cc:155] tid-0 access Cool
I0804 23:10:31.988068  5092 worker.cc:155] tid-2 access Cool
I0804 23:10:32.102025 17039 worker.cc:155] tid-6 access Cool
I0804 23:10:32.101827 17034 worker.cc:155] tid-1 access Cool
I0804 23:10:32.101945 17035 worker.cc:155] tid-2 access Cool
I0804 23:10:32.037164 24178 worker.cc:155] tid-2 access Cool
I0804 23:10:32.156424  7980 worker.cc:155] tid-5 access Cool
I0804 23:10:32.156473  7981 worker.cc:155] tid-6 access Cool
I0804 23:10:31.999912 15720 worker.cc:155] tid-6 access Cool
I0804 23:10:31.999788 15714 worker.cc:155] tid-0 access Cool
I0804 23:10:32.026720 26269 worker.cc:155] tid-7 access Cool
I0804 23:10:32.104004 30438 worker.cc:155] tid-0 access Cool
I0804 23:10:32.070451 31062 worker.cc:238] The query absolute path is /BIGDATA1/buaa_wffan_1/lidongze/code/grape/cpp/build/query/pagerank_feature/query-bsp
I0804 23:10:32.072832 31062 worker.cc:244] query detail: 
I0804 23:10:32.072846 31062 query.cc:81] terminate = 0
I0804 23:10:32.072861 31062 query.cc:82] bound = 0
I0804 23:10:32.072868 31062 query.cc:83] root = 0
I0804 23:10:32.072875 31062 query.cc:84] lower_bound_ = 0
I0804 23:10:32.072878 31062 query.cc:85] upper_bound_ = 50
I0804 23:10:32.072882 31062 query.cc:86] ttl_ = 100000
I0804 23:10:32.075250 31062 query.cc:87] sampling_pattern = 
I0804 23:10:32.075258 31062 worker.cc:249] query_info=file:/BIGDATA1/buaa_wffan_1/lidongze/code/grape/cpp/build/query/pagerank_feature/query-bsp
I0804 23:10:32.075425 31062 worker.cc:35] Enter coordinator loop
I0804 23:10:31.988103  5094 worker.cc:155] tid-4 access Cool
I0804 23:10:32.156405  7976 worker.cc:155] tid-1 access Cool
I0804 23:10:31.999783 15715 worker.cc:155] tid-1 access Cool
I0804 23:10:31.988086  5093 worker.cc:155] tid-3 access Cool
I0804 23:10:31.988093  5095 worker.cc:155] tid-5 access Cool
I0804 23:10:32.085960 15460 worker.cc:155] tid-2 access Cool
I0804 23:10:32.156474  7977 worker.cc:155] tid-2 access Cool
I0804 23:10:32.026372 26264 worker.cc:155] tid-2 access Cool
I0804 23:10:32.101925 17037 worker.cc:155] tid-4 access Cool
I0804 23:10:31.999794 15719 worker.cc:155] tid-5 access Cool
I0804 23:10:32.037034 24180 worker.cc:155] tid-4 access Cool
I0804 23:10:32.104069 30444 worker.cc:155] tid-6 access Cool
I0804 23:10:31.988060  5091 worker.cc:155] tid-1 access Cool
I0804 23:10:32.085963 15461 worker.cc:155] tid-3 access Cool
I0804 23:10:32.085983 15462 worker.cc:155] tid-4 access Cool
I0804 23:10:32.156410  7975 worker.cc:155] tid-0 access Cool
I0804 23:10:32.026393 26266 worker.cc:155] tid-4 access Cool
I0804 23:10:32.026372 26265 worker.cc:155] tid-3 access Cool
I0804 23:10:32.026509 26267 worker.cc:155] tid-5 access Cool
I0804 23:10:32.101970 17038 worker.cc:155] tid-5 access Cool
I0804 23:10:32.101824 17033 worker.cc:155] tid-0 access Cool
I0804 23:10:31.999886 15716 worker.cc:155] tid-2 access Cool
I0804 23:10:31.999944 15709 worker.cc:49] Enter worker loop, task num is 8
I0804 23:10:32.037025 24176 worker.cc:155] tid-0 access Cool
I0804 23:10:32.104004 30442 worker.cc:155] tid-4 access Cool
I0804 23:10:31.988159  5097 worker.cc:155] tid-7 access Cool
I0804 23:10:32.086022 15463 worker.cc:155] tid-5 access Cool
I0804 23:10:32.156405  7978 worker.cc:155] tid-3 access Cool
I0804 23:10:32.026594 26262 worker.cc:155] tid-0 access Cool
I0804 23:10:32.102046 17028 worker.cc:49] Enter worker loop, task num is 8
I0804 23:10:31.999967 15721 worker.cc:155] tid-7 access Cool
I0804 23:10:32.037026 24179 worker.cc:155] tid-3 access Cool
I0804 23:10:32.037233 24171 worker.cc:49] Enter worker loop, task num is 8
I0804 23:10:32.103999 30439 worker.cc:155] tid-1 access Cool
I0804 23:10:31.988111  5096 worker.cc:155] tid-6 access Cool
I0804 23:10:32.086060 15464 worker.cc:155] tid-6 access Cool
I0804 23:10:32.086096 15465 worker.cc:155] tid-7 access Cool
I0804 23:10:32.156519  7982 worker.cc:155] tid-7 access Cool
I0804 23:10:32.156411  7979 worker.cc:155] tid-4 access Cool
I0804 23:10:32.156518  7970 worker.cc:49] Enter worker loop, task num is 8
I0804 23:10:32.026626 26268 worker.cc:155] tid-6 access Cool
I0804 23:10:32.026665 26257 worker.cc:49] Enter worker loop, task num is 8
I0804 23:10:32.026587 26263 worker.cc:155] tid-1 access Cool
I0804 23:10:32.102103 17040 worker.cc:155] tid-7 access Cool
I0804 23:10:31.999788 15718 worker.cc:155] tid-4 access Cool
I0804 23:10:32.037199 24181 worker.cc:155] tid-5 access Cool
I0804 23:10:32.037200 24182 worker.cc:155] tid-6 access Cool
I0804 23:10:32.037235 24183 worker.cc:155] tid-7 access Cool
I0804 23:10:32.104007 30443 worker.cc:155] tid-5 access Cool
I0804 23:10:31.988158  5085 worker.cc:49] Enter worker loop, task num is 8
I0804 23:10:32.086097 15453 worker.cc:49] Enter worker loop, task num is 8
I0804 23:10:32.186612  7977 pagerankX.cc:154] TrainLog: fid-18;0.004555;84232;44109;128341;452219;38383;
I0804 23:10:32.060154 26266 pagerankX.cc:154] TrainLog: fid-35;0.004132;84224;38995;123219;519041;36047;
I0804 23:10:32.101830 17036 worker.cc:155] tid-3 access Cool
I0804 23:10:31.999784 15717 worker.cc:155] tid-3 access Cool
I0804 23:10:32.037026 24177 worker.cc:155] tid-1 access Cool
I0804 23:10:32.104159 30440 worker.cc:155] tid-2 access Cool
I0804 23:10:32.017078  5093 pagerankX.cc:154] TrainLog: fid-24;0.003231;74218;30016;104234;388307;30789;
I0804 23:10:32.118989 15461 pagerankX.cc:154] TrainLog: fid-25;0.006806;84209;79914;164123;900372;99538;
I0804 23:10:32.185552  7979 pagerankX.cc:154] TrainLog: fid-34;0.002491;43513;40170;83683;240401;35315;
I0804 23:10:32.185547  7975 pagerankX.cc:154] TrainLog: fid-2;0.00333;69979;40833;110812;422723;31649;
I0804 23:10:32.064016 26263 pagerankX.cc:154] TrainLog: fid-11;0.008003;84209;49763;133972;603967;34784;
I0804 23:10:32.131844 17039 pagerankX.cc:154] TrainLog: fid-52;0.004306;84223;43351;127574;531617;37955;
I0804 23:10:32.029506 15718 pagerankX.cc:154] TrainLog: fid-37;0.003765;52649;45677;98326;490241;32973;
I0804 23:10:32.030205 15719 pagerankX.cc:154] TrainLog: fid-45;0.003648;44749;55812;100561;360972;48124;
I0804 23:10:32.028940 15720 pagerankX.cc:154] TrainLog: fid-53;0.003194;35841;50712;86553;304089;38242;
I0804 23:10:32.068430 24183 pagerankX.cc:154] TrainLog: fid-63;0.003986;84227;27786;112013;618695;23490;
I0804 23:10:32.071650 24179 pagerankX.cc:154] TrainLog: fid-31;0.007205;79043;74777;153820;1083119;60463;
I0804 23:10:32.104161 30441 worker.cc:155] tid-3 access Cool
I0804 23:10:32.104166 30445 worker.cc:155] tid-7 access Cool
I0804 23:10:32.021477  5092 pagerankX.cc:154] TrainLog: fid-16;0.007646;53384;64307;117691;392595;51307;
I0804 23:10:32.116464 15465 pagerankX.cc:154] TrainLog: fid-57;0.004269;84220;45516;129736;502410;37223;
I0804 23:10:32.183897  7981 pagerankX.cc:154] TrainLog: fid-50;0.001824;44761;17980;62741;140738;22341;
I0804 23:10:32.064677 26262 pagerankX.cc:154] TrainLog: fid-3;0.008666;68069;139816;207885;822157;103030;
I0804 23:10:32.136497 17040 pagerankX.cc:154] TrainLog: fid-60;0.008942;84225;52407;136632;625507;56286;
I0804 23:10:32.029084 15715 pagerankX.cc:154] TrainLog: fid-13;0.003342;68278;32673;100951;393419;25924;
I0804 23:10:32.071823 24176 pagerankX.cc:154] TrainLog: fid-7;0.007382;84223;38822;123045;513729;35811;
I0804 23:10:32.104166 30433 worker.cc:49] Enter worker loop, task num is 8
I0804 23:10:32.021839  5095 pagerankX.cc:154] TrainLog: fid-40;0.007999;64637;46682;111319;414539;39730;
I0804 23:10:32.119954 15459 pagerankX.cc:154] TrainLog: fid-9;0.00777;76669;46183;122852;575334;31880;
I0804 23:10:32.187038  7978 pagerankX.cc:154] TrainLog: fid-26;0.004978;84214;45118;129332;537092;46668;
I0804 23:10:32.064664 26268 pagerankX.cc:154] TrainLog: fid-51;0.008569;84173;57027;141200;1008130;46972;
I0804 23:10:32.136711 17038 pagerankX.cc:154] TrainLog: fid-44;0.009177;84216;64837;149053;921325;64494;
I0804 23:10:32.032008 15716 pagerankX.cc:154] TrainLog: fid-21;0.006269;84215;59114;143329;881595;75494;
I0804 23:10:32.072394 24178 pagerankX.cc:154] TrainLog: fid-23;0.007956;80147;46526;126673;562692;41853;
I0804 23:10:32.133985 30440 pagerankX.cc:154] TrainLog: fid-22;0.00369;57648;49984;107632;404607;44745;
I0804 23:10:32.133880 30438 pagerankX.cc:154] TrainLog: fid-6;0.003581;84178;32504;116682;413169;33868;
I0804 23:10:32.022238  5090 pagerankX.cc:154] TrainLog: fid-0;0.008412;84225;71443;155668;785132;89096;
I0804 23:10:32.121518 15463 pagerankX.cc:154] TrainLog: fid-41;0.009304;84226;79146;163372;1001615;76071;
I0804 23:10:32.188868  7982 pagerankX.cc:154] TrainLog: fid-58;0.006795;84228;62210;146438;925592;92293;
I0804 23:10:32.066247 26267 pagerankX.cc:154] TrainLog: fid-43;0.010237;69759;138379;208138;971666;113791;
I0804 23:10:32.136930 17033 pagerankX.cc:154] TrainLog: fid-4;0.009397;84165;96871;181036;1264647;85563;
I0804 23:10:32.032637 15714 pagerankX.cc:154] TrainLog: fid-5;0.006898;84216;63806;148022;729860;46547;
I0804 23:10:32.073607 24180 pagerankX.cc:154] TrainLog: fid-39;0.009166;84209;80798;165007;1044831;85756;
I0804 23:10:32.137848 30442 pagerankX.cc:154] TrainLog: fid-38;0.00754;84191;43668;127859;503551;33629;
I0804 23:10:32.137845 30445 pagerankX.cc:154] TrainLog: fid-62;0.007513;84225;43574;127799;497253;38727;
I0804 23:10:32.022349  5091 pagerankX.cc:154] TrainLog: fid-8;0.008518;54520;153783;208303;828179;127385;
I0804 23:10:32.121935 15460 pagerankX.cc:154] TrainLog: fid-17;0.009746;82581;91642;174223;833694;98186;
I0804 23:10:32.192145  7980 pagerankX.cc:154] TrainLog: fid-42;0.010085;84202;107090;191292;1563104;107760;
I0804 23:10:32.137848 17036 pagerankX.cc:154] TrainLog: fid-28;0.010314;84200;106454;190654;1138857;96045;
I0804 23:10:32.032742 15721 pagerankX.cc:154] TrainLog: fid-61;0.007002;76057;60896;136953;610582;63159;
I0804 23:10:32.074179 24182 pagerankX.cc:154] TrainLog: fid-55;0.009724;84224;111883;196107;1107375;127558;
I0804 23:10:32.138170 30439 pagerankX.cc:154] TrainLog: fid-14;0.007876;84227;52214;136441;842109;48997;
I0804 23:10:32.023409  5096 pagerankX.cc:154] TrainLog: fid-48;0.009576;84200;95125;179325;936805;106898;
I0804 23:10:32.023442  5097 pagerankX.cc:154] TrainLog: fid-56;0.0096;84214;65462;149676;715618;62256;
I0804 23:10:32.122102 15462 pagerankX.cc:154] TrainLog: fid-33;0.00992;84218;93584;177802;1168862;93824;
I0804 23:10:32.195456  7976 pagerankX.cc:154] TrainLog: fid-10;0.013396;84232;150997;235229;1959471;182642;
I0804 23:10:32.137924 17035 pagerankX.cc:154] TrainLog: fid-20;0.010391;83946;70759;154705;746281;56270;
I0804 23:10:32.038285 15717 pagerankX.cc:154] TrainLog: fid-29;0.012544;84206;174361;258567;1580062;217674;
I0804 23:10:32.074604 24177 pagerankX.cc:154] TrainLog: fid-15;0.010164;84222;117070;201292;1413131;143870;
I0804 23:10:32.139053 30441 pagerankX.cc:154] TrainLog: fid-30;0.00876;45973;96649;142622;673657;64548;
I0804 23:10:32.024682  5094 pagerankX.cc:154] TrainLog: fid-32;0.010854;84205;123055;207260;1181299;167751;
I0804 23:10:32.122179 15464 pagerankX.cc:154] TrainLog: fid-49;0.009994;80634;109603;190237;1034819;104239;
I0804 23:10:32.138509 17034 pagerankX.cc:154] TrainLog: fid-12;0.010976;84224;74677;158901;764938;69591;
I0804 23:10:32.076033 24181 pagerankX.cc:154] TrainLog: fid-47;0.011595;82029;132537;214566;1139729;125990;
I0804 23:10:32.139396 30443 pagerankX.cc:154] TrainLog: fid-46;0.009097;84224;94833;179057;1212840;97442;
I0804 23:10:32.138901 17037 pagerankX.cc:154] TrainLog: fid-36;0.011367;84191;103630;187821;1247845;104446;
I0804 23:10:32.141928 30444 pagerankX.cc:154] TrainLog: fid-54;0.011633;78067;141682;219749;1066503;107079;
I0804 23:10:32.126374 15458 pagerankX.cc:154] TrainLog: fid-1;0.014192;84228;185158;269386;1396748;197761;
I0804 23:10:32.067641 26269 pagerankX.cc:154] TrainLog: fid-59;0.01163;49107;176971;226078;726698;98237;
I0804 23:10:32.074440 26264 pagerankX.cc:154] TrainLog: fid-19;0.018415;84212;155903;240115;2122591;209440;
I0804 23:10:32.075124 26265 pagerankX.cc:154] TrainLog: fid-27;0.019112;84218;193747;277965;2300002;335172;
I0804 23:10:32.208297  7981 pagerankX.cc:154] TrainLog: fid-50;0.001627;44761;17980;62741;140738;22341;
I0804 23:10:32.209182  7979 pagerankX.cc:154] TrainLog: fid-34;0.00252;43513;40170;83683;240401;35315;
I0804 23:10:32.041406  5093 pagerankX.cc:154] TrainLog: fid-24;0.003278;74218;30016;104234;388307;30789;
I0804 23:10:32.209933  7975 pagerankX.cc:154] TrainLog: fid-2;0.00329;69979;40833;110812;422723;31649;
I0804 23:10:32.053514 15720 pagerankX.cc:154] TrainLog: fid-53;0.003225;35841;50712;86553;304089;38242;
I0804 23:10:32.053628 15715 pagerankX.cc:154] TrainLog: fid-13;0.003355;68278;32673;100951;393419;25924;
I0804 23:10:32.210286  7977 pagerankX.cc:154] TrainLog: fid-18;0.003631;84232;44109;128341;452219;38383;
I0804 23:10:32.041959  5095 pagerankX.cc:154] TrainLog: fid-40;0.003869;64637;46682;111319;414539;39730;
I0804 23:10:32.157910 30438 pagerankX.cc:154] TrainLog: fid-6;0.003489;84178;32504;116682;413169;33868;
I0804 23:10:32.158017 30440 pagerankX.cc:154] TrainLog: fid-22;0.003568;57648;49984;107632;404607;44745;
I0804 23:10:32.053859 15719 pagerankX.cc:154] TrainLog: fid-45;0.00357;44749;55812;100561;360972;48124;
I0804 23:10:32.042325  5092 pagerankX.cc:154] TrainLog: fid-16;0.004208;53384;64307;117691;392595;51307;
I0804 23:10:32.158452 30442 pagerankX.cc:154] TrainLog: fid-38;0.004025;84191;43668;127859;503551;33629;
I0804 23:10:32.210994  7978 pagerankX.cc:154] TrainLog: fid-26;0.00434;84214;45118;129332;537092;46668;
I0804 23:10:32.158605 30445 pagerankX.cc:154] TrainLog: fid-62;0.004145;84225;43574;127799;497253;38727;
I0804 23:10:32.156492 17039 pagerankX.cc:154] TrainLog: fid-52;0.004339;84223;43351;127574;531617;37955;
I0804 23:10:32.091832 24183 pagerankX.cc:154] TrainLog: fid-63;0.004023;84227;27786;112013;618695;23490;
I0804 23:10:32.054652 15718 pagerankX.cc:154] TrainLog: fid-37;0.004373;52649;45677;98326;490241;32973;
I0804 23:10:32.092211 24178 pagerankX.cc:154] TrainLog: fid-23;0.004405;80147;46526;126673;562692;41853;
I0804 23:10:32.092253 24176 pagerankX.cc:154] TrainLog: fid-7;0.004457;84223;38822;123045;513729;35811;
I0804 23:10:32.157457 17040 pagerankX.cc:154] TrainLog: fid-60;0.005296;84225;52407;136632;625507;56286;
I0804 23:10:32.055635 15721 pagerankX.cc:154] TrainLog: fid-61;0.00538;76057;60896;136953;610582;63159;
I0804 23:10:32.141801 15459 pagerankX.cc:154] TrainLog: fid-9;0.004385;76669;46183;122852;575334;31880;
I0804 23:10:32.141863 15465 pagerankX.cc:154] TrainLog: fid-57;0.004436;84220;45516;129736;502410;37223;
I0804 23:10:32.044100  5097 pagerankX.cc:154] TrainLog: fid-56;0.006006;84214;65462;149676;715618;62256;
I0804 23:10:32.055889 15714 pagerankX.cc:154] TrainLog: fid-5;0.005631;84216;63806;148022;729860;46547;
I0804 23:10:32.160115 30439 pagerankX.cc:154] TrainLog: fid-14;0.005696;84227;52214;136441;842109;48997;
I0804 23:10:32.044292  5090 pagerankX.cc:154] TrainLog: fid-0;0.006196;84225;71443;155668;785132;89096;
I0804 23:10:32.160284 30441 pagerankX.cc:154] TrainLog: fid-30;0.005861;45973;96649;142622;673657;64548;
I0804 23:10:32.158124 17035 pagerankX.cc:154] TrainLog: fid-20;0.006005;83946;70759;154705;746281;56270;
I0804 23:10:32.056202 15716 pagerankX.cc:154] TrainLog: fid-21;0.005955;84215;59114;143329;881595;75494;
I0804 23:10:32.082883 26266 pagerankX.cc:154] TrainLog: fid-35;0.004153;84224;38995;123219;519041;36047;
I0804 23:10:32.158412 17034 pagerankX.cc:154] TrainLog: fid-12;0.006295;84224;74677;158901;764938;69591;
I0804 23:10:32.158716 17038 pagerankX.cc:154] TrainLog: fid-44;0.00657;84216;64837;149053;921325;64494;
I0804 23:10:32.213483  7982 pagerankX.cc:154] TrainLog: fid-58;0.006855;84228;62210;146438;925592;92293;
I0804 23:10:32.083564 26263 pagerankX.cc:154] TrainLog: fid-11;0.004845;84209;49763;133972;603967;34784;
I0804 23:10:32.045838  5096 pagerankX.cc:154] TrainLog: fid-48;0.007747;84200;95125;179325;936805;106898;
I0804 23:10:32.094877 24179 pagerankX.cc:154] TrainLog: fid-31;0.007076;79043;74777;153820;1083119;60463;
I0804 23:10:32.144322 15461 pagerankX.cc:154] TrainLog: fid-25;0.006898;84209;79914;164123;900372;99538;
I0804 23:10:32.046474  5091 pagerankX.cc:154] TrainLog: fid-8;0.008394;54520;153783;208303;828179;127385;
I0804 23:10:32.144737 15460 pagerankX.cc:154] TrainLog: fid-17;0.00735;82581;91642;174223;833694;98186;
I0804 23:10:32.095978 24180 pagerankX.cc:154] TrainLog: fid-39;0.00817;84209;80798;165007;1044831;85756;
I0804 23:10:32.144950 15463 pagerankX.cc:154] TrainLog: fid-41;0.007525;84226;79146;163372;1001615;76071;
I0804 23:10:32.160782 17036 pagerankX.cc:154] TrainLog: fid-28;0.008638;84200;106454;190654;1138857;96045;
I0804 23:10:32.163038 30443 pagerankX.cc:154] TrainLog: fid-46;0.008604;84224;94833;179057;1212840;97442;
I0804 23:10:32.145578 15464 pagerankX.cc:154] TrainLog: fid-49;0.008189;80634;109603;190237;1034819;104239;
I0804 23:10:32.086138 26268 pagerankX.cc:154] TrainLog: fid-51;0.007376;84173;57027;141200;1008130;46972;
I0804 23:10:32.161674 17033 pagerankX.cc:154] TrainLog: fid-4;0.009521;84165;96871;181036;1264647;85563;
I0804 23:10:32.048063  5094 pagerankX.cc:154] TrainLog: fid-32;0.009974;84205;123055;207260;1181299;167751;
I0804 23:10:32.161831 17037 pagerankX.cc:154] TrainLog: fid-36;0.009713;84191;103630;187821;1247845;104446;
I0804 23:10:32.164213 30444 pagerankX.cc:154] TrainLog: fid-54;0.00978;78067;141682;219749;1066503;107079;
I0804 23:10:32.146313 15462 pagerankX.cc:154] TrainLog: fid-33;0.00891;84218;93584;177802;1168862;93824;
I0804 23:10:32.216873  7980 pagerankX.cc:154] TrainLog: fid-42;0.010222;84202;107090;191292;1563104;107760;
I0804 23:10:32.097844 24177 pagerankX.cc:154] TrainLog: fid-15;0.010059;84222;117070;201292;1413131;143870;
I0804 23:10:32.097956 24182 pagerankX.cc:154] TrainLog: fid-55;0.010153;84224;111883;196107;1107375;127558;
I0804 23:10:32.098189 24181 pagerankX.cc:154] TrainLog: fid-47;0.010415;82029;132537;214566;1139729;125990;
I0804 23:10:32.088045 26267 pagerankX.cc:154] TrainLog: fid-43;0.009318;69759;138379;208138;971666;113791;
I0804 23:10:32.088871 26262 pagerankX.cc:154] TrainLog: fid-3;0.010128;68069;139816;207885;822157;103030;
I0804 23:10:32.062741 15717 pagerankX.cc:154] TrainLog: fid-29;0.012491;84206;174361;258567;1580062;217674;
I0804 23:10:32.219923  7976 pagerankX.cc:154] TrainLog: fid-10;0.013309;84232;150997;235229;1959471;182642;
I0804 23:10:32.090180 26269 pagerankX.cc:154] TrainLog: fid-59;0.011451;49107;176971;226078;726698;98237;
I0804 23:10:32.152581 15458 pagerankX.cc:154] TrainLog: fid-1;0.015199;84228;185158;269386;1396748;197761;
I0804 23:10:32.095413 26264 pagerankX.cc:154] TrainLog: fid-19;0.016692;84212;155903;240115;2122591;209440;
I0804 23:10:32.096953 26265 pagerankX.cc:154] TrainLog: fid-27;0.018235;84218;193747;277965;2300002;335172;
I0804 23:10:32.229091  7981 pagerankX.cc:154] TrainLog: fid-50;0.001631;44761;17980;62741;140738;22341;
I0804 23:10:32.229961  7979 pagerankX.cc:154] TrainLog: fid-34;0.002506;43513;40170;83683;240401;35315;
I0804 23:10:32.062057  5093 pagerankX.cc:154] TrainLog: fid-24;0.003118;74218;30016;104234;388307;30789;
I0804 23:10:32.074157 15720 pagerankX.cc:154] TrainLog: fid-53;0.003097;35841;50712;86553;304089;38242;
I0804 23:10:32.230857  7975 pagerankX.cc:154] TrainLog: fid-2;0.003403;69979;40833;110812;422723;31649;
I0804 23:10:32.074358 15715 pagerankX.cc:154] TrainLog: fid-13;0.003315;68278;32673;100951;393419;25924;
I0804 23:10:32.062646  5095 pagerankX.cc:154] TrainLog: fid-40;0.003723;64637;46682;111319;414539;39730;
I0804 23:10:32.231117  7977 pagerankX.cc:154] TrainLog: fid-18;0.003663;84232;44109;128341;452219;38383;
I0804 23:10:32.178689 30438 pagerankX.cc:154] TrainLog: fid-6;0.003386;84178;32504;116682;413169;33868;
I0804 23:10:32.178896 30440 pagerankX.cc:154] TrainLog: fid-22;0.00358;57648;49984;107632;404607;44745;
I0804 23:10:32.062919  5092 pagerankX.cc:154] TrainLog: fid-16;0.003974;53384;64307;117691;392595;51307;
I0804 23:10:32.074647 15718 pagerankX.cc:154] TrainLog: fid-37;0.003596;52649;45677;98326;490241;32973;
I0804 23:10:32.074988 15719 pagerankX.cc:154] TrainLog: fid-45;0.003928;44749;55812;100561;360972;48124;
I0804 23:10:32.161175 15465 pagerankX.cc:154] TrainLog: fid-57;0.00419;84220;45516;129736;502410;37223;
I0804 23:10:32.161278 15459 pagerankX.cc:154] TrainLog: fid-9;0.004313;76669;46183;122852;575334;31880;
I0804 23:10:32.179328 30442 pagerankX.cc:154] TrainLog: fid-38;0.004001;84191;43668;127859;503551;33629;
I0804 23:10:32.179348 30445 pagerankX.cc:154] TrainLog: fid-62;0.004056;84225;43574;127799;497253;38727;
I0804 23:10:32.231751  7978 pagerankX.cc:154] TrainLog: fid-26;0.004293;84214;45118;129332;537092;46668;
I0804 23:10:32.101828 26266 pagerankX.cc:154] TrainLog: fid-35;0.00415;84224;38995;123219;519041;36047;
I0804 23:10:32.177261 17039 pagerankX.cc:154] TrainLog: fid-52;0.004298;84223;43351;127574;531617;37955;
I0804 23:10:32.112396 24183 pagerankX.cc:154] TrainLog: fid-63;0.003987;84227;27786;112013;618695;23490;
I0804 23:10:32.112680 24176 pagerankX.cc:154] TrainLog: fid-7;0.00432;84223;38822;123045;513729;35811;
I0804 23:10:32.112900 24178 pagerankX.cc:154] TrainLog: fid-23;0.004507;80147;46526;126673;562692;41853;
I0804 23:10:32.102550 26263 pagerankX.cc:154] TrainLog: fid-11;0.004844;84209;49763;133972;603967;34784;
I0804 23:10:32.076050 15721 pagerankX.cc:154] TrainLog: fid-61;0.005027;76057;60896;136953;610582;63159;
I0804 23:10:32.178150 17040 pagerankX.cc:154] TrainLog: fid-60;0.005185;84225;52407;136632;625507;56286;
I0804 23:10:32.076517 15714 pagerankX.cc:154] TrainLog: fid-5;0.005479;84216;63806;148022;729860;46547;
I0804 23:10:32.064810  5097 pagerankX.cc:154] TrainLog: fid-56;0.005854;84214;65462;149676;715618;62256;
I0804 23:10:32.180909 30439 pagerankX.cc:154] TrainLog: fid-14;0.005608;84227;52214;136441;842109;48997;
I0804 23:10:32.076807 15716 pagerankX.cc:154] TrainLog: fid-21;0.005791;84215;59114;143329;881595;75494;
I0804 23:10:32.065054  5090 pagerankX.cc:154] TrainLog: fid-0;0.006109;84225;71443;155668;785132;89096;
I0804 23:10:32.181037 30441 pagerankX.cc:154] TrainLog: fid-30;0.005723;45973;96649;142622;673657;64548;
I0804 23:10:32.178951 17035 pagerankX.cc:154] TrainLog: fid-20;0.00599;83946;70759;154705;746281;56270;
I0804 23:10:32.179229 17034 pagerankX.cc:154] TrainLog: fid-12;0.006269;84224;74677;158901;764938;69591;
I0804 23:10:32.234055  7982 pagerankX.cc:154] TrainLog: fid-58;0.006629;84228;62210;146438;925592;92293;
I0804 23:10:32.179508 17038 pagerankX.cc:154] TrainLog: fid-44;0.006547;84216;64837;149053;921325;64494;
I0804 23:10:32.163990 15461 pagerankX.cc:154] TrainLog: fid-25;0.007028;84209;79914;164123;900372;99538;
I0804 23:10:32.164151 15463 pagerankX.cc:154] TrainLog: fid-41;0.007174;84226;79146;163372;1001615;76071;
I0804 23:10:32.066303  5096 pagerankX.cc:154] TrainLog: fid-48;0.007351;84200;95125;179325;936805;106898;
I0804 23:10:32.115324 24179 pagerankX.cc:154] TrainLog: fid-31;0.006931;79043;74777;153820;1083119;60463;
I0804 23:10:32.104969 26268 pagerankX.cc:154] TrainLog: fid-51;0.007257;84173;57027;141200;1008130;46972;
I0804 23:10:32.066975  5091 pagerankX.cc:154] TrainLog: fid-8;0.008051;54520;153783;208303;828179;127385;
I0804 23:10:32.164958 15460 pagerankX.cc:154] TrainLog: fid-17;0.007984;82581;91642;174223;833694;98186;
I0804 23:10:32.165077 15464 pagerankX.cc:154] TrainLog: fid-49;0.008101;80634;109603;190237;1034819;104239;
I0804 23:10:32.116544 24180 pagerankX.cc:154] TrainLog: fid-39;0.008151;84209;80798;165007;1044831;85756;
I0804 23:10:32.181434 17036 pagerankX.cc:154] TrainLog: fid-28;0.008488;84200;106454;190654;1138857;96045;
I0804 23:10:32.165601 15462 pagerankX.cc:154] TrainLog: fid-33;0.008632;84218;93584;177802;1168862;93824;
I0804 23:10:32.183830 30443 pagerankX.cc:154] TrainLog: fid-46;0.00851;84224;94833;179057;1212840;97442;
I0804 23:10:32.106328 26262 pagerankX.cc:154] TrainLog: fid-3;0.008648;68069;139816;207885;822157;103030;
I0804 23:10:32.182117 17033 pagerankX.cc:154] TrainLog: fid-4;0.009176;84165;96871;181036;1264647;85563;
I0804 23:10:32.107097 26267 pagerankX.cc:154] TrainLog: fid-43;0.009392;69759;138379;208138;971666;113791;
I0804 23:10:32.117733 24182 pagerankX.cc:154] TrainLog: fid-55;0.009365;84224;111883;196107;1107375;127558;
I0804 23:10:32.182607 17037 pagerankX.cc:154] TrainLog: fid-36;0.009685;84191;103630;187821;1247845;104446;
I0804 23:10:32.068863  5094 pagerankX.cc:154] TrainLog: fid-32;0.009917;84205;123055;207260;1181299;167751;
I0804 23:10:32.184888 30444 pagerankX.cc:154] TrainLog: fid-54;0.0096;78067;141682;219749;1066503;107079;
I0804 23:10:32.237454  7980 pagerankX.cc:154] TrainLog: fid-42;0.009997;84202;107090;191292;1563104;107760;
I0804 23:10:32.118377 24177 pagerankX.cc:154] TrainLog: fid-15;0.010004;84222;117070;201292;1413131;143870;
I0804 23:10:32.107810 26269 pagerankX.cc:154] TrainLog: fid-59;0.010134;49107;176971;226078;726698;98237;
I0804 23:10:32.118659 24181 pagerankX.cc:154] TrainLog: fid-47;0.010252;82029;132537;214566;1139729;125990;
I0804 23:10:32.083339 15717 pagerankX.cc:154] TrainLog: fid-29;0.012295;84206;174361;258567;1580062;217674;
I0804 23:10:32.240733  7976 pagerankX.cc:154] TrainLog: fid-10;0.013293;84232;150997;235229;1959471;182642;
I0804 23:10:32.172590 15458 pagerankX.cc:154] TrainLog: fid-1;0.015622;84228;185158;269386;1396748;197761;
I0804 23:10:32.114332 26264 pagerankX.cc:154] TrainLog: fid-19;0.016659;84212;155903;240115;2122591;209440;
I0804 23:10:32.115094 26265 pagerankX.cc:154] TrainLog: fid-27;0.017389;84218;193747;277965;2300002;335172;
I0804 23:10:32.248257  7981 pagerankX.cc:154] TrainLog: fid-50;0.001604;44761;17980;62741;140738;22341;
I0804 23:10:32.249231  7979 pagerankX.cc:154] TrainLog: fid-34;0.002581;43513;40170;83683;240401;35315;
I0804 23:10:32.081243  5093 pagerankX.cc:154] TrainLog: fid-24;0.003136;74218;30016;104234;388307;30789;
I0804 23:10:32.250088  7975 pagerankX.cc:154] TrainLog: fid-2;0.003452;69979;40833;110812;422723;31649;
I0804 23:10:32.093508 15720 pagerankX.cc:154] TrainLog: fid-53;0.003079;35841;50712;86553;304089;38242;
I0804 23:10:32.081858  5095 pagerankX.cc:154] TrainLog: fid-40;0.003753;64637;46682;111319;414539;39730;
I0804 23:10:32.250269  7977 pagerankX.cc:154] TrainLog: fid-18;0.003621;84232;44109;128341;452219;38383;
I0804 23:10:32.093663 15715 pagerankX.cc:154] TrainLog: fid-13;0.003251;68278;32673;100951;393419;25924;
I0804 23:10:32.197878 30438 pagerankX.cc:154] TrainLog: fid-6;0.003345;84178;32504;116682;413169;33868;
I0804 23:10:32.082065  5092 pagerankX.cc:154] TrainLog: fid-16;0.003967;53384;64307;117691;392595;51307;
I0804 23:10:32.198062 30440 pagerankX.cc:154] TrainLog: fid-22;0.003541;57648;49984;107632;404607;44745;
I0804 23:10:32.093942 15719 pagerankX.cc:154] TrainLog: fid-45;0.003513;44749;55812;100561;360972;48124;
I0804 23:10:32.094182 15718 pagerankX.cc:154] TrainLog: fid-37;0.003756;52649;45677;98326;490241;32973;
I0804 23:10:32.180354 15465 pagerankX.cc:154] TrainLog: fid-57;0.004187;84220;45516;129736;502410;37223;
I0804 23:10:32.180500 15459 pagerankX.cc:154] TrainLog: fid-9;0.004353;76669;46183;122852;575334;31880;
I0804 23:10:32.198549 30445 pagerankX.cc:154] TrainLog: fid-62;0.004051;84225;43574;127799;497253;38727;
I0804 23:10:32.198559 30442 pagerankX.cc:154] TrainLog: fid-38;0.004015;84191;43668;127859;503551;33629;
I0804 23:10:32.250993  7978 pagerankX.cc:154] TrainLog: fid-26;0.004356;84214;45118;129332;537092;46668;
I0804 23:10:32.131611 24183 pagerankX.cc:154] TrainLog: fid-63;0.003977;84227;27786;112013;618695;23490;
I0804 23:10:32.121040 26266 pagerankX.cc:154] TrainLog: fid-35;0.004152;84224;38995;123219;519041;36047;
I0804 23:10:32.196529 17039 pagerankX.cc:154] TrainLog: fid-52;0.004169;84223;43351;127574;531617;37955;
I0804 23:10:32.131793 24176 pagerankX.cc:154] TrainLog: fid-7;0.004177;84223;38822;123045;513729;35811;
I0804 23:10:32.132097 24178 pagerankX.cc:154] TrainLog: fid-23;0.004481;80147;46526;126673;562692;41853;
I0804 23:10:32.121765 26263 pagerankX.cc:154] TrainLog: fid-11;0.004862;84209;49763;133972;603967;34784;
I0804 23:10:32.095443 15721 pagerankX.cc:154] TrainLog: fid-61;0.005014;76057;60896;136953;610582;63159;
I0804 23:10:32.095742 15714 pagerankX.cc:154] TrainLog: fid-5;0.005329;84216;63806;148022;729860;46547;
I0804 23:10:32.197697 17040 pagerankX.cc:154] TrainLog: fid-60;0.005307;84225;52407;136632;625507;56286;
I0804 23:10:32.084062  5097 pagerankX.cc:154] TrainLog: fid-56;0.005955;84214;65462;149676;715618;62256;
I0804 23:10:32.084182  5090 pagerankX.cc:154] TrainLog: fid-0;0.006081;84225;71443;155668;785132;89096;
I0804 23:10:32.200109 30439 pagerankX.cc:154] TrainLog: fid-14;0.005599;84227;52214;136441;842109;48997;
I0804 23:10:32.200240 30441 pagerankX.cc:154] TrainLog: fid-30;0.005707;45973;96649;142622;673657;64548;
I0804 23:10:32.198422 17035 pagerankX.cc:154] TrainLog: fid-20;0.006045;83946;70759;154705;746281;56270;
I0804 23:10:32.198527 17034 pagerankX.cc:154] TrainLog: fid-12;0.006151;84224;74677;158901;764938;69591;
I0804 23:10:32.096508 15716 pagerankX.cc:154] TrainLog: fid-21;0.006084;84215;59114;143329;881595;75494;
I0804 23:10:32.253309  7982 pagerankX.cc:154] TrainLog: fid-58;0.006661;84228;62210;146438;925592;92293;
I0804 23:10:32.182950 15461 pagerankX.cc:154] TrainLog: fid-25;0.006792;84209;79914;164123;900372;99538;
I0804 23:10:32.183200 15460 pagerankX.cc:154] TrainLog: fid-17;0.007076;82581;91642;174223;833694;98186;
I0804 23:10:32.199101 17038 pagerankX.cc:154] TrainLog: fid-44;0.00671;84216;64837;149053;921325;64494;
I0804 23:10:32.183363 15463 pagerankX.cc:154] TrainLog: fid-41;0.0072;84226;79146;163372;1001615;76071;
I0804 23:10:32.085480  5096 pagerankX.cc:154] TrainLog: fid-48;0.007374;84200;95125;179325;936805;106898;
I0804 23:10:32.134562 24179 pagerankX.cc:154] TrainLog: fid-31;0.006954;79043;74777;153820;1083119;60463;
I0804 23:10:32.124212 26268 pagerankX.cc:154] TrainLog: fid-51;0.00729;84173;57027;141200;1008130;46972;
I0804 23:10:32.086179  5091 pagerankX.cc:154] TrainLog: fid-8;0.008089;54520;153783;208303;828179;127385;
I0804 23:10:32.184252 15464 pagerankX.cc:154] TrainLog: fid-49;0.008092;80634;109603;190237;1034819;104239;
I0804 23:10:32.135834 24180 pagerankX.cc:154] TrainLog: fid-39;0.008202;84209;80798;165007;1044831;85756;
I0804 23:10:32.184837 15462 pagerankX.cc:154] TrainLog: fid-33;0.00868;84218;93584;177802;1168862;93824;
I0804 23:10:32.203009 30443 pagerankX.cc:154] TrainLog: fid-46;0.008469;84224;94833;179057;1212840;97442;
I0804 23:10:32.200871 17036 pagerankX.cc:154] TrainLog: fid-28;0.008499;84200;106454;190654;1138857;96045;
I0804 23:10:32.125450 26262 pagerankX.cc:154] TrainLog: fid-3;0.008548;68069;139816;207885;822157;103030;
I0804 23:10:32.201272 17037 pagerankX.cc:154] TrainLog: fid-36;0.008927;84191;103630;187821;1247845;104446;
I0804 23:10:32.201455 17033 pagerankX.cc:154] TrainLog: fid-4;0.009083;84165;96871;181036;1264647;85563;
I0804 23:10:32.126253 26267 pagerankX.cc:154] TrainLog: fid-43;0.009337;69759;138379;208138;971666;113791;
I0804 23:10:32.088001  5094 pagerankX.cc:154] TrainLog: fid-32;0.009889;84205;123055;207260;1181299;167751;
I0804 23:10:32.204028 30444 pagerankX.cc:154] TrainLog: fid-54;0.009481;78067;141682;219749;1066503;107079;
I0804 23:10:32.137116 24182 pagerankX.cc:154] TrainLog: fid-55;0.009486;84224;111883;196107;1107375;127558;
I0804 23:10:32.256656  7980 pagerankX.cc:154] TrainLog: fid-42;0.010006;84202;107090;191292;1563104;107760;
I0804 23:10:32.137490 24177 pagerankX.cc:154] TrainLog: fid-15;0.009882;84222;117070;201292;1413131;143870;
I0804 23:10:32.126976 26269 pagerankX.cc:154] TrainLog: fid-59;0.010088;49107;176971;226078;726698;98237;
I0804 23:10:32.138398 24181 pagerankX.cc:154] TrainLog: fid-47;0.010767;82029;132537;214566;1139729;125990;
I0804 23:10:32.102785 15717 pagerankX.cc:154] TrainLog: fid-29;0.012358;84206;174361;258567;1580062;217674;
I0804 23:10:32.259896  7976 pagerankX.cc:154] TrainLog: fid-10;0.013259;84232;150997;235229;1959471;182642;
I0804 23:10:32.190346 15458 pagerankX.cc:154] TrainLog: fid-1;0.01423;84228;185158;269386;1396748;197761;
I0804 23:10:32.133402 26264 pagerankX.cc:154] TrainLog: fid-19;0.016521;84212;155903;240115;2122591;209440;
I0804 23:10:32.135987 26265 pagerankX.cc:154] TrainLog: fid-27;0.019082;84218;193747;277965;2300002;335172;
I0804 23:10:32.268214  7981 pagerankX.cc:154] TrainLog: fid-50;0.001614;44761;17980;62741;140738;22341;
I0804 23:10:32.269119  7979 pagerankX.cc:154] TrainLog: fid-34;0.002526;43513;40170;83683;240401;35315;
I0804 23:10:32.101225  5093 pagerankX.cc:154] TrainLog: fid-24;0.003157;74218;30016;104234;388307;30789;
I0804 23:10:32.113340 15720 pagerankX.cc:154] TrainLog: fid-53;0.00316;35841;50712;86553;304089;38242;
I0804 23:10:32.113369 15715 pagerankX.cc:154] TrainLog: fid-13;0.003205;68278;32673;100951;393419;25924;
I0804 23:10:32.270022  7975 pagerankX.cc:154] TrainLog: fid-2;0.003432;69979;40833;110812;422723;31649;
I0804 23:10:32.101778  5095 pagerankX.cc:154] TrainLog: fid-40;0.003739;64637;46682;111319;414539;39730;
I0804 23:10:32.270208  7977 pagerankX.cc:154] TrainLog: fid-18;0.003618;84232;44109;128341;452219;38383;
I0804 23:10:32.217890 30438 pagerankX.cc:154] TrainLog: fid-6;0.003352;84178;32504;116682;413169;33868;
I0804 23:10:32.102012  5092 pagerankX.cc:154] TrainLog: fid-16;0.003951;53384;64307;117691;392595;51307;
I0804 23:10:32.218112 30440 pagerankX.cc:154] TrainLog: fid-22;0.003575;57648;49984;107632;404607;44745;
I0804 23:10:32.113888 15718 pagerankX.cc:154] TrainLog: fid-37;0.003709;52649;45677;98326;490241;32973;
I0804 23:10:32.114001 15719 pagerankX.cc:154] TrainLog: fid-45;0.00382;44749;55812;100561;360972;48124;
I0804 23:10:32.200237 15465 pagerankX.cc:154] TrainLog: fid-57;0.004148;84220;45516;129736;502410;37223;
I0804 23:10:32.200357 15459 pagerankX.cc:154] TrainLog: fid-9;0.004288;76669;46183;122852;575334;31880;
I0804 23:10:32.216346 17039 pagerankX.cc:154] TrainLog: fid-52;0.004104;84223;43351;127574;531617;37955;
I0804 23:10:32.270905  7978 pagerankX.cc:154] TrainLog: fid-26;0.004308;84214;45118;129332;537092;46668;
I0804 23:10:32.218574 30445 pagerankX.cc:154] TrainLog: fid-62;0.004062;84225;43574;127799;497253;38727;
I0804 23:10:32.218616 30442 pagerankX.cc:154] TrainLog: fid-38;0.004076;84191;43668;127859;503551;33629;
I0804 23:10:32.151700 24183 pagerankX.cc:154] TrainLog: fid-63;0.003979;84227;27786;112013;618695;23490;
I0804 23:10:32.151813 24176 pagerankX.cc:154] TrainLog: fid-7;0.004107;84223;38822;123045;513729;35811;
I0804 23:10:32.141203 26266 pagerankX.cc:154] TrainLog: fid-35;0.004186;84224;38995;123219;519041;36047;
I0804 23:10:32.152194 24178 pagerankX.cc:154] TrainLog: fid-23;0.004488;80147;46526;126673;562692;41853;
I0804 23:10:32.115169 15721 pagerankX.cc:154] TrainLog: fid-61;0.004981;76057;60896;136953;610582;63159;
I0804 23:10:32.141850 26263 pagerankX.cc:154] TrainLog: fid-11;0.004846;84209;49763;133972;603967;34784;
I0804 23:10:32.217479 17040 pagerankX.cc:154] TrainLog: fid-60;0.005205;84225;52407;136632;625507;56286;
I0804 23:10:32.103794  5097 pagerankX.cc:154] TrainLog: fid-56;0.005726;84214;65462;149676;715618;62256;
I0804 23:10:32.115720 15714 pagerankX.cc:154] TrainLog: fid-5;0.005555;84216;63806;148022;729860;46547;
I0804 23:10:32.104143  5090 pagerankX.cc:154] TrainLog: fid-0;0.006093;84225;71443;155668;785132;89096;
I0804 23:10:32.220115 30439 pagerankX.cc:154] TrainLog: fid-14;0.005583;84227;52214;136441;842109;48997;
I0804 23:10:32.220196 30441 pagerankX.cc:154] TrainLog: fid-30;0.005663;45973;96649;142622;673657;64548;
I0804 23:10:32.116124 15716 pagerankX.cc:154] TrainLog: fid-21;0.005948;84215;59114;143329;881595;75494;
I0804 23:10:32.218277 17035 pagerankX.cc:154] TrainLog: fid-20;0.006017;83946;70759;154705;746281;56270;
I0804 23:10:32.218569 17034 pagerankX.cc:154] TrainLog: fid-12;0.006301;84224;74677;158901;764938;69591;
I0804 23:10:32.202816 15461 pagerankX.cc:154] TrainLog: fid-25;0.006735;84209;79914;164123;900372;99538;
I0804 23:10:32.273245  7982 pagerankX.cc:154] TrainLog: fid-58;0.006651;84228;62210;146438;925592;92293;
I0804 23:10:32.218876 17038 pagerankX.cc:154] TrainLog: fid-44;0.006604;84216;64837;149053;921325;64494;
I0804 23:10:32.203188 15460 pagerankX.cc:154] TrainLog: fid-17;0.007106;82581;91642;174223;833694;98186;
I0804 23:10:32.203230 15463 pagerankX.cc:154] TrainLog: fid-41;0.007148;84226;79146;163372;1001615;76071;
I0804 23:10:32.105434  5096 pagerankX.cc:154] TrainLog: fid-48;0.007367;84200;95125;179325;936805;106898;
I0804 23:10:32.154635 24179 pagerankX.cc:154] TrainLog: fid-31;0.006934;79043;74777;153820;1083119;60463;
I0804 23:10:32.144304 26268 pagerankX.cc:154] TrainLog: fid-51;0.00728;84173;57027;141200;1008130;46972;
I0804 23:10:32.106106  5091 pagerankX.cc:154] TrainLog: fid-8;0.008053;54520;153783;208303;828179;127385;
I0804 23:10:32.204170 15464 pagerankX.cc:154] TrainLog: fid-49;0.008088;80634;109603;190237;1034819;104239;
I0804 23:10:32.204670 15462 pagerankX.cc:154] TrainLog: fid-33;0.008592;84218;93584;177802;1168862;93824;
I0804 23:10:32.155921 24180 pagerankX.cc:154] TrainLog: fid-39;0.008198;84209;80798;165007;1044831;85756;
I0804 23:10:32.223186 30443 pagerankX.cc:154] TrainLog: fid-46;0.008644;84224;94833;179057;1212840;97442;
I0804 23:10:32.145593 26262 pagerankX.cc:154] TrainLog: fid-3;0.008592;68069;139816;207885;822157;103030;
I0804 23:10:32.221025 17036 pagerankX.cc:154] TrainLog: fid-28;0.008769;84200;106454;190654;1138857;96045;
I0804 23:10:32.221114 17037 pagerankX.cc:154] TrainLog: fid-36;0.008882;84191;103630;187821;1247845;104446;
I0804 23:10:32.221302 17033 pagerankX.cc:154] TrainLog: fid-4;0.009044;84165;96871;181036;1264647;85563;
I0804 23:10:32.108003  5094 pagerankX.cc:154] TrainLog: fid-32;0.009971;84205;123055;207260;1181299;167751;
I0804 23:10:32.146369 26267 pagerankX.cc:154] TrainLog: fid-43;0.009352;69759;138379;208138;971666;113791;
I0804 23:10:32.156997 24182 pagerankX.cc:154] TrainLog: fid-55;0.009276;84224;111883;196107;1107375;127558;
I0804 23:10:32.224136 30444 pagerankX.cc:154] TrainLog: fid-54;0.009589;78067;141682;219749;1066503;107079;
I0804 23:10:32.276612  7980 pagerankX.cc:154] TrainLog: fid-42;0.010014;84202;107090;191292;1563104;107760;
I0804 23:10:32.157606 24177 pagerankX.cc:154] TrainLog: fid-15;0.009906;84222;117070;201292;1413131;143870;
I0804 23:10:32.147081 26269 pagerankX.cc:154] TrainLog: fid-59;0.010093;49107;176971;226078;726698;98237;
I0804 23:10:32.158562 24181 pagerankX.cc:154] TrainLog: fid-47;0.01085;82029;132537;214566;1139729;125990;
I0804 23:10:32.122575 15717 pagerankX.cc:154] TrainLog: fid-29;0.012409;84206;174361;258567;1580062;217674;
I0804 23:10:32.209309 15458 pagerankX.cc:154] TrainLog: fid-1;0.013243;84228;185158;269386;1396748;197761;
I0804 23:10:32.279794  7976 pagerankX.cc:154] TrainLog: fid-10;0.013214;84232;150997;235229;1959471;182642;
I0804 23:10:32.155021 26265 pagerankX.cc:154] TrainLog: fid-27;0.018041;84218;193747;277965;2300002;335172;
I0804 23:10:32.155112 26264 pagerankX.cc:154] TrainLog: fid-19;0.018128;84212;155903;240115;2122591;209440;
I0804 23:10:32.288350  7981 pagerankX.cc:154] TrainLog: fid-50;0.001607;44761;17980;62741;140738;22341;
I0804 23:10:32.289266  7979 pagerankX.cc:154] TrainLog: fid-34;0.002526;43513;40170;83683;240401;35315;
I0804 23:10:32.121206  5093 pagerankX.cc:154] TrainLog: fid-24;0.003152;74218;30016;104234;388307;30789;
I0804 23:10:32.133324 15720 pagerankX.cc:154] TrainLog: fid-53;0.003127;35841;50712;86553;304089;38242;
I0804 23:10:32.121753  5095 pagerankX.cc:154] TrainLog: fid-40;0.003733;64637;46682;111319;414539;39730;
I0804 23:10:32.133478 15715 pagerankX.cc:154] TrainLog: fid-13;0.003298;68278;32673;100951;393419;25924;
I0804 23:10:32.290156  7975 pagerankX.cc:154] TrainLog: fid-2;0.003431;69979;40833;110812;422723;31649;
I0804 23:10:32.237792 30438 pagerankX.cc:154] TrainLog: fid-6;0.003345;84178;32504;116682;413169;33868;
I0804 23:10:32.290343  7977 pagerankX.cc:154] TrainLog: fid-18;0.003616;84232;44109;128341;452219;38383;
I0804 23:10:32.133710 15719 pagerankX.cc:154] TrainLog: fid-45;0.003514;44749;55812;100561;360972;48124;
I0804 23:10:32.121997  5092 pagerankX.cc:154] TrainLog: fid-16;0.003949;53384;64307;117691;392595;51307;
I0804 23:10:32.238006 30440 pagerankX.cc:154] TrainLog: fid-22;0.003545;57648;49984;107632;404607;44745;
I0804 23:10:32.133975 15718 pagerankX.cc:154] TrainLog: fid-37;0.003781;52649;45677;98326;490241;32973;
I0804 23:10:32.220191 15465 pagerankX.cc:154] TrainLog: fid-57;0.004156;84220;45516;129736;502410;37223;
I0804 23:10:32.220278 15459 pagerankX.cc:154] TrainLog: fid-9;0.004266;76669;46183;122852;575334;31880;
I0804 23:10:32.238502 30445 pagerankX.cc:154] TrainLog: fid-62;0.004062;84225;43574;127799;497253;38727;
I0804 23:10:32.238548 30442 pagerankX.cc:154] TrainLog: fid-38;0.004085;84191;43668;127859;503551;33629;
I0804 23:10:32.236374 17039 pagerankX.cc:154] TrainLog: fid-52;0.004126;84223;43351;127574;531617;37955;
I0804 23:10:32.291059  7978 pagerankX.cc:154] TrainLog: fid-26;0.004333;84214;45118;129332;537092;46668;
I0804 23:10:32.171985 24183 pagerankX.cc:154] TrainLog: fid-63;0.004007;84227;27786;112013;618695;23490;
I0804 23:10:32.161365 26266 pagerankX.cc:154] TrainLog: fid-35;0.004145;84224;38995;123219;519041;36047;
I0804 23:10:32.172050 24176 pagerankX.cc:154] TrainLog: fid-7;0.00409;84223;38822;123045;513729;35811;
I0804 23:10:32.172417 24178 pagerankX.cc:154] TrainLog: fid-23;0.004437;80147;46526;126673;562692;41853;
I0804 23:10:32.135213 15721 pagerankX.cc:154] TrainLog: fid-61;0.005016;76057;60896;136953;610582;63159;
I0804 23:10:32.135495 15714 pagerankX.cc:154] TrainLog: fid-5;0.005317;84216;63806;148022;729860;46547;
I0804 23:10:32.123762  5097 pagerankX.cc:154] TrainLog: fid-56;0.005711;84214;65462;149676;715618;62256;
I0804 23:10:32.162070 26263 pagerankX.cc:154] TrainLog: fid-11;0.004831;84209;49763;133972;603967;34784;
I0804 23:10:32.237561 17040 pagerankX.cc:154] TrainLog: fid-60;0.005278;84225;52407;136632;625507;56286;
I0804 23:10:32.124130  5090 pagerankX.cc:154] TrainLog: fid-0;0.006081;84225;71443;155668;785132;89096;
I0804 23:10:32.240041 30439 pagerankX.cc:154] TrainLog: fid-14;0.005591;84227;52214;136441;842109;48997;
I0804 23:10:32.240124 30441 pagerankX.cc:154] TrainLog: fid-30;0.005675;45973;96649;142622;673657;64548;
I0804 23:10:32.136055 15716 pagerankX.cc:154] TrainLog: fid-21;0.005865;84215;59114;143329;881595;75494;
I0804 23:10:32.238312 17034 pagerankX.cc:154] TrainLog: fid-12;0.006052;84224;74677;158901;764938;69591;
I0804 23:10:32.238358 17035 pagerankX.cc:154] TrainLog: fid-20;0.006084;83946;70759;154705;746281;56270;
I0804 23:10:32.222750 15461 pagerankX.cc:154] TrainLog: fid-25;0.006723;84209;79914;164123;900372;99538;
I0804 23:10:32.293385  7982 pagerankX.cc:154] TrainLog: fid-58;0.006647;84228;62210;146438;925592;92293;
I0804 23:10:32.238824 17038 pagerankX.cc:154] TrainLog: fid-44;0.006559;84216;64837;149053;921325;64494;
I0804 23:10:32.223088 15460 pagerankX.cc:154] TrainLog: fid-17;0.007071;82581;91642;174223;833694;98186;
I0804 23:10:32.223157 15463 pagerankX.cc:154] TrainLog: fid-41;0.007129;84226;79146;163372;1001615;76071;
I0804 23:10:32.125399  5096 pagerankX.cc:154] TrainLog: fid-48;0.007348;84200;95125;179325;936805;106898;
I0804 23:10:32.174813 24179 pagerankX.cc:154] TrainLog: fid-31;0.006843;79043;74777;153820;1083119;60463;
I0804 23:10:32.126093  5091 pagerankX.cc:154] TrainLog: fid-8;0.008061;54520;153783;208303;828179;127385;
I0804 23:10:32.224084 15464 pagerankX.cc:154] TrainLog: fid-49;0.008057;80634;109603;190237;1034819;104239;
I0804 23:10:32.164537 26268 pagerankX.cc:154] TrainLog: fid-51;0.00728;84173;57027;141200;1008130;46972;
I0804 23:10:32.224647 15462 pagerankX.cc:154] TrainLog: fid-33;0.00862;84218;93584;177802;1168862;93824;
I0804 23:10:32.240658 17036 pagerankX.cc:154] TrainLog: fid-28;0.008426;84200;106454;190654;1138857;96045;
I0804 23:10:32.176108 24180 pagerankX.cc:154] TrainLog: fid-39;0.008129;84209;80798;165007;1044831;85756;
I0804 23:10:32.243091 30443 pagerankX.cc:154] TrainLog: fid-46;0.008625;84224;94833;179057;1212840;97442;
I0804 23:10:32.241170 17037 pagerankX.cc:154] TrainLog: fid-36;0.008906;84191;103630;187821;1247845;104446;
I0804 23:10:32.165822 26262 pagerankX.cc:154] TrainLog: fid-3;0.008586;68069;139816;207885;822157;103030;
I0804 23:10:32.241400 17033 pagerankX.cc:154] TrainLog: fid-4;0.009141;84165;96871;181036;1264647;85563;
I0804 23:10:32.128003  5094 pagerankX.cc:154] TrainLog: fid-32;0.009954;84205;123055;207260;1181299;167751;
I0804 23:10:32.244036 30444 pagerankX.cc:154] TrainLog: fid-54;0.009604;78067;141682;219749;1066503;107079;
I0804 23:10:32.177228 24182 pagerankX.cc:154] TrainLog: fid-55;0.009251;84224;111883;196107;1107375;127558;
I0804 23:10:32.166599 26267 pagerankX.cc:154] TrainLog: fid-43;0.009347;69759;138379;208138;971666;113791;
I0804 23:10:32.296757  7980 pagerankX.cc:154] TrainLog: fid-42;0.010018;84202;107090;191292;1563104;107760;
I0804 23:10:32.177914 24177 pagerankX.cc:154] TrainLog: fid-15;0.009956;84222;117070;201292;1413131;143870;
I0804 23:10:32.167304 26269 pagerankX.cc:154] TrainLog: fid-59;0.010081;49107;176971;226078;726698;98237;
I0804 23:10:32.178431 24181 pagerankX.cc:154] TrainLog: fid-47;0.010488;82029;132537;214566;1139729;125990;
I0804 23:10:32.142513 15717 pagerankX.cc:154] TrainLog: fid-29;0.012333;84206;174361;258567;1580062;217674;
I0804 23:10:32.229210 15458 pagerankX.cc:154] TrainLog: fid-1;0.013229;84228;185158;269386;1396748;197761;
I0804 23:10:32.299970  7976 pagerankX.cc:154] TrainLog: fid-10;0.013246;84232;150997;235229;1959471;182642;
I0804 23:10:32.175153 26265 pagerankX.cc:154] TrainLog: fid-27;0.017939;84218;193747;277965;2300002;335172;
I0804 23:10:32.175200 26264 pagerankX.cc:154] TrainLog: fid-19;0.017983;84212;155903;240115;2122591;209440;
I0804 23:10:32.308264  7981 pagerankX.cc:154] TrainLog: fid-50;0.001601;44761;17980;62741;140738;22341;
I0804 23:10:32.309183  7979 pagerankX.cc:154] TrainLog: fid-34;0.002522;43513;40170;83683;240401;35315;
I0804 23:10:32.141157  5093 pagerankX.cc:154] TrainLog: fid-24;0.003144;74218;30016;104234;388307;30789;
I0804 23:10:32.153242 15720 pagerankX.cc:154] TrainLog: fid-53;0.003022;35841;50712;86553;304089;38242;
I0804 23:10:32.141700  5095 pagerankX.cc:154] TrainLog: fid-40;0.003726;64637;46682;111319;414539;39730;
I0804 23:10:32.310070  7975 pagerankX.cc:154] TrainLog: fid-2;0.00343;69979;40833;110812;422723;31649;
I0804 23:10:32.153472 15715 pagerankX.cc:154] TrainLog: fid-13;0.003268;68278;32673;100951;393419;25924;
I0804 23:10:32.257719 30438 pagerankX.cc:154] TrainLog: fid-6;0.003353;84178;32504;116682;413169;33868;
I0804 23:10:32.310277  7977 pagerankX.cc:154] TrainLog: fid-18;0.003624;84232;44109;128341;452219;38383;
I0804 23:10:32.153695 15719 pagerankX.cc:154] TrainLog: fid-45;0.003474;44749;55812;100561;360972;48124;
I0804 23:10:32.141947  5092 pagerankX.cc:154] TrainLog: fid-16;0.003945;53384;64307;117691;392595;51307;
I0804 23:10:32.257922 30440 pagerankX.cc:154] TrainLog: fid-22;0.003544;57648;49984;107632;404607;44745;
I0804 23:10:32.153861 15718 pagerankX.cc:154] TrainLog: fid-37;0.003643;52649;45677;98326;490241;32973;
I0804 23:10:32.240110 15465 pagerankX.cc:154] TrainLog: fid-57;0.004128;84220;45516;129736;502410;37223;
I0804 23:10:32.240242 15459 pagerankX.cc:154] TrainLog: fid-9;0.004278;76669;46183;122852;575334;31880;
I0804 23:10:32.256253 17039 pagerankX.cc:154] TrainLog: fid-52;0.004163;84223;43351;127574;531617;37955;
I0804 23:10:32.258441 30445 pagerankX.cc:154] TrainLog: fid-62;0.004086;84225;43574;127799;497253;38727;
I0804 23:10:32.258458 30442 pagerankX.cc:154] TrainLog: fid-38;0.004079;84191;43668;127859;503551;33629;
I0804 23:10:32.310998  7978 pagerankX.cc:154] TrainLog: fid-26;0.004339;84214;45118;129332;537092;46668;
I0804 23:10:32.191887 24183 pagerankX.cc:154] TrainLog: fid-63;0.004025;84227;27786;112013;618695;23490;
I0804 23:10:32.181264 26266 pagerankX.cc:154] TrainLog: fid-35;0.004149;84224;38995;123219;519041;36047;
I0804 23:10:32.191949 24176 pagerankX.cc:154] TrainLog: fid-7;0.004102;84223;38822;123045;513729;35811;
I0804 23:10:32.192260 24178 pagerankX.cc:154] TrainLog: fid-23;0.004414;80147;46526;126673;562692;41853;
I0804 23:10:32.155267 15721 pagerankX.cc:154] TrainLog: fid-61;0.005044;76057;60896;136953;610582;63159;
I0804 23:10:32.257341 17040 pagerankX.cc:154] TrainLog: fid-60;0.005214;84225;52407;136632;625507;56286;
I0804 23:10:32.181960 26263 pagerankX.cc:154] TrainLog: fid-11;0.004824;84209;49763;133972;603967;34784;
I0804 23:10:32.143746  5097 pagerankX.cc:154] TrainLog: fid-56;0.005734;84214;65462;149676;715618;62256;
I0804 23:10:32.155587 15714 pagerankX.cc:154] TrainLog: fid-5;0.005385;84216;63806;148022;729860;46547;
I0804 23:10:32.259959 30439 pagerankX.cc:154] TrainLog: fid-14;0.005596;84227;52214;136441;842109;48997;
I0804 23:10:32.144083  5090 pagerankX.cc:154] TrainLog: fid-0;0.00608;84225;71443;155668;785132;89096;
I0804 23:10:32.260064 30441 pagerankX.cc:154] TrainLog: fid-30;0.005688;45973;96649;142622;673657;64548;
I0804 23:10:32.156127 15716 pagerankX.cc:154] TrainLog: fid-21;0.005912;84215;59114;143329;881595;75494;
I0804 23:10:32.258175 17035 pagerankX.cc:154] TrainLog: fid-20;0.006069;83946;70759;154705;746281;56270;
I0804 23:10:32.258183 17034 pagerankX.cc:154] TrainLog: fid-12;0.006076;84224;74677;158901;764938;69591;
I0804 23:10:32.242712 15461 pagerankX.cc:154] TrainLog: fid-25;0.006751;84209;79914;164123;900372;99538;
I0804 23:10:32.258580 17038 pagerankX.cc:154] TrainLog: fid-44;0.00647;84216;64837;149053;921325;64494;
I0804 23:10:32.313319  7982 pagerankX.cc:154] TrainLog: fid-58;0.006663;84228;62210;146438;925592;92293;
I0804 23:10:32.243033 15460 pagerankX.cc:154] TrainLog: fid-17;0.007068;82581;91642;174223;833694;98186;
I0804 23:10:32.243093 15463 pagerankX.cc:154] TrainLog: fid-41;0.007116;84226;79146;163372;1001615;76071;
