I0804 23:21:22.086755  7135 util.cc:56] "query-bsp"
I0804 23:21:22.087764  7135 worker.cc:238] The query absolute path is /BIGDATA1/buaa_wffan_1/lidongze/code/grape/cpp/build/query/pagerank_feature/query-bsp
I0804 23:21:22.090948  7135 worker.cc:244] query detail: 
I0804 23:21:22.090970  7135 query.cc:81] terminate = 0
I0804 23:21:22.090991  7135 query.cc:82] bound = 0
I0804 23:21:22.090999  7135 query.cc:83] root = 0
I0804 23:21:22.091006  7135 query.cc:84] lower_bound_ = 0
I0804 23:21:22.091012  7135 query.cc:85] upper_bound_ = 50
I0804 23:21:22.091017  7135 query.cc:86] ttl_ = 100000
I0804 23:21:22.093729  7135 query.cc:87] sampling_pattern = 
I0804 23:21:22.093739  7135 worker.cc:249] query_info=file:/BIGDATA1/buaa_wffan_1/lidongze/code/grape/cpp/build/query/pagerank_feature/query-bsp
I0804 23:21:22.093930  7135 worker.cc:35] Enter coordinator loop
I0804 23:21:22.142663 29903 worker.cc:155] tid-0 access Cool
I0804 23:21:22.119534 18162 worker.cc:155] tid-2 access Cool
I0804 23:21:22.065062  5796 worker.cc:155] tid-0 access Cool
I0804 23:21:22.149825 17272 worker.cc:155] tid-0 access Cool
I0804 23:21:22.149824 17274 worker.cc:155] tid-2 access Cool
I0804 23:21:21.984400 11055 worker.cc:155] tid-3 access Cool
I0804 23:21:21.984400 11053 worker.cc:155] tid-1 access Cool
I0804 23:21:22.184679 20377 worker.cc:155] tid-5 access Cool
I0804 23:21:22.184772 20372 worker.cc:155] tid-0 access Cool
I0804 23:21:22.084545 17893 worker.cc:155] tid-4 access Cool
I0804 23:21:22.084647 17891 worker.cc:155] tid-2 access Cool
I0804 23:21:22.198557 21242 worker.cc:155] tid-7 access Cool
I0804 23:21:22.198534 21230 worker.cc:49] Enter worker loop, task num is 8
I0804 23:21:21.984591 11047 worker.cc:49] Enter worker loop, task num is 8
I0804 23:21:22.119534 18161 worker.cc:155] tid-1 access Cool
I0804 23:21:22.084712 17884 worker.cc:49] Enter worker loop, task num is 8
I0804 23:21:22.149883 17276 worker.cc:155] tid-4 access Cool
I0804 23:21:22.142681 29905 worker.cc:155] tid-2 access Cool
I0804 23:21:21.984586 11059 worker.cc:155] tid-7 access Cool
I0804 23:21:22.065095  5801 worker.cc:155] tid-5 access Cool
I0804 23:21:22.119642 18166 worker.cc:155] tid-6 access Cool
I0804 23:21:22.184754 20378 worker.cc:155] tid-6 access Cool
I0804 23:21:22.084545 17889 worker.cc:155] tid-0 access Cool
I0804 23:21:22.149899 17277 worker.cc:155] tid-5 access Cool
I0804 23:21:22.150010 17279 worker.cc:155] tid-7 access Cool
I0804 23:21:22.198498 21241 worker.cc:155] tid-6 access Cool
I0804 23:21:22.142740 29909 worker.cc:155] tid-6 access Cool
I0804 23:21:21.984563 11058 worker.cc:155] tid-6 access Cool
I0804 23:21:22.065062  5797 worker.cc:155] tid-1 access Cool
I0804 23:21:22.119577 18165 worker.cc:155] tid-5 access Cool
I0804 23:21:22.119562 18164 worker.cc:155] tid-4 access Cool
I0804 23:21:22.184618 20373 worker.cc:155] tid-1 access Cool
I0804 23:21:22.084664 17895 worker.cc:155] tid-6 access Cool
I0804 23:21:22.084542 17892 worker.cc:155] tid-3 access Cool
I0804 23:21:22.084628 17894 worker.cc:155] tid-5 access Cool
I0804 23:21:22.149823 17273 worker.cc:155] tid-1 access Cool
I0804 23:21:22.198334 21239 worker.cc:155] tid-4 access Cool
I0804 23:21:22.198438 21240 worker.cc:155] tid-5 access Cool
I0804 23:21:22.198472 21235 worker.cc:155] tid-0 access Cool
I0804 23:21:22.142697 29906 worker.cc:155] tid-3 access Cool
I0804 23:21:21.984405 11052 worker.cc:155] tid-0 access Cool
I0804 23:21:22.065065  5799 worker.cc:155] tid-3 access Cool
I0804 23:21:22.119534 18160 worker.cc:155] tid-0 access Cool
I0804 23:21:22.184621 20374 worker.cc:155] tid-2 access Cool
I0804 23:21:22.084542 17890 worker.cc:155] tid-1 access Cool
I0804 23:21:22.149981 17267 worker.cc:49] Enter worker loop, task num is 8
I0804 23:21:22.198330 21236 worker.cc:155] tid-1 access Cool
I0804 23:21:22.142691 29907 worker.cc:155] tid-4 access Cool
I0804 23:21:22.142706 29908 worker.cc:155] tid-5 access Cool
I0804 23:21:21.984403 11056 worker.cc:155] tid-4 access Cool
I0804 23:21:22.065172  5798 worker.cc:155] tid-2 access Cool
I0804 23:21:22.119664 18167 worker.cc:155] tid-7 access Cool
I0804 23:21:22.184687 20375 worker.cc:155] tid-3 access Cool
I0804 23:21:22.084712 17896 worker.cc:155] tid-7 access Cool
I0804 23:21:22.149942 17278 worker.cc:155] tid-6 access Cool
I0804 23:21:22.198335 21237 worker.cc:155] tid-2 access Cool
I0804 23:21:22.142668 29904 worker.cc:155] tid-1 access Cool
I0804 23:21:21.984494 11054 worker.cc:155] tid-2 access Cool
I0804 23:21:22.065081  5800 worker.cc:155] tid-4 access Cool
I0804 23:21:22.119665 18155 worker.cc:49] Enter worker loop, task num is 8
I0804 23:21:22.184621 20376 worker.cc:155] tid-4 access Cool
I0804 23:21:22.118346 17893 pagerankX.cc:154] TrainLog: fid-35;0.004229;84224;38995;123219;519041;36047;
I0804 23:21:22.119078 17890 pagerankX.cc:154] TrainLog: fid-11;0.004953;84209;49763;133972;603967;34784;
I0804 23:21:22.149845 17275 worker.cc:155] tid-3 access Cool
I0804 23:21:22.198441 21238 worker.cc:155] tid-3 access Cool
I0804 23:21:22.142776 29898 worker.cc:49] Enter worker loop, task num is 8
I0804 23:21:21.984527 11057 worker.cc:155] tid-5 access Cool
I0804 23:21:22.065183  5802 worker.cc:155] tid-6 access Cool
I0804 23:21:22.065215  5803 worker.cc:155] tid-7 access Cool
I0804 23:21:22.119544 18163 worker.cc:155] tid-3 access Cool
I0804 23:21:22.184803 20367 worker.cc:49] Enter worker loop, task num is 8
I0804 23:21:22.122812 17895 pagerankX.cc:154] TrainLog: fid-51;0.008605;84173;57027;141200;1008130;46972;
I0804 23:21:22.181324 17274 pagerankX.cc:154] TrainLog: fid-20;0.005798;83946;70759;154705;746281;56270;
I0804 23:21:22.226759 21237 pagerankX.cc:154] TrainLog: fid-23;0.004234;80147;46526;126673;562692;41853;
I0804 23:21:22.226521 21242 pagerankX.cc:154] TrainLog: fid-63;0.003989;84227;27786;112013;618695;23490;
I0804 23:21:22.142781 29910 worker.cc:155] tid-7 access Cool
I0804 23:21:22.016479 11059 pagerankX.cc:154] TrainLog: fid-57;0.004441;84220;45516;129736;502410;37223;
I0804 23:21:22.065215  5791 worker.cc:49] Enter worker loop, task num is 8
I0804 23:21:22.146251 18162 pagerankX.cc:154] TrainLog: fid-22;0.003541;57648;49984;107632;404607;44745;
I0804 23:21:22.184828 20379 worker.cc:155] tid-7 access Cool
I0804 23:21:22.180553 17279 pagerankX.cc:154] TrainLog: fid-60;0.005019;84225;52407;136632;625507;56286;
I0804 23:21:22.229282 21235 pagerankX.cc:154] TrainLog: fid-7;0.006755;84223;38822;123045;513729;35811;
I0804 23:21:22.172437 29906 pagerankX.cc:154] TrainLog: fid-24;0.003185;74218;30016;104234;388307;30789;
I0804 23:21:22.016481 11053 pagerankX.cc:154] TrainLog: fid-9;0.004453;76669;46183;122852;575334;31880;
I0804 23:21:22.090634  5800 pagerankX.cc:154] TrainLog: fid-34;0.00251;43513;40170;83683;240401;35315;
I0804 23:21:22.092023  5796 pagerankX.cc:154] TrainLog: fid-2;0.003495;69979;40833;110812;422723;31649;
I0804 23:21:22.147466 18167 pagerankX.cc:154] TrainLog: fid-62;0.004041;84225;43574;127799;497253;38727;
I0804 23:21:22.212119 20377 pagerankX.cc:154] TrainLog: fid-45;0.004652;44749;55812;100561;360972;48124;
I0804 23:21:22.211897 20373 pagerankX.cc:154] TrainLog: fid-13;0.003341;68278;32673;100951;393419;25924;
I0804 23:21:22.210532 20378 pagerankX.cc:154] TrainLog: fid-53;0.003058;35841;50712;86553;304089;38242;
I0804 23:21:22.179852 17278 pagerankX.cc:154] TrainLog: fid-52;0.004309;84223;43351;127574;531617;37955;
I0804 23:21:22.230715 21238 pagerankX.cc:154] TrainLog: fid-31;0.008189;79043;74777;153820;1083119;60463;
I0804 23:21:22.175910 29905 pagerankX.cc:154] TrainLog: fid-16;0.006684;53384;64307;117691;392595;51307;
I0804 23:21:22.021248 11055 pagerankX.cc:154] TrainLog: fid-25;0.009228;84209;79914;164123;900372;99538;
I0804 23:21:22.088958  5802 pagerankX.cc:154] TrainLog: fid-50;0.00163;44761;17980;62741;140738;22341;
I0804 23:21:22.146119 18160 pagerankX.cc:154] TrainLog: fid-6;0.003409;84178;32504;116682;413169;33868;
I0804 23:21:22.212461 20376 pagerankX.cc:154] TrainLog: fid-37;0.004996;52649;45677;98326;490241;32973;
I0804 23:21:22.183059 17277 pagerankX.cc:154] TrainLog: fid-44;0.0069;84216;64837;149053;921325;64494;
I0804 23:21:22.231426 21239 pagerankX.cc:154] TrainLog: fid-39;0.008875;84209;80798;165007;1044831;85756;
I0804 23:21:22.176293 29908 pagerankX.cc:154] TrainLog: fid-40;0.007073;64637;46682;111319;414539;39730;
I0804 23:21:22.021473 11057 pagerankX.cc:154] TrainLog: fid-41;0.009449;84226;79146;163372;1001615;76071;
I0804 23:21:22.092486  5798 pagerankX.cc:154] TrainLog: fid-18;0.005158;84232;44109;128341;452219;38383;
I0804 23:21:22.146704 18164 pagerankX.cc:154] TrainLog: fid-38;0.003992;84191;43668;127859;503551;33629;
I0804 23:21:22.214414 20379 pagerankX.cc:154] TrainLog: fid-61;0.006947;76057;60896;136953;610582;63159;
I0804 23:21:22.182013 17273 pagerankX.cc:154] TrainLog: fid-12;0.006254;84224;74677;158901;764938;69591;
I0804 23:21:22.232327 21241 pagerankX.cc:154] TrainLog: fid-55;0.009799;84224;111883;196107;1107375;127558;
I0804 23:21:22.177495 29910 pagerankX.cc:154] TrainLog: fid-56;0.008266;84214;65462;149676;715618;62256;
I0804 23:21:22.177526 29904 pagerankX.cc:154] TrainLog: fid-8;0.008305;54520;153783;208303;828179;127385;
I0804 23:21:22.021719 11054 pagerankX.cc:154] TrainLog: fid-17;0.009696;82581;91642;174223;833694;98186;
I0804 23:21:22.092757  5799 pagerankX.cc:154] TrainLog: fid-26;0.005438;84214;45118;129332;537092;46668;
I0804 23:21:22.150218 18161 pagerankX.cc:154] TrainLog: fid-14;0.007501;84227;52214;136441;842109;48997;
I0804 23:21:22.214867 20374 pagerankX.cc:154] TrainLog: fid-21;0.007403;84215;59114;143329;881595;75494;
I0804 23:21:22.214887 20372 pagerankX.cc:154] TrainLog: fid-5;0.007422;84216;63806;148022;729860;46547;
I0804 23:21:22.184188 17275 pagerankX.cc:154] TrainLog: fid-28;0.008656;84200;106454;190654;1138857;96045;
I0804 23:21:22.233177 21240 pagerankX.cc:154] TrainLog: fid-47;0.010652;82029;132537;214566;1139729;125990;
I0804 23:21:22.177731 29903 pagerankX.cc:154] TrainLog: fid-0;0.008511;84225;71443;155668;785132;89096;
I0804 23:21:22.022423 11058 pagerankX.cc:154] TrainLog: fid-49;0.0104;80634;109603;190237;1034819;104239;
I0804 23:21:22.094128  5803 pagerankX.cc:154] TrainLog: fid-58;0.006796;84228;62210;146438;925592;92293;
I0804 23:21:22.150518 18163 pagerankX.cc:154] TrainLog: fid-30;0.007789;45973;96649;142622;673657;64548;
I0804 23:21:22.221633 20375 pagerankX.cc:154] TrainLog: fid-29;0.014154;84206;174361;258567;1580062;217674;
I0804 23:21:22.184746 17272 pagerankX.cc:154] TrainLog: fid-4;0.009201;84165;96871;181036;1264647;85563;
I0804 23:21:22.233266 21236 pagerankX.cc:154] TrainLog: fid-15;0.010721;84222;117070;201292;1413131;143870;
I0804 23:21:22.178081 29909 pagerankX.cc:154] TrainLog: fid-48;0.008849;84200;95125;179325;936805;106898;
I0804 23:21:22.023741 11056 pagerankX.cc:154] TrainLog: fid-33;0.011718;84218;93584;177802;1168862;93824;
I0804 23:21:22.097565  5801 pagerankX.cc:154] TrainLog: fid-42;0.010238;84202;107090;191292;1563104;107760;
I0804 23:21:22.152810 18166 pagerankX.cc:154] TrainLog: fid-54;0.010089;78067;141682;219749;1066503;107079;
I0804 23:21:22.185741 17276 pagerankX.cc:154] TrainLog: fid-36;0.010209;84191;103630;187821;1247845;104446;
I0804 23:21:22.180033 29907 pagerankX.cc:154] TrainLog: fid-32;0.010814;84205;123055;207260;1181299;167751;
I0804 23:21:22.100798  5797 pagerankX.cc:154] TrainLog: fid-10;0.01348;84232;150997;235229;1959471;182642;
I0804 23:21:22.154214 18165 pagerankX.cc:154] TrainLog: fid-46;0.011497;84224;94833;179057;1212840;97442;
I0804 23:21:22.027004 11052 pagerankX.cc:154] TrainLog: fid-1;0.01498;84228;185158;269386;1396748;197761;
I0804 23:21:22.127223 17894 pagerankX.cc:154] TrainLog: fid-43;0.013106;69759;138379;208138;971666;113791;
I0804 23:21:22.127415 17889 pagerankX.cc:154] TrainLog: fid-3;0.013301;68069;139816;207885;822157;103030;
I0804 23:21:22.127578 17896 pagerankX.cc:154] TrainLog: fid-59;0.013461;49107;176971;226078;726698;98237;
I0804 23:21:22.130141 17891 pagerankX.cc:154] TrainLog: fid-19;0.016027;84212;155903;240115;2122591;209440;
I0804 23:21:22.132443 17892 pagerankX.cc:154] TrainLog: fid-27;0.018327;84218;193747;277965;2300002;335172;
I0804 23:21:22.115533  5802 pagerankX.cc:154] TrainLog: fid-50;0.001625;44761;17980;62741;140738;22341;
I0804 23:21:22.116381  5800 pagerankX.cc:154] TrainLog: fid-34;0.002475;43513;40170;83683;240401;35315;
I0804 23:21:22.194587 29906 pagerankX.cc:154] TrainLog: fid-24;0.003081;74218;30016;104234;388307;30789;
I0804 23:21:22.117301  5796 pagerankX.cc:154] TrainLog: fid-2;0.003439;69979;40833;110812;422723;31649;
I0804 23:21:22.117507  5798 pagerankX.cc:154] TrainLog: fid-18;0.003609;84232;44109;128341;452219;38383;
I0804 23:21:22.236997 20378 pagerankX.cc:154] TrainLog: fid-53;0.003123;35841;50712;86553;304089;38242;
I0804 23:21:22.237197 20373 pagerankX.cc:154] TrainLog: fid-13;0.003338;68278;32673;100951;393419;25924;
I0804 23:21:22.195233 29908 pagerankX.cc:154] TrainLog: fid-40;0.003757;64637;46682;111319;414539;39730;
I0804 23:21:22.172207 18160 pagerankX.cc:154] TrainLog: fid-6;0.003325;84178;32504;116682;413169;33868;
I0804 23:21:22.195520 29905 pagerankX.cc:154] TrainLog: fid-16;0.004024;53384;64307;117691;392595;51307;
I0804 23:21:22.237426 20376 pagerankX.cc:154] TrainLog: fid-37;0.00356;52649;45677;98326;490241;32973;
I0804 23:21:22.237648 20377 pagerankX.cc:154] TrainLog: fid-45;0.003783;44749;55812;100561;360972;48124;
I0804 23:21:22.118228  5799 pagerankX.cc:154] TrainLog: fid-26;0.004359;84214;45118;129332;537092;46668;
I0804 23:21:22.172827 18164 pagerankX.cc:154] TrainLog: fid-38;0.003931;84191;43668;127859;503551;33629;
I0804 23:21:22.203135 17278 pagerankX.cc:154] TrainLog: fid-52;0.004235;84223;43351;127574;531617;37955;
I0804 23:21:22.172912 18167 pagerankX.cc:154] TrainLog: fid-62;0.004014;84225;43574;127799;497253;38727;
I0804 23:21:22.172962 18162 pagerankX.cc:154] TrainLog: fid-22;0.004069;57648;49984;107632;404607;44745;
I0804 23:21:22.037894 11053 pagerankX.cc:154] TrainLog: fid-9;0.004297;76669;46183;122852;575334;31880;
I0804 23:21:22.251821 21235 pagerankX.cc:154] TrainLog: fid-7;0.003858;84223;38822;123045;513729;35811;
I0804 23:21:22.251881 21242 pagerankX.cc:154] TrainLog: fid-63;0.003946;84227;27786;112013;618695;23490;
I0804 23:21:22.038015 11059 pagerankX.cc:154] TrainLog: fid-57;0.004433;84220;45516;129736;502410;37223;
I0804 23:21:22.252107 21237 pagerankX.cc:154] TrainLog: fid-23;0.004146;80147;46526;126673;562692;41853;
I0804 23:21:22.203789 17279 pagerankX.cc:154] TrainLog: fid-60;0.004892;84225;52407;136632;625507;56286;
I0804 23:21:22.239058 20379 pagerankX.cc:154] TrainLog: fid-61;0.005214;76057;60896;136953;610582;63159;
I0804 23:21:22.138926 17893 pagerankX.cc:154] TrainLog: fid-35;0.004058;84224;38995;123219;519041;36047;
I0804 23:21:22.197430 29910 pagerankX.cc:154] TrainLog: fid-56;0.005921;84214;65462;149676;715618;62256;
I0804 23:21:22.204628 17274 pagerankX.cc:154] TrainLog: fid-20;0.005733;83946;70759;154705;746281;56270;
I0804 23:21:22.239668 20374 pagerankX.cc:154] TrainLog: fid-21;0.005833;84215;59114;143329;881595;75494;
I0804 23:21:22.174623 18161 pagerankX.cc:154] TrainLog: fid-14;0.005754;84227;52214;136441;842109;48997;
I0804 23:21:22.239782 20372 pagerankX.cc:154] TrainLog: fid-5;0.00595;84216;63806;148022;729860;46547;
I0804 23:21:22.197832 29903 pagerankX.cc:154] TrainLog: fid-0;0.00637;84225;71443;155668;785132;89096;
I0804 23:21:22.174816 18163 pagerankX.cc:154] TrainLog: fid-30;0.005956;45973;96649;142622;673657;64548;
I0804 23:21:22.205113 17273 pagerankX.cc:154] TrainLog: fid-12;0.006232;84224;74677;158901;764938;69591;
I0804 23:21:22.139776 17890 pagerankX.cc:154] TrainLog: fid-11;0.004918;84209;49763;133972;603967;34784;
I0804 23:21:22.120587  5803 pagerankX.cc:154] TrainLog: fid-58;0.006699;84228;62210;146438;925592;92293;
I0804 23:21:22.205528 17277 pagerankX.cc:154] TrainLog: fid-44;0.006666;84216;64837;149053;921325;64494;
I0804 23:21:22.040375 11055 pagerankX.cc:154] TrainLog: fid-25;0.00678;84209;79914;164123;900372;99538;
I0804 23:21:22.198904 29909 pagerankX.cc:154] TrainLog: fid-48;0.007431;84200;95125;179325;936805;106898;
I0804 23:21:22.041256 11054 pagerankX.cc:154] TrainLog: fid-17;0.007654;82581;91642;174223;833694;98186;
I0804 23:21:22.041285 11057 pagerankX.cc:154] TrainLog: fid-41;0.007708;84226;79146;163372;1001615;76071;
I0804 23:21:22.255259 21239 pagerankX.cc:154] TrainLog: fid-39;0.007297;84209;80798;165007;1044831;85756;
I0804 23:21:22.141544 17895 pagerankX.cc:154] TrainLog: fid-51;0.006712;84173;57027;141200;1008130;46972;
I0804 23:21:22.199721 29904 pagerankX.cc:154] TrainLog: fid-8;0.008231;54520;153783;208303;828179;127385;
I0804 23:21:22.255388 21238 pagerankX.cc:154] TrainLog: fid-31;0.007436;79043;74777;153820;1083119;60463;
I0804 23:21:22.207273 17275 pagerankX.cc:154] TrainLog: fid-28;0.008388;84200;106454;190654;1138857;96045;
I0804 23:21:22.042285 11058 pagerankX.cc:154] TrainLog: fid-49;0.00871;80634;109603;190237;1034819;104239;
I0804 23:21:22.177440 18165 pagerankX.cc:154] TrainLog: fid-46;0.00858;84224;94833;179057;1212840;97442;
I0804 23:21:22.207757 17272 pagerankX.cc:154] TrainLog: fid-4;0.008876;84165;96871;181036;1264647;85563;
I0804 23:21:22.042748 11056 pagerankX.cc:154] TrainLog: fid-33;0.009178;84218;93584;177802;1168862;93824;
I0804 23:21:22.256816 21241 pagerankX.cc:154] TrainLog: fid-55;0.008891;84224;111883;196107;1107375;127558;
I0804 23:21:22.208503 17276 pagerankX.cc:154] TrainLog: fid-36;0.009644;84191;103630;187821;1247845;104446;
I0804 23:21:22.201642 29907 pagerankX.cc:154] TrainLog: fid-32;0.010166;84205;123055;207260;1181299;167751;
I0804 23:21:22.143656 17894 pagerankX.cc:154] TrainLog: fid-43;0.008825;69759;138379;208138;971666;113791;
I0804 23:21:22.124241  5801 pagerankX.cc:154] TrainLog: fid-42;0.010367;84202;107090;191292;1563104;107760;
I0804 23:21:22.257694 21240 pagerankX.cc:154] TrainLog: fid-47;0.00977;82029;132537;214566;1139729;125990;
I0804 23:21:22.179283 18166 pagerankX.cc:154] TrainLog: fid-54;0.010422;78067;141682;219749;1066503;107079;
I0804 23:21:22.258082 21236 pagerankX.cc:154] TrainLog: fid-15;0.010162;84222;117070;201292;1413131;143870;
I0804 23:21:22.144582 17889 pagerankX.cc:154] TrainLog: fid-3;0.009757;68069;139816;207885;822157;103030;
I0804 23:21:22.144695 17896 pagerankX.cc:154] TrainLog: fid-59;0.00986;49107;176971;226078;726698;98237;
I0804 23:21:22.045732 11052 pagerankX.cc:154] TrainLog: fid-1;0.012145;84228;185158;269386;1396748;197761;
I0804 23:21:22.127195  5797 pagerankX.cc:154] TrainLog: fid-10;0.013302;84232;150997;235229;1959471;182642;
I0804 23:21:22.248502 20375 pagerankX.cc:154] TrainLog: fid-29;0.014662;84206;174361;258567;1580062;217674;
I0804 23:21:22.150236 17891 pagerankX.cc:154] TrainLog: fid-19;0.015393;84212;155903;240115;2122591;209440;
I0804 23:21:22.153144 17892 pagerankX.cc:154] TrainLog: fid-27;0.018278;84218;193747;277965;2300002;335172;
I0804 23:21:22.135876  5802 pagerankX.cc:154] TrainLog: fid-50;0.001649;44761;17980;62741;140738;22341;
I0804 23:21:22.136679  5800 pagerankX.cc:154] TrainLog: fid-34;0.00245;43513;40170;83683;240401;35315;
I0804 23:21:22.215054 29906 pagerankX.cc:154] TrainLog: fid-24;0.003151;74218;30016;104234;388307;30789;
I0804 23:21:22.257031 20378 pagerankX.cc:154] TrainLog: fid-53;0.00309;35841;50712;86553;304089;38242;
I0804 23:21:22.257228 20373 pagerankX.cc:154] TrainLog: fid-13;0.003304;68278;32673;100951;393419;25924;
I0804 23:21:22.137702  5796 pagerankX.cc:154] TrainLog: fid-2;0.003475;69979;40833;110812;422723;31649;
I0804 23:21:22.137881  5798 pagerankX.cc:154] TrainLog: fid-18;0.00365;84232;44109;128341;452219;38383;
I0804 23:21:22.192344 18160 pagerankX.cc:154] TrainLog: fid-6;0.003232;84178;32504;116682;413169;33868;
I0804 23:21:22.257596 20377 pagerankX.cc:154] TrainLog: fid-45;0.003647;44749;55812;100561;360972;48124;
I0804 23:21:22.257616 20376 pagerankX.cc:154] TrainLog: fid-37;0.003682;52649;45677;98326;490241;32973;
I0804 23:21:22.215629 29908 pagerankX.cc:154] TrainLog: fid-40;0.003719;64637;46682;111319;414539;39730;
I0804 23:21:22.192575 18162 pagerankX.cc:154] TrainLog: fid-22;0.003484;57648;49984;107632;404607;44745;
I0804 23:21:22.057631 11053 pagerankX.cc:154] TrainLog: fid-9;0.004117;76669;46183;122852;575334;31880;
I0804 23:21:22.271677 21235 pagerankX.cc:154] TrainLog: fid-7;0.003853;84223;38822;123045;513729;35811;
I0804 23:21:22.216086 29905 pagerankX.cc:154] TrainLog: fid-16;0.004184;53384;64307;117691;392595;51307;
I0804 23:21:22.138553  5799 pagerankX.cc:154] TrainLog: fid-26;0.004328;84214;45118;129332;537092;46668;
I0804 23:21:22.157972 17893 pagerankX.cc:154] TrainLog: fid-35;0.004017;84224;38995;123219;519041;36047;
I0804 23:21:22.223273 17278 pagerankX.cc:154] TrainLog: fid-52;0.004202;84223;43351;127574;531617;37955;
I0804 23:21:22.193059 18164 pagerankX.cc:154] TrainLog: fid-38;0.003933;84191;43668;127859;503551;33629;
I0804 23:21:22.271782 21242 pagerankX.cc:154] TrainLog: fid-63;0.003956;84227;27786;112013;618695;23490;
I0804 23:21:22.057991 11059 pagerankX.cc:154] TrainLog: fid-57;0.004458;84220;45516;129736;502410;37223;
I0804 23:21:22.193190 18167 pagerankX.cc:154] TrainLog: fid-62;0.004058;84225;43574;127799;497253;38727;
I0804 23:21:22.272037 21237 pagerankX.cc:154] TrainLog: fid-23;0.004214;80147;46526;126673;562692;41853;
I0804 23:21:22.223943 17279 pagerankX.cc:154] TrainLog: fid-60;0.004866;84225;52407;136632;625507;56286;
I0804 23:21:22.158864 17890 pagerankX.cc:154] TrainLog: fid-11;0.004913;84209;49763;133972;603967;34784;
I0804 23:21:22.259186 20379 pagerankX.cc:154] TrainLog: fid-61;0.005246;76057;60896;136953;610582;63159;
I0804 23:21:22.259382 20372 pagerankX.cc:154] TrainLog: fid-5;0.005483;84216;63806;148022;729860;46547;
I0804 23:21:22.224712 17274 pagerankX.cc:154] TrainLog: fid-20;0.005647;83946;70759;154705;746281;56270;
I0804 23:21:22.217839 29910 pagerankX.cc:154] TrainLog: fid-56;0.005925;84214;65462;149676;715618;62256;
I0804 23:21:22.259788 20374 pagerankX.cc:154] TrainLog: fid-21;0.005852;84215;59114;143329;881595;75494;
I0804 23:21:22.194833 18161 pagerankX.cc:154] TrainLog: fid-14;0.00572;84227;52214;136441;842109;48997;
I0804 23:21:22.194921 18163 pagerankX.cc:154] TrainLog: fid-30;0.00579;45973;96649;142622;673657;64548;
I0804 23:21:22.225155 17273 pagerankX.cc:154] TrainLog: fid-12;0.006104;84224;74677;158901;764938;69591;
I0804 23:21:22.060045 11055 pagerankX.cc:154] TrainLog: fid-25;0.00652;84209;79914;164123;900372;99538;
I0804 23:21:22.225623 17277 pagerankX.cc:154] TrainLog: fid-44;0.006538;84216;64837;149053;921325;64494;
I0804 23:21:22.140931  5803 pagerankX.cc:154] TrainLog: fid-58;0.006704;84228;62210;146438;925592;92293;
I0804 23:21:22.218760 29903 pagerankX.cc:154] TrainLog: fid-0;0.006852;84225;71443;155668;785132;89096;
I0804 23:21:22.161067 17895 pagerankX.cc:154] TrainLog: fid-51;0.007105;84173;57027;141200;1008130;46972;
I0804 23:21:22.219406 29909 pagerankX.cc:154] TrainLog: fid-48;0.007508;84200;95125;179325;936805;106898;
I0804 23:21:22.061223 11054 pagerankX.cc:154] TrainLog: fid-17;0.007688;82581;91642;174223;833694;98186;
I0804 23:21:22.275208 21239 pagerankX.cc:154] TrainLog: fid-39;0.007383;84209;80798;165007;1044831;85756;
I0804 23:21:22.061390 11057 pagerankX.cc:154] TrainLog: fid-41;0.007854;84226;79146;163372;1001615;76071;
I0804 23:21:22.219856 29904 pagerankX.cc:154] TrainLog: fid-8;0.007974;54520;153783;208303;828179;127385;
I0804 23:21:22.275789 21238 pagerankX.cc:154] TrainLog: fid-31;0.007963;79043;74777;153820;1083119;60463;
I0804 23:21:22.162044 17889 pagerankX.cc:154] TrainLog: fid-3;0.008125;68069;139816;207885;822157;103030;
I0804 23:21:22.227392 17275 pagerankX.cc:154] TrainLog: fid-28;0.008325;84200;106454;190654;1138857;96045;
I0804 23:21:22.062243 11058 pagerankX.cc:154] TrainLog: fid-49;0.008712;80634;109603;190237;1034819;104239;
I0804 23:21:22.162601 17896 pagerankX.cc:154] TrainLog: fid-59;0.008672;49107;176971;226078;726698;98237;
I0804 23:21:22.197655 18165 pagerankX.cc:154] TrainLog: fid-46;0.008526;84224;94833;179057;1212840;97442;
I0804 23:21:22.227939 17272 pagerankX.cc:154] TrainLog: fid-4;0.00887;84165;96871;181036;1264647;85563;
I0804 23:21:22.276721 21241 pagerankX.cc:154] TrainLog: fid-55;0.008896;84224;111883;196107;1107375;127558;
I0804 23:21:22.163062 17894 pagerankX.cc:154] TrainLog: fid-43;0.009111;69759;138379;208138;971666;113791;
I0804 23:21:22.228595 17276 pagerankX.cc:154] TrainLog: fid-36;0.009565;84191;103630;187821;1247845;104446;
I0804 23:21:22.063194 11056 pagerankX.cc:154] TrainLog: fid-33;0.009659;84218;93584;177802;1168862;93824;
I0804 23:21:22.277371 21240 pagerankX.cc:154] TrainLog: fid-47;0.00956;82029;132537;214566;1139729;125990;
I0804 23:21:22.144402  5801 pagerankX.cc:154] TrainLog: fid-42;0.010177;84202;107090;191292;1563104;107760;
I0804 23:21:22.222080 29907 pagerankX.cc:154] TrainLog: fid-32;0.010177;84205;123055;207260;1181299;167751;
I0804 23:21:22.277935 21236 pagerankX.cc:154] TrainLog: fid-15;0.01011;84222;117070;201292;1413131;143870;
I0804 23:21:22.199156 18166 pagerankX.cc:154] TrainLog: fid-54;0.010058;78067;141682;219749;1066503;107079;
I0804 23:21:22.266386 20375 pagerankX.cc:154] TrainLog: fid-29;0.012457;84206;174361;258567;1580062;217674;
I0804 23:21:22.147521  5797 pagerankX.cc:154] TrainLog: fid-10;0.013292;84232;150997;235229;1959471;182642;
I0804 23:21:22.168851 17891 pagerankX.cc:154] TrainLog: fid-19;0.014929;84212;155903;240115;2122591;209440;
I0804 23:21:22.068773 11052 pagerankX.cc:154] TrainLog: fid-1;0.01524;84228;185158;269386;1396748;197761;
I0804 23:21:22.171407 17892 pagerankX.cc:154] TrainLog: fid-27;0.017483;84218;193747;277965;2300002;335172;
I0804 23:21:22.154176  5802 pagerankX.cc:154] TrainLog: fid-50;0.001645;44761;17980;62741;140738;22341;
I0804 23:21:22.154979  5800 pagerankX.cc:154] TrainLog: fid-34;0.00245;43513;40170;83683;240401;35315;
I0804 23:21:22.233089 29906 pagerankX.cc:154] TrainLog: fid-24;0.003097;74218;30016;104234;388307;30789;
I0804 23:21:22.155988  5796 pagerankX.cc:154] TrainLog: fid-2;0.003462;69979;40833;110812;422723;31649;
I0804 23:21:22.210441 18160 pagerankX.cc:154] TrainLog: fid-6;0.003262;84178;32504;116682;413169;33868;
I0804 23:21:22.275549 20378 pagerankX.cc:154] TrainLog: fid-53;0.003103;35841;50712;86553;304089;38242;
I0804 23:21:22.156168  5798 pagerankX.cc:154] TrainLog: fid-18;0.003641;84232;44109;128341;452219;38383;
I0804 23:21:22.210634 18162 pagerankX.cc:154] TrainLog: fid-22;0.003474;57648;49984;107632;404607;44745;
I0804 23:21:22.233738 29908 pagerankX.cc:154] TrainLog: fid-40;0.003733;64637;46682;111319;414539;39730;
I0804 23:21:22.275745 20373 pagerankX.cc:154] TrainLog: fid-13;0.003318;68278;32673;100951;393419;25924;
I0804 23:21:22.276053 20377 pagerankX.cc:154] TrainLog: fid-45;0.003607;44749;55812;100561;360972;48124;
I0804 23:21:22.276078 20376 pagerankX.cc:154] TrainLog: fid-37;0.003639;52649;45677;98326;490241;32973;
I0804 23:21:22.234149 29905 pagerankX.cc:154] TrainLog: fid-16;0.004159;53384;64307;117691;392595;51307;
I0804 23:21:22.211138 18164 pagerankX.cc:154] TrainLog: fid-38;0.003945;84191;43668;127859;503551;33629;
I0804 23:21:22.075999 11053 pagerankX.cc:154] TrainLog: fid-9;0.00417;76669;46183;122852;575334;31880;
I0804 23:21:22.176101 17893 pagerankX.cc:154] TrainLog: fid-35;0.003941;84224;38995;123219;519041;36047;
I0804 23:21:22.289932 21242 pagerankX.cc:154] TrainLog: fid-63;0.003921;84227;27786;112013;618695;23490;
I0804 23:21:22.289934 21235 pagerankX.cc:154] TrainLog: fid-7;0.003903;84223;38822;123045;513729;35811;
I0804 23:21:22.156785  5799 pagerankX.cc:154] TrainLog: fid-26;0.004269;84214;45118;129332;537092;46668;
I0804 23:21:22.211217 18167 pagerankX.cc:154] TrainLog: fid-62;0.004014;84225;43574;127799;497253;38727;
I0804 23:21:22.241542 17278 pagerankX.cc:154] TrainLog: fid-52;0.004199;84223;43351;127574;531617;37955;
I0804 23:21:22.290231 21237 pagerankX.cc:154] TrainLog: fid-23;0.004178;80147;46526;126673;562692;41853;
I0804 23:21:22.076311 11059 pagerankX.cc:154] TrainLog: fid-57;0.004484;84220;45516;129736;502410;37223;
I0804 23:21:22.242197 17279 pagerankX.cc:154] TrainLog: fid-60;0.004855;84225;52407;136632;625507;56286;
I0804 23:21:22.177009 17890 pagerankX.cc:154] TrainLog: fid-11;0.004853;84209;49763;133972;603967;34784;
I0804 23:21:22.277550 20379 pagerankX.cc:154] TrainLog: fid-61;0.005103;76057;60896;136953;610582;63159;
I0804 23:21:22.242918 17274 pagerankX.cc:154] TrainLog: fid-20;0.00558;83946;70759;154705;746281;56270;
I0804 23:21:22.277778 20372 pagerankX.cc:154] TrainLog: fid-5;0.005348;84216;63806;148022;729860;46547;
I0804 23:21:22.235967 29910 pagerankX.cc:154] TrainLog: fid-56;0.005961;84214;65462;149676;715618;62256;
I0804 23:21:22.212872 18161 pagerankX.cc:154] TrainLog: fid-14;0.005687;84227;52214;136441;842109;48997;
I0804 23:21:22.213016 18163 pagerankX.cc:154] TrainLog: fid-30;0.00583;45973;96649;142622;673657;64548;
I0804 23:21:22.236272 29903 pagerankX.cc:154] TrainLog: fid-0;0.00631;84225;71443;155668;785132;89096;
I0804 23:21:22.243441 17273 pagerankX.cc:154] TrainLog: fid-12;0.006119;84224;74677;158901;764938;69591;
I0804 23:21:22.278265 20374 pagerankX.cc:154] TrainLog: fid-21;0.005825;84215;59114;143329;881595;75494;
I0804 23:21:22.078372 11055 pagerankX.cc:154] TrainLog: fid-25;0.006531;84209;79914;164123;900372;99538;
I0804 23:21:22.243873 17277 pagerankX.cc:154] TrainLog: fid-44;0.006536;84216;64837;149053;921325;64494;
I0804 23:21:22.159231  5803 pagerankX.cc:154] TrainLog: fid-58;0.0067;84228;62210;146438;925592;92293;
I0804 23:21:22.178874 17895 pagerankX.cc:154] TrainLog: fid-51;0.006719;84173;57027;141200;1008130;46972;
I0804 23:21:22.079396 11054 pagerankX.cc:154] TrainLog: fid-17;0.007563;82581;91642;174223;833694;98186;
I0804 23:21:22.079515 11057 pagerankX.cc:154] TrainLog: fid-41;0.007666;84226;79146;163372;1001615;76071;
I0804 23:21:22.293375 21238 pagerankX.cc:154] TrainLog: fid-31;0.007346;79043;74777;153820;1083119;60463;
I0804 23:21:22.293418 21239 pagerankX.cc:154] TrainLog: fid-39;0.007371;84209;80798;165007;1044831;85756;
I0804 23:21:22.237895 29909 pagerankX.cc:154] TrainLog: fid-48;0.007923;84200;95125;179325;936805;106898;
I0804 23:21:22.238030 29904 pagerankX.cc:154] TrainLog: fid-8;0.00804;54520;153783;208303;828179;127385;
I0804 23:21:22.215675 18165 pagerankX.cc:154] TrainLog: fid-46;0.008512;84224;94833;179057;1212840;97442;
I0804 23:21:22.080852 11056 pagerankX.cc:154] TrainLog: fid-33;0.009002;84218;93584;177802;1168862;93824;
I0804 23:21:22.180953 17894 pagerankX.cc:154] TrainLog: fid-43;0.008789;69759;138379;208138;971666;113791;
I0804 23:21:22.294886 21241 pagerankX.cc:154] TrainLog: fid-55;0.008841;84224;111883;196107;1107375;127558;
I0804 23:21:22.246388 17272 pagerankX.cc:154] TrainLog: fid-4;0.009042;84165;96871;181036;1264647;85563;
I0804 23:21:22.246417 17275 pagerankX.cc:154] TrainLog: fid-28;0.009076;84200;106454;190654;1138857;96045;
I0804 23:21:22.181460 17896 pagerankX.cc:154] TrainLog: fid-59;0.009331;49107;176971;226078;726698;98237;
I0804 23:21:22.081362 11058 pagerankX.cc:154] TrainLog: fid-49;0.009519;80634;109603;190237;1034819;104239;
I0804 23:21:22.246896 17276 pagerankX.cc:154] TrainLog: fid-36;0.009597;84191;103630;187821;1247845;104446;
I0804 23:21:22.295521 21240 pagerankX.cc:154] TrainLog: fid-47;0.009474;82029;132537;214566;1139729;125990;
I0804 23:21:22.239991 29907 pagerankX.cc:154] TrainLog: fid-32;0.009983;84205;123055;207260;1181299;167751;
I0804 23:21:22.216979 18166 pagerankX.cc:154] TrainLog: fid-54;0.009814;78067;141682;219749;1066503;107079;
I0804 23:21:22.162582  5801 pagerankX.cc:154] TrainLog: fid-42;0.010063;84202;107090;191292;1563104;107760;
I0804 23:21:22.296026 21236 pagerankX.cc:154] TrainLog: fid-15;0.01;84222;117070;201292;1413131;143870;
I0804 23:21:22.182802 17889 pagerankX.cc:154] TrainLog: fid-3;0.010651;68069;139816;207885;822157;103030;
I0804 23:21:22.084046 11052 pagerankX.cc:154] TrainLog: fid-1;0.012242;84228;185158;269386;1396748;197761;
I0804 23:21:22.284767 20375 pagerankX.cc:154] TrainLog: fid-29;0.012332;84206;174361;258567;1580062;217674;
I0804 23:21:22.165829  5797 pagerankX.cc:154] TrainLog: fid-10;0.013313;84232;150997;235229;1959471;182642;
I0804 23:21:22.186949 17891 pagerankX.cc:154] TrainLog: fid-19;0.014827;84212;155903;240115;2122591;209440;
I0804 23:21:22.189626 17892 pagerankX.cc:154] TrainLog: fid-27;0.017478;84218;193747;277965;2300002;335172;
I0804 23:21:22.172327  5802 pagerankX.cc:154] TrainLog: fid-50;0.001613;44761;17980;62741;140738;22341;
I0804 23:21:22.173220  5800 pagerankX.cc:154] TrainLog: fid-34;0.002506;43513;40170;83683;240401;35315;
I0804 23:21:22.251322 29906 pagerankX.cc:154] TrainLog: fid-24;0.003155;74218;30016;104234;388307;30789;
I0804 23:21:22.293574 20378 pagerankX.cc:154] TrainLog: fid-53;0.003086;35841;50712;86553;304089;38242;
I0804 23:21:22.174161  5796 pagerankX.cc:154] TrainLog: fid-2;0.003461;69979;40833;110812;422723;31649;
I0804 23:21:22.293805 20373 pagerankX.cc:154] TrainLog: fid-13;0.003336;68278;32673;100951;393419;25924;
I0804 23:21:22.174330  5798 pagerankX.cc:154] TrainLog: fid-18;0.003618;84232;44109;128341;452219;38383;
I0804 23:21:22.228826 18160 pagerankX.cc:154] TrainLog: fid-6;0.003334;84178;32504;116682;413169;33868;
I0804 23:21:22.293968 20377 pagerankX.cc:154] TrainLog: fid-45;0.003481;44749;55812;100561;360972;48124;
I0804 23:21:22.251984 29908 pagerankX.cc:154] TrainLog: fid-40;0.003803;64637;46682;111319;414539;39730;
I0804 23:21:22.228976 18162 pagerankX.cc:154] TrainLog: fid-22;0.00347;57648;49984;107632;404607;44745;
I0804 23:21:22.294052 20376 pagerankX.cc:154] TrainLog: fid-37;0.003573;52649;45677;98326;490241;32973;
I0804 23:21:22.252341 29905 pagerankX.cc:154] TrainLog: fid-16;0.004175;53384;64307;117691;392595;51307;
I0804 23:21:22.229387 18164 pagerankX.cc:154] TrainLog: fid-38;0.00388;84191;43668;127859;503551;33629;
I0804 23:21:22.094311 11053 pagerankX.cc:154] TrainLog: fid-9;0.004195;76669;46183;122852;575334;31880;
I0804 23:21:22.308300 21235 pagerankX.cc:154] TrainLog: fid-7;0.003914;84223;38822;123045;513729;35811;
I0804 23:21:22.175057  5799 pagerankX.cc:154] TrainLog: fid-26;0.004357;84214;45118;129332;537092;46668;
I0804 23:21:22.259817 17278 pagerankX.cc:154] TrainLog: fid-52;0.004236;84223;43351;127574;531617;37955;
I0804 23:21:22.229547 18167 pagerankX.cc:154] TrainLog: fid-62;0.004036;84225;43574;127799;497253;38727;
I0804 23:21:22.094532 11059 pagerankX.cc:154] TrainLog: fid-57;0.004424;84220;45516;129736;502410;37223;
I0804 23:21:22.194725 17893 pagerankX.cc:154] TrainLog: fid-35;0.003951;84224;38995;123219;519041;36047;
I0804 23:21:22.308567 21242 pagerankX.cc:154] TrainLog: fid-63;0.004203;84227;27786;112013;618695;23490;
I0804 23:21:22.308619 21237 pagerankX.cc:154] TrainLog: fid-23;0.004233;80147;46526;126673;562692;41853;
I0804 23:21:22.260443 17279 pagerankX.cc:154] TrainLog: fid-60;0.004865;84225;52407;136632;625507;56286;
I0804 23:21:22.295605 20379 pagerankX.cc:154] TrainLog: fid-61;0.005116;76057;60896;136953;610582;63159;
I0804 23:21:22.195647 17890 pagerankX.cc:154] TrainLog: fid-11;0.004881;84209;49763;133972;603967;34784;
I0804 23:21:22.295855 20372 pagerankX.cc:154] TrainLog: fid-5;0.005373;84216;63806;148022;729860;46547;
I0804 23:21:22.261175 17274 pagerankX.cc:154] TrainLog: fid-20;0.005611;83946;70759;154705;746281;56270;
I0804 23:21:22.254123 29910 pagerankX.cc:154] TrainLog: fid-56;0.005942;84214;65462;149676;715618;62256;
I0804 23:21:22.231184 18161 pagerankX.cc:154] TrainLog: fid-14;0.005692;84227;52214;136441;842109;48997;
I0804 23:21:22.296321 20374 pagerankX.cc:154] TrainLog: fid-21;0.005841;84215;59114;143329;881595;75494;
I0804 23:21:22.231343 18163 pagerankX.cc:154] TrainLog: fid-30;0.005836;45973;96649;142622;673657;64548;
I0804 23:21:22.254465 29903 pagerankX.cc:154] TrainLog: fid-0;0.0063;84225;71443;155668;785132;89096;
I0804 23:21:22.261636 17273 pagerankX.cc:154] TrainLog: fid-12;0.006076;84224;74677;158901;764938;69591;
I0804 23:21:22.262019 17277 pagerankX.cc:154] TrainLog: fid-44;0.006475;84216;64837;149053;921325;64494;
I0804 23:21:22.096722 11055 pagerankX.cc:154] TrainLog: fid-25;0.006606;84209;79914;164123;900372;99538;
I0804 23:21:22.177397  5803 pagerankX.cc:154] TrainLog: fid-58;0.006682;84228;62210;146438;925592;92293;
I0804 23:21:22.197438 17895 pagerankX.cc:154] TrainLog: fid-51;0.006661;84173;57027;141200;1008130;46972;
I0804 23:21:22.255774 29909 pagerankX.cc:154] TrainLog: fid-48;0.007636;84200;95125;179325;936805;106898;
I0804 23:21:22.097779 11057 pagerankX.cc:154] TrainLog: fid-41;0.007645;84226;79146;163372;1001615;76071;
I0804 23:21:22.311682 21239 pagerankX.cc:154] TrainLog: fid-39;0.007293;84209;80798;165007;1044831;85756;
I0804 23:21:22.256089 29904 pagerankX.cc:154] TrainLog: fid-8;0.007936;54520;153783;208303;828179;127385;
I0804 23:21:22.097944 11054 pagerankX.cc:154] TrainLog: fid-17;0.007814;82581;91642;174223;833694;98186;
I0804 23:21:22.312009 21238 pagerankX.cc:154] TrainLog: fid-31;0.007614;79043;74777;153820;1083119;60463;
I0804 23:21:22.098747 11058 pagerankX.cc:154] TrainLog: fid-49;0.008616;80634;109603;190237;1034819;104239;
I0804 23:21:22.264289 17275 pagerankX.cc:154] TrainLog: fid-28;0.008751;84200;106454;190654;1138857;96045;
I0804 23:21:22.234038 18165 pagerankX.cc:154] TrainLog: fid-46;0.00853;84224;94833;179057;1212840;97442;
I0804 23:21:22.264343 17272 pagerankX.cc:154] TrainLog: fid-4;0.008806;84165;96871;181036;1264647;85563;
I0804 23:21:22.199338 17896 pagerankX.cc:154] TrainLog: fid-59;0.008597;49107;176971;226078;726698;98237;
I0804 23:21:22.099351 11056 pagerankX.cc:154] TrainLog: fid-33;0.00922;84218;93584;177802;1168862;93824;
I0804 23:21:22.313272 21241 pagerankX.cc:154] TrainLog: fid-55;0.008882;84224;111883;196107;1107375;127558;
I0804 23:21:22.199609 17894 pagerankX.cc:154] TrainLog: fid-43;0.008834;69759;138379;208138;971666;113791;
I0804 23:21:22.265013 17276 pagerankX.cc:154] TrainLog: fid-36;0.009473;84191;103630;187821;1247845;104446;
I0804 23:21:22.234802 18166 pagerankX.cc:154] TrainLog: fid-54;0.009325;78067;141682;219749;1066503;107079;
I0804 23:21:22.258147 29907 pagerankX.cc:154] TrainLog: fid-32;0.009981;84205;123055;207260;1181299;167751;
I0804 23:21:22.180711  5801 pagerankX.cc:154] TrainLog: fid-42;0.010034;84202;107090;191292;1563104;107760;
I0804 23:21:22.313973 21240 pagerankX.cc:154] TrainLog: fid-47;0.009586;82029;132537;214566;1139729;125990;
I0804 23:21:22.314522 21236 pagerankX.cc:154] TrainLog: fid-15;0.010147;84222;117070;201292;1413131;143870;
I0804 23:21:22.200951 17889 pagerankX.cc:154] TrainLog: fid-3;0.010191;68069;139816;207885;822157;103030;
I0804 23:21:22.102238 11052 pagerankX.cc:154] TrainLog: fid-1;0.012128;84228;185158;269386;1396748;197761;
I0804 23:21:22.302809 20375 pagerankX.cc:154] TrainLog: fid-29;0.01232;84206;174361;258567;1580062;217674;
I0804 23:21:22.183977  5797 pagerankX.cc:154] TrainLog: fid-10;0.013277;84232;150997;235229;1959471;182642;
I0804 23:21:22.205548 17891 pagerankX.cc:154] TrainLog: fid-19;0.014787;84212;155903;240115;2122591;209440;
I0804 23:21:22.208156 17892 pagerankX.cc:154] TrainLog: fid-27;0.017382;84218;193747;277965;2300002;335172;
I0804 23:21:22.190789  5802 pagerankX.cc:154] TrainLog: fid-50;0.001607;44761;17980;62741;140738;22341;
I0804 23:21:22.191704  5800 pagerankX.cc:154] TrainLog: fid-34;0.002505;43513;40170;83683;240401;35315;
I0804 23:21:22.269763 29906 pagerankX.cc:154] TrainLog: fid-24;0.003066;74218;30016;104234;388307;30789;
I0804 23:21:22.312067 20378 pagerankX.cc:154] TrainLog: fid-53;0.003076;35841;50712;86553;304089;38242;
I0804 23:21:22.192646  5796 pagerankX.cc:154] TrainLog: fid-2;0.00346;69979;40833;110812;422723;31649;
I0804 23:21:22.312263 20373 pagerankX.cc:154] TrainLog: fid-13;0.003288;68278;32673;100951;393419;25924;
I0804 23:21:22.192795  5798 pagerankX.cc:154] TrainLog: fid-18;0.003609;84232;44109;128341;452219;38383;
I0804 23:21:22.312451 20377 pagerankX.cc:154] TrainLog: fid-45;0.003463;44749;55812;100561;360972;48124;
I0804 23:21:22.247346 18160 pagerankX.cc:154] TrainLog: fid-6;0.003341;84178;32504;116682;413169;33868;
I0804 23:21:22.270505 29908 pagerankX.cc:154] TrainLog: fid-40;0.003805;64637;46682;111319;414539;39730;
I0804 23:21:22.312566 20376 pagerankX.cc:154] TrainLog: fid-37;0.003581;52649;45677;98326;490241;32973;
I0804 23:21:22.247478 18162 pagerankX.cc:154] TrainLog: fid-22;0.00346;57648;49984;107632;404607;44745;
I0804 23:21:22.270859 29905 pagerankX.cc:154] TrainLog: fid-16;0.004168;53384;64307;117691;392595;51307;
I0804 23:21:22.112601 11053 pagerankX.cc:154] TrainLog: fid-9;0.004129;76669;46183;122852;575334;31880;
I0804 23:21:22.247886 18164 pagerankX.cc:154] TrainLog: fid-38;0.003866;84191;43668;127859;503551;33629;
I0804 23:21:22.278245 17278 pagerankX.cc:154] TrainLog: fid-52;0.004168;84223;43351;127574;531617;37955;
I0804 23:21:22.326771 21235 pagerankX.cc:154] TrainLog: fid-7;0.003919;84223;38822;123045;513729;35811;
I0804 23:21:22.112886 11059 pagerankX.cc:154] TrainLog: fid-57;0.004425;84220;45516;129736;502410;37223;
I0804 23:21:22.193578  5799 pagerankX.cc:154] TrainLog: fid-26;0.004434;84214;45118;129332;537092;46668;
I0804 23:21:22.248047 18167 pagerankX.cc:154] TrainLog: fid-62;0.004022;84225;43574;127799;497253;38727;
I0804 23:21:22.213063 17893 pagerankX.cc:154] TrainLog: fid-35;0.003934;84224;38995;123219;519041;36047;
I0804 23:21:22.326814 21242 pagerankX.cc:154] TrainLog: fid-63;0.003986;84227;27786;112013;618695;23490;
I0804 23:21:22.327016 21237 pagerankX.cc:154] TrainLog: fid-23;0.004165;80147;46526;126673;562692;41853;
I0804 23:21:22.278942 17279 pagerankX.cc:154] TrainLog: fid-60;0.00486;84225;52407;136632;625507;56286;
I0804 23:21:22.314031 20379 pagerankX.cc:154] TrainLog: fid-61;0.005041;76057;60896;136953;610582;63159;
I0804 23:21:22.213989 17890 pagerankX.cc:154] TrainLog: fid-11;0.004866;84209;49763;133972;603967;34784;
I0804 23:21:22.314357 20372 pagerankX.cc:154] TrainLog: fid-5;0.005371;84216;63806;148022;729860;46547;
I0804 23:21:22.279652 17274 pagerankX.cc:154] TrainLog: fid-20;0.005583;83946;70759;154705;746281;56270;
I0804 23:21:22.272651 29910 pagerankX.cc:154] TrainLog: fid-56;0.005949;84214;65462;149676;715618;62256;
I0804 23:21:22.249686 18161 pagerankX.cc:154] TrainLog: fid-14;0.005682;84227;52214;136441;842109;48997;
I0804 23:21:22.314827 20374 pagerankX.cc:154] TrainLog: fid-21;0.005841;84215;59114;143329;881595;75494;
I0804 23:21:22.249801 18163 pagerankX.cc:154] TrainLog: fid-30;0.00578;45973;96649;142622;673657;64548;
I0804 23:21:22.280095 17273 pagerankX.cc:154] TrainLog: fid-12;0.006038;84224;74677;158901;764938;69591;
I0804 23:21:22.272977 29903 pagerankX.cc:154] TrainLog: fid-0;0.006279;84225;71443;155668;785132;89096;
I0804 23:21:22.280443 17277 pagerankX.cc:154] TrainLog: fid-44;0.006372;84216;64837;149053;921325;64494;
I0804 23:21:22.115018 11055 pagerankX.cc:154] TrainLog: fid-25;0.006536;84209;79914;164123;900372;99538;
I0804 23:21:22.195855  5803 pagerankX.cc:154] TrainLog: fid-58;0.006671;84228;62210;146438;925592;92293;
I0804 23:21:22.215786 17895 pagerankX.cc:154] TrainLog: fid-51;0.006656;84173;57027;141200;1008130;46972;
I0804 23:21:22.274268 29909 pagerankX.cc:154] TrainLog: fid-48;0.007568;84200;95125;179325;936805;106898;
I0804 23:21:22.116139 11057 pagerankX.cc:154] TrainLog: fid-41;0.007649;84226;79146;163372;1001615;76071;
I0804 23:21:22.274538 29904 pagerankX.cc:154] TrainLog: fid-8;0.007855;54520;153783;208303;828179;127385;
I0804 23:21:22.116197 11054 pagerankX.cc:154] TrainLog: fid-17;0.007708;82581;91642;174223;833694;98186;
I0804 23:21:22.330143 21239 pagerankX.cc:154] TrainLog: fid-39;0.007291;84209;80798;165007;1044831;85756;
I0804 23:21:22.330197 21238 pagerankX.cc:154] TrainLog: fid-31;0.007353;79043;74777;153820;1083119;60463;
I0804 23:21:22.217120 17889 pagerankX.cc:154] TrainLog: fid-3;0.008006;68069;139816;207885;822157;103030;
I0804 23:21:22.117027 11058 pagerankX.cc:154] TrainLog: fid-49;0.00854;80634;109603;190237;1034819;104239;
I0804 23:21:22.282757 17275 pagerankX.cc:154] TrainLog: fid-28;0.008684;84200;106454;190654;1138857;96045;
I0804 23:21:22.252522 18165 pagerankX.cc:154] TrainLog: fid-46;0.008537;84224;94833;179057;1212840;97442;
I0804 23:21:22.282801 17272 pagerankX.cc:154] TrainLog: fid-4;0.00873;84165;96871;181036;1264647;85563;
I0804 23:21:22.117485 11056 pagerankX.cc:154] TrainLog: fid-33;0.009034;84218;93584;177802;1168862;93824;
I0804 23:21:22.217783 17896 pagerankX.cc:154] TrainLog: fid-59;0.008652;49107;176971;226078;726698;98237;
I0804 23:21:22.283198 17276 pagerankX.cc:154] TrainLog: fid-36;0.009163;84191;103630;187821;1247845;104446;
I0804 23:21:22.217965 17894 pagerankX.cc:154] TrainLog: fid-43;0.008836;69759;138379;208138;971666;113791;
I0804 23:21:22.331812 21241 pagerankX.cc:154] TrainLog: fid-55;0.008953;84224;111883;196107;1107375;127558;
I0804 23:21:22.253329 18166 pagerankX.cc:154] TrainLog: fid-54;0.009315;78067;141682;219749;1066503;107079;
I0804 23:21:22.332310 21240 pagerankX.cc:154] TrainLog: fid-47;0.009452;82029;132537;214566;1139729;125990;
I0804 23:21:22.276664 29907 pagerankX.cc:154] TrainLog: fid-32;0.009963;84205;123055;207260;1181299;167751;
I0804 23:21:22.199110  5801 pagerankX.cc:154] TrainLog: fid-42;0.009928;84202;107090;191292;1563104;107760;
I0804 23:21:22.332847 21236 pagerankX.cc:154] TrainLog: fid-15;0.010002;84222;117070;201292;1413131;143870;
I0804 23:21:22.120530 11052 pagerankX.cc:154] TrainLog: fid-1;0.01206;84228;185158;269386;1396748;197761;
I0804 23:21:22.321322 20375 pagerankX.cc:154] TrainLog: fid-29;0.012332;84206;174361;258567;1580062;217674;
I0804 23:21:22.202463  5797 pagerankX.cc:154] TrainLog: fid-10;0.013297;84232;150997;235229;1959471;182642;
I0804 23:21:22.223870 17891 pagerankX.cc:154] TrainLog: fid-19;0.014742;84212;155903;240115;2122591;209440;
I0804 23:21:22.226380 17892 pagerankX.cc:154] TrainLog: fid-27;0.017276;84218;193747;277965;2300002;335172;
I0804 23:21:22.209481  5802 pagerankX.cc:154] TrainLog: fid-50;0.001613;44761;17980;62741;140738;22341;
I0804 23:21:22.210372  5800 pagerankX.cc:154] TrainLog: fid-34;0.002507;43513;40170;83683;240401;35315;
I0804 23:21:22.288422 29906 pagerankX.cc:154] TrainLog: fid-24;0.003075;74218;30016;104234;388307;30789;
I0804 23:21:22.330830 20378 pagerankX.cc:154] TrainLog: fid-53;0.003066;35841;50712;86553;304089;38242;
I0804 23:21:22.211310  5796 pagerankX.cc:154] TrainLog: fid-2;0.003461;69979;40833;110812;422723;31649;
I0804 23:21:22.211472  5798 pagerankX.cc:154] TrainLog: fid-18;0.003609;84232;44109;128341;452219;38383;
I0804 23:21:22.331028 20373 pagerankX.cc:154] TrainLog: fid-13;0.00328;68278;32673;100951;393419;25924;
I0804 23:21:22.289183 29908 pagerankX.cc:154] TrainLog: fid-40;0.00381;64637;46682;111319;414539;39730;
I0804 23:21:22.331233 20377 pagerankX.cc:154] TrainLog: fid-45;0.003469;44749;55812;100561;360972;48124;
I0804 23:21:22.266247 18160 pagerankX.cc:154] TrainLog: fid-6;0.003349;84178;32504;116682;413169;33868;
I0804 23:21:22.331333 20376 pagerankX.cc:154] TrainLog: fid-37;0.003573;52649;45677;98326;490241;32973;
I0804 23:21:22.289497 29905 pagerankX.cc:154] TrainLog: fid-16;0.004141;53384;64307;117691;392595;51307;
I0804 23:21:22.131219 11053 pagerankX.cc:154] TrainLog: fid-9;0.004056;76669;46183;122852;575334;31880;
I0804 23:21:22.266377 18162 pagerankX.cc:154] TrainLog: fid-22;0.003467;57648;49984;107632;404607;44745;
I0804 23:21:22.296859 17278 pagerankX.cc:154] TrainLog: fid-52;0.004167;84223;43351;127574;531617;37955;
I0804 23:21:22.212261  5799 pagerankX.cc:154] TrainLog: fid-26;0.004437;84214;45118;129332;537092;46668;
I0804 23:21:22.131618 11059 pagerankX.cc:154] TrainLog: fid-57;0.004463;84220;45516;129736;502410;37223;
I0804 23:21:22.266803 18164 pagerankX.cc:154] TrainLog: fid-38;0.00389;84191;43668;127859;503551;33629;
I0804 23:21:22.345643 21235 pagerankX.cc:154] TrainLog: fid-7;0.0039;84223;38822;123045;513729;35811;
I0804 23:21:22.231855 17893 pagerankX.cc:154] TrainLog: fid-35;0.003967;84224;38995;123219;519041;36047;
I0804 23:21:22.266930 18167 pagerankX.cc:154] TrainLog: fid-62;0.004011;84225;43574;127799;497253;38727;
I0804 23:21:22.345727 21242 pagerankX.cc:154] TrainLog: fid-63;0.004005;84227;27786;112013;618695;23490;
I0804 23:21:22.345919 21237 pagerankX.cc:154] TrainLog: fid-23;0.004163;80147;46526;126673;562692;41853;
I0804 23:21:22.297541 17279 pagerankX.cc:154] TrainLog: fid-60;0.004855;84225;52407;136632;625507;56286;
I0804 23:21:22.332811 20379 pagerankX.cc:154] TrainLog: fid-61;0.005047;76057;60896;136953;610582;63159;
I0804 23:21:22.232789 17890 pagerankX.cc:154] TrainLog: fid-11;0.004909;84209;49763;133972;603967;34784;
I0804 23:21:22.298271 17274 pagerankX.cc:154] TrainLog: fid-20;0.005598;83946;70759;154705;746281;56270;
I0804 23:21:22.333118 20372 pagerankX.cc:154] TrainLog: fid-5;0.005357;84216;63806;148022;729860;46547;
I0804 23:21:22.291307 29910 pagerankX.cc:154] TrainLog: fid-56;0.005935;84214;65462;149676;715618;62256;
I0804 23:21:22.298704 17273 pagerankX.cc:154] TrainLog: fid-12;0.006034;84224;74677;158901;764938;69591;
I0804 23:21:22.291623 29903 pagerankX.cc:154] TrainLog: fid-0;0.006268;84225;71443;155668;785132;89096;
I0804 23:21:22.333592 20374 pagerankX.cc:154] TrainLog: fid-21;0.005832;84215;59114;143329;881595;75494;
I0804 23:21:22.268612 18161 pagerankX.cc:154] TrainLog: fid-14;0.005712;84227;52214;136441;842109;48997;
I0804 23:21:22.268700 18163 pagerankX.cc:154] TrainLog: fid-30;0.005799;45973;96649;142622;673657;64548;
I0804 23:21:22.133599 11055 pagerankX.cc:154] TrainLog: fid-25;0.006437;84209;79914;164123;900372;99538;
I0804 23:21:22.299072 17277 pagerankX.cc:154] TrainLog: fid-44;0.006388;84216;64837;149053;921325;64494;
I0804 23:21:22.214551  5803 pagerankX.cc:154] TrainLog: fid-58;0.006684;84228;62210;146438;925592;92293;
I0804 23:21:22.234573 17895 pagerankX.cc:154] TrainLog: fid-51;0.00668;84173;57027;141200;1008130;46972;
I0804 23:21:22.292927 29909 pagerankX.cc:154] TrainLog: fid-48;0.007563;84200;95125;179325;936805;106898;
