I0804 23:07:54.803591 10735 pagerankX.cc:154] TrainLog: fid-1;0.011511;84228;185158;269386;1396748;180121;
I0804 23:07:54.748055 26154 pagerankX.cc:154] TrainLog: fid-27;0.014662;84218;193747;277965;2300002;292150;
I0804 23:07:54.878346  3254 pagerankX.cc:148] fid: 50	update_sum0.436959
I0804 23:07:54.878373  3254 pagerankX.cc:154] TrainLog: fid-50;0.000813;44761;17980;62741;140738;5101;
I0804 23:07:54.878783  3252 pagerankX.cc:148] fid: 34	update_sum5.16116
I0804 23:07:54.878808  3252 pagerankX.cc:154] TrainLog: fid-34;0.001245;43513;40170;83683;240401;27160;
I0804 23:07:54.711715  4958 pagerankX.cc:148] fid: 16	update_sum9.70219
I0804 23:07:54.711728  4961 pagerankX.cc:148] fid: 40	update_sum6.4571
I0804 23:07:54.711741  4958 pagerankX.cc:154] TrainLog: fid-16;0.001868;53384;64307;117691;392595;32011;
I0804 23:07:54.711766  4961 pagerankX.cc:154] TrainLog: fid-40;0.001893;64637;46682;111319;414539;21132;
I0804 23:07:54.723915 10997 pagerankX.cc:148] fid: 53	update_sum6.66822
I0804 23:07:54.723943 10997 pagerankX.cc:154] TrainLog: fid-53;0.001508;35841;50712;86553;304089;29141;
I0804 23:07:54.879467  3248 pagerankX.cc:148] fid: 2	update_sum7.1383
I0804 23:07:54.879490  3248 pagerankX.cc:154] TrainLog: fid-2;0.001934;69979;40833;110812;422723;17394;
I0804 23:07:54.711954  4959 pagerankX.cc:148] fid: 24	update_sum0.924128
I0804 23:07:54.711983  4959 pagerankX.cc:154] TrainLog: fid-24;0.00206;74218;30016;104234;388307;8249;
I0804 23:07:54.879573  3250 pagerankX.cc:148] fid: 18	update_sum0.536979
I0804 23:07:54.879597  3250 pagerankX.cc:154] TrainLog: fid-18;0.002036;84232;44109;128341;452219;12754;
I0804 23:07:54.724395 10992 pagerankX.cc:148] fid: 13	update_sum4.84465
I0804 23:07:54.724422 10992 pagerankX.cc:154] TrainLog: fid-13;0.001946;68278;32673;100951;393419;18881;
I0804 23:07:54.827785 30334 pagerankX.cc:148] fid: 22	update_sum8.12152
I0804 23:07:54.827808 30332 pagerankX.cc:148] fid: 6	update_sum2.9038
I0804 23:07:54.827811 30334 pagerankX.cc:154] TrainLog: fid-22;0.001905;57648;49984;107632;404607;33125;
I0804 23:07:54.827849 30332 pagerankX.cc:154] TrainLog: fid-6;0.001946;84178;32504;116682;413169;14018;
I0804 23:07:54.810063 10742 pagerankX.cc:148] fid: 57	update_sum4.35271
I0804 23:07:54.724654 10995 pagerankX.cc:148] fid: 37	update_sum8.12349
I0804 23:07:54.724683 10995 pagerankX.cc:154] TrainLog: fid-37;0.002263;52649;45677;98326;490241;26581;
I0804 23:07:54.810122 10742 pagerankX.cc:154] TrainLog: fid-57;0.002469;84220;45516;129736;502410;17844;
I0804 23:07:54.828150 30339 pagerankX.cc:148] fid: 62	update_sum0.621513
I0804 23:07:54.761647 24070 pagerankX.cc:148] fid: 7	update_sum5.91546
I0804 23:07:54.761673 24070 pagerankX.cc:154] TrainLog: fid-7;0.002128;84223;38822;123045;513729;16367;
I0804 23:07:54.810218 10736 pagerankX.cc:148] fid: 9	update_sum7.66891
I0804 23:07:54.761793 24072 pagerankX.cc:148] fid: 23	update_sum8.61212
I0804 23:07:54.810245 10736 pagerankX.cc:154] TrainLog: fid-9;0.002589;76669;46183;122852;575334;19748;
I0804 23:07:54.751155 26155 pagerankX.cc:148] fid: 35	update_sum3.51868
I0804 23:07:54.751199 26155 pagerankX.cc:154] TrainLog: fid-35;0.002279;84224;38995;123219;519041;13973;
I0804 23:07:54.880197  3251 pagerankX.cc:148] fid: 26	update_sum5.85805
I0804 23:07:54.880226  3251 pagerankX.cc:154] TrainLog: fid-26;0.002668;84214;45118;129332;537092;25531;
I0804 23:07:54.828177 30339 pagerankX.cc:154] TrainLog: fid-62;0.002214;84225;43574;127799;497253;9172;
I0804 23:07:54.826084 12294 pagerankX.cc:148] fid: 52	update_sum1.62563
I0804 23:07:54.826140 12294 pagerankX.cc:154] TrainLog: fid-52;0.002541;84223;43351;127574;531617;13430;
I0804 23:07:54.828181 30336 pagerankX.cc:148] fid: 38	update_sum6.006
I0804 23:07:54.828203 30336 pagerankX.cc:154] TrainLog: fid-38;0.0023;84191;43668;127859;503551;18408;
I0804 23:07:54.761817 24072 pagerankX.cc:154] TrainLog: fid-23;0.002271;80147;46526;126673;562692;23345;
I0804 23:07:54.725160 10996 pagerankX.cc:154] TrainLog: fid-45;0.002682;44749;55812;100561;360972;32336;
I0804 23:07:54.762217 24077 pagerankX.cc:148] fid: 63	update_sum4.08487
I0804 23:07:54.762250 24077 pagerankX.cc:154] TrainLog: fid-63;0.002697;84227;27786;112013;618695;12624;
I0804 23:07:54.826526 12295 pagerankX.cc:148] fid: 60	update_sum12.9937
I0804 23:07:54.826552 12295 pagerankX.cc:154] TrainLog: fid-60;0.002955;84225;52407;136632;625507;30880;
I0804 23:07:54.713207  4963 pagerankX.cc:148] fid: 56	update_sum9.92703
I0804 23:07:54.713232  4963 pagerankX.cc:154] TrainLog: fid-56;0.00331;84214;65462;149676;715618;36120;
I0804 23:07:54.828850 30335 pagerankX.cc:148] fid: 30	update_sum8.19319
I0804 23:07:54.828877 30335 pagerankX.cc:154] TrainLog: fid-30;0.002911;45973;96649;142622;673657;47579;
I0804 23:07:54.725622 10991 pagerankX.cc:148] fid: 5	update_sum1.44861
I0804 23:07:54.725647 10991 pagerankX.cc:154] TrainLog: fid-5;0.003242;84216;63806;148022;729860;14712;
I0804 23:07:54.752097 26152 pagerankX.cc:148] fid: 11	update_sum2.11375
I0804 23:07:54.752138 26152 pagerankX.cc:154] TrainLog: fid-11;0.003243;84209;49763;133972;603967;17103;
I0804 23:07:54.827203 12290 pagerankX.cc:148] fid: 20	update_sum10.577
I0804 23:07:54.827246 12290 pagerankX.cc:154] TrainLog: fid-20;0.003696;83946;70759;154705;746281;33987;
I0804 23:07:54.829493 30333 pagerankX.cc:148] fid: 14	update_sum12.7826
I0804 23:07:54.829517 30333 pagerankX.cc:154] TrainLog: fid-14;0.003553;84227;52214;136441;842109;38794;
I0804 23:07:54.726553 10998 pagerankX.cc:154] TrainLog: fid-61;0.004118;76057;60896;136953;610582;35845;
I0804 23:07:54.714403  4956 pagerankX.cc:154] TrainLog: fid-0;0.004538;84225;71443;155668;785132;56462;
I0804 23:07:54.827903 12293 pagerankX.cc:148] fid: 44	update_sum12.44
I0804 23:07:54.827927 12293 pagerankX.cc:154] TrainLog: fid-44;0.004391;84216;64837;149053;921325;42562;
I0804 23:07:54.812346 10740 pagerankX.cc:148] fid: 41	update_sum9.27287
I0804 23:07:54.812393 10740 pagerankX.cc:154] TrainLog: fid-41;0.004791;84226;79146;163372;1001615;41881;
I0804 23:07:54.830564 30338 pagerankX.cc:148] fid: 54	update_sum10.2246
I0804 23:07:54.830588 30338 pagerankX.cc:154] TrainLog: fid-54;0.004622;78067;141682;219749;1066503;74609;
I0804 23:07:54.764175 24073 pagerankX.cc:148] fid: 31	update_sum11.0241
I0804 23:07:54.764202 24073 pagerankX.cc:154] TrainLog: fid-31;0.004665;79043;74777;153820;1083119;44169;
I0804 23:07:54.727321 10993 pagerankX.cc:154] TrainLog: fid-21;0.004912;84215;59114;143329;881595;47756;
I0804 23:07:54.753672 26157 pagerankX.cc:148] fid: 51	update_sum11.4463
I0804 23:07:54.753700 26157 pagerankX.cc:154] TrainLog: fid-51;0.004778;84173;57027;141200;1008130;38057;
I0804 23:07:54.828503 12289 pagerankX.cc:154] TrainLog: fid-12;0.004977;84224;74677;158901;764938;40246;
I0804 23:07:54.828593 12291 pagerankX.cc:148] fid: 28	update_sum17.3415
I0804 23:07:54.828619 12291 pagerankX.cc:154] TrainLog: fid-28;0.005021;84200;106454;190654;1138857;68600;
I0804 23:07:54.753924 26156 pagerankX.cc:148] fid: 43	update_sum17.4736
I0804 23:07:54.882905  3255 pagerankX.cc:154] TrainLog: fid-58;0.005336;84228;62210;146438;925592;68578;
I0804 23:07:54.753952 26156 pagerankX.cc:154] TrainLog: fid-43;0.005032;69759;138379;208138;971666;82277;
I0804 23:07:54.813102 10738 pagerankX.cc:154] TrainLog: fid-25;0.005447;84209;79914;164123;900372;83009;
I0804 23:07:54.765033 24074 pagerankX.cc:154] TrainLog: fid-39;0.005484;84209;80798;165007;1044831;57945;
I0804 23:07:54.813755 10737 pagerankX.cc:154] TrainLog: fid-17;0.006147;82581;91642;174223;833694;62466;
I0804 23:07:54.829535 12288 pagerankX.cc:148] fid: 4	update_sum16.6819
I0804 23:07:54.829560 12288 pagerankX.cc:154] TrainLog: fid-4;0.006037;84165;96871;181036;1264647;59770;
I0804 23:07:54.716225  4962 pagerankX.cc:154] TrainLog: fid-48;0.0063;84200;95125;179325;936805;70791;
I0804 23:07:54.754918 26151 pagerankX.cc:154] TrainLog: fid-3;0.006014;68069;139816;207885;822157;71995;
I0804 23:07:54.883903  3253 pagerankX.cc:148] fid: 42	update_sum17.7795
I0804 23:07:54.883941  3253 pagerankX.cc:154] TrainLog: fid-42;0.006349;84202;107090;191292;1563104;79258;
I0804 23:07:54.765570 24071 pagerankX.cc:148] fid: 15	update_sum6.14393
I0804 23:07:54.765599 24071 pagerankX.cc:154] TrainLog: fid-15;0.006061;84222;117070;201292;1413131;77097;
I0804 23:07:54.814209 10741 pagerankX.cc:154] TrainLog: fid-49;0.006553;80634;109603;190237;1034819;83452;
I0804 23:07:54.832506 30337 pagerankX.cc:154] TrainLog: fid-46;0.006598;84224;94833;179057;1212840;74266;
I0804 23:07:54.717402  4957 pagerankX.cc:154] TrainLog: fid-8;0.007579;54520;153783;208303;828179;92916;
I0804 23:07:54.717499  4960 pagerankX.cc:154] TrainLog: fid-32;0.007644;84205;123055;207260;1181299;117055;
I0804 23:07:54.766631 24076 pagerankX.cc:154] TrainLog: fid-55;0.007075;84224;111883;196107;1107375;93110;
I0804 23:07:54.815296 10739 pagerankX.cc:154] TrainLog: fid-33;0.007689;84218;93584;177802;1168862;69346;
I0804 23:07:54.831338 12292 pagerankX.cc:154] TrainLog: fid-36;0.007845;84191;103630;187821;1247845;89543;
I0804 23:07:54.885525  3249 pagerankX.cc:148] fid: 10	update_sum10.7207
I0804 23:07:54.885550  3249 pagerankX.cc:154] TrainLog: fid-10;0.007992;84232;150997;235229;1959471;100379;
I0804 23:07:54.756640 26158 pagerankX.cc:154] TrainLog: fid-59;0.00772;49107;176971;226078;726698;74751;
I0804 23:07:54.767704 24075 pagerankX.cc:154] TrainLog: fid-47;0.008151;82029;132537;214566;1139729;97894;
I0804 23:07:54.757395 26153 pagerankX.cc:148] fid: 19	update_sum12.2007
I0804 23:07:54.757419 26153 pagerankX.cc:154] TrainLog: fid-19;0.008517;84212;155903;240115;2122591;120973;
I0804 23:07:54.731536 10994 pagerankX.cc:154] TrainLog: fid-29;0.009059;84206;174361;258567;1580062;151999;
I0804 23:07:54.818747 10735 pagerankX.cc:154] TrainLog: fid-1;0.011192;84228;185158;269386;1396748;147069;
I0804 23:07:54.759901 26154 pagerankX.cc:148] fid: 27	update_sum27.3644
I0804 23:07:54.759922 26154 pagerankX.cc:154] TrainLog: fid-27;0.01105;84218;193747;277965;2300002;226925;
I0804 23:07:54.889776  3254 pagerankX.cc:148] fid: 50	update_sum0.26472
I0804 23:07:54.889803  3254 pagerankX.cc:154] TrainLog: fid-50;0.000795;44761;17980;62741;140738;4054;
I0804 23:07:54.890193  3252 pagerankX.cc:148] fid: 34	update_sum3.14931
I0804 23:07:54.890218  3252 pagerankX.cc:154] TrainLog: fid-34;0.001207;43513;40170;83683;240401;22347;
I0804 23:07:54.735428 10997 pagerankX.cc:148] fid: 53	update_sum4.10657
I0804 23:07:54.735455 10997 pagerankX.cc:154] TrainLog: fid-53;0.001424;35841;50712;86553;304089;20513;
I0804 23:07:54.723261  4958 pagerankX.cc:148] fid: 16	update_sum5.91984
I0804 23:07:54.723286  4958 pagerankX.cc:154] TrainLog: fid-16;0.001816;53384;64307;117691;392595;23562;
I0804 23:07:54.723335  4961 pagerankX.cc:148] fid: 40	update_sum4.12999
I0804 23:07:54.890871  3248 pagerankX.cc:148] fid: 2	update_sum4.55043
I0804 23:07:54.723356  4961 pagerankX.cc:154] TrainLog: fid-40;0.001876;64637;46682;111319;414539;16514;
I0804 23:07:54.890893  3248 pagerankX.cc:154] TrainLog: fid-2;0.00189;69979;40833;110812;422723;12180;
I0804 23:07:54.890986  3250 pagerankX.cc:148] fid: 18	update_sum0.328973
I0804 23:07:54.891011  3250 pagerankX.cc:154] TrainLog: fid-18;0.002007;84232;44109;128341;452219;9767;
I0804 23:07:54.735675 10996 pagerankX.cc:148] fid: 45	update_sum8.65206
I0804 23:07:54.735718 10996 pagerankX.cc:154] TrainLog: fid-45;0.001631;44749;55812;100561;360972;25753;
I0804 23:07:54.723543  4959 pagerankX.cc:148] fid: 24	update_sum0.518421
I0804 23:07:54.723572  4959 pagerankX.cc:154] TrainLog: fid-24;0.002031;74218;30016;104234;388307;5502;
I0804 23:07:54.735903 10992 pagerankX.cc:148] fid: 13	update_sum2.8149
I0804 23:07:54.735929 10992 pagerankX.cc:154] TrainLog: fid-13;0.001856;68278;32673;100951;393419;11227;
I0804 23:07:54.839285 30334 pagerankX.cc:148] fid: 22	update_sum5.46129
I0804 23:07:54.839300 30332 pagerankX.cc:148] fid: 6	update_sum1.71971
I0804 23:07:54.839309 30334 pagerankX.cc:154] TrainLog: fid-22;0.00186;57648;49984;107632;404607;29580;
I0804 23:07:54.839341 30332 pagerankX.cc:154] TrainLog: fid-6;0.001894;84178;32504;116682;413169;8618;
I0804 23:07:54.762497 26155 pagerankX.cc:148] fid: 35	update_sum2.20671
I0804 23:07:54.762538 26155 pagerankX.cc:154] TrainLog: fid-35;0.00222;84224;38995;123219;519041;10527;
I0804 23:07:54.891505  3251 pagerankX.cc:148] fid: 26	update_sum2.89726
I0804 23:07:54.891536  3251 pagerankX.cc:154] TrainLog: fid-26;0.002525;84214;45118;129332;537092;12268;
I0804 23:07:54.736138 10995 pagerankX.cc:148] fid: 37	update_sum4.12268
I0804 23:07:54.736165 10995 pagerankX.cc:154] TrainLog: fid-37;0.002148;52649;45677;98326;490241;12770;
I0804 23:07:54.839653 30339 pagerankX.cc:148] fid: 62	update_sum0.400778
I0804 23:07:54.839680 30339 pagerankX.cc:154] TrainLog: fid-62;0.00217;84225;43574;127799;497253;7687;
I0804 23:07:54.839685 30336 pagerankX.cc:148] fid: 38	update_sum3.77257
I0804 23:07:54.839707 30336 pagerankX.cc:154] TrainLog: fid-38;0.002259;84191;43668;127859;503551;14164;
I0804 23:07:54.837599 12294 pagerankX.cc:148] fid: 52	update_sum0.940519
I0804 23:07:54.837630 12294 pagerankX.cc:154] TrainLog: fid-52;0.00239;84223;43351;127574;531617;8198;
I0804 23:07:54.773350 24070 pagerankX.cc:148] fid: 7	update_sum3.56469
I0804 23:07:54.773375 24070 pagerankX.cc:154] TrainLog: fid-7;0.002104;84223;38822;123045;513729;11752;
I0804 23:07:54.773484 24072 pagerankX.cc:148] fid: 23	update_sum5.22008
I0804 23:07:54.773509 24072 pagerankX.cc:154] TrainLog: fid-23;0.002236;80147;46526;126673;562692;18146;
I0804 23:07:54.822160 10742 pagerankX.cc:148] fid: 57	update_sum2.62824
I0804 23:07:54.822191 10742 pagerankX.cc:154] TrainLog: fid-57;0.002407;84220;45516;129736;502410;13099;
I0804 23:07:54.736768 10998 pagerankX.cc:148] fid: 61	update_sum9.76246
I0804 23:07:54.736793 10998 pagerankX.cc:154] TrainLog: fid-61;0.002763;76057;60896;136953;610582;25103;
I0804 23:07:54.822320 10736 pagerankX.cc:148] fid: 9	update_sum4.91262
I0804 23:07:54.838023 12295 pagerankX.cc:148] fid: 60	update_sum8.60362
I0804 23:07:54.838047 12295 pagerankX.cc:154] TrainLog: fid-60;0.002811;84225;52407;136632;625507;23652;
I0804 23:07:54.840241 30335 pagerankX.cc:148] fid: 30	update_sum4.4337
I0804 23:07:54.822346 10736 pagerankX.cc:154] TrainLog: fid-9;0.002559;76669;46183;122852;575334;14785;
I0804 23:07:54.840267 30335 pagerankX.cc:154] TrainLog: fid-30;0.002754;45973;96649;142622;673657;28039;
I0804 23:07:54.724781  4963 pagerankX.cc:148] fid: 56	update_sum5.95617
I0804 23:07:54.724807  4963 pagerankX.cc:154] TrainLog: fid-56;0.003267;84214;65462;149676;715618;25179;
I0804 23:07:54.773921 24077 pagerankX.cc:148] fid: 63	update_sum2.42547
I0804 23:07:54.763381 26152 pagerankX.cc:148] fid: 11	update_sum1.12207
I0804 23:07:54.763418 26152 pagerankX.cc:154] TrainLog: fid-11;0.003121;84209;49763;133972;603967;9627;
I0804 23:07:54.773953 24077 pagerankX.cc:154] TrainLog: fid-63;0.002672;84227;27786;112013;618695;9389;
I0804 23:07:54.737157 10991 pagerankX.cc:148] fid: 5	update_sum0.851432
I0804 23:07:54.737180 10991 pagerankX.cc:154] TrainLog: fid-5;0.003178;84216;63806;148022;729860;11414;
I0804 23:07:54.838603 12289 pagerankX.cc:148] fid: 12	update_sum11.347
I0804 23:07:54.838642 12289 pagerankX.cc:154] TrainLog: fid-12;0.00339;84224;74677;158901;764938;28406;
I0804 23:07:54.763799 26151 pagerankX.cc:148] fid: 3	update_sum18.1882
I0804 23:07:54.763823 26151 pagerankX.cc:154] TrainLog: fid-3;0.003519;68069;139816;207885;822157;52063;
I0804 23:07:54.838678 12290 pagerankX.cc:148] fid: 20	update_sum6.4468
I0804 23:07:54.838706 12290 pagerankX.cc:154] TrainLog: fid-20;0.003528;83946;70759;154705;746281;24005;
I0804 23:07:54.840870 30333 pagerankX.cc:148] fid: 14	update_sum6.69835
I0804 23:07:54.840894 30333 pagerankX.cc:154] TrainLog: fid-14;0.003384;84227;52214;136441;842109;15591;
I0804 23:07:54.763938 26158 pagerankX.cc:148] fid: 59	update_sum13.0556
I0804 23:07:54.763967 26158 pagerankX.cc:154] TrainLog: fid-59;0.003658;49107;176971;226078;726698;49673;
I0804 23:07:54.737646 10993 pagerankX.cc:148] fid: 21	update_sum9.8684
I0804 23:07:54.737670 10993 pagerankX.cc:154] TrainLog: fid-21;0.003655;84215;59114;143329;881595;29416;
I0804 23:07:54.725702  4957 pagerankX.cc:148] fid: 8	update_sum11.9843
I0804 23:07:54.725719  4957 pagerankX.cc:154] TrainLog: fid-8;0.004284;54520;153783;208303;828179;61147;
I0804 23:07:54.725934  4956 pagerankX.cc:154] TrainLog: fid-0;0.004463;84225;71443;155668;785132;39735;
I0804 23:07:54.839347 12293 pagerankX.cc:148] fid: 44	update_sum7.9202
I0804 23:07:54.839370 12293 pagerankX.cc:154] TrainLog: fid-44;0.004185;84216;64837;149053;921325;25395;
I0804 23:07:54.775189 24074 pagerankX.cc:148] fid: 39	update_sum15.5588
I0804 23:07:54.775214 24074 pagerankX.cc:154] TrainLog: fid-39;0.003941;84209;80798;165007;1044831;35475;
I0804 23:07:54.823747 10738 pagerankX.cc:148] fid: 25	update_sum12.0754
I0804 23:07:54.726164  4962 pagerankX.cc:148] fid: 48	update_sum13.5935
I0804 23:07:54.726191  4962 pagerankX.cc:154] TrainLog: fid-48;0.004651;84200;95125;179325;936805;46578;
I0804 23:07:54.823773 10738 pagerankX.cc:154] TrainLog: fid-25;0.00399;84209;79914;164123;900372;57812;
I0804 23:07:54.841894 30338 pagerankX.cc:148] fid: 54	update_sum4.72451
I0804 23:07:54.764883 26157 pagerankX.cc:148] fid: 51	update_sum5.84393
I0804 23:07:54.764904 26157 pagerankX.cc:154] TrainLog: fid-51;0.004638;84173;57027;141200;1008130;15906;
I0804 23:07:54.841917 30338 pagerankX.cc:154] TrainLog: fid-54;0.004406;78067;141682;219749;1066503;45940;
I0804 23:07:54.823995 10737 pagerankX.cc:148] fid: 17	update_sum13.5167
I0804 23:07:54.824029 10737 pagerankX.cc:154] TrainLog: fid-17;0.004296;82581;91642;174223;833694;52597;
I0804 23:07:54.765014 26156 pagerankX.cc:148] fid: 43	update_sum10.2486
I0804 23:07:54.765041 26156 pagerankX.cc:154] TrainLog: fid-43;0.00473;69759;138379;208138;971666;57055;
I0804 23:07:54.839891 12291 pagerankX.cc:148] fid: 28	update_sum9.50229
I0804 23:07:54.839915 12291 pagerankX.cc:154] TrainLog: fid-28;0.004679;84200;106454;190654;1138857;38277;
I0804 23:07:54.894127  3255 pagerankX.cc:154] TrainLog: fid-58;0.005116;84228;62210;146438;925592;47742;
I0804 23:07:54.824282 10741 pagerankX.cc:148] fid: 49	update_sum13.2859
I0804 23:07:54.842176 30337 pagerankX.cc:148] fid: 46	update_sum14.4721
I0804 23:07:54.842203 30337 pagerankX.cc:154] TrainLog: fid-46;0.004754;84224;94833;179057;1212840;48996;
I0804 23:07:54.824311 10741 pagerankX.cc:154] TrainLog: fid-49;0.004525;80634;109603;190237;1034819;58257;
I0804 23:07:54.775806 24073 pagerankX.cc:148] fid: 31	update_sum6.55409
I0804 23:07:54.775833 24073 pagerankX.cc:154] TrainLog: fid-31;0.004554;79043;74777;153820;1083119;27823;
I0804 23:07:54.824441 10740 pagerankX.cc:148] fid: 41	update_sum5.42215
I0804 23:07:54.824467 10740 pagerankX.cc:154] TrainLog: fid-41;0.004736;84226;79146;163372;1001615;30888;
I0804 23:07:54.776247 24076 pagerankX.cc:148] fid: 55	update_sum16.7038
I0804 23:07:54.776273 24076 pagerankX.cc:154] TrainLog: fid-55;0.004991;84224;111883;196107;1107375;75642;
I0804 23:07:54.776305 24075 pagerankX.cc:148] fid: 47	update_sum13.5117
I0804 23:07:54.776329 24075 pagerankX.cc:154] TrainLog: fid-47;0.005049;82029;132537;214566;1139729;62415;
I0804 23:07:54.840828 12292 pagerankX.cc:148] fid: 36	update_sum18.1167
I0804 23:07:54.840848 12292 pagerankX.cc:154] TrainLog: fid-36;0.00571;84191;103630;187821;1247845;65563;
I0804 23:07:54.840859 12288 pagerankX.cc:148] fid: 4	update_sum9.88474
I0804 23:07:54.840880 12288 pagerankX.cc:154] TrainLog: fid-4;0.005704;84165;96871;181036;1264647;32580;
I0804 23:07:54.895156  3253 pagerankX.cc:148] fid: 42	update_sum11.5076
I0804 23:07:54.895197  3253 pagerankX.cc:154] TrainLog: fid-42;0.006186;84202;107090;191292;1563104;58104;
I0804 23:07:54.825376 10739 pagerankX.cc:148] fid: 33	update_sum15.82
I0804 23:07:54.825400 10739 pagerankX.cc:154] TrainLog: fid-33;0.005668;84218;93584;177802;1168862;56454;
I0804 23:07:54.777120 24071 pagerankX.cc:148] fid: 15	update_sum2.70803
I0804 23:07:54.777145 24071 pagerankX.cc:154] TrainLog: fid-15;0.005863;84222;117070;201292;1413131;48298;
I0804 23:07:54.740234 10994 pagerankX.cc:148] fid: 29	update_sum19.2918
I0804 23:07:54.740260 10994 pagerankX.cc:154] TrainLog: fid-29;0.006188;84206;174361;258567;1580062;110882;
I0804 23:07:54.728757  4960 pagerankX.cc:154] TrainLog: fid-32;0.007302;84205;123055;207260;1181299;85628;
I0804 23:07:54.826561 10735 pagerankX.cc:148] fid: 1	update_sum18.3471
I0804 23:07:54.826580 10735 pagerankX.cc:154] TrainLog: fid-1;0.006857;84228;185158;269386;1396748;98419;
I0804 23:07:54.896683  3249 pagerankX.cc:148] fid: 10	update_sum4.99028
I0804 23:07:54.896708  3249 pagerankX.cc:154] TrainLog: fid-10;0.007706;84232;150997;235229;1959471;68258;
I0804 23:07:54.768224 26153 pagerankX.cc:148] fid: 19	update_sum5.66811
I0804 23:07:54.768246 26153 pagerankX.cc:154] TrainLog: fid-19;0.007942;84212;155903;240115;2122591;78448;
I0804 23:07:54.770515 26154 pagerankX.cc:148] fid: 27	update_sum16.2305
I0804 23:07:54.770535 26154 pagerankX.cc:154] TrainLog: fid-27;0.010233;84218;193747;277965;2300002;155961;
I0804 23:07:54.900410  3254 pagerankX.cc:148] fid: 50	update_sum0.071464
I0804 23:07:54.900437  3254 pagerankX.cc:154] TrainLog: fid-50;0.000751;44761;17980;62741;140738;420;
I0804 23:07:54.900761  3252 pagerankX.cc:148] fid: 34	update_sum1.15132
I0804 23:07:54.900784  3252 pagerankX.cc:154] TrainLog: fid-34;0.001097;43513;40170;83683;240401;7936;
I0804 23:07:54.745586 10997 pagerankX.cc:148] fid: 53	update_sum1.26564
I0804 23:07:54.745615 10997 pagerankX.cc:154] TrainLog: fid-53;0.001289;35841;50712;86553;304089;2732;
I0804 23:07:54.745767 10996 pagerankX.cc:148] fid: 45	update_sum4.05179
I0804 23:07:54.745793 10996 pagerankX.cc:154] TrainLog: fid-45;0.001462;44749;55812;100561;360972;10538;
I0804 23:07:54.733752  4958 pagerankX.cc:148] fid: 16	update_sum1.88117
I0804 23:07:54.733777  4958 pagerankX.cc:154] TrainLog: fid-16;0.00169;53384;64307;117691;392595;3207;
I0804 23:07:54.849314 30334 pagerankX.cc:148] fid: 22	update_sum1.17698
I0804 23:07:54.849339 30334 pagerankX.cc:154] TrainLog: fid-22;0.001691;57648;49984;107632;404607;2772;
I0804 23:07:54.746012 10992 pagerankX.cc:148] fid: 13	update_sum1.08733
I0804 23:07:54.733852  4961 pagerankX.cc:148] fid: 40	update_sum1.68091
I0804 23:07:54.849448 30332 pagerankX.cc:148] fid: 6	update_sum0.720838
I0804 23:07:54.901466  3248 pagerankX.cc:148] fid: 2	update_sum1.97798
I0804 23:07:54.746037 10992 pagerankX.cc:154] TrainLog: fid-13;0.001706;68278;32673;100951;393419;743;
I0804 23:07:54.733878  4961 pagerankX.cc:154] TrainLog: fid-40;0.001781;64637;46682;111319;414539;3416;
I0804 23:07:54.849473 30332 pagerankX.cc:154] TrainLog: fid-6;0.001828;84178;32504;116682;413169;1783;
I0804 23:07:54.901489  3248 pagerankX.cc:154] TrainLog: fid-2;0.001802;69979;40833;110812;422723;1991;
I0804 23:07:54.733989  4959 pagerankX.cc:148] fid: 24	update_sum0.180065
I0804 23:07:54.734016  4959 pagerankX.cc:154] TrainLog: fid-24;0.001859;74218;30016;104234;388307;638;
I0804 23:07:54.901597  3250 pagerankX.cc:148] fid: 18	update_sum0.117124
I0804 23:07:54.901620  3250 pagerankX.cc:154] TrainLog: fid-18;0.001933;84232;44109;128341;452219;1952;
I0804 23:07:54.772684 26155 pagerankX.cc:148] fid: 35	update_sum0.888149
I0804 23:07:54.772709 26155 pagerankX.cc:154] TrainLog: fid-35;0.002076;84224;38995;123219;519041;1868;
I0804 23:07:54.746302 10995 pagerankX.cc:148] fid: 37	update_sum1.43236
I0804 23:07:54.746338 10995 pagerankX.cc:154] TrainLog: fid-37;0.002053;52649;45677;98326;490241;1135;
I0804 23:07:54.783236 24070 pagerankX.cc:148] fid: 7	update_sum1.50472
I0804 23:07:54.783262 24070 pagerankX.cc:154] TrainLog: fid-7;0.002038;84223;38822;123045;513729;2002;
I0804 23:07:54.831853 10742 pagerankX.cc:148] fid: 57	update_sum0.827758
I0804 23:07:54.849777 30339 pagerankX.cc:148] fid: 62	update_sum0.0766703
I0804 23:07:54.783332 24072 pagerankX.cc:148] fid: 23	update_sum1.60625
I0804 23:07:54.831881 10742 pagerankX.cc:154] TrainLog: fid-57;0.002121;84220;45516;129736;502410;1957;
I0804 23:07:54.849797 30336 pagerankX.cc:148] fid: 38	update_sum1.40924
I0804 23:07:54.783356 24072 pagerankX.cc:154] TrainLog: fid-23;0.002132;80147;46526;126673;562692;2774;
I0804 23:07:54.849805 30339 pagerankX.cc:154] TrainLog: fid-62;0.002094;84225;43574;127799;497253;158;
I0804 23:07:54.849823 30336 pagerankX.cc:154] TrainLog: fid-38;0.002176;84191;43668;127859;503551;2689;
I0804 23:07:54.832000 10736 pagerankX.cc:148] fid: 9	update_sum2.16536
I0804 23:07:54.832026 10736 pagerankX.cc:154] TrainLog: fid-9;0.002262;76669;46183;122852;575334;3424;
I0804 23:07:54.847800 12294 pagerankX.cc:148] fid: 52	update_sum0.358343
I0804 23:07:54.847829 12294 pagerankX.cc:154] TrainLog: fid-52;0.002284;84223;43351;127574;531617;1943;
I0804 23:07:54.902060  3251 pagerankX.cc:148] fid: 26	update_sum0.893389
I0804 23:07:54.902091  3251 pagerankX.cc:154] TrainLog: fid-26;0.002394;84214;45118;129332;537092;1926;
I0804 23:07:54.783696 24077 pagerankX.cc:148] fid: 63	update_sum0.811336
I0804 23:07:54.783727 24077 pagerankX.cc:154] TrainLog: fid-63;0.002496;84227;27786;112013;618695;1696;
I0804 23:07:54.746893 10998 pagerankX.cc:148] fid: 61	update_sum3.82094
I0804 23:07:54.746917 10998 pagerankX.cc:154] TrainLog: fid-61;0.002594;76057;60896;136953;610582;5229;
I0804 23:07:54.850270 30335 pagerankX.cc:148] fid: 30	update_sum1.31198
I0804 23:07:54.850319 30335 pagerankX.cc:154] TrainLog: fid-30;0.002604;45973;96649;142622;673657;2997;
I0804 23:07:54.848141 12295 pagerankX.cc:148] fid: 60	update_sum3.40941
I0804 23:07:54.848165 12295 pagerankX.cc:154] TrainLog: fid-60;0.002623;84225;52407;136632;625507;5971;
I0804 23:07:54.773414 26152 pagerankX.cc:148] fid: 11	update_sum0.331662
I0804 23:07:54.773448 26152 pagerankX.cc:154] TrainLog: fid-11;0.002837;84209;49763;133972;603967;515;
I0804 23:07:54.735069  4956 pagerankX.cc:148] fid: 0	update_sum8.23291
I0804 23:07:54.735072  4963 pagerankX.cc:148] fid: 56	update_sum2.3796
I0804 23:07:54.735095  4956 pagerankX.cc:154] TrainLog: fid-0;0.003011;84225;71443;155668;785132;5618;
I0804 23:07:54.735113  4963 pagerankX.cc:154] TrainLog: fid-56;0.002958;84214;65462;149676;715618;3554;
I0804 23:07:54.747339 10991 pagerankX.cc:148] fid: 5	update_sum0.164576
I0804 23:07:54.747361 10991 pagerankX.cc:154] TrainLog: fid-5;0.003079;84216;63806;148022;729860;383;
I0804 23:07:54.773723 26151 pagerankX.cc:148] fid: 3	update_sum4.79354
I0804 23:07:54.773747 26151 pagerankX.cc:154] TrainLog: fid-3;0.003128;68069;139816;207885;822157;7108;
I0804 23:07:54.848623 12289 pagerankX.cc:148] fid: 12	update_sum4.75882
I0804 23:07:54.848646 12289 pagerankX.cc:154] TrainLog: fid-12;0.003181;84224;74677;158901;764938;6674;
I0804 23:07:54.773804 26158 pagerankX.cc:148] fid: 59	update_sum1.77046
I0804 23:07:54.773833 26158 pagerankX.cc:154] TrainLog: fid-59;0.003204;49107;176971;226078;726698;4577;
I0804 23:07:54.850980 30333 pagerankX.cc:148] fid: 14	update_sum2.63447
I0804 23:07:54.851003 30333 pagerankX.cc:154] TrainLog: fid-14;0.003291;84227;52214;136441;842109;2409;
I0804 23:07:54.848806 12290 pagerankX.cc:148] fid: 20	update_sum2.66819
I0804 23:07:54.848834 12290 pagerankX.cc:154] TrainLog: fid-20;0.003366;83946;70759;154705;746281;2282;
I0804 23:07:54.833197 10738 pagerankX.cc:148] fid: 25	update_sum2.7881
I0804 23:07:54.747735 10993 pagerankX.cc:148] fid: 21	update_sum3.87545
I0804 23:07:54.747759 10993 pagerankX.cc:154] TrainLog: fid-21;0.003475;84215;59114;143329;881595;5925;
I0804 23:07:54.833221 10738 pagerankX.cc:154] TrainLog: fid-25;0.003462;84209;79914;164123;900372;3245;
I0804 23:07:54.735685  4957 pagerankX.cc:148] fid: 8	update_sum2.46541
I0804 23:07:54.735710  4957 pagerankX.cc:154] TrainLog: fid-8;0.003553;54520;153783;208303;828179;6922;
I0804 23:07:54.784937 24074 pagerankX.cc:148] fid: 39	update_sum6.81049
I0804 23:07:54.784961 24074 pagerankX.cc:154] TrainLog: fid-39;0.003737;84209;80798;165007;1044831;5084;
I0804 23:07:54.833410 10737 pagerankX.cc:148] fid: 17	update_sum4.23509
I0804 23:07:54.833456 10737 pagerankX.cc:154] TrainLog: fid-17;0.003758;82581;91642;174223;833694;4726;
I0804 23:07:54.833679 10741 pagerankX.cc:148] fid: 49	update_sum3.99867
I0804 23:07:54.833705 10741 pagerankX.cc:154] TrainLog: fid-49;0.003944;80634;109603;190237;1034819;4177;
I0804 23:07:54.849459 12293 pagerankX.cc:148] fid: 44	update_sum3.3675
I0804 23:07:54.849496 12293 pagerankX.cc:154] TrainLog: fid-44;0.00395;84216;64837;149053;921325;2675;
I0804 23:07:54.736135  4962 pagerankX.cc:148] fid: 48	update_sum4.88873
I0804 23:07:54.736157  4962 pagerankX.cc:154] TrainLog: fid-48;0.004001;84200;95125;179325;936805;9957;
I0804 23:07:54.774770 26156 pagerankX.cc:148] fid: 43	update_sum2.78319
I0804 23:07:54.774787 26156 pagerankX.cc:154] TrainLog: fid-43;0.004187;69759;138379;208138;971666;4150;
I0804 23:07:54.851846 30338 pagerankX.cc:148] fid: 54	update_sum1.35852
I0804 23:07:54.833947 10740 pagerankX.cc:148] fid: 41	update_sum2.16783
I0804 23:07:54.833972 10740 pagerankX.cc:154] TrainLog: fid-41;0.004247;84226;79146;163372;1001615;2246;
I0804 23:07:54.774871 26157 pagerankX.cc:148] fid: 51	update_sum2.19323
I0804 23:07:54.851871 30338 pagerankX.cc:154] TrainLog: fid-54;0.004157;78067;141682;219749;1066503;3950;
I0804 23:07:54.785425 24073 pagerankX.cc:148] fid: 31	update_sum2.53153
I0804 23:07:54.785454 24073 pagerankX.cc:154] TrainLog: fid-31;0.004237;79043;74777;153820;1083119;2070;
I0804 23:07:54.736413  4960 pagerankX.cc:148] fid: 32	update_sum9.01755
I0804 23:07:54.736431  4960 pagerankX.cc:154] TrainLog: fid-32;0.00436;84205;123055;207260;1181299;7409;
I0804 23:07:54.774899 26157 pagerankX.cc:154] TrainLog: fid-51;0.004268;84173;57027;141200;1008130;2392;
I0804 23:07:54.849854 12291 pagerankX.cc:148] fid: 28	update_sum3.32652
I0804 23:07:54.849877 12291 pagerankX.cc:154] TrainLog: fid-28;0.004336;84200;106454;190654;1138857;3514;
I0804 23:07:54.785658 24076 pagerankX.cc:148] fid: 55	update_sum4.64334
I0804 23:07:54.852097 30337 pagerankX.cc:148] fid: 46	update_sum5.18179
I0804 23:07:54.852123 30337 pagerankX.cc:154] TrainLog: fid-46;0.004474;84224;94833;179057;1212840;4825;
I0804 23:07:54.785684 24076 pagerankX.cc:154] TrainLog: fid-55;0.004452;84224;111883;196107;1107375;5990;
I0804 23:07:54.785781 24075 pagerankX.cc:148] fid: 47	update_sum3.46241
I0804 23:07:54.785828 24075 pagerankX.cc:154] TrainLog: fid-47;0.004598;82029;132537;214566;1139729;4474;
I0804 23:07:54.904525  3255 pagerankX.cc:154] TrainLog: fid-58;0.004828;84228;62210;146438;925592;3228;
I0804 23:07:54.834684 10739 pagerankX.cc:148] fid: 33	update_sum5.4221
I0804 23:07:54.834708 10739 pagerankX.cc:154] TrainLog: fid-33;0.00501;84218;93584;177802;1168862;5565;
I0804 23:07:54.850661 12292 pagerankX.cc:148] fid: 36	update_sum4.33352
I0804 23:07:54.850678 12292 pagerankX.cc:154] TrainLog: fid-36;0.005222;84191;103630;187821;1247845;4285;
I0804 23:07:54.850791 12288 pagerankX.cc:148] fid: 4	update_sum4.26213
I0804 23:07:54.850814 12288 pagerankX.cc:154] TrainLog: fid-4;0.005347;84165;96871;181036;1264647;2983;
I0804 23:07:54.786640 24071 pagerankX.cc:148] fid: 15	update_sum0.674278
I0804 23:07:54.786665 24071 pagerankX.cc:154] TrainLog: fid-15;0.005448;84222;117070;201292;1413131;2317;
I0804 23:07:54.749832 10994 pagerankX.cc:148] fid: 29	update_sum5.58646
I0804 23:07:54.749856 10994 pagerankX.cc:154] TrainLog: fid-29;0.005525;84206;174361;258567;1580062;12609;
I0804 23:07:54.835587 10735 pagerankX.cc:148] fid: 1	update_sum4.59636
I0804 23:07:54.835603 10735 pagerankX.cc:154] TrainLog: fid-1;0.00594;84228;185158;269386;1396748;10907;
I0804 23:07:54.905500  3253 pagerankX.cc:148] fid: 42	update_sum3.48099
I0804 23:07:54.905524  3253 pagerankX.cc:154] TrainLog: fid-42;0.005827;84202;107090;191292;1563104;2331;
I0804 23:07:54.777853 26153 pagerankX.cc:148] fid: 19	update_sum1.43353
I0804 23:07:54.777876 26153 pagerankX.cc:154] TrainLog: fid-19;0.007256;84212;155903;240115;2122591;4404;
I0804 23:07:54.906932  3249 pagerankX.cc:148] fid: 10	update_sum1.26642
I0804 23:07:54.906955  3249 pagerankX.cc:154] TrainLog: fid-10;0.00734;84232;150997;235229;1959471;3354;
I0804 23:07:54.779808 26154 pagerankX.cc:148] fid: 27	update_sum4.27899
I0804 23:07:54.779825 26154 pagerankX.cc:154] TrainLog: fid-27;0.009229;84218;193747;277965;2300002;13977;
I0804 23:07:54.909628  3254 pagerankX.cc:148] fid: 50	update_sum0.0157182
I0804 23:07:54.909654  3254 pagerankX.cc:154] TrainLog: fid-50;0.000734;44761;17980;62741;140738;30;
I0804 23:07:54.909940  3252 pagerankX.cc:148] fid: 34	update_sum0.179383
I0804 23:07:54.909978  3252 pagerankX.cc:154] TrainLog: fid-34;0.001056;43513;40170;83683;240401;366;
I0804 23:07:54.754848 10997 pagerankX.cc:148] fid: 53	update_sum0.357408
I0804 23:07:54.754875 10997 pagerankX.cc:154] TrainLog: fid-53;0.001272;35841;50712;86553;304089;820;
I0804 23:07:54.754995 10996 pagerankX.cc:148] fid: 45	update_sum0.850437
I0804 23:07:54.755041 10996 pagerankX.cc:154] TrainLog: fid-45;0.001416;44749;55812;100561;360972;526;
I0804 23:07:54.743007  4958 pagerankX.cc:148] fid: 16	update_sum0.5957
I0804 23:07:54.743032  4958 pagerankX.cc:154] TrainLog: fid-16;0.001652;53384;64307;117691;392595;687;
I0804 23:07:54.858594 30334 pagerankX.cc:148] fid: 22	update_sum0.239131
I0804 23:07:54.858619 30334 pagerankX.cc:154] TrainLog: fid-22;0.001673;57648;49984;107632;404607;366;
I0804 23:07:54.743113  4961 pagerankX.cc:148] fid: 40	update_sum0.632982
I0804 23:07:54.755291 10992 pagerankX.cc:148] fid: 13	update_sum0.412289
I0804 23:07:54.910691  3248 pagerankX.cc:148] fid: 2	update_sum0.820372
I0804 23:07:54.858739 30332 pagerankX.cc:148] fid: 6	update_sum0.224976
I0804 23:07:54.743151  4961 pagerankX.cc:154] TrainLog: fid-40;0.001747;64637;46682;111319;414539;272;
I0804 23:07:54.755316 10992 pagerankX.cc:154] TrainLog: fid-13;0.001692;68278;32673;100951;393419;125;
I0804 23:07:54.743180  4959 pagerankX.cc:148] fid: 24	update_sum0.0670046
I0804 23:07:54.743206  4959 pagerankX.cc:154] TrainLog: fid-24;0.001754;74218;30016;104234;388307;44;
I0804 23:07:54.910714  3248 pagerankX.cc:154] TrainLog: fid-2;0.001795;69979;40833;110812;422723;242;
I0804 23:07:54.858764 30332 pagerankX.cc:154] TrainLog: fid-6;0.001818;84178;32504;116682;413169;110;
I0804 23:07:54.910820  3250 pagerankX.cc:148] fid: 18	update_sum0.0281209
I0804 23:07:54.910845  3250 pagerankX.cc:154] TrainLog: fid-18;0.001923;84232;44109;128341;452219;12;
I0804 23:07:54.841123 10742 pagerankX.cc:148] fid: 57	update_sum0.25102
I0804 23:07:54.781955 26155 pagerankX.cc:148] fid: 35	update_sum0.307886
I0804 23:07:54.781980 26155 pagerankX.cc:154] TrainLog: fid-35;0.002058;84224;38995;123219;519041;110;
I0804 23:07:54.755580 10995 pagerankX.cc:148] fid: 37	update_sum0.543258
I0804 23:07:54.755607 10995 pagerankX.cc:154] TrainLog: fid-37;0.002034;52649;45677;98326;490241;386;
I0804 23:07:54.859017 30339 pagerankX.cc:148] fid: 62	update_sum0.0134112
I0804 23:07:54.792528 24070 pagerankX.cc:148] fid: 7	update_sum0.619423
I0804 23:07:54.792553 24070 pagerankX.cc:154] TrainLog: fid-7;0.002033;84223;38822;123045;513729;454;
I0804 23:07:54.841151 10742 pagerankX.cc:154] TrainLog: fid-57;0.002094;84220;45516;129736;502410;269;
I0804 23:07:54.792618 24072 pagerankX.cc:148] fid: 23	update_sum0.45489
I0804 23:07:54.859045 30339 pagerankX.cc:154] TrainLog: fid-62;0.002095;84225;43574;127799;497253;29;
I0804 23:07:54.792641 24072 pagerankX.cc:154] TrainLog: fid-23;0.002121;80147;46526;126673;562692;333;
I0804 23:07:54.841264 10736 pagerankX.cc:148] fid: 9	update_sum0.694122
I0804 23:07:54.859067 30336 pagerankX.cc:148] fid: 38	update_sum0.459604
I0804 23:07:54.859092 30336 pagerankX.cc:154] TrainLog: fid-38;0.002147;84191;43668;127859;503551;256;
I0804 23:07:54.911170  3251 pagerankX.cc:148] fid: 26	update_sum0.278257
I0804 23:07:54.911216  3251 pagerankX.cc:154] TrainLog: fid-26;0.002278;84214;45118;129332;537092;425;
I0804 23:07:54.841290 10736 pagerankX.cc:154] TrainLog: fid-9;0.002231;76669;46183;122852;575334;484;
I0804 23:07:54.857046 12294 pagerankX.cc:148] fid: 52	update_sum0.11554
I0804 23:07:54.857089 12294 pagerankX.cc:154] TrainLog: fid-52;0.002258;84223;43351;127574;531617;25;
I0804 23:07:54.792948 24077 pagerankX.cc:148] fid: 63	update_sum0.341995
I0804 23:07:54.792976 24077 pagerankX.cc:154] TrainLog: fid-63;0.00245;84227;27786;112013;618695;1030;
I0804 23:07:54.857368 12295 pagerankX.cc:148] fid: 60	update_sum1.13606
I0804 23:07:54.756151 10998 pagerankX.cc:148] fid: 61	update_sum1.27049
I0804 23:07:54.756175 10998 pagerankX.cc:154] TrainLog: fid-61;0.002595;76057;60896;136953;610582;680;
I0804 23:07:54.859488 30335 pagerankX.cc:148] fid: 30	update_sum0.416728
I0804 23:07:54.859515 30335 pagerankX.cc:154] TrainLog: fid-30;0.002562;45973;96649;142622;673657;574;
I0804 23:07:54.857393 12295 pagerankX.cc:154] TrainLog: fid-60;0.002563;84225;52407;136632;625507;379;
I0804 23:07:54.782665 26152 pagerankX.cc:148] fid: 11	update_sum0.109011
I0804 23:07:54.782699 26152 pagerankX.cc:154] TrainLog: fid-11;0.0028;84209;49763;133972;603967;51;
I0804 23:07:54.744303  4963 pagerankX.cc:148] fid: 56	update_sum0.981892
I0804 23:07:54.744304  4956 pagerankX.cc:148] fid: 0	update_sum3.12036
I0804 23:07:54.744329  4963 pagerankX.cc:154] TrainLog: fid-56;0.00288;84214;65462;149676;715618;680;
I0804 23:07:54.744349  4956 pagerankX.cc:154] TrainLog: fid-0;0.002968;84225;71443;155668;785132;953;
I0804 23:07:54.756614 10991 pagerankX.cc:148] fid: 5	update_sum0.0323013
I0804 23:07:54.756639 10991 pagerankX.cc:154] TrainLog: fid-5;0.00307;84216;63806;148022;729860;60;
I0804 23:07:54.782979 26151 pagerankX.cc:148] fid: 3	update_sum1.11473
I0804 23:07:54.783002 26151 pagerankX.cc:154] TrainLog: fid-3;0.003084;68069;139816;207885;822157;1385;
I0804 23:07:54.783042 26158 pagerankX.cc:148] fid: 59	update_sum0.293613
I0804 23:07:54.857883 12289 pagerankX.cc:148] fid: 12	update_sum1.71394
I0804 23:07:54.857906 12289 pagerankX.cc:154] TrainLog: fid-12;0.003075;84224;74677;158901;764938;776;
I0804 23:07:54.783066 26158 pagerankX.cc:154] TrainLog: fid-59;0.00315;49107;176971;226078;726698;2031;
I0804 23:07:54.857944 12290 pagerankX.cc:148] fid: 20	update_sum1.15428
I0804 23:07:54.857967 12290 pagerankX.cc:154] TrainLog: fid-20;0.003187;83946;70759;154705;746281;900;
I0804 23:07:54.860172 30333 pagerankX.cc:148] fid: 14	update_sum1.03946
I0804 23:07:54.860194 30333 pagerankX.cc:154] TrainLog: fid-14;0.003253;84227;52214;136441;842109;830;
I0804 23:07:54.744693  4957 pagerankX.cc:148] fid: 8	update_sum0.45979
I0804 23:07:54.744732  4957 pagerankX.cc:154] TrainLog: fid-8;0.003281;54520;153783;208303;828179;2251;
I0804 23:07:54.842483 10738 pagerankX.cc:148] fid: 25	update_sum0.765966
I0804 23:07:54.757004 10993 pagerankX.cc:148] fid: 21	update_sum1.53793
I0804 23:07:54.757028 10993 pagerankX.cc:154] TrainLog: fid-21;0.003458;84215;59114;143329;881595;3560;
I0804 23:07:54.842510 10738 pagerankX.cc:154] TrainLog: fid-25;0.003454;84209;79914;164123;900372;2556;
I0804 23:07:54.842648 10737 pagerankX.cc:148] fid: 17	update_sum1.25154
I0804 23:07:54.842679 10737 pagerankX.cc:154] TrainLog: fid-17;0.003676;82581;91642;174223;833694;1250;
I0804 23:07:54.794216 24074 pagerankX.cc:148] fid: 39	update_sum2.96235
I0804 23:07:54.794240 24074 pagerankX.cc:154] TrainLog: fid-39;0.00372;84209;80798;165007;1044831;1009;
I0804 23:07:54.858522 12293 pagerankX.cc:148] fid: 44	update_sum1.54776
I0804 23:07:54.858546 12293 pagerankX.cc:154] TrainLog: fid-44;0.003766;84216;64837;149053;921325;707;
I0804 23:07:54.745182  4962 pagerankX.cc:148] fid: 48	update_sum1.46898
I0804 23:07:54.745204  4962 pagerankX.cc:154] TrainLog: fid-48;0.003754;84200;95125;179325;936805;1609;
I0804 23:07:54.842967 10741 pagerankX.cc:148] fid: 49	update_sum1.29049
I0804 23:07:54.843000 10741 pagerankX.cc:154] TrainLog: fid-49;0.003944;80634;109603;190237;1034819;2557;
I0804 23:07:54.783991 26156 pagerankX.cc:148] fid: 43	update_sum0.839245
I0804 23:07:54.784011 26156 pagerankX.cc:154] TrainLog: fid-43;0.004129;69759;138379;208138;971666;2058;
I0804 23:07:54.784075 26157 pagerankX.cc:148] fid: 51	update_sum0.81714
I0804 23:07:54.861078 30338 pagerankX.cc:148] fid: 54	update_sum0.45036
I0804 23:07:54.861100 30338 pagerankX.cc:154] TrainLog: fid-54;0.00415;78067;141682;219749;1066503;713;
I0804 23:07:54.843178 10740 pagerankX.cc:148] fid: 41	update_sum0.899363
I0804 23:07:54.843202 10740 pagerankX.cc:154] TrainLog: fid-41;0.004168;84226;79146;163372;1001615;875;
I0804 23:07:54.784104 26157 pagerankX.cc:154] TrainLog: fid-51;0.004186;84173;57027;141200;1008130;417;
I0804 23:07:54.794697 24073 pagerankX.cc:148] fid: 31	update_sum1.05991
I0804 23:07:54.794724 24073 pagerankX.cc:154] TrainLog: fid-31;0.004213;79043;74777;153820;1083119;612;
I0804 23:07:54.745653  4960 pagerankX.cc:148] fid: 32	update_sum2.63762
I0804 23:07:54.745671  4960 pagerankX.cc:154] TrainLog: fid-32;0.004304;84205;123055;207260;1181299;1759;
I0804 23:07:54.859042 12291 pagerankX.cc:148] fid: 28	update_sum1.24778
I0804 23:07:54.859066 12291 pagerankX.cc:154] TrainLog: fid-28;0.004235;84200;106454;190654;1138857;993;
I0804 23:07:54.794916 24076 pagerankX.cc:148] fid: 55	update_sum1.24784
I0804 23:07:54.861366 30337 pagerankX.cc:148] fid: 46	update_sum1.82303
I0804 23:07:54.861392 30337 pagerankX.cc:154] TrainLog: fid-46;0.004446;84224;94833;179057;1212840;2205;
I0804 23:07:54.794941 24076 pagerankX.cc:154] TrainLog: fid-55;0.004413;84224;111883;196107;1107375;1724;
I0804 23:07:54.795048 24075 pagerankX.cc:148] fid: 47	update_sum0.969807
I0804 23:07:54.795074 24075 pagerankX.cc:154] TrainLog: fid-47;0.004549;82029;132537;214566;1139729;2248;
I0804 23:07:54.843892 10739 pagerankX.cc:148] fid: 33	update_sum1.94582
I0804 23:07:54.843915 10739 pagerankX.cc:154] TrainLog: fid-33;0.004913;84218;93584;177802;1168862;1073;
I0804 23:07:54.859779 12292 pagerankX.cc:148] fid: 36	update_sum0.967495
I0804 23:07:54.859797 12292 pagerankX.cc:154] TrainLog: fid-36;0.005042;84191;103630;187821;1247845;2412;
I0804 23:07:54.859894 12288 pagerankX.cc:148] fid: 4	update_sum1.97605
I0804 23:07:54.859915 12288 pagerankX.cc:154] TrainLog: fid-4;0.005146;84165;96871;181036;1264647;833;
I0804 23:07:54.795907 24071 pagerankX.cc:148] fid: 15	update_sum0.171084
I0804 23:07:54.795933 24071 pagerankX.cc:154] TrainLog: fid-15;0.005419;84222;117070;201292;1413131;589;
I0804 23:07:54.759083 10994 pagerankX.cc:148] fid: 29	update_sum1.46332
I0804 23:07:54.759105 10994 pagerankX.cc:154] TrainLog: fid-29;0.005481;84206;174361;258567;1580062;2953;
I0804 23:07:54.914489  3253 pagerankX.cc:148] fid: 42	update_sum1.1627
I0804 23:07:54.914513  3253 pagerankX.cc:154] TrainLog: fid-42;0.005587;84202;107090;191292;1563104;1090;
I0804 23:07:54.844820 10735 pagerankX.cc:148] fid: 1	update_sum1.02758
I0804 23:07:54.844835 10735 pagerankX.cc:154] TrainLog: fid-1;0.005846;84228;185158;269386;1396748;2681;
I0804 23:07:54.915916  3249 pagerankX.cc:148] fid: 10	update_sum0.346981
I0804 23:07:54.915940  3249 pagerankX.cc:154] TrainLog: fid-10;0.007023;84232;150997;235229;1959471;577;
I0804 23:07:54.787137 26153 pagerankX.cc:148] fid: 19	update_sum0.368505
I0804 23:07:54.787159 26153 pagerankX.cc:154] TrainLog: fid-19;0.007239;84212;155903;240115;2122591;670;
I0804 23:07:54.789036 26154 pagerankX.cc:148] fid: 27	update_sum1.02295
I0804 23:07:54.789054 26154 pagerankX.cc:154] TrainLog: fid-27;0.009176;84218;193747;277965;2300002;3529;
I0804 23:07:54.752857  4951 worker.cc:478] [worker1] enters process result assemble, 8
I0804 23:07:54.850473 10730 worker.cc:478] [worker2] enters process result assemble, 8
I0804 23:07:54.791386 26146 worker.cc:478] [worker4] enters process result assemble, 8
I0804 23:07:54.920390  3243 worker.cc:478] [worker3] enters process result assemble, 8
I0804 23:07:54.866233 12283 worker.cc:478] [worker5] enters process result assemble, 8
I0804 23:07:54.765040 10986 worker.cc:478] [worker6] enters process result assemble, 8
I0804 23:07:54.868418 30327 worker.cc:478] [worker7] enters process result assemble, 8
I0804 23:07:54.801982 24065 worker.cc:478] [worker8] enters process result assemble, 8
W0804 23:07:55.559765 26146 pagerankX.cc:212] eta 0 Fid 3	#internation	32
W0804 23:07:55.712596  3243 pagerankX.cc:212] eta 0 Fid 2	#internation	32
W0804 23:07:55.758816 30327 pagerankX.cc:212] eta 0 Fid 6	#internation	32
W0804 23:07:55.684058 10986 pagerankX.cc:212] eta 0 Fid 5	#internation	32
W0804 23:07:55.769625 10730 pagerankX.cc:212] eta 0 Fid 1	#internation	32
W0804 23:07:55.785876 12283 pagerankX.cc:212] eta 0 Fid 4	#internation	32
W0804 23:07:55.743783 24065 pagerankX.cc:212] eta 0 Fid 7	#internation	32
W0804 23:07:55.736878  4951 pagerankX.cc:212] eta 0 Fid 0	#internation	32
W0804 23:07:56.402005  4951 pagerankX.cc:212] eta 0 Fid 8	#internation	32
W0804 23:07:56.429937 10986 pagerankX.cc:212] eta 0 Fid 13	#internation	32
W0804 23:07:56.589988  3243 pagerankX.cc:212] eta 0 Fid 10	#internation	32
W0804 23:07:56.499660 26146 pagerankX.cc:212] eta 0 Fid 11	#internation	32
W0804 23:07:56.603490 10730 pagerankX.cc:212] eta 0 Fid 9	#internation	32
W0804 23:07:56.655076 30327 pagerankX.cc:212] eta 0 Fid 14	#internation	32
W0804 23:07:56.697906 12283 pagerankX.cc:212] eta 0 Fid 12	#internation	32
W0804 23:07:56.707978 24065 pagerankX.cc:212] eta 0 Fid 15	#internation	32
W0804 23:07:57.020442  4951 pagerankX.cc:212] eta 0 Fid 16	#internation	32
W0804 23:07:57.286038 30327 pagerankX.cc:212] eta 0 Fid 22	#internation	32
W0804 23:07:57.483507  3243 pagerankX.cc:212] eta 0 Fid 18	#internation	32
W0804 23:07:57.359524 10986 pagerankX.cc:212] eta 0 Fid 21	#internation	32
W0804 23:07:57.499866 10730 pagerankX.cc:212] eta 0 Fid 17	#internation	32
W0804 23:07:57.448232 26146 pagerankX.cc:212] eta 0 Fid 19	#internation	32
W0804 23:07:57.624087 12283 pagerankX.cc:212] eta 0 Fid 20	#internation	32
W0804 23:07:57.600881 24065 pagerankX.cc:212] eta 0 Fid 23	#internation	32
W0804 23:07:57.770788 30327 pagerankX.cc:212] eta 0 Fid 30	#internation	32
W0804 23:07:57.882534  4951 pagerankX.cc:212] eta 0 Fid 24	#internation	32
W0804 23:07:58.365339  3243 pagerankX.cc:212] eta 0 Fid 26	#internation	32
W0804 23:07:58.286048 10986 pagerankX.cc:212] eta 0 Fid 29	#internation	32
W0804 23:07:58.430755 10730 pagerankX.cc:212] eta 0 Fid 25	#internation	32
W0804 23:07:58.431298 26146 pagerankX.cc:212] eta 0 Fid 27	#internation	32
W0804 23:07:58.537473 12283 pagerankX.cc:212] eta 0 Fid 28	#internation	32
W0804 23:07:58.513980 24065 pagerankX.cc:212] eta 0 Fid 31	#internation	32
W0804 23:07:58.667310 30327 pagerankX.cc:212] eta 0 Fid 38	#internation	32
W0804 23:07:58.839329  3243 pagerankX.cc:212] eta 0 Fid 34	#internation	32
W0804 23:07:58.865769 10986 pagerankX.cc:212] eta 0 Fid 37	#internation	32
W0804 23:07:58.853960  4951 pagerankX.cc:212] eta 0 Fid 32	#internation	32
W0804 23:07:59.356431 10730 pagerankX.cc:212] eta 0 Fid 33	#internation	32
W0804 23:07:59.366636 26146 pagerankX.cc:212] eta 0 Fid 35	#internation	32
W0804 23:07:59.446408 12283 pagerankX.cc:212] eta 0 Fid 36	#internation	32
W0804 23:07:59.353942 10986 pagerankX.cc:212] eta 0 Fid 45	#internation	32
W0804 23:07:59.456267 24065 pagerankX.cc:212] eta 0 Fid 39	#internation	32
W0804 23:07:59.561316 30327 pagerankX.cc:212] eta 0 Fid 46	#internation	32
W0804 23:07:59.737586  3243 pagerankX.cc:212] eta 0 Fid 42	#internation	32
W0804 23:07:59.603387  4951 pagerankX.cc:212] eta 0 Fid 40	#internation	32
W0804 23:07:59.821272 10986 pagerankX.cc:212] eta 0 Fid 53	#internation	32
W0804 23:08:00.201851  3243 pagerankX.cc:212] eta 0 Fid 50	#internation	32
W0804 23:08:00.155169 26146 pagerankX.cc:212] eta 0 Fid 43	#internation	32
W0804 23:08:00.280755 10730 pagerankX.cc:212] eta 0 Fid 41	#internation	32
W0804 23:08:00.383610 30327 pagerankX.cc:212] eta 0 Fid 54	#internation	32
W0804 23:08:00.385725 12283 pagerankX.cc:212] eta 0 Fid 44	#internation	32
W0804 23:08:00.387739 24065 pagerankX.cc:212] eta 0 Fid 47	#internation	32
W0804 23:08:00.596693  4951 pagerankX.cc:212] eta 0 Fid 48	#internation	32
W0804 23:08:00.657860 10986 pagerankX.cc:212] eta 0 Fid 61	#internation	32
W0804 23:08:01.121059  3243 pagerankX.cc:212] eta 0 Fid 58	#internation	31
W0804 23:08:01.093931 26146 pagerankX.cc:212] eta 0 Fid 51	#internation	32
W0804 23:08:01.159132 10730 pagerankX.cc:212] eta 0 Fid 49	#internation	32
W0804 23:08:01.280694 12283 pagerankX.cc:212] eta 0 Fid 52	#internation	32
W0804 23:08:01.335273 24065 pagerankX.cc:212] eta 0 Fid 55	#internation	32
W0804 23:08:01.534498 30327 pagerankX.cc:212] eta 0 Fid 62	#internation	32
W0804 23:08:01.564939  4951 pagerankX.cc:212] eta 0 Fid 56	#internation	32
W0804 23:08:01.647964 26146 pagerankX.cc:212] eta 0 Fid 59	#internation	32
W0804 23:08:02.062403 10730 pagerankX.cc:212] eta 0 Fid 57	#internation	32
W0804 23:08:02.176591 12283 pagerankX.cc:212] eta 0 Fid 60	#internation	32
W0804 23:08:02.289525 24065 pagerankX.cc:212] eta 0 Fid 63	#internation	32
I0804 23:08:02.328246 26234 metric.cc:219] -------------------------------------------------
I0804 23:08:02.328285 26234 metric.cc:220] algorithm:           pagerank
I0804 23:08:02.328303 26234 metric.cc:221] dataset-vfile:       /BIGDATA1/buaa_wffan_1/grape-data/dbpedia/evr/dbpedia.v
I0804 23:08:02.328312 26234 metric.cc:222] dataset-efile:       /BIGDATA1/buaa_wffan_1/grape-data/dbpedia/evr/dbpedia.e
I0804 23:08:02.328316 26234 metric.cc:223] partition-num:       64
I0804 23:08:02.328320 26234 metric.cc:224] query-info:          file:/BIGDATA1/buaa_wffan_1/lidongze/code/grape/cpp/build/query/pagerank_feature/query-bsp
I0804 23:08:02.328325 26234 metric.cc:225] graph-load-time(s):  1.6998
I0804 23:08:02.328344 26234 metric.cc:226] grape-total-time(s): 0.545516
I0804 23:08:02.328351 26234 metric.cc:227] max-thread-time(s):  0.507642
I0804 23:08:02.328356 26234 metric.cc:228] min-thread-time(s):  0.0507805
I0804 23:08:02.328367 26234 metric.cc:229] avg-thread-time(s):  0.194436
I0804 23:08:02.328372 26234 metric.cc:230] mpi-msg-size(Bytes): 2133978756
