I0804 23:21:20.930835 22042 util.cc:56] "query-bsp"
I0804 23:21:20.931584 22042 worker.cc:238] The query absolute path is /BIGDATA1/buaa_wffan_1/lidongze/code/grape/cpp/build/query/pagerank_feature/query-bsp
I0804 23:21:20.933387 22042 worker.cc:244] query detail: 
I0804 23:21:20.933403 22042 query.cc:81] terminate = 0
I0804 23:21:20.933419 22042 query.cc:82] bound = 0
I0804 23:21:20.933429 22042 query.cc:83] root = 0
I0804 23:21:20.933435 22042 query.cc:84] lower_bound_ = 0
I0804 23:21:20.933440 22042 query.cc:85] upper_bound_ = 50
I0804 23:21:20.933445 22042 query.cc:86] ttl_ = 100000
I0804 23:21:20.934913 22042 query.cc:87] sampling_pattern = 
I0804 23:21:20.934922 22042 worker.cc:249] query_info=file:/BIGDATA1/buaa_wffan_1/lidongze/code/grape/cpp/build/query/pagerank_feature/query-bsp
I0804 23:21:20.935094 22042 worker.cc:35] Enter coordinator loop
I0804 23:21:21.205644 11005 worker.cc:155] tid-4 access Cool
I0804 23:21:21.205603 11001 worker.cc:155] tid-0 access Cool
I0804 23:21:21.138758 25194 worker.cc:155] tid-0 access Cool
I0804 23:21:21.138869 25196 worker.cc:155] tid-2 access Cool
I0804 23:21:21.114370 26610 worker.cc:155] tid-4 access Cool
I0804 23:21:21.114382 26611 worker.cc:155] tid-5 access Cool
I0804 23:21:21.131665 27728 worker.cc:155] tid-0 access Cool
I0804 23:21:21.131698 27730 worker.cc:155] tid-2 access Cool
I0804 23:21:21.051056 26181 worker.cc:155] tid-0 access Cool
I0804 23:21:21.051074 26185 worker.cc:155] tid-4 access Cool
I0804 23:21:21.208720 29602 worker.cc:155] tid-2 access Cool
I0804 23:21:21.202292 27856 worker.cc:155] tid-6 access Cool
I0804 23:21:21.116732 20357 worker.cc:155] tid-0 access Cool
I0804 23:21:21.114343 26606 worker.cc:155] tid-0 access Cool
I0804 23:21:21.208725 29604 worker.cc:155] tid-4 access Cool
I0804 23:21:21.202185 27854 worker.cc:155] tid-4 access Cool
I0804 23:21:21.138758 25197 worker.cc:155] tid-3 access Cool
I0804 23:21:21.114390 26612 worker.cc:155] tid-6 access Cool
I0804 23:21:21.051102 26186 worker.cc:155] tid-5 access Cool
I0804 23:21:21.208575 29600 worker.cc:155] tid-0 access Cool
I0804 23:21:21.202179 27852 worker.cc:155] tid-2 access Cool
I0804 23:21:21.131681 27729 worker.cc:155] tid-1 access Cool
I0804 23:21:21.205641 11004 worker.cc:155] tid-3 access Cool
I0804 23:21:21.116842 20359 worker.cc:155] tid-2 access Cool
I0804 23:21:21.138758 25195 worker.cc:155] tid-1 access Cool
I0804 23:21:21.114348 26609 worker.cc:155] tid-3 access Cool
I0804 23:21:21.051147 26183 worker.cc:155] tid-2 access Cool
I0804 23:21:21.208644 29605 worker.cc:155] tid-5 access Cool
I0804 23:21:21.208576 29601 worker.cc:155] tid-1 access Cool
I0804 23:21:21.202178 27853 worker.cc:155] tid-3 access Cool
I0804 23:21:21.131701 27732 worker.cc:155] tid-4 access Cool
I0804 23:21:21.205763 11006 worker.cc:155] tid-5 access Cool
I0804 23:21:21.116883 20364 worker.cc:155] tid-7 access Cool
I0804 23:21:21.138823 25199 worker.cc:155] tid-5 access Cool
I0804 23:21:21.138901 25200 worker.cc:155] tid-6 access Cool
I0804 23:21:21.114344 26608 worker.cc:155] tid-2 access Cool
I0804 23:21:21.051056 26182 worker.cc:155] tid-1 access Cool
I0804 23:21:21.051059 26184 worker.cc:155] tid-3 access Cool
I0804 23:21:21.208578 29603 worker.cc:155] tid-3 access Cool
I0804 23:21:21.202332 27857 worker.cc:155] tid-7 access Cool
I0804 23:21:21.131712 27731 worker.cc:155] tid-3 access Cool
I0804 23:21:21.205610 11002 worker.cc:155] tid-1 access Cool
I0804 23:21:21.116734 20360 worker.cc:155] tid-3 access Cool
I0804 23:21:21.138921 25189 worker.cc:49] Enter worker loop, task num is 8
I0804 23:21:21.138758 25198 worker.cc:155] tid-4 access Cool
I0804 23:21:21.114344 26607 worker.cc:155] tid-1 access Cool
I0804 23:21:21.051157 26187 worker.cc:155] tid-6 access Cool
I0804 23:21:21.208729 29606 worker.cc:155] tid-6 access Cool
I0804 23:21:21.202174 27851 worker.cc:155] tid-1 access Cool
I0804 23:21:21.202283 27850 worker.cc:155] tid-0 access Cool
I0804 23:21:21.202205 27855 worker.cc:155] tid-5 access Cool
I0804 23:21:21.131945 27733 worker.cc:155] tid-5 access Cool
I0804 23:21:21.205626 11003 worker.cc:155] tid-2 access Cool
I0804 23:21:21.116731 20358 worker.cc:155] tid-1 access Cool
I0804 23:21:21.138922 25201 worker.cc:155] tid-7 access Cool
I0804 23:21:21.114405 26601 worker.cc:49] Enter worker loop, task num is 8
I0804 23:21:21.051189 26188 worker.cc:155] tid-7 access Cool
I0804 23:21:21.208787 29607 worker.cc:155] tid-7 access Cool
I0804 23:21:21.202327 27845 worker.cc:49] Enter worker loop, task num is 8
I0804 23:21:21.131822 27734 worker.cc:155] tid-6 access Cool
I0804 23:21:21.205842 11007 worker.cc:155] tid-6 access Cool
I0804 23:21:21.116766 20362 worker.cc:155] tid-5 access Cool
I0804 23:21:21.169034 25197 pagerankX.cc:154] TrainLog: fid-24;0.003278;74218;30016;104234;388307;30789;
I0804 23:21:21.170419 25199 pagerankX.cc:154] TrainLog: fid-40;0.003786;64637;46682;111319;414539;39730;
I0804 23:21:21.114408 26613 worker.cc:155] tid-7 access Cool
I0804 23:21:21.051188 26176 worker.cc:49] Enter worker loop, task num is 8
I0804 23:21:21.208786 29595 worker.cc:49] Enter worker loop, task num is 8
I0804 23:21:21.233686 27857 pagerankX.cc:154] TrainLog: fid-62;0.00389;84225;43574;127799;497253;38727;
I0804 23:21:21.233224 27852 pagerankX.cc:154] TrainLog: fid-22;0.003429;57648;49984;107632;404607;44745;
I0804 23:21:21.235759 27854 pagerankX.cc:154] TrainLog: fid-38;0.004948;84191;43668;127859;503551;33629;
I0804 23:21:21.131953 27723 worker.cc:49] Enter worker loop, task num is 8
I0804 23:21:21.205873 11008 worker.cc:155] tid-7 access Cool
I0804 23:21:21.116752 20361 worker.cc:155] tid-4 access Cool
I0804 23:21:21.116874 20352 worker.cc:49] Enter worker loop, task num is 8
I0804 23:21:21.171300 25196 pagerankX.cc:154] TrainLog: fid-16;0.005551;53384;64307;117691;392595;51307;
I0804 23:21:21.147191 26607 pagerankX.cc:154] TrainLog: fid-9;0.00434;76669;46183;122852;575334;31880;
I0804 23:21:21.147119 26613 pagerankX.cc:154] TrainLog: fid-57;0.004269;84220;45516;129736;502410;37223;
I0804 23:21:21.083534 26187 pagerankX.cc:154] TrainLog: fid-52;0.004369;84223;43351;127574;531617;37955;
I0804 23:21:21.239809 29604 pagerankX.cc:154] TrainLog: fid-37;0.003833;52649;45677;98326;490241;32973;
I0804 23:21:21.240828 29601 pagerankX.cc:154] TrainLog: fid-13;0.003424;68278;32673;100951;393419;25924;
I0804 23:21:21.239217 29606 pagerankX.cc:154] TrainLog: fid-53;0.003214;35841;50712;86553;304089;38242;
I0804 23:21:21.233187 27850 pagerankX.cc:154] TrainLog: fid-6;0.003385;84178;32504;116682;413169;33868;
I0804 23:21:21.131983 27735 worker.cc:155] tid-7 access Cool
I0804 23:21:21.205873 10996 worker.cc:49] Enter worker loop, task num is 8
I0804 23:21:21.116853 20363 worker.cc:155] tid-6 access Cool
I0804 23:21:21.172828 25201 pagerankX.cc:154] TrainLog: fid-56;0.007025;84214;65462;149676;715618;62256;
I0804 23:21:21.149634 26609 pagerankX.cc:154] TrainLog: fid-25;0.00679;84209;79914;164123;900372;99538;
I0804 23:21:21.084730 26188 pagerankX.cc:154] TrainLog: fid-60;0.005262;84225;52407;136632;625507;56286;
I0804 23:21:21.241946 29605 pagerankX.cc:154] TrainLog: fid-45;0.005951;44749;55812;100561;360972;48124;
I0804 23:21:21.237534 27851 pagerankX.cc:154] TrainLog: fid-14;0.007729;84227;52214;136441;842109;48997;
I0804 23:21:21.163318 27735 pagerankX.cc:154] TrainLog: fid-63;0.00371;84227;27786;112013;618695;23490;
I0804 23:21:21.166045 27728 pagerankX.cc:154] TrainLog: fid-7;0.00644;84223;38822;123045;513729;35811;
I0804 23:21:21.241012 11005 pagerankX.cc:154] TrainLog: fid-35;0.004245;84224;38995;123219;519041;36047;
I0804 23:21:21.147158 20361 pagerankX.cc:154] TrainLog: fid-34;0.002541;43513;40170;83683;240401;35315;
I0804 23:21:21.145445 20363 pagerankX.cc:154] TrainLog: fid-50;0.001605;44761;17980;62741;140738;22341;
I0804 23:21:21.173837 25194 pagerankX.cc:154] TrainLog: fid-0;0.008096;84225;71443;155668;785132;89096;
I0804 23:21:21.151302 26611 pagerankX.cc:154] TrainLog: fid-41;0.008409;84226;79146;163372;1001615;76071;
I0804 23:21:21.086091 26186 pagerankX.cc:154] TrainLog: fid-44;0.006933;84216;64837;149053;921325;64494;
I0804 23:21:21.243139 29607 pagerankX.cc:154] TrainLog: fid-61;0.007157;76057;60896;136953;610582;63159;
I0804 23:21:21.238253 27853 pagerankX.cc:154] TrainLog: fid-30;0.008454;45973;96649;142622;673657;64548;
I0804 23:21:21.166787 27730 pagerankX.cc:154] TrainLog: fid-23;0.00717;80147;46526;126673;562692;41853;
I0804 23:21:21.243912 11007 pagerankX.cc:154] TrainLog: fid-51;0.007026;84173;57027;141200;1008130;46972;
I0804 23:21:21.149183 20357 pagerankX.cc:154] TrainLog: fid-2;0.005354;69979;40833;110812;422723;31649;
I0804 23:21:21.174005 25200 pagerankX.cc:154] TrainLog: fid-48;0.008264;84200;95125;179325;936805;106898;
I0804 23:21:21.151665 26608 pagerankX.cc:154] TrainLog: fid-17;0.008821;82581;91642;174223;833694;98186;
I0804 23:21:21.087507 26182 pagerankX.cc:154] TrainLog: fid-12;0.008354;84224;74677;158901;764938;69591;
I0804 23:21:21.243391 29602 pagerankX.cc:154] TrainLog: fid-21;0.007414;84215;59114;143329;881595;75494;
I0804 23:21:21.239099 27856 pagerankX.cc:154] TrainLog: fid-54;0.009302;78067;141682;219749;1066503;107079;
I0804 23:21:21.239102 27855 pagerankX.cc:154] TrainLog: fid-46;0.009307;84224;94833;179057;1212840;97442;
I0804 23:21:21.167603 27731 pagerankX.cc:154] TrainLog: fid-31;0.007975;79043;74777;153820;1083119;60463;
I0804 23:21:21.243991 11002 pagerankX.cc:154] TrainLog: fid-11;0.00722;84209;49763;133972;603967;34784;
I0804 23:21:21.149505 20360 pagerankX.cc:154] TrainLog: fid-26;0.005662;84214;45118;129332;537092;46668;
I0804 23:21:21.175031 25195 pagerankX.cc:154] TrainLog: fid-8;0.009283;54520;153783;208303;828179;127385;
I0804 23:21:21.151911 26612 pagerankX.cc:154] TrainLog: fid-49;0.009067;80634;109603;190237;1034819;104239;
I0804 23:21:21.087700 26183 pagerankX.cc:154] TrainLog: fid-20;0.00855;83946;70759;154705;746281;56270;
I0804 23:21:21.243654 29600 pagerankX.cc:154] TrainLog: fid-5;0.00768;84216;63806;148022;729860;46547;
I0804 23:21:21.167819 27732 pagerankX.cc:154] TrainLog: fid-39;0.008208;84209;80798;165007;1044831;85756;
I0804 23:21:21.149788 20359 pagerankX.cc:154] TrainLog: fid-18;0.00596;84232;44109;128341;452219;38383;
I0804 23:21:21.176203 25198 pagerankX.cc:154] TrainLog: fid-32;0.01046;84205;123055;207260;1181299;167751;
I0804 23:21:21.152237 26610 pagerankX.cc:154] TrainLog: fid-33;0.009394;84218;93584;177802;1168862;93824;
I0804 23:21:21.089423 26184 pagerankX.cc:154] TrainLog: fid-28;0.01027;84200;106454;190654;1138857;96045;
I0804 23:21:21.169656 27734 pagerankX.cc:154] TrainLog: fid-55;0.010047;84224;111883;196107;1107375;127558;
I0804 23:21:21.150470 20364 pagerankX.cc:154] TrainLog: fid-58;0.006625;84228;62210;146438;925592;92293;
I0804 23:21:21.089679 26181 pagerankX.cc:154] TrainLog: fid-4;0.010529;84165;96871;181036;1264647;85563;
I0804 23:21:21.170197 27733 pagerankX.cc:154] TrainLog: fid-47;0.010585;82029;132537;214566;1139729;125990;
I0804 23:21:21.153760 20362 pagerankX.cc:154] TrainLog: fid-42;0.009925;84202;107090;191292;1563104;107760;
I0804 23:21:21.089751 26185 pagerankX.cc:154] TrainLog: fid-36;0.0106;84191;103630;187821;1247845;104446;
I0804 23:21:21.170909 27729 pagerankX.cc:154] TrainLog: fid-15;0.011296;84222;117070;201292;1413131;143870;
I0804 23:21:21.158020 20358 pagerankX.cc:154] TrainLog: fid-10;0.014185;84232;150997;235229;1959471;182642;
I0804 23:21:21.247258 11006 pagerankX.cc:154] TrainLog: fid-43;0.010502;69759;138379;208138;971666;113791;
I0804 23:21:21.156026 26606 pagerankX.cc:154] TrainLog: fid-1;0.013184;84228;185158;269386;1396748;197761;
I0804 23:21:21.247840 11001 pagerankX.cc:154] TrainLog: fid-3;0.011088;68069;139816;207885;822157;103030;
I0804 23:21:21.251745 29603 pagerankX.cc:154] TrainLog: fid-29;0.015762;84206;174361;258567;1580062;217674;
I0804 23:21:21.249621 11008 pagerankX.cc:154] TrainLog: fid-59;0.012865;49107;176971;226078;726698;98237;
I0804 23:21:21.252625 11003 pagerankX.cc:154] TrainLog: fid-19;0.015874;84212;155903;240115;2122591;209440;
I0804 23:21:21.254623 11004 pagerankX.cc:154] TrainLog: fid-27;0.017867;84218;193747;277965;2300002;335172;
I0804 23:21:21.168089 20363 pagerankX.cc:154] TrainLog: fid-50;0.00157;44761;17980;62741;140738;22341;
I0804 23:21:21.169090 20361 pagerankX.cc:154] TrainLog: fid-34;0.002569;43513;40170;83683;240401;35315;
I0804 23:21:21.191494 25197 pagerankX.cc:154] TrainLog: fid-24;0.003185;74218;30016;104234;388307;30789;
I0804 23:21:21.261700 29606 pagerankX.cc:154] TrainLog: fid-53;0.003161;35841;50712;86553;304089;38242;
I0804 23:21:21.170002 20357 pagerankX.cc:154] TrainLog: fid-2;0.003491;69979;40833;110812;422723;31649;
I0804 23:21:21.261961 29601 pagerankX.cc:154] TrainLog: fid-13;0.003445;68278;32673;100951;393419;25924;
I0804 23:21:21.170161 20359 pagerankX.cc:154] TrainLog: fid-18;0.003679;84232;44109;128341;452219;38383;
I0804 23:21:21.255640 27850 pagerankX.cc:154] TrainLog: fid-6;0.003319;84178;32504;116682;413169;33868;
I0804 23:21:21.192253 25199 pagerankX.cc:154] TrainLog: fid-40;0.003943;64637;46682;111319;414539;39730;
I0804 23:21:21.192255 25196 pagerankX.cc:154] TrainLog: fid-16;0.003947;53384;64307;117691;392595;51307;
I0804 23:21:21.255726 27852 pagerankX.cc:154] TrainLog: fid-22;0.003392;57648;49984;107632;404607;44745;
I0804 23:21:21.262162 29605 pagerankX.cc:154] TrainLog: fid-45;0.003627;44749;55812;100561;360972;48124;
I0804 23:21:21.262394 29604 pagerankX.cc:154] TrainLog: fid-37;0.003856;52649;45677;98326;490241;32973;
I0804 23:21:21.168135 26607 pagerankX.cc:154] TrainLog: fid-9;0.004282;76669;46183;122852;575334;31880;
I0804 23:21:21.168184 26613 pagerankX.cc:154] TrainLog: fid-57;0.004313;84220;45516;129736;502410;37223;
I0804 23:21:21.256115 27857 pagerankX.cc:154] TrainLog: fid-62;0.003777;84225;43574;127799;497253;38727;
I0804 23:21:21.185622 27728 pagerankX.cc:154] TrainLog: fid-7;0.00377;84223;38822;123045;513729;35811;
I0804 23:21:21.170722 20360 pagerankX.cc:154] TrainLog: fid-26;0.004204;84214;45118;129332;537092;46668;
I0804 23:21:21.185892 27735 pagerankX.cc:154] TrainLog: fid-63;0.004022;84227;27786;112013;618695;23490;
I0804 23:21:21.105209 26187 pagerankX.cc:154] TrainLog: fid-52;0.004298;84223;43351;127574;531617;37955;
I0804 23:21:21.259891 11005 pagerankX.cc:154] TrainLog: fid-35;0.004165;84224;38995;123219;519041;36047;
I0804 23:21:21.256629 27854 pagerankX.cc:154] TrainLog: fid-38;0.004325;84191;43668;127859;503551;33629;
I0804 23:21:21.186229 27730 pagerankX.cc:154] TrainLog: fid-23;0.004398;80147;46526;126673;562692;41853;
I0804 23:21:21.260499 11002 pagerankX.cc:154] TrainLog: fid-11;0.004785;84209;49763;133972;603967;34784;
I0804 23:21:21.106271 26188 pagerankX.cc:154] TrainLog: fid-60;0.005363;84225;52407;136632;625507;56286;
I0804 23:21:21.263980 29607 pagerankX.cc:154] TrainLog: fid-61;0.005444;76057;60896;136953;610582;63159;
I0804 23:21:21.264084 29600 pagerankX.cc:154] TrainLog: fid-5;0.005596;84216;63806;148022;729860;46547;
I0804 23:21:21.194286 25201 pagerankX.cc:154] TrainLog: fid-56;0.005961;84214;65462;149676;715618;62256;
I0804 23:21:21.194366 25194 pagerankX.cc:154] TrainLog: fid-0;0.006092;84225;71443;155668;785132;89096;
I0804 23:21:21.258033 27851 pagerankX.cc:154] TrainLog: fid-14;0.00573;84227;52214;136441;842109;48997;
I0804 23:21:21.170615 26609 pagerankX.cc:154] TrainLog: fid-25;0.006755;84209;79914;164123;900372;99538;
I0804 23:21:21.107333 26182 pagerankX.cc:154] TrainLog: fid-12;0.006464;84224;74677;158901;764938;69591;
I0804 23:21:21.173071 20364 pagerankX.cc:154] TrainLog: fid-58;0.00655;84228;62210;146438;925592;92293;
I0804 23:21:21.107448 26183 pagerankX.cc:154] TrainLog: fid-20;0.006547;83946;70759;154705;746281;56270;
I0804 23:21:21.265091 29602 pagerankX.cc:154] TrainLog: fid-21;0.00657;84215;59114;143329;881595;75494;
I0804 23:21:21.258919 27853 pagerankX.cc:154] TrainLog: fid-30;0.006618;45973;96649;142622;673657;64548;
I0804 23:21:21.171126 26611 pagerankX.cc:154] TrainLog: fid-41;0.007264;84226;79146;163372;1001615;76071;
I0804 23:21:21.107867 26186 pagerankX.cc:154] TrainLog: fid-44;0.006955;84216;64837;149053;921325;64494;
I0804 23:21:21.195807 25200 pagerankX.cc:154] TrainLog: fid-48;0.007525;84200;95125;179325;936805;106898;
I0804 23:21:21.171334 26608 pagerankX.cc:154] TrainLog: fid-17;0.00747;82581;91642;174223;833694;98186;
I0804 23:21:21.262811 11007 pagerankX.cc:154] TrainLog: fid-51;0.007082;84173;57027;141200;1008130;46972;
I0804 23:21:21.189548 27732 pagerankX.cc:154] TrainLog: fid-39;0.007713;84209;80798;165007;1044831;85756;
I0804 23:21:21.189530 27731 pagerankX.cc:154] TrainLog: fid-31;0.007636;79043;74777;153820;1083119;60463;
I0804 23:21:21.172799 26612 pagerankX.cc:154] TrainLog: fid-49;0.008967;80634;109603;190237;1034819;104239;
I0804 23:21:21.197603 25195 pagerankX.cc:154] TrainLog: fid-8;0.00933;54520;153783;208303;828179;127385;
I0804 23:21:21.173171 26610 pagerankX.cc:154] TrainLog: fid-33;0.009305;84218;93584;177802;1168862;93824;
I0804 23:21:21.109906 26184 pagerankX.cc:154] TrainLog: fid-28;0.009037;84200;106454;190654;1138857;96045;
I0804 23:21:21.261050 27855 pagerankX.cc:154] TrainLog: fid-46;0.00875;84224;94833;179057;1212840;97442;
I0804 23:21:21.264696 11001 pagerankX.cc:154] TrainLog: fid-3;0.009017;68069;139816;207885;822157;103030;
I0804 23:21:21.261351 27856 pagerankX.cc:154] TrainLog: fid-54;0.009047;78067;141682;219749;1066503;107079;
I0804 23:21:21.265010 11006 pagerankX.cc:154] TrainLog: fid-43;0.009322;69759;138379;208138;971666;113791;
I0804 23:21:21.191146 27734 pagerankX.cc:154] TrainLog: fid-55;0.009309;84224;111883;196107;1107375;127558;
I0804 23:21:21.110713 26185 pagerankX.cc:154] TrainLog: fid-36;0.009838;84191;103630;187821;1247845;104446;
I0804 23:21:21.176404 20362 pagerankX.cc:154] TrainLog: fid-42;0.009886;84202;107090;191292;1563104;107760;
I0804 23:21:21.265427 11008 pagerankX.cc:154] TrainLog: fid-59;0.009738;49107;176971;226078;726698;98237;
I0804 23:21:21.111065 26181 pagerankX.cc:154] TrainLog: fid-4;0.010184;84165;96871;181036;1264647;85563;
I0804 23:21:21.198875 25198 pagerankX.cc:154] TrainLog: fid-32;0.010595;84205;123055;207260;1181299;167751;
I0804 23:21:21.192386 27733 pagerankX.cc:154] TrainLog: fid-47;0.010554;82029;132537;214566;1139729;125990;
I0804 23:21:21.192826 27729 pagerankX.cc:154] TrainLog: fid-15;0.010997;84222;117070;201292;1413131;143870;
I0804 23:21:21.176993 26606 pagerankX.cc:154] TrainLog: fid-1;0.013142;84228;185158;269386;1396748;197761;
I0804 23:21:21.271694 29603 pagerankX.cc:154] TrainLog: fid-29;0.013198;84206;174361;258567;1580062;217674;
I0804 23:21:21.180609 20358 pagerankX.cc:154] TrainLog: fid-10;0.014106;84232;150997;235229;1959471;182642;
I0804 23:21:21.271461 11003 pagerankX.cc:154] TrainLog: fid-19;0.015748;84212;155903;240115;2122591;209440;
I0804 23:21:21.272876 11004 pagerankX.cc:154] TrainLog: fid-27;0.017194;84218;193747;277965;2300002;335172;
I0804 23:21:21.186190 20363 pagerankX.cc:154] TrainLog: fid-50;0.001562;44761;17980;62741;140738;22341;
I0804 23:21:21.187119 20361 pagerankX.cc:154] TrainLog: fid-34;0.002477;43513;40170;83683;240401;35315;
I0804 23:21:21.209630 25197 pagerankX.cc:154] TrainLog: fid-24;0.003138;74218;30016;104234;388307;30789;
I0804 23:21:21.279793 29606 pagerankX.cc:154] TrainLog: fid-53;0.003124;35841;50712;86553;304089;38242;
I0804 23:21:21.188078 20357 pagerankX.cc:154] TrainLog: fid-2;0.003466;69979;40833;110812;422723;31649;
I0804 23:21:21.280035 29601 pagerankX.cc:154] TrainLog: fid-13;0.003411;68278;32673;100951;393419;25924;
I0804 23:21:21.188275 20359 pagerankX.cc:154] TrainLog: fid-18;0.003647;84232;44109;128341;452219;38383;
I0804 23:21:21.210306 25199 pagerankX.cc:154] TrainLog: fid-40;0.003801;64637;46682;111319;414539;39730;
I0804 23:21:21.280215 29605 pagerankX.cc:154] TrainLog: fid-45;0.003549;44749;55812;100561;360972;48124;
I0804 23:21:21.273748 27850 pagerankX.cc:154] TrainLog: fid-6;0.003266;84178;32504;116682;413169;33868;
I0804 23:21:21.210391 25196 pagerankX.cc:154] TrainLog: fid-16;0.003893;53384;64307;117691;392595;51307;
I0804 23:21:21.273905 27852 pagerankX.cc:154] TrainLog: fid-22;0.003407;57648;49984;107632;404607;44745;
I0804 23:21:21.280397 29604 pagerankX.cc:154] TrainLog: fid-37;0.003739;52649;45677;98326;490241;32973;
I0804 23:21:21.186348 26607 pagerankX.cc:154] TrainLog: fid-9;0.004146;76669;46183;122852;575334;31880;
I0804 23:21:21.203768 27735 pagerankX.cc:154] TrainLog: fid-63;0.003683;84227;27786;112013;618695;23490;
I0804 23:21:21.188776 20360 pagerankX.cc:154] TrainLog: fid-26;0.004162;84214;45118;129332;537092;46668;
I0804 23:21:21.274387 27854 pagerankX.cc:154] TrainLog: fid-38;0.003921;84191;43668;127859;503551;33629;
I0804 23:21:21.186537 26613 pagerankX.cc:154] TrainLog: fid-57;0.004303;84220;45516;129736;502410;37223;
I0804 23:21:21.203958 27728 pagerankX.cc:154] TrainLog: fid-7;0.003864;84223;38822;123045;513729;35811;
I0804 23:21:21.123323 26187 pagerankX.cc:154] TrainLog: fid-52;0.004251;84223;43351;127574;531617;37955;
I0804 23:21:21.278118 11005 pagerankX.cc:154] TrainLog: fid-35;0.004146;84224;38995;123219;519041;36047;
I0804 23:21:21.274726 27857 pagerankX.cc:154] TrainLog: fid-62;0.004226;84225;43574;127799;497253;38727;
I0804 23:21:21.204557 27730 pagerankX.cc:154] TrainLog: fid-23;0.004451;80147;46526;126673;562692;41853;
I0804 23:21:21.124181 26188 pagerankX.cc:154] TrainLog: fid-60;0.005111;84225;52407;136632;625507;56286;
I0804 23:21:21.278748 11002 pagerankX.cc:154] TrainLog: fid-11;0.00479;84209;49763;133972;603967;34784;
I0804 23:21:21.281832 29607 pagerankX.cc:154] TrainLog: fid-61;0.005166;76057;60896;136953;610582;63159;
I0804 23:21:21.281989 29600 pagerankX.cc:154] TrainLog: fid-5;0.005352;84216;63806;148022;729860;46547;
I0804 23:21:21.212247 25201 pagerankX.cc:154] TrainLog: fid-56;0.005743;84214;65462;149676;715618;62256;
I0804 23:21:21.212427 25194 pagerankX.cc:154] TrainLog: fid-0;0.005942;84225;71443;155668;785132;89096;
I0804 23:21:21.282714 29602 pagerankX.cc:154] TrainLog: fid-21;0.006088;84215;59114;143329;881595;75494;
I0804 23:21:21.276311 27851 pagerankX.cc:154] TrainLog: fid-14;0.005849;84227;52214;136441;842109;48997;
I0804 23:21:21.276337 27853 pagerankX.cc:154] TrainLog: fid-30;0.005878;45973;96649;142622;673657;64548;
I0804 23:21:21.125361 26183 pagerankX.cc:154] TrainLog: fid-20;0.006304;83946;70759;154705;746281;56270;
I0804 23:21:21.125427 26182 pagerankX.cc:154] TrainLog: fid-12;0.006372;84224;74677;158901;764938;69591;
I0804 23:21:21.188843 26609 pagerankX.cc:154] TrainLog: fid-25;0.006629;84209;79914;164123;900372;99538;
I0804 23:21:21.191203 20364 pagerankX.cc:154] TrainLog: fid-58;0.006571;84228;62210;146438;925592;92293;
I0804 23:21:21.125950 26186 pagerankX.cc:154] TrainLog: fid-44;0.006882;84216;64837;149053;921325;64494;
I0804 23:21:21.189285 26611 pagerankX.cc:154] TrainLog: fid-41;0.007102;84226;79146;163372;1001615;76071;
I0804 23:21:21.213943 25200 pagerankX.cc:154] TrainLog: fid-48;0.007439;84200;95125;179325;936805;106898;
I0804 23:21:21.189673 26608 pagerankX.cc:154] TrainLog: fid-17;0.007458;82581;91642;174223;833694;98186;
I0804 23:21:21.281055 11007 pagerankX.cc:154] TrainLog: fid-51;0.007081;84173;57027;141200;1008130;46972;
I0804 23:21:21.207262 27731 pagerankX.cc:154] TrainLog: fid-31;0.007181;79043;74777;153820;1083119;60463;
I0804 23:21:21.207757 27732 pagerankX.cc:154] TrainLog: fid-39;0.00768;84209;80798;165007;1044831;85756;
I0804 23:21:21.282053 11001 pagerankX.cc:154] TrainLog: fid-3;0.008127;68069;139816;207885;822157;103030;
I0804 23:21:21.215466 25195 pagerankX.cc:154] TrainLog: fid-8;0.009008;54520;153783;208303;828179;127385;
I0804 23:21:21.278851 27855 pagerankX.cc:154] TrainLog: fid-46;0.00836;84224;94833;179057;1212840;97442;
I0804 23:21:21.127821 26184 pagerankX.cc:154] TrainLog: fid-28;0.008767;84200;106454;190654;1138857;96045;
I0804 23:21:21.191161 26612 pagerankX.cc:154] TrainLog: fid-49;0.008943;80634;109603;190237;1034819;104239;
I0804 23:21:21.191432 26610 pagerankX.cc:154] TrainLog: fid-33;0.009215;84218;93584;177802;1168862;93824;
I0804 23:21:21.215968 25198 pagerankX.cc:154] TrainLog: fid-32;0.009501;84205;123055;207260;1181299;167751;
I0804 23:21:21.279646 27856 pagerankX.cc:154] TrainLog: fid-54;0.009142;78067;141682;219749;1066503;107079;
I0804 23:21:21.283216 11006 pagerankX.cc:154] TrainLog: fid-43;0.009278;69759;138379;208138;971666;113791;
I0804 23:21:21.128787 26185 pagerankX.cc:154] TrainLog: fid-36;0.009729;84191;103630;187821;1247845;104446;
I0804 23:21:21.194475 20362 pagerankX.cc:154] TrainLog: fid-42;0.00985;84202;107090;191292;1563104;107760;
I0804 23:21:21.128909 26181 pagerankX.cc:154] TrainLog: fid-4;0.009886;84165;96871;181036;1264647;85563;
I0804 23:21:21.283546 11008 pagerankX.cc:154] TrainLog: fid-59;0.009607;49107;176971;226078;726698;98237;
I0804 23:21:21.210063 27729 pagerankX.cc:154] TrainLog: fid-15;0.009993;84222;117070;201292;1413131;143870;
I0804 23:21:21.210239 27734 pagerankX.cc:154] TrainLog: fid-55;0.01016;84224;111883;196107;1107375;127558;
I0804 23:21:21.211086 27733 pagerankX.cc:154] TrainLog: fid-47;0.011008;82029;132537;214566;1139729;125990;
I0804 23:21:21.195292 26606 pagerankX.cc:154] TrainLog: fid-1;0.013077;84228;185158;269386;1396748;197761;
I0804 23:21:21.289902 29603 pagerankX.cc:154] TrainLog: fid-29;0.013247;84206;174361;258567;1580062;217674;
I0804 23:21:21.198433 20358 pagerankX.cc:154] TrainLog: fid-10;0.013821;84232;150997;235229;1959471;182642;
I0804 23:21:21.289651 11003 pagerankX.cc:154] TrainLog: fid-19;0.015693;84212;155903;240115;2122591;209440;
I0804 23:21:21.290989 11004 pagerankX.cc:154] TrainLog: fid-27;0.017058;84218;193747;277965;2300002;335172;
I0804 23:21:21.204169 20363 pagerankX.cc:154] TrainLog: fid-50;0.00156;44761;17980;62741;140738;22341;
I0804 23:21:21.205090 20361 pagerankX.cc:154] TrainLog: fid-34;0.002479;43513;40170;83683;240401;35315;
I0804 23:21:21.227627 25197 pagerankX.cc:154] TrainLog: fid-24;0.003136;74218;30016;104234;388307;30789;
I0804 23:21:21.297746 29606 pagerankX.cc:154] TrainLog: fid-53;0.003075;35841;50712;86553;304089;38242;
I0804 23:21:21.297994 29601 pagerankX.cc:154] TrainLog: fid-13;0.003345;68278;32673;100951;393419;25924;
I0804 23:21:21.206058 20357 pagerankX.cc:154] TrainLog: fid-2;0.003466;69979;40833;110812;422723;31649;
I0804 23:21:21.228174 25199 pagerankX.cc:154] TrainLog: fid-40;0.003671;64637;46682;111319;414539;39730;
I0804 23:21:21.291616 27850 pagerankX.cc:154] TrainLog: fid-6;0.00328;84178;32504;116682;413169;33868;
I0804 23:21:21.206248 20359 pagerankX.cc:154] TrainLog: fid-18;0.003638;84232;44109;128341;452219;38383;
I0804 23:21:21.298187 29605 pagerankX.cc:154] TrainLog: fid-45;0.00352;44749;55812;100561;360972;48124;
I0804 23:21:21.291827 27852 pagerankX.cc:154] TrainLog: fid-22;0.003478;57648;49984;107632;404607;44745;
I0804 23:21:21.228391 25196 pagerankX.cc:154] TrainLog: fid-16;0.003895;53384;64307;117691;392595;51307;
I0804 23:21:21.298393 29604 pagerankX.cc:154] TrainLog: fid-37;0.003725;52649;45677;98326;490241;32973;
I0804 23:21:21.221666 27735 pagerankX.cc:154] TrainLog: fid-63;0.003676;84227;27786;112013;618695;23490;
I0804 23:21:21.204344 26607 pagerankX.cc:154] TrainLog: fid-9;0.004171;76669;46183;122852;575334;31880;
I0804 23:21:21.206750 20360 pagerankX.cc:154] TrainLog: fid-26;0.004149;84214;45118;129332;537092;46668;
I0804 23:21:21.292230 27857 pagerankX.cc:154] TrainLog: fid-62;0.003878;84225;43574;127799;497253;38727;
I0804 23:21:21.292237 27854 pagerankX.cc:154] TrainLog: fid-38;0.003893;84191;43668;127859;503551;33629;
I0804 23:21:21.204491 26613 pagerankX.cc:154] TrainLog: fid-57;0.004298;84220;45516;129736;502410;37223;
I0804 23:21:21.221923 27728 pagerankX.cc:154] TrainLog: fid-7;0.003951;84223;38822;123045;513729;35811;
I0804 23:21:21.141268 26187 pagerankX.cc:154] TrainLog: fid-52;0.004223;84223;43351;127574;531617;37955;
I0804 23:21:21.295943 11005 pagerankX.cc:154] TrainLog: fid-35;0.004123;84224;38995;123219;519041;36047;
I0804 23:21:21.222368 27730 pagerankX.cc:154] TrainLog: fid-23;0.004417;80147;46526;126673;562692;41853;
I0804 23:21:21.296618 11002 pagerankX.cc:154] TrainLog: fid-11;0.004805;84209;49763;133972;603967;34784;
I0804 23:21:21.142135 26188 pagerankX.cc:154] TrainLog: fid-60;0.005096;84225;52407;136632;625507;56286;
I0804 23:21:21.299878 29607 pagerankX.cc:154] TrainLog: fid-61;0.005206;76057;60896;136953;610582;63159;
I0804 23:21:21.230157 25201 pagerankX.cc:154] TrainLog: fid-56;0.005689;84214;65462;149676;715618;62256;
I0804 23:21:21.230409 25194 pagerankX.cc:154] TrainLog: fid-0;0.005926;84225;71443;155668;785132;89096;
I0804 23:21:21.300328 29600 pagerankX.cc:154] TrainLog: fid-5;0.005675;84216;63806;148022;729860;46547;
I0804 23:21:21.293939 27851 pagerankX.cc:154] TrainLog: fid-14;0.005599;84227;52214;136441;842109;48997;
I0804 23:21:21.300518 29602 pagerankX.cc:154] TrainLog: fid-21;0.005851;84215;59114;143329;881595;75494;
I0804 23:21:21.143304 26182 pagerankX.cc:154] TrainLog: fid-12;0.006279;84224;74677;158901;764938;69591;
I0804 23:21:21.294442 27853 pagerankX.cc:154] TrainLog: fid-30;0.006086;45973;96649;142622;673657;64548;
I0804 23:21:21.209017 20364 pagerankX.cc:154] TrainLog: fid-58;0.006397;84228;62210;146438;925592;92293;
I0804 23:21:21.143360 26183 pagerankX.cc:154] TrainLog: fid-20;0.006318;83946;70759;154705;746281;56270;
I0804 23:21:21.206792 26609 pagerankX.cc:154] TrainLog: fid-25;0.006608;84209;79914;164123;900372;99538;
I0804 23:21:21.143916 26186 pagerankX.cc:154] TrainLog: fid-44;0.006876;84216;64837;149053;921325;64494;
I0804 23:21:21.207264 26611 pagerankX.cc:154] TrainLog: fid-41;0.007111;84226;79146;163372;1001615;76071;
I0804 23:21:21.231866 25200 pagerankX.cc:154] TrainLog: fid-48;0.007365;84200;95125;179325;936805;106898;
I0804 23:21:21.298846 11007 pagerankX.cc:154] TrainLog: fid-51;0.007022;84173;57027;141200;1008130;46972;
I0804 23:21:21.207882 26608 pagerankX.cc:154] TrainLog: fid-17;0.007693;82581;91642;174223;833694;98186;
I0804 23:21:21.225250 27731 pagerankX.cc:154] TrainLog: fid-31;0.00725;79043;74777;153820;1083119;60463;
I0804 23:21:21.232812 25195 pagerankX.cc:154] TrainLog: fid-8;0.008357;54520;153783;208303;828179;127385;
I0804 23:21:21.299929 11001 pagerankX.cc:154] TrainLog: fid-3;0.008108;68069;139816;207885;822157;103030;
I0804 23:21:21.296593 27855 pagerankX.cc:154] TrainLog: fid-46;0.008242;84224;94833;179057;1212840;97442;
I0804 23:21:21.209060 26612 pagerankX.cc:154] TrainLog: fid-49;0.008905;80634;109603;190237;1034819;104239;
I0804 23:21:21.145820 26184 pagerankX.cc:154] TrainLog: fid-28;0.00878;84200;106454;190654;1138857;96045;
I0804 23:21:21.226662 27734 pagerankX.cc:154] TrainLog: fid-55;0.008683;84224;111883;196107;1107375;127558;
I0804 23:21:21.233721 25198 pagerankX.cc:154] TrainLog: fid-32;0.009258;84205;123055;207260;1181299;167751;
I0804 23:21:21.209434 26610 pagerankX.cc:154] TrainLog: fid-33;0.009244;84218;93584;177802;1168862;93824;
I0804 23:21:21.297237 27856 pagerankX.cc:154] TrainLog: fid-54;0.008889;78067;141682;219749;1066503;107079;
I0804 23:21:21.226819 27732 pagerankX.cc:154] TrainLog: fid-39;0.008849;84209;80798;165007;1044831;85756;
I0804 23:21:21.301131 11006 pagerankX.cc:154] TrainLog: fid-43;0.009307;69759;138379;208138;971666;113791;
I0804 23:21:21.146777 26181 pagerankX.cc:154] TrainLog: fid-4;0.009753;84165;96871;181036;1264647;85563;
I0804 23:21:21.212517 20362 pagerankX.cc:154] TrainLog: fid-42;0.009918;84202;107090;191292;1563104;107760;
I0804 23:21:21.301460 11008 pagerankX.cc:154] TrainLog: fid-59;0.00967;49107;176971;226078;726698;98237;
I0804 23:21:21.147428 26185 pagerankX.cc:154] TrainLog: fid-36;0.010389;84191;103630;187821;1247845;104446;
I0804 23:21:21.228247 27729 pagerankX.cc:154] TrainLog: fid-15;0.010271;84222;117070;201292;1413131;143870;
I0804 23:21:21.228530 27733 pagerankX.cc:154] TrainLog: fid-47;0.010579;82029;132537;214566;1139729;125990;
I0804 23:21:21.213248 26606 pagerankX.cc:154] TrainLog: fid-1;0.013074;84228;185158;269386;1396748;197761;
I0804 23:21:21.307970 29603 pagerankX.cc:154] TrainLog: fid-29;0.013299;84206;174361;258567;1580062;217674;
I0804 23:21:21.216226 20358 pagerankX.cc:154] TrainLog: fid-10;0.013663;84232;150997;235229;1959471;182642;
I0804 23:21:21.307498 11003 pagerankX.cc:154] TrainLog: fid-19;0.015675;84212;155903;240115;2122591;209440;
I0804 23:21:21.308869 11004 pagerankX.cc:154] TrainLog: fid-27;0.017086;84218;193747;277965;2300002;335172;
I0804 23:21:21.222066 20363 pagerankX.cc:154] TrainLog: fid-50;0.001553;44761;17980;62741;140738;22341;
I0804 23:21:21.222988 20361 pagerankX.cc:154] TrainLog: fid-34;0.002472;43513;40170;83683;240401;35315;
I0804 23:21:21.245573 25197 pagerankX.cc:154] TrainLog: fid-24;0.003231;74218;30016;104234;388307;30789;
I0804 23:21:21.315696 29606 pagerankX.cc:154] TrainLog: fid-53;0.003165;35841;50712;86553;304089;38242;
I0804 23:21:21.315814 29601 pagerankX.cc:154] TrainLog: fid-13;0.003331;68278;32673;100951;393419;25924;
I0804 23:21:21.246016 25199 pagerankX.cc:154] TrainLog: fid-40;0.003675;64637;46682;111319;414539;39730;
I0804 23:21:21.223968 20357 pagerankX.cc:154] TrainLog: fid-2;0.003462;69979;40833;110812;422723;31649;
I0804 23:21:21.309615 27850 pagerankX.cc:154] TrainLog: fid-6;0.003243;84178;32504;116682;413169;33868;
I0804 23:21:21.224210 20359 pagerankX.cc:154] TrainLog: fid-18;0.003695;84232;44109;128341;452219;38383;
I0804 23:21:21.246255 25196 pagerankX.cc:154] TrainLog: fid-16;0.003909;53384;64307;117691;392595;51307;
I0804 23:21:21.309855 27852 pagerankX.cc:154] TrainLog: fid-22;0.003467;57648;49984;107632;404607;44745;
I0804 23:21:21.316181 29605 pagerankX.cc:154] TrainLog: fid-45;0.003655;44749;55812;100561;360972;48124;
I0804 23:21:21.316254 29604 pagerankX.cc:154] TrainLog: fid-37;0.00373;52649;45677;98326;490241;32973;
I0804 23:21:21.239456 27735 pagerankX.cc:154] TrainLog: fid-63;0.003665;84227;27786;112013;618695;23490;
I0804 23:21:21.222170 26607 pagerankX.cc:154] TrainLog: fid-9;0.004104;76669;46183;122852;575334;31880;
I0804 23:21:21.239526 27728 pagerankX.cc:154] TrainLog: fid-7;0.003747;84223;38822;123045;513729;35811;
I0804 23:21:21.224647 20360 pagerankX.cc:154] TrainLog: fid-26;0.00414;84214;45118;129332;537092;46668;
I0804 23:21:21.310220 27857 pagerankX.cc:154] TrainLog: fid-62;0.00383;84225;43574;127799;497253;38727;
I0804 23:21:21.310225 27854 pagerankX.cc:154] TrainLog: fid-38;0.003865;84191;43668;127859;503551;33629;
I0804 23:21:21.222446 26613 pagerankX.cc:154] TrainLog: fid-57;0.004355;84220;45516;129736;502410;37223;
I0804 23:21:21.159142 26187 pagerankX.cc:154] TrainLog: fid-52;0.004219;84223;43351;127574;531617;37955;
I0804 23:21:21.313822 11005 pagerankX.cc:154] TrainLog: fid-35;0.004132;84224;38995;123219;519041;36047;
I0804 23:21:21.240170 27730 pagerankX.cc:154] TrainLog: fid-23;0.004415;80147;46526;126673;562692;41853;
I0804 23:21:21.314489 11002 pagerankX.cc:154] TrainLog: fid-11;0.004795;84209;49763;133972;603967;34784;
I0804 23:21:21.160038 26188 pagerankX.cc:154] TrainLog: fid-60;0.005118;84225;52407;136632;625507;56286;
I0804 23:21:21.317652 29607 pagerankX.cc:154] TrainLog: fid-61;0.005123;76057;60896;136953;610582;63159;
I0804 23:21:21.248096 25201 pagerankX.cc:154] TrainLog: fid-56;0.005735;84214;65462;149676;715618;62256;
I0804 23:21:21.317905 29600 pagerankX.cc:154] TrainLog: fid-5;0.005396;84216;63806;148022;729860;46547;
I0804 23:21:21.248277 25194 pagerankX.cc:154] TrainLog: fid-0;0.005943;84225;71443;155668;785132;89096;
I0804 23:21:21.318384 29602 pagerankX.cc:154] TrainLog: fid-21;0.005862;84215;59114;143329;881595;75494;
I0804 23:21:21.161231 26182 pagerankX.cc:154] TrainLog: fid-12;0.006325;84224;74677;158901;764938;69591;
I0804 23:21:21.226912 20364 pagerankX.cc:154] TrainLog: fid-58;0.006395;84228;62210;146438;925592;92293;
I0804 23:21:21.161311 26183 pagerankX.cc:154] TrainLog: fid-20;0.006393;83946;70759;154705;746281;56270;
I0804 23:21:21.224633 26609 pagerankX.cc:154] TrainLog: fid-25;0.006567;84209;79914;164123;900372;99538;
I0804 23:21:21.312588 27853 pagerankX.cc:154] TrainLog: fid-30;0.006187;45973;96649;142622;673657;64548;
I0804 23:21:21.225078 26611 pagerankX.cc:154] TrainLog: fid-41;0.007035;84226;79146;163372;1001615;76071;
I0804 23:21:21.161864 26186 pagerankX.cc:154] TrainLog: fid-44;0.006945;84216;64837;149053;921325;64494;
I0804 23:21:21.249763 25200 pagerankX.cc:154] TrainLog: fid-48;0.00741;84200;95125;179325;936805;106898;
I0804 23:21:21.225402 26608 pagerankX.cc:154] TrainLog: fid-17;0.007329;82581;91642;174223;833694;98186;
I0804 23:21:21.316740 11007 pagerankX.cc:154] TrainLog: fid-51;0.007035;84173;57027;141200;1008130;46972;
I0804 23:21:21.243067 27731 pagerankX.cc:154] TrainLog: fid-31;0.007277;79043;74777;153820;1083119;60463;
I0804 23:21:21.314102 27851 pagerankX.cc:154] TrainLog: fid-14;0.007727;84227;52214;136441;842109;48997;
I0804 23:21:21.250777 25195 pagerankX.cc:154] TrainLog: fid-8;0.008472;54520;153783;208303;828179;127385;
I0804 23:21:21.317776 11001 pagerankX.cc:154] TrainLog: fid-3;0.008084;68069;139816;207885;822157;103030;
I0804 23:21:21.243991 27732 pagerankX.cc:154] TrainLog: fid-39;0.008231;84209;80798;165007;1044831;85756;
I0804 23:21:21.163410 26184 pagerankX.cc:154] TrainLog: fid-28;0.008505;84200;106454;190654;1138857;96045;
I0804 23:21:21.314640 27855 pagerankX.cc:154] TrainLog: fid-46;0.00825;84224;94833;179057;1212840;97442;
I0804 23:21:21.227056 26612 pagerankX.cc:154] TrainLog: fid-49;0.008967;80634;109603;190237;1034819;104239;
I0804 23:21:21.227213 26610 pagerankX.cc:154] TrainLog: fid-33;0.00914;84218;93584;177802;1168862;93824;
I0804 23:21:21.244530 27734 pagerankX.cc:154] TrainLog: fid-55;0.00875;84224;111883;196107;1107375;127558;
I0804 23:21:21.251652 25198 pagerankX.cc:154] TrainLog: fid-32;0.009316;84205;123055;207260;1181299;167751;
I0804 23:21:21.315227 27856 pagerankX.cc:154] TrainLog: fid-54;0.008839;78067;141682;219749;1066503;107079;
I0804 23:21:21.318893 11006 pagerankX.cc:154] TrainLog: fid-43;0.009234;69759;138379;208138;971666;113791;
I0804 23:21:21.319273 11008 pagerankX.cc:154] TrainLog: fid-59;0.009612;49107;176971;226078;726698;98237;
I0804 23:21:21.230353 20362 pagerankX.cc:154] TrainLog: fid-42;0.00985;84202;107090;191292;1563104;107760;
I0804 23:21:21.245967 27729 pagerankX.cc:154] TrainLog: fid-15;0.010189;84222;117070;201292;1413131;143870;
I0804 23:21:21.246140 27733 pagerankX.cc:154] TrainLog: fid-47;0.010383;82029;132537;214566;1139729;125990;
I0804 23:21:21.165647 26185 pagerankX.cc:154] TrainLog: fid-36;0.010728;84191;103630;187821;1247845;104446;
I0804 23:21:21.166776 26181 pagerankX.cc:154] TrainLog: fid-4;0.011874;84165;96871;181036;1264647;85563;
I0804 23:21:21.231134 26606 pagerankX.cc:154] TrainLog: fid-1;0.013062;84228;185158;269386;1396748;197761;
I0804 23:21:21.325778 29603 pagerankX.cc:154] TrainLog: fid-29;0.013261;84206;174361;258567;1580062;217674;
I0804 23:21:21.234233 20358 pagerankX.cc:154] TrainLog: fid-10;0.013764;84232;150997;235229;1959471;182642;
I0804 23:21:21.325364 11003 pagerankX.cc:154] TrainLog: fid-19;0.015674;84212;155903;240115;2122591;209440;
I0804 23:21:21.326692 11004 pagerankX.cc:154] TrainLog: fid-27;0.017039;84218;193747;277965;2300002;335172;
I0804 23:21:21.239864 20363 pagerankX.cc:154] TrainLog: fid-50;0.001566;44761;17980;62741;140738;22341;
I0804 23:21:21.240779 20361 pagerankX.cc:154] TrainLog: fid-34;0.002478;43513;40170;83683;240401;35315;
I0804 23:21:21.263432 25197 pagerankX.cc:154] TrainLog: fid-24;0.003248;74218;30016;104234;388307;30789;
I0804 23:21:21.333503 29606 pagerankX.cc:154] TrainLog: fid-53;0.003147;35841;50712;86553;304089;38242;
I0804 23:21:21.241747 20357 pagerankX.cc:154] TrainLog: fid-2;0.003465;69979;40833;110812;422723;31649;
I0804 23:21:21.333673 29601 pagerankX.cc:154] TrainLog: fid-13;0.003366;68278;32673;100951;393419;25924;
I0804 23:21:21.327263 27850 pagerankX.cc:154] TrainLog: fid-6;0.003224;84178;32504;116682;413169;33868;
I0804 23:21:21.263877 25199 pagerankX.cc:154] TrainLog: fid-40;0.003695;64637;46682;111319;414539;39730;
I0804 23:21:21.241997 20359 pagerankX.cc:154] TrainLog: fid-18;0.003697;84232;44109;128341;452219;38383;
I0804 23:21:21.327540 27852 pagerankX.cc:154] TrainLog: fid-22;0.003489;57648;49984;107632;404607;44745;
I0804 23:21:21.264096 25196 pagerankX.cc:154] TrainLog: fid-16;0.003906;53384;64307;117691;392595;51307;
I0804 23:21:21.333974 29605 pagerankX.cc:154] TrainLog: fid-45;0.003636;44749;55812;100561;360972;48124;
I0804 23:21:21.334074 29604 pagerankX.cc:154] TrainLog: fid-37;0.003727;52649;45677;98326;490241;32973;
I0804 23:21:21.257299 27735 pagerankX.cc:154] TrainLog: fid-63;0.003683;84227;27786;112013;618695;23490;
I0804 23:21:21.239965 26607 pagerankX.cc:154] TrainLog: fid-9;0.004141;76669;46183;122852;575334;31880;
I0804 23:21:21.327862 27857 pagerankX.cc:154] TrainLog: fid-62;0.003808;84225;43574;127799;497253;38727;
I0804 23:21:21.327889 27854 pagerankX.cc:154] TrainLog: fid-38;0.003868;84191;43668;127859;503551;33629;
I0804 23:21:21.257438 27728 pagerankX.cc:154] TrainLog: fid-7;0.003823;84223;38822;123045;513729;35811;
I0804 23:21:21.242431 20360 pagerankX.cc:154] TrainLog: fid-26;0.004141;84214;45118;129332;537092;46668;
I0804 23:21:21.240154 26613 pagerankX.cc:154] TrainLog: fid-57;0.004301;84220;45516;129736;502410;37223;
I0804 23:21:21.177021 26187 pagerankX.cc:154] TrainLog: fid-52;0.004133;84223;43351;127574;531617;37955;
I0804 23:21:21.331638 11005 pagerankX.cc:154] TrainLog: fid-35;0.004129;84224;38995;123219;519041;36047;
I0804 23:21:21.258075 27730 pagerankX.cc:154] TrainLog: fid-23;0.00446;80147;46526;126673;562692;41853;
I0804 23:21:21.332304 11002 pagerankX.cc:154] TrainLog: fid-11;0.0048;84209;49763;133972;603967;34784;
I0804 23:21:21.335450 29607 pagerankX.cc:154] TrainLog: fid-61;0.005097;76057;60896;136953;610582;63159;
I0804 23:21:21.177915 26188 pagerankX.cc:154] TrainLog: fid-60;0.005028;84225;52407;136632;625507;56286;
I0804 23:21:21.335685 29600 pagerankX.cc:154] TrainLog: fid-5;0.005351;84216;63806;148022;729860;46547;
I0804 23:21:21.265904 25201 pagerankX.cc:154] TrainLog: fid-56;0.005719;84214;65462;149676;715618;62256;
I0804 23:21:21.266121 25194 pagerankX.cc:154] TrainLog: fid-0;0.005946;84225;71443;155668;785132;89096;
I0804 23:21:21.329645 27851 pagerankX.cc:154] TrainLog: fid-14;0.005595;84227;52214;136441;842109;48997;
I0804 23:21:21.336161 29602 pagerankX.cc:154] TrainLog: fid-21;0.005827;84215;59114;143329;881595;75494;
I0804 23:21:21.329738 27853 pagerankX.cc:154] TrainLog: fid-30;0.005694;45973;96649;142622;673657;64548;
I0804 23:21:21.244719 20364 pagerankX.cc:154] TrainLog: fid-58;0.006416;84228;62210;146438;925592;92293;
I0804 23:21:21.242476 26609 pagerankX.cc:154] TrainLog: fid-25;0.006641;84209;79914;164123;900372;99538;
I0804 23:21:21.179276 26182 pagerankX.cc:154] TrainLog: fid-12;0.006403;84224;74677;158901;764938;69591;
I0804 23:21:21.179407 26183 pagerankX.cc:154] TrainLog: fid-20;0.006521;83946;70759;154705;746281;56270;
I0804 23:21:21.242911 26611 pagerankX.cc:154] TrainLog: fid-41;0.007109;84226;79146;163372;1001615;76071;
I0804 23:21:21.267621 25200 pagerankX.cc:154] TrainLog: fid-48;0.007426;84200;95125;179325;936805;106898;
I0804 23:21:21.243156 26608 pagerankX.cc:154] TrainLog: fid-17;0.007321;82581;91642;174223;833694;98186;
I0804 23:21:21.179927 26186 pagerankX.cc:154] TrainLog: fid-44;0.007042;84216;64837;149053;921325;64494;
I0804 23:21:21.334547 11007 pagerankX.cc:154] TrainLog: fid-51;0.007023;84173;57027;141200;1008130;46972;
I0804 23:21:21.260962 27731 pagerankX.cc:154] TrainLog: fid-31;0.007343;79043;74777;153820;1083119;60463;
I0804 23:21:21.268571 25195 pagerankX.cc:154] TrainLog: fid-8;0.008424;54520;153783;208303;828179;127385;
I0804 23:21:21.335597 11001 pagerankX.cc:154] TrainLog: fid-3;0.008086;68069;139816;207885;822157;103030;
I0804 23:21:21.261806 27732 pagerankX.cc:154] TrainLog: fid-39;0.008223;84209;80798;165007;1044831;85756;
I0804 23:21:21.332326 27855 pagerankX.cc:154] TrainLog: fid-46;0.008267;84224;94833;179057;1212840;97442;
I0804 23:21:21.181397 26184 pagerankX.cc:154] TrainLog: fid-28;0.008524;84200;106454;190654;1138857;96045;
I0804 23:21:21.244834 26612 pagerankX.cc:154] TrainLog: fid-49;0.008983;80634;109603;190237;1034819;104239;
I0804 23:21:21.244989 26610 pagerankX.cc:154] TrainLog: fid-33;0.009153;84218;93584;177802;1168862;93824;
I0804 23:21:21.269472 25198 pagerankX.cc:154] TrainLog: fid-32;0.009294;84205;123055;207260;1181299;167751;
I0804 23:21:21.332890 27856 pagerankX.cc:154] TrainLog: fid-54;0.008831;78067;141682;219749;1066503;107079;
I0804 23:21:21.262434 27734 pagerankX.cc:154] TrainLog: fid-55;0.008817;84224;111883;196107;1107375;127558;
I0804 23:21:21.336709 11006 pagerankX.cc:154] TrainLog: fid-43;0.009232;69759;138379;208138;971666;113791;
I0804 23:21:21.337095 11008 pagerankX.cc:154] TrainLog: fid-59;0.009615;49107;176971;226078;726698;98237;
I0804 23:21:21.248183 20362 pagerankX.cc:154] TrainLog: fid-42;0.009894;84202;107090;191292;1563104;107760;
I0804 23:21:21.182965 26181 pagerankX.cc:154] TrainLog: fid-4;0.010094;84165;96871;181036;1264647;85563;
I0804 23:21:21.263841 27729 pagerankX.cc:154] TrainLog: fid-15;0.010232;84222;117070;201292;1413131;143870;
I0804 23:21:21.263883 27733 pagerankX.cc:154] TrainLog: fid-47;0.010278;82029;132537;214566;1139729;125990;
I0804 23:21:21.184095 26185 pagerankX.cc:154] TrainLog: fid-36;0.011246;84191;103630;187821;1247845;104446;
I0804 23:21:21.248932 26606 pagerankX.cc:154] TrainLog: fid-1;0.013097;84228;185158;269386;1396748;197761;
I0804 23:21:21.343639 29603 pagerankX.cc:154] TrainLog: fid-29;0.013297;84206;174361;258567;1580062;217674;
I0804 23:21:21.251909 20358 pagerankX.cc:154] TrainLog: fid-10;0.013654;84232;150997;235229;1959471;182642;
I0804 23:21:21.343194 11003 pagerankX.cc:154] TrainLog: fid-19;0.015684;84212;155903;240115;2122591;209440;
I0804 23:21:21.344456 11004 pagerankX.cc:154] TrainLog: fid-27;0.016984;84218;193747;277965;2300002;335172;
I0804 23:21:21.258036 20363 pagerankX.cc:154] TrainLog: fid-50;0.001564;44761;17980;62741;140738;22341;
I0804 23:21:21.258950 20361 pagerankX.cc:154] TrainLog: fid-34;0.002475;43513;40170;83683;240401;35315;
I0804 23:21:21.281587 25197 pagerankX.cc:154] TrainLog: fid-24;0.003246;74218;30016;104234;388307;30789;
I0804 23:21:21.351617 29606 pagerankX.cc:154] TrainLog: fid-53;0.003142;35841;50712;86553;304089;38242;
I0804 23:21:21.351770 29601 pagerankX.cc:154] TrainLog: fid-13;0.00334;68278;32673;100951;393419;25924;
I0804 23:21:21.345383 27850 pagerankX.cc:154] TrainLog: fid-6;0.003223;84178;32504;116682;413169;33868;
I0804 23:21:21.259912 20357 pagerankX.cc:154] TrainLog: fid-2;0.003456;69979;40833;110812;422723;31649;
I0804 23:21:21.282037 25199 pagerankX.cc:154] TrainLog: fid-40;0.003683;64637;46682;111319;414539;39730;
I0804 23:21:21.345628 27852 pagerankX.cc:154] TrainLog: fid-22;0.003466;57648;49984;107632;404607;44745;
I0804 23:21:21.260174 20359 pagerankX.cc:154] TrainLog: fid-18;0.003701;84232;44109;128341;452219;38383;
I0804 23:21:21.282232 25196 pagerankX.cc:154] TrainLog: fid-16;0.003887;53384;64307;117691;392595;51307;
I0804 23:21:21.352108 29605 pagerankX.cc:154] TrainLog: fid-45;0.00365;44749;55812;100561;360972;48124;
I0804 23:21:21.352191 29604 pagerankX.cc:154] TrainLog: fid-37;0.003722;52649;45677;98326;490241;32973;
I0804 23:21:21.258108 26607 pagerankX.cc:154] TrainLog: fid-9;0.004089;76669;46183;122852;575334;31880;
I0804 23:21:21.275457 27735 pagerankX.cc:154] TrainLog: fid-63;0.003667;84227;27786;112013;618695;23490;
I0804 23:21:21.345995 27857 pagerankX.cc:154] TrainLog: fid-62;0.00382;84225;43574;127799;497253;38727;
I0804 23:21:21.346019 27854 pagerankX.cc:154] TrainLog: fid-38;0.003873;84191;43668;127859;503551;33629;
I0804 23:21:21.275537 27728 pagerankX.cc:154] TrainLog: fid-7;0.00376;84223;38822;123045;513729;35811;
I0804 23:21:21.260581 20360 pagerankX.cc:154] TrainLog: fid-26;0.004121;84214;45118;129332;537092;46668;
I0804 23:21:21.258370 26613 pagerankX.cc:154] TrainLog: fid-57;0.00433;84220;45516;129736;502410;37223;
I0804 23:21:21.195080 26187 pagerankX.cc:154] TrainLog: fid-52;0.004195;84223;43351;127574;531617;37955;
I0804 23:21:21.349807 11005 pagerankX.cc:154] TrainLog: fid-35;0.00413;84224;38995;123219;519041;36047;
I0804 23:21:21.276162 27730 pagerankX.cc:154] TrainLog: fid-23;0.004384;80147;46526;126673;562692;41853;
I0804 23:21:21.350461 11002 pagerankX.cc:154] TrainLog: fid-11;0.004789;84209;49763;133972;603967;34784;
I0804 23:21:21.195966 26188 pagerankX.cc:154] TrainLog: fid-60;0.005082;84225;52407;136632;625507;56286;
I0804 23:21:21.353569 29607 pagerankX.cc:154] TrainLog: fid-61;0.005096;76057;60896;136953;610582;63159;
I0804 23:21:21.353790 29600 pagerankX.cc:154] TrainLog: fid-5;0.005336;84216;63806;148022;729860;46547;
I0804 23:21:21.284008 25201 pagerankX.cc:154] TrainLog: fid-56;0.005691;84214;65462;149676;715618;62256;
I0804 23:21:21.284261 25194 pagerankX.cc:154] TrainLog: fid-0;0.00593;84225;71443;155668;785132;89096;
I0804 23:21:21.347769 27851 pagerankX.cc:154] TrainLog: fid-14;0.005599;84227;52214;136441;842109;48997;
I0804 23:21:21.354286 29602 pagerankX.cc:154] TrainLog: fid-21;0.005819;84215;59114;143329;881595;75494;
I0804 23:21:21.347854 27853 pagerankX.cc:154] TrainLog: fid-30;0.00569;45973;96649;142622;673657;64548;
I0804 23:21:21.197194 26182 pagerankX.cc:154] TrainLog: fid-12;0.006325;84224;74677;158901;764938;69591;
I0804 23:21:21.262871 20364 pagerankX.cc:154] TrainLog: fid-58;0.006395;84228;62210;146438;925592;92293;
I0804 23:21:21.197234 26183 pagerankX.cc:154] TrainLog: fid-20;0.006349;83946;70759;154705;746281;56270;
I0804 23:21:21.260613 26609 pagerankX.cc:154] TrainLog: fid-25;0.006595;84209;79914;164123;900372;99538;
I0804 23:21:21.261034 26611 pagerankX.cc:154] TrainLog: fid-41;0.007039;84226;79146;163372;1001615;76071;
I0804 23:21:21.197858 26186 pagerankX.cc:154] TrainLog: fid-44;0.006973;84216;64837;149053;921325;64494;
I0804 23:21:21.285748 25200 pagerankX.cc:154] TrainLog: fid-48;0.007397;84200;95125;179325;936805;106898;
