I0804 23:10:32.613106 15458 pagerankX.cc:154] TrainLog: fid-1;0.010682;84228;185158;269386;1396748;180121;
I0804 23:10:32.554653 26264 pagerankX.cc:148] fid: 19	update_sum20.9387
I0804 23:10:32.554674 26264 pagerankX.cc:154] TrainLog: fid-19;0.011462;84212;155903;240115;2122591;176410;
I0804 23:10:32.557425 26265 pagerankX.cc:154] TrainLog: fid-27;0.014208;84218;193747;277965;2300002;292150;
I0804 23:10:32.688844  7981 pagerankX.cc:148] fid: 50	update_sum0.436959
I0804 23:10:32.688870  7981 pagerankX.cc:154] TrainLog: fid-50;0.00093;44761;17980;62741;140738;5101;
I0804 23:10:32.689338  7979 pagerankX.cc:148] fid: 34	update_sum5.16116
I0804 23:10:32.689370  7979 pagerankX.cc:154] TrainLog: fid-34;0.00144;43513;40170;83683;240401;27160;
I0804 23:10:32.521338  5092 pagerankX.cc:148] fid: 16	update_sum9.70219
I0804 23:10:32.521363  5092 pagerankX.cc:154] TrainLog: fid-16;0.001896;53384;64307;117691;392595;32011;
I0804 23:10:32.533123 15720 pagerankX.cc:148] fid: 53	update_sum6.66822
I0804 23:10:32.533151 15720 pagerankX.cc:154] TrainLog: fid-53;0.001608;35841;50712;86553;304089;29141;
I0804 23:10:32.521497  5093 pagerankX.cc:148] fid: 24	update_sum0.924128
I0804 23:10:32.521528  5093 pagerankX.cc:154] TrainLog: fid-24;0.001998;74218;30016;104234;388307;8249;
I0804 23:10:32.521644  5095 pagerankX.cc:148] fid: 40	update_sum6.4571
I0804 23:10:32.521674  5095 pagerankX.cc:154] TrainLog: fid-40;0.002227;64637;46682;111319;414539;21132;
I0804 23:10:32.637601 30440 pagerankX.cc:148] fid: 22	update_sum8.12152
I0804 23:10:32.637629 30440 pagerankX.cc:154] TrainLog: fid-22;0.00185;57648;49984;107632;404607;33125;
I0804 23:10:32.637706 30438 pagerankX.cc:148] fid: 6	update_sum2.9038
I0804 23:10:32.637732 30438 pagerankX.cc:154] TrainLog: fid-6;0.001953;84178;32504;116682;413169;14018;
I0804 23:10:32.690172  7975 pagerankX.cc:148] fid: 2	update_sum7.1383
I0804 23:10:32.690205  7975 pagerankX.cc:154] TrainLog: fid-2;0.002275;69979;40833;110812;422723;17394;
I0804 23:10:32.533586 15715 pagerankX.cc:148] fid: 13	update_sum4.84465
I0804 23:10:32.533610 15715 pagerankX.cc:154] TrainLog: fid-13;0.002068;68278;32673;100951;393419;18881;
I0804 23:10:32.690312  7977 pagerankX.cc:148] fid: 18	update_sum0.536979
I0804 23:10:32.690342  7977 pagerankX.cc:154] TrainLog: fid-18;0.002412;84232;44109;128341;452219;12754;
I0804 23:10:32.533813 15718 pagerankX.cc:148] fid: 37	update_sum8.12349
I0804 23:10:32.533841 15718 pagerankX.cc:154] TrainLog: fid-37;0.002361;52649;45677;98326;490241;26581;
I0804 23:10:32.619956 15465 pagerankX.cc:148] fid: 57	update_sum4.35271
I0804 23:10:32.620019 15465 pagerankX.cc:154] TrainLog: fid-57;0.002571;84220;45516;129736;502410;17844;
I0804 23:10:32.635885 17039 pagerankX.cc:148] fid: 52	update_sum1.62563
I0804 23:10:32.635927 17039 pagerankX.cc:154] TrainLog: fid-52;0.002508;84223;43351;127574;531617;13430;
I0804 23:10:32.638062 30445 pagerankX.cc:148] fid: 62	update_sum0.621513
I0804 23:10:32.638085 30445 pagerankX.cc:154] TrainLog: fid-62;0.002323;84225;43574;127799;497253;9172;
I0804 23:10:32.638087 30442 pagerankX.cc:148] fid: 38	update_sum6.006
I0804 23:10:32.638109 30442 pagerankX.cc:154] TrainLog: fid-38;0.002329;84191;43668;127859;503551;18408;
I0804 23:10:32.620067 15459 pagerankX.cc:148] fid: 9	update_sum7.66891
I0804 23:10:32.620090 15459 pagerankX.cc:154] TrainLog: fid-9;0.002652;76669;46183;122852;575334;19748;
I0804 23:10:32.690595  7978 pagerankX.cc:148] fid: 26	update_sum5.85805
I0804 23:10:32.690624  7978 pagerankX.cc:154] TrainLog: fid-26;0.002687;84214;45118;129332;537092;25531;
I0804 23:10:32.560784 26266 pagerankX.cc:148] fid: 35	update_sum3.51868
I0804 23:10:32.560803 26266 pagerankX.cc:154] TrainLog: fid-35;0.002549;84224;38995;123219;519041;13973;
I0804 23:10:32.571578 24176 pagerankX.cc:148] fid: 7	update_sum5.91546
I0804 23:10:32.571610 24176 pagerankX.cc:154] TrainLog: fid-7;0.002634;84223;38822;123045;513729;16367;
I0804 23:10:32.571693 24183 pagerankX.cc:148] fid: 63	update_sum4.08487
I0804 23:10:32.534422 15719 pagerankX.cc:154] TrainLog: fid-45;0.002875;44749;55812;100561;360972;32336;
I0804 23:10:32.571718 24183 pagerankX.cc:154] TrainLog: fid-63;0.002728;84227;27786;112013;618695;12624;
I0804 23:10:32.571719 24178 pagerankX.cc:148] fid: 23	update_sum8.61212
I0804 23:10:32.571744 24178 pagerankX.cc:154] TrainLog: fid-23;0.002767;80147;46526;126673;562692;23345;
I0804 23:10:32.636526 17040 pagerankX.cc:148] fid: 60	update_sum12.9937
I0804 23:10:32.636564 17040 pagerankX.cc:154] TrainLog: fid-60;0.003124;84225;52407;136632;625507;30880;
I0804 23:10:32.638744 30441 pagerankX.cc:148] fid: 30	update_sum8.19319
I0804 23:10:32.638770 30441 pagerankX.cc:154] TrainLog: fid-30;0.00293;45973;96649;142622;673657;47579;
I0804 23:10:32.522918  5097 pagerankX.cc:148] fid: 56	update_sum9.92703
I0804 23:10:32.522946  5097 pagerankX.cc:154] TrainLog: fid-56;0.003414;84214;65462;149676;715618;36120;
I0804 23:10:32.561312 26263 pagerankX.cc:148] fid: 11	update_sum2.11375
I0804 23:10:32.561338 26263 pagerankX.cc:154] TrainLog: fid-11;0.003069;84209;49763;133972;603967;17103;
I0804 23:10:32.534773 15714 pagerankX.cc:148] fid: 5	update_sum1.44861
I0804 23:10:32.534799 15714 pagerankX.cc:154] TrainLog: fid-5;0.003326;84216;63806;148022;729860;14712;
I0804 23:10:32.636889 17035 pagerankX.cc:148] fid: 20	update_sum10.577
I0804 23:10:32.636927 17035 pagerankX.cc:154] TrainLog: fid-20;0.003497;83946;70759;154705;746281;33987;
I0804 23:10:32.639436 30439 pagerankX.cc:148] fid: 14	update_sum12.7826
I0804 23:10:32.639461 30439 pagerankX.cc:154] TrainLog: fid-14;0.003621;84227;52214;136441;842109;38794;
I0804 23:10:32.637610 17038 pagerankX.cc:148] fid: 44	update_sum12.44
I0804 23:10:32.637653 17038 pagerankX.cc:154] TrainLog: fid-44;0.0042;84216;64837;149053;921325;42562;
I0804 23:10:32.535614 15721 pagerankX.cc:154] TrainLog: fid-61;0.004065;76057;60896;136953;610582;35845;
I0804 23:10:32.621912 15463 pagerankX.cc:148] fid: 41	update_sum9.27287
I0804 23:10:32.621938 15463 pagerankX.cc:154] TrainLog: fid-41;0.004493;84226;79146;163372;1001615;41881;
I0804 23:10:32.524353  5090 pagerankX.cc:154] TrainLog: fid-0;0.004883;84225;71443;155668;785132;56462;
I0804 23:10:32.573364 24179 pagerankX.cc:148] fid: 31	update_sum11.0241
I0804 23:10:32.640300 30444 pagerankX.cc:148] fid: 54	update_sum10.2246
I0804 23:10:32.640326 30444 pagerankX.cc:154] TrainLog: fid-54;0.004533;78067;141682;219749;1066503;74609;
I0804 23:10:32.573395 24179 pagerankX.cc:154] TrainLog: fid-31;0.004423;79043;74777;153820;1083119;44169;
I0804 23:10:32.638402 17034 pagerankX.cc:154] TrainLog: fid-12;0.00497;84224;74677;158901;764938;40246;
I0804 23:10:32.638536 17036 pagerankX.cc:148] fid: 28	update_sum17.3415
I0804 23:10:32.638564 17036 pagerankX.cc:154] TrainLog: fid-28;0.005134;84200;106454;190654;1138857;68600;
I0804 23:10:32.536518 15716 pagerankX.cc:154] TrainLog: fid-21;0.005037;84215;59114;143329;881595;47756;
I0804 23:10:32.693301  7982 pagerankX.cc:154] TrainLog: fid-58;0.005365;84228;62210;146438;925592;68578;
I0804 23:10:32.623037 15460 pagerankX.cc:154] TrainLog: fid-17;0.005595;82581;91642;174223;833694;62466;
I0804 23:10:32.623050 15461 pagerankX.cc:154] TrainLog: fid-25;0.005612;84209;79914;164123;900372;83009;
I0804 23:10:32.563480 26268 pagerankX.cc:148] fid: 51	update_sum11.4463
I0804 23:10:32.563531 26268 pagerankX.cc:154] TrainLog: fid-51;0.005239;84173;57027;141200;1008130;38057;
I0804 23:10:32.639058 17033 pagerankX.cc:148] fid: 4	update_sum16.6819
I0804 23:10:32.639084 17033 pagerankX.cc:154] TrainLog: fid-4;0.005654;84165;96871;181036;1264647;59770;
I0804 23:10:32.563663 26267 pagerankX.cc:148] fid: 43	update_sum17.4736
I0804 23:10:32.563690 26267 pagerankX.cc:154] TrainLog: fid-43;0.005399;69759;138379;208138;971666;82277;
I0804 23:10:32.525497  5096 pagerankX.cc:154] TrainLog: fid-48;0.005963;84200;95125;179325;936805;70791;
I0804 23:10:32.574652 24177 pagerankX.cc:148] fid: 15	update_sum6.14393
I0804 23:10:32.574676 24177 pagerankX.cc:154] TrainLog: fid-15;0.005705;84222;117070;201292;1413131;77097;
I0804 23:10:32.694283  7980 pagerankX.cc:148] fid: 42	update_sum17.7795
I0804 23:10:32.694309  7980 pagerankX.cc:154] TrainLog: fid-42;0.006372;84202;107090;191292;1563104;79258;
I0804 23:10:32.526108  5091 pagerankX.cc:154] TrainLog: fid-8;0.006577;54520;153783;208303;828179;92916;
I0804 23:10:32.624137 15464 pagerankX.cc:154] TrainLog: fid-49;0.00669;80634;109603;190237;1034819;83452;
I0804 23:10:32.624389 15462 pagerankX.cc:154] TrainLog: fid-33;0.006949;84218;93584;177802;1168862;69346;
I0804 23:10:32.642558 30443 pagerankX.cc:154] TrainLog: fid-46;0.006712;84224;94833;179057;1212840;74266;
I0804 23:10:32.575855 24180 pagerankX.cc:154] TrainLog: fid-39;0.006876;84209;80798;165007;1044831;57945;
I0804 23:10:32.640748 17037 pagerankX.cc:154] TrainLog: fid-36;0.007316;84191;103630;187821;1247845;89543;
I0804 23:10:32.565536 26262 pagerankX.cc:154] TrainLog: fid-3;0.007261;68069;139816;207885;822157;71995;
I0804 23:10:32.527305  5094 pagerankX.cc:154] TrainLog: fid-32;0.007834;84205;123055;207260;1181299;117055;
I0804 23:10:32.695894  7976 pagerankX.cc:148] fid: 10	update_sum10.7207
I0804 23:10:32.695919  7976 pagerankX.cc:154] TrainLog: fid-10;0.007991;84232;150997;235229;1959471;100379;
I0804 23:10:32.577108 24182 pagerankX.cc:154] TrainLog: fid-55;0.008111;84224;111883;196107;1107375;93110;
I0804 23:10:32.577299 24181 pagerankX.cc:154] TrainLog: fid-47;0.008321;82029;132537;214566;1139729;97894;
I0804 23:10:32.566766 26269 pagerankX.cc:154] TrainLog: fid-59;0.008474;49107;176971;226078;726698;74751;
I0804 23:10:32.541462 15717 pagerankX.cc:154] TrainLog: fid-29;0.009913;84206;174361;258567;1580062;151999;
I0804 23:10:32.627825 15458 pagerankX.cc:154] TrainLog: fid-1;0.010389;84228;185158;269386;1396748;147069;
I0804 23:10:32.568684 26265 pagerankX.cc:148] fid: 27	update_sum27.3644
I0804 23:10:32.568706 26265 pagerankX.cc:154] TrainLog: fid-27;0.010455;84218;193747;277965;2300002;226925;
I0804 23:10:32.569278 26264 pagerankX.cc:148] fid: 19	update_sum12.2007
I0804 23:10:32.569300 26264 pagerankX.cc:154] TrainLog: fid-19;0.011049;84212;155903;240115;2122591;120973;
I0804 23:10:32.700284  7981 pagerankX.cc:148] fid: 50	update_sum0.26472
I0804 23:10:32.700310  7981 pagerankX.cc:154] TrainLog: fid-50;0.000884;44761;17980;62741;140738;4054;
I0804 23:10:32.700778  7979 pagerankX.cc:148] fid: 34	update_sum3.14931
I0804 23:10:32.700809  7979 pagerankX.cc:154] TrainLog: fid-34;0.001391;43513;40170;83683;240401;22347;
I0804 23:10:32.544337 15720 pagerankX.cc:148] fid: 53	update_sum4.10657
I0804 23:10:32.544365 15720 pagerankX.cc:154] TrainLog: fid-53;0.001566;35841;50712;86553;304089;20513;
I0804 23:10:32.544530 15719 pagerankX.cc:148] fid: 45	update_sum8.65206
I0804 23:10:32.544561 15719 pagerankX.cc:154] TrainLog: fid-45;0.00176;44749;55812;100561;360972;25753;
I0804 23:10:32.532838  5092 pagerankX.cc:148] fid: 16	update_sum5.91984
I0804 23:10:32.532861  5092 pagerankX.cc:154] TrainLog: fid-16;0.001785;53384;64307;117691;392595;23562;
I0804 23:10:32.648805 30440 pagerankX.cc:148] fid: 22	update_sum5.46129
I0804 23:10:32.648831 30440 pagerankX.cc:154] TrainLog: fid-22;0.001816;57648;49984;107632;404607;29580;
I0804 23:10:32.648901 30438 pagerankX.cc:148] fid: 6	update_sum1.71971
I0804 23:10:32.544768 15715 pagerankX.cc:148] fid: 13	update_sum2.8149
I0804 23:10:32.648926 30438 pagerankX.cc:154] TrainLog: fid-6;0.00191;84178;32504;116682;413169;8618;
I0804 23:10:32.544795 15715 pagerankX.cc:154] TrainLog: fid-13;0.002003;68278;32673;100951;393419;11227;
I0804 23:10:32.533056  5093 pagerankX.cc:148] fid: 24	update_sum0.518421
I0804 23:10:32.533087  5093 pagerankX.cc:154] TrainLog: fid-24;0.001951;74218;30016;104234;388307;5502;
I0804 23:10:32.533181  5095 pagerankX.cc:148] fid: 40	update_sum4.12999
I0804 23:10:32.533210  5095 pagerankX.cc:154] TrainLog: fid-40;0.002154;64637;46682;111319;414539;16514;
I0804 23:10:32.544909 15718 pagerankX.cc:148] fid: 37	update_sum4.12268
I0804 23:10:32.544936 15718 pagerankX.cc:154] TrainLog: fid-37;0.002135;52649;45677;98326;490241;12770;
I0804 23:10:32.701603  7975 pagerankX.cc:148] fid: 2	update_sum4.55043
I0804 23:10:32.701632  7975 pagerankX.cc:154] TrainLog: fid-2;0.002219;69979;40833;110812;422723;12180;
I0804 23:10:32.649262 30445 pagerankX.cc:148] fid: 62	update_sum0.400778
I0804 23:10:32.649274 30442 pagerankX.cc:148] fid: 38	update_sum3.77257
I0804 23:10:32.649296 30445 pagerankX.cc:154] TrainLog: fid-62;0.002301;84225;43574;127799;497253;7687;
I0804 23:10:32.649312 30442 pagerankX.cc:154] TrainLog: fid-38;0.002294;84191;43668;127859;503551;14164;
I0804 23:10:32.701756  7977 pagerankX.cc:148] fid: 18	update_sum0.328973
I0804 23:10:32.701786  7977 pagerankX.cc:154] TrainLog: fid-18;0.002372;84232;44109;128341;452219;9767;
I0804 23:10:32.571733 26266 pagerankX.cc:148] fid: 35	update_sum2.20671
I0804 23:10:32.571753 26266 pagerankX.cc:154] TrainLog: fid-35;0.002394;84224;38995;123219;519041;10527;
I0804 23:10:32.647218 17039 pagerankX.cc:148] fid: 52	update_sum0.940519
I0804 23:10:32.647240 17039 pagerankX.cc:154] TrainLog: fid-52;0.002434;84223;43351;127574;531617;8198;
I0804 23:10:32.701900  7978 pagerankX.cc:148] fid: 26	update_sum2.89726
I0804 23:10:32.701930  7978 pagerankX.cc:154] TrainLog: fid-26;0.002515;84214;45118;129332;537092;12268;
I0804 23:10:32.582602 24176 pagerankX.cc:148] fid: 7	update_sum3.56469
I0804 23:10:32.582631 24176 pagerankX.cc:154] TrainLog: fid-7;0.002589;84223;38822;123045;513729;11752;
I0804 23:10:32.631551 15465 pagerankX.cc:148] fid: 57	update_sum2.62824
I0804 23:10:32.631588 15465 pagerankX.cc:154] TrainLog: fid-57;0.002504;84220;45516;129736;502410;13099;
I0804 23:10:32.582725 24183 pagerankX.cc:148] fid: 63	update_sum2.42547
I0804 23:10:32.631669 15459 pagerankX.cc:148] fid: 9	update_sum4.91262
I0804 23:10:32.582731 24178 pagerankX.cc:148] fid: 23	update_sum5.22008
I0804 23:10:32.631695 15459 pagerankX.cc:154] TrainLog: fid-9;0.002608;76669;46183;122852;575334;14785;
I0804 23:10:32.582753 24183 pagerankX.cc:154] TrainLog: fid-63;0.002696;84227;27786;112013;618695;9389;
I0804 23:10:32.582760 24178 pagerankX.cc:154] TrainLog: fid-23;0.002716;80147;46526;126673;562692;18146;
I0804 23:10:32.572180 26263 pagerankX.cc:148] fid: 11	update_sum1.12207
I0804 23:10:32.572204 26263 pagerankX.cc:154] TrainLog: fid-11;0.002819;84209;49763;133972;603967;9627;
I0804 23:10:32.545588 15721 pagerankX.cc:148] fid: 61	update_sum9.76246
I0804 23:10:32.545614 15721 pagerankX.cc:154] TrainLog: fid-61;0.002812;76057;60896;136953;610582;25103;
I0804 23:10:32.649853 30441 pagerankX.cc:148] fid: 30	update_sum4.4337
I0804 23:10:32.649879 30441 pagerankX.cc:154] TrainLog: fid-30;0.0028;45973;96649;142622;673657;28039;
I0804 23:10:32.647766 17040 pagerankX.cc:148] fid: 60	update_sum8.60362
I0804 23:10:32.647797 17040 pagerankX.cc:154] TrainLog: fid-60;0.00295;84225;52407;136632;625507;23652;
I0804 23:10:32.545847 15714 pagerankX.cc:148] fid: 5	update_sum0.851432
I0804 23:10:32.545874 15714 pagerankX.cc:154] TrainLog: fid-5;0.003081;84216;63806;148022;729860;11414;
I0804 23:10:32.534425  5097 pagerankX.cc:148] fid: 56	update_sum5.95617
I0804 23:10:32.534451  5097 pagerankX.cc:154] TrainLog: fid-56;0.003313;84214;65462;149676;715618;25179;
I0804 23:10:32.648181 17035 pagerankX.cc:148] fid: 20	update_sum6.4468
I0804 23:10:32.648207 17035 pagerankX.cc:154] TrainLog: fid-20;0.003361;83946;70759;154705;746281;24005;
I0804 23:10:32.648216 17034 pagerankX.cc:148] fid: 12	update_sum11.347
I0804 23:10:32.648241 17034 pagerankX.cc:154] TrainLog: fid-12;0.003403;84224;74677;158901;764938;28406;
I0804 23:10:32.546352 15716 pagerankX.cc:148] fid: 21	update_sum9.8684
I0804 23:10:32.650524 30439 pagerankX.cc:148] fid: 14	update_sum6.69835
I0804 23:10:32.650547 30439 pagerankX.cc:154] TrainLog: fid-14;0.003468;84227;52214;136441;842109;15591;
I0804 23:10:32.546377 15716 pagerankX.cc:154] TrainLog: fid-21;0.003578;84215;59114;143329;881595;29416;
I0804 23:10:32.534864  5091 pagerankX.cc:148] fid: 8	update_sum11.9843
I0804 23:10:32.534890  5091 pagerankX.cc:154] TrainLog: fid-8;0.003756;54520;153783;208303;828179;61147;
I0804 23:10:32.632882 15460 pagerankX.cc:148] fid: 17	update_sum13.5167
I0804 23:10:32.632911 15460 pagerankX.cc:154] TrainLog: fid-17;0.003895;82581;91642;174223;833694;52597;
I0804 23:10:32.648813 17038 pagerankX.cc:148] fid: 44	update_sum7.9202
I0804 23:10:32.648854 17038 pagerankX.cc:154] TrainLog: fid-44;0.003992;84216;64837;149053;921325;25395;
I0804 23:10:32.573364 26269 pagerankX.cc:148] fid: 59	update_sum13.0556
I0804 23:10:32.573405 26269 pagerankX.cc:154] TrainLog: fid-59;0.004001;49107;176971;226078;726698;49673;
I0804 23:10:32.633160 15461 pagerankX.cc:148] fid: 25	update_sum12.0754
I0804 23:10:32.633190 15461 pagerankX.cc:154] TrainLog: fid-25;0.004109;84209;79914;164123;900372;57812;
I0804 23:10:32.535303  5096 pagerankX.cc:148] fid: 48	update_sum13.5935
I0804 23:10:32.535328  5096 pagerankX.cc:154] TrainLog: fid-48;0.004192;84200;95125;179325;936805;46578;
I0804 23:10:32.584358 24179 pagerankX.cc:148] fid: 31	update_sum6.55409
I0804 23:10:32.651314 30444 pagerankX.cc:148] fid: 54	update_sum4.72451
I0804 23:10:32.651337 30444 pagerankX.cc:154] TrainLog: fid-54;0.004308;78067;141682;219749;1066503;45940;
I0804 23:10:32.584388 24179 pagerankX.cc:154] TrainLog: fid-31;0.00429;79043;74777;153820;1083119;27823;
I0804 23:10:32.573792 26262 pagerankX.cc:148] fid: 3	update_sum18.1882
I0804 23:10:32.573818 26262 pagerankX.cc:154] TrainLog: fid-3;0.004451;68069;139816;207885;822157;52063;
I0804 23:10:32.633491 15463 pagerankX.cc:148] fid: 41	update_sum5.42215
I0804 23:10:32.633518 15463 pagerankX.cc:154] TrainLog: fid-41;0.004436;84226;79146;163372;1001615;30888;
I0804 23:10:32.535732  5090 pagerankX.cc:154] TrainLog: fid-0;0.004654;84225;71443;155668;785132;39735;
I0804 23:10:32.633669 15464 pagerankX.cc:148] fid: 49	update_sum13.2859
I0804 23:10:32.633695 15464 pagerankX.cc:154] TrainLog: fid-49;0.004614;80634;109603;190237;1034819;58257;
I0804 23:10:32.649667 17036 pagerankX.cc:148] fid: 28	update_sum9.50229
I0804 23:10:32.649705 17036 pagerankX.cc:154] TrainLog: fid-28;0.004846;84200;106454;190654;1138857;38277;
I0804 23:10:32.651926 30443 pagerankX.cc:148] fid: 46	update_sum14.4721
I0804 23:10:32.651953 30443 pagerankX.cc:154] TrainLog: fid-46;0.004872;84224;94833;179057;1212840;48996;
I0804 23:10:32.574451 26268 pagerankX.cc:148] fid: 51	update_sum5.84393
I0804 23:10:32.574476 26268 pagerankX.cc:154] TrainLog: fid-51;0.00507;84173;57027;141200;1008130;15906;
I0804 23:10:32.634069 15462 pagerankX.cc:148] fid: 33	update_sum15.82
I0804 23:10:32.634094 15462 pagerankX.cc:154] TrainLog: fid-33;0.00508;84218;93584;177802;1168862;56454;
I0804 23:10:32.704546  7982 pagerankX.cc:154] TrainLog: fid-58;0.005122;84228;62210;146438;925592;47742;
I0804 23:10:32.574558 26267 pagerankX.cc:148] fid: 43	update_sum10.2486
I0804 23:10:32.585155 24180 pagerankX.cc:148] fid: 39	update_sum15.5588
I0804 23:10:32.585186 24180 pagerankX.cc:154] TrainLog: fid-39;0.005143;84209;80798;165007;1044831;35475;
I0804 23:10:32.574584 26267 pagerankX.cc:154] TrainLog: fid-43;0.005191;69759;138379;208138;971666;57055;
I0804 23:10:32.650127 17033 pagerankX.cc:148] fid: 4	update_sum9.88474
I0804 23:10:32.650156 17033 pagerankX.cc:154] TrainLog: fid-4;0.005319;84165;96871;181036;1264647;32580;
I0804 23:10:32.650166 17037 pagerankX.cc:148] fid: 36	update_sum18.1167
I0804 23:10:32.650190 17037 pagerankX.cc:154] TrainLog: fid-36;0.005344;84191;103630;187821;1247845;65563;
I0804 23:10:32.585582 24177 pagerankX.cc:148] fid: 15	update_sum2.70803
I0804 23:10:32.585606 24177 pagerankX.cc:154] TrainLog: fid-15;0.00551;84222;117070;201292;1413131;48298;
I0804 23:10:32.585638 24182 pagerankX.cc:148] fid: 55	update_sum16.7038
I0804 23:10:32.585661 24182 pagerankX.cc:154] TrainLog: fid-55;0.005604;84224;111883;196107;1107375;75642;
I0804 23:10:32.585726 24181 pagerankX.cc:148] fid: 47	update_sum13.5117
I0804 23:10:32.585752 24181 pagerankX.cc:154] TrainLog: fid-47;0.005693;82029;132537;214566;1139729;62415;
I0804 23:10:32.705577  7980 pagerankX.cc:148] fid: 42	update_sum11.5076
I0804 23:10:32.705616  7980 pagerankX.cc:154] TrainLog: fid-42;0.006178;84202;107090;191292;1563104;58104;
I0804 23:10:32.635226 15458 pagerankX.cc:148] fid: 1	update_sum18.3471
I0804 23:10:32.635248 15458 pagerankX.cc:154] TrainLog: fid-1;0.006234;84228;185158;269386;1396748;98419;
I0804 23:10:32.549410 15717 pagerankX.cc:148] fid: 29	update_sum19.2918
I0804 23:10:32.549437 15717 pagerankX.cc:154] TrainLog: fid-29;0.006637;84206;174361;258567;1580062;110882;
I0804 23:10:32.538439  5094 pagerankX.cc:154] TrainLog: fid-32;0.007359;84205;123055;207260;1181299;85628;
I0804 23:10:32.707098  7976 pagerankX.cc:148] fid: 10	update_sum4.99028
I0804 23:10:32.707121  7976 pagerankX.cc:154] TrainLog: fid-10;0.007707;84232;150997;235229;1959471;68258;
I0804 23:10:32.578845 26265 pagerankX.cc:148] fid: 27	update_sum16.2305
I0804 23:10:32.578864 26265 pagerankX.cc:154] TrainLog: fid-27;0.009509;84218;193747;277965;2300002;155961;
I0804 23:10:32.579807 26264 pagerankX.cc:148] fid: 19	update_sum5.66811
I0804 23:10:32.579828 26264 pagerankX.cc:154] TrainLog: fid-19;0.010485;84212;155903;240115;2122591;78448;
I0804 23:10:32.710764  7981 pagerankX.cc:148] fid: 50	update_sum0.071464
I0804 23:10:32.710789  7981 pagerankX.cc:154] TrainLog: fid-50;0.00084;44761;17980;62741;140738;420;
I0804 23:10:32.711199  7979 pagerankX.cc:148] fid: 34	update_sum1.15132
I0804 23:10:32.711231  7979 pagerankX.cc:154] TrainLog: fid-34;0.00129;43513;40170;83683;240401;7936;
I0804 23:10:32.554617 15720 pagerankX.cc:148] fid: 53	update_sum1.26564
I0804 23:10:32.554642 15720 pagerankX.cc:154] TrainLog: fid-53;0.00132;35841;50712;86553;304089;2732;
I0804 23:10:32.554833 15719 pagerankX.cc:148] fid: 45	update_sum4.05179
I0804 23:10:32.554859 15719 pagerankX.cc:154] TrainLog: fid-45;0.001525;44749;55812;100561;360972;10538;
I0804 23:10:32.543195  5092 pagerankX.cc:148] fid: 16	update_sum1.88117
I0804 23:10:32.543216  5092 pagerankX.cc:154] TrainLog: fid-16;0.001618;53384;64307;117691;392595;3207;
I0804 23:10:32.659162 30440 pagerankX.cc:148] fid: 22	update_sum1.17698
I0804 23:10:32.659188 30440 pagerankX.cc:154] TrainLog: fid-22;0.001651;57648;49984;107632;404607;2772;
I0804 23:10:32.555086 15715 pagerankX.cc:148] fid: 13	update_sum1.08733
I0804 23:10:32.555111 15715 pagerankX.cc:154] TrainLog: fid-13;0.001797;68278;32673;100951;393419;743;
I0804 23:10:32.659368 30438 pagerankX.cc:148] fid: 6	update_sum0.720838
I0804 23:10:32.543438  5093 pagerankX.cc:148] fid: 24	update_sum0.180065
I0804 23:10:32.543469  5093 pagerankX.cc:154] TrainLog: fid-24;0.001807;74218;30016;104234;388307;638;
I0804 23:10:32.543483  5095 pagerankX.cc:148] fid: 40	update_sum1.68091
I0804 23:10:32.659394 30438 pagerankX.cc:154] TrainLog: fid-6;0.001856;84178;32504;116682;413169;1783;
I0804 23:10:32.543499  5095 pagerankX.cc:154] TrainLog: fid-40;0.001922;64637;46682;111319;414539;3416;
I0804 23:10:32.555265 15718 pagerankX.cc:148] fid: 37	update_sum1.43236
I0804 23:10:32.555292 15718 pagerankX.cc:154] TrainLog: fid-37;0.00196;52649;45677;98326;490241;1135;
I0804 23:10:32.581987 26266 pagerankX.cc:148] fid: 35	update_sum0.888149
I0804 23:10:32.582008 26266 pagerankX.cc:154] TrainLog: fid-35;0.002126;84224;38995;123219;519041;1868;
I0804 23:10:32.712052  7975 pagerankX.cc:148] fid: 2	update_sum1.97798
I0804 23:10:32.712080  7975 pagerankX.cc:154] TrainLog: fid-2;0.002141;69979;40833;110812;422723;1991;
I0804 23:10:32.641680 15465 pagerankX.cc:148] fid: 57	update_sum0.827758
I0804 23:10:32.641710 15465 pagerankX.cc:154] TrainLog: fid-57;0.002184;84220;45516;129736;502410;1957;
I0804 23:10:32.659672 30445 pagerankX.cc:148] fid: 62	update_sum0.0766703
I0804 23:10:32.659703 30445 pagerankX.cc:154] TrainLog: fid-62;0.002186;84225;43574;127799;497253;158;
I0804 23:10:32.659703 30442 pagerankX.cc:148] fid: 38	update_sum1.40924
I0804 23:10:32.659735 30442 pagerankX.cc:154] TrainLog: fid-38;0.002197;84191;43668;127859;503551;2689;
I0804 23:10:32.641783 15459 pagerankX.cc:148] fid: 9	update_sum2.16536
I0804 23:10:32.712225  7977 pagerankX.cc:148] fid: 18	update_sum0.117124
I0804 23:10:32.657662 17039 pagerankX.cc:148] fid: 52	update_sum0.358343
I0804 23:10:32.657683 17039 pagerankX.cc:154] TrainLog: fid-52;0.002329;84223;43351;127574;531617;1943;
I0804 23:10:32.641808 15459 pagerankX.cc:154] TrainLog: fid-9;0.002319;76669;46183;122852;575334;3424;
I0804 23:10:32.712256  7977 pagerankX.cc:154] TrainLog: fid-18;0.002317;84232;44109;128341;452219;1952;
I0804 23:10:32.592962 24176 pagerankX.cc:148] fid: 7	update_sum1.50472
I0804 23:10:32.592993 24176 pagerankX.cc:154] TrainLog: fid-7;0.002435;84223;38822;123045;513729;2002;
I0804 23:10:32.712330  7978 pagerankX.cc:148] fid: 26	update_sum0.893389
I0804 23:10:32.712360  7978 pagerankX.cc:154] TrainLog: fid-26;0.002422;84214;45118;129332;537092;1926;
I0804 23:10:32.582376 26263 pagerankX.cc:148] fid: 11	update_sum0.331662
I0804 23:10:32.582401 26263 pagerankX.cc:154] TrainLog: fid-11;0.002493;84209;49763;133972;603967;515;
I0804 23:10:32.593065 24178 pagerankX.cc:148] fid: 23	update_sum1.60625
I0804 23:10:32.555832 15721 pagerankX.cc:148] fid: 61	update_sum3.82094
I0804 23:10:32.555857 15721 pagerankX.cc:154] TrainLog: fid-61;0.002523;76057;60896;136953;610582;5229;
I0804 23:10:32.593091 24178 pagerankX.cc:154] TrainLog: fid-23;0.002533;80147;46526;126673;562692;2774;
I0804 23:10:32.593112 24183 pagerankX.cc:148] fid: 63	update_sum0.811336
I0804 23:10:32.593138 24183 pagerankX.cc:154] TrainLog: fid-63;0.002565;84227;27786;112013;618695;1696;
I0804 23:10:32.660151 30441 pagerankX.cc:148] fid: 30	update_sum1.31198
I0804 23:10:32.660193 30441 pagerankX.cc:154] TrainLog: fid-30;0.002594;45973;96649;142622;673657;2997;
I0804 23:10:32.658032 17040 pagerankX.cc:148] fid: 60	update_sum3.40941
I0804 23:10:32.658061 17040 pagerankX.cc:154] TrainLog: fid-60;0.002687;84225;52407;136632;625507;5971;
I0804 23:10:32.544488  5090 pagerankX.cc:148] fid: 0	update_sum8.23291
I0804 23:10:32.544512  5090 pagerankX.cc:154] TrainLog: fid-0;0.002914;84225;71443;155668;785132;5618;
I0804 23:10:32.556239 15714 pagerankX.cc:148] fid: 5	update_sum0.164576
I0804 23:10:32.556264 15714 pagerankX.cc:154] TrainLog: fid-5;0.002949;84216;63806;148022;729860;383;
I0804 23:10:32.544646  5097 pagerankX.cc:148] fid: 56	update_sum2.3796
I0804 23:10:32.544673  5097 pagerankX.cc:154] TrainLog: fid-56;0.003009;84214;65462;149676;715618;3554;
I0804 23:10:32.658483 17035 pagerankX.cc:148] fid: 20	update_sum2.66819
I0804 23:10:32.658509 17035 pagerankX.cc:154] TrainLog: fid-20;0.003144;83946;70759;154705;746281;2282;
I0804 23:10:32.658533 17034 pagerankX.cc:148] fid: 12	update_sum4.75882
I0804 23:10:32.658556 17034 pagerankX.cc:154] TrainLog: fid-12;0.003191;84224;74677;158901;764938;6674;
I0804 23:10:32.556618 15716 pagerankX.cc:148] fid: 21	update_sum3.87545
I0804 23:10:32.544930  5091 pagerankX.cc:148] fid: 8	update_sum2.46541
I0804 23:10:32.642792 15460 pagerankX.cc:148] fid: 17	update_sum4.23509
I0804 23:10:32.642819 15460 pagerankX.cc:154] TrainLog: fid-17;0.003321;82581;91642;174223;833694;4726;
I0804 23:10:32.556643 15716 pagerankX.cc:154] TrainLog: fid-21;0.003324;84215;59114;143329;881595;5925;
I0804 23:10:32.544955  5091 pagerankX.cc:154] TrainLog: fid-8;0.003294;54520;153783;208303;828179;6922;
I0804 23:10:32.660887 30439 pagerankX.cc:148] fid: 14	update_sum2.63447
I0804 23:10:32.660925 30439 pagerankX.cc:154] TrainLog: fid-14;0.003312;84227;52214;136441;842109;2409;
I0804 23:10:32.643024 15461 pagerankX.cc:148] fid: 25	update_sum2.7881
I0804 23:10:32.643052 15461 pagerankX.cc:154] TrainLog: fid-25;0.003541;84209;79914;164123;900372;3245;
I0804 23:10:32.583549 26269 pagerankX.cc:148] fid: 59	update_sum1.77046
I0804 23:10:32.583585 26269 pagerankX.cc:154] TrainLog: fid-59;0.003663;49107;176971;226078;726698;4577;
I0804 23:10:32.659049 17038 pagerankX.cc:148] fid: 44	update_sum3.3675
I0804 23:10:32.659076 17038 pagerankX.cc:154] TrainLog: fid-44;0.003701;84216;64837;149053;921325;2675;
I0804 23:10:32.545455  5096 pagerankX.cc:148] fid: 48	update_sum4.88873
I0804 23:10:32.545480  5096 pagerankX.cc:154] TrainLog: fid-48;0.003816;84200;95125;179325;936805;9957;
I0804 23:10:32.643435 15463 pagerankX.cc:148] fid: 41	update_sum2.16783
I0804 23:10:32.643460 15463 pagerankX.cc:154] TrainLog: fid-41;0.003947;84226;79146;163372;1001615;2246;
I0804 23:10:32.594600 24179 pagerankX.cc:148] fid: 31	update_sum2.53153
I0804 23:10:32.643563 15464 pagerankX.cc:148] fid: 49	update_sum3.99867
I0804 23:10:32.661576 30444 pagerankX.cc:148] fid: 54	update_sum1.35852
I0804 23:10:32.661599 30444 pagerankX.cc:154] TrainLog: fid-54;0.00405;78067;141682;219749;1066503;3950;
I0804 23:10:32.583899 26262 pagerankX.cc:148] fid: 3	update_sum4.79354
I0804 23:10:32.583938 26262 pagerankX.cc:154] TrainLog: fid-3;0.004035;68069;139816;207885;822157;7108;
I0804 23:10:32.594626 24179 pagerankX.cc:154] TrainLog: fid-31;0.004069;79043;74777;153820;1083119;2070;
I0804 23:10:32.643587 15464 pagerankX.cc:154] TrainLog: fid-49;0.004076;80634;109603;190237;1034819;4177;
I0804 23:10:32.545895  5094 pagerankX.cc:148] fid: 32	update_sum9.01755
I0804 23:10:32.545923  5094 pagerankX.cc:154] TrainLog: fid-32;0.004323;84205;123055;207260;1181299;7409;
I0804 23:10:32.643864 15462 pagerankX.cc:148] fid: 33	update_sum5.4221
I0804 23:10:32.643887 15462 pagerankX.cc:154] TrainLog: fid-33;0.004391;84218;93584;177802;1168862;5565;
I0804 23:10:32.659780 17036 pagerankX.cc:148] fid: 28	update_sum3.32652
I0804 23:10:32.659804 17036 pagerankX.cc:154] TrainLog: fid-28;0.00444;84200;106454;190654;1138857;3514;
I0804 23:10:32.662119 30443 pagerankX.cc:148] fid: 46	update_sum5.18179
I0804 23:10:32.662143 30443 pagerankX.cc:154] TrainLog: fid-46;0.004543;84224;94833;179057;1212840;4825;
I0804 23:10:32.584563 26267 pagerankX.cc:148] fid: 43	update_sum2.78319
I0804 23:10:32.584587 26267 pagerankX.cc:154] TrainLog: fid-43;0.004674;69759;138379;208138;971666;4150;
I0804 23:10:32.595289 24180 pagerankX.cc:148] fid: 39	update_sum6.81049
I0804 23:10:32.595316 24180 pagerankX.cc:154] TrainLog: fid-39;0.00476;84209;80798;165007;1044831;5084;
I0804 23:10:32.584738 26268 pagerankX.cc:148] fid: 51	update_sum2.19323
I0804 23:10:32.660156 17037 pagerankX.cc:148] fid: 36	update_sum4.33352
I0804 23:10:32.660179 17037 pagerankX.cc:154] TrainLog: fid-36;0.004807;84191;103630;187821;1247845;4285;
I0804 23:10:32.584762 26268 pagerankX.cc:154] TrainLog: fid-51;0.00484;84173;57027;141200;1008130;2392;
I0804 23:10:32.714798  7982 pagerankX.cc:154] TrainLog: fid-58;0.00485;84228;62210;146438;925592;3228;
I0804 23:10:32.595530 24182 pagerankX.cc:148] fid: 55	update_sum4.64334
I0804 23:10:32.660367 17033 pagerankX.cc:148] fid: 4	update_sum4.26213
I0804 23:10:32.660392 17033 pagerankX.cc:154] TrainLog: fid-4;0.005026;84165;96871;181036;1264647;2983;
I0804 23:10:32.595554 24182 pagerankX.cc:154] TrainLog: fid-55;0.004981;84224;111883;196107;1107375;5990;
I0804 23:10:32.595685 24181 pagerankX.cc:148] fid: 47	update_sum3.46241
I0804 23:10:32.595691 24177 pagerankX.cc:148] fid: 15	update_sum0.674278
I0804 23:10:32.595736 24181 pagerankX.cc:154] TrainLog: fid-47;0.00516;82029;132537;214566;1139729;4474;
I0804 23:10:32.595747 24177 pagerankX.cc:154] TrainLog: fid-15;0.005191;84222;117070;201292;1413131;2317;
I0804 23:10:32.644733 15458 pagerankX.cc:148] fid: 1	update_sum4.59636
I0804 23:10:32.644755 15458 pagerankX.cc:154] TrainLog: fid-1;0.005259;84228;185158;269386;1396748;10907;
I0804 23:10:32.559003 15717 pagerankX.cc:148] fid: 29	update_sum5.58646
I0804 23:10:32.559029 15717 pagerankX.cc:154] TrainLog: fid-29;0.005695;84206;174361;258567;1580062;12609;
I0804 23:10:32.715788  7980 pagerankX.cc:148] fid: 42	update_sum3.48099
I0804 23:10:32.715812  7980 pagerankX.cc:154] TrainLog: fid-42;0.005865;84202;107090;191292;1563104;2331;
I0804 23:10:32.717231  7976 pagerankX.cc:148] fid: 10	update_sum1.26642
I0804 23:10:32.717254  7976 pagerankX.cc:154] TrainLog: fid-10;0.007316;84232;150997;235229;1959471;3354;
I0804 23:10:32.588062 26265 pagerankX.cc:148] fid: 27	update_sum4.27899
I0804 23:10:32.588079 26265 pagerankX.cc:154] TrainLog: fid-27;0.008201;84218;193747;277965;2300002;13977;
I0804 23:10:32.589617 26264 pagerankX.cc:148] fid: 19	update_sum1.43353
I0804 23:10:32.589637 26264 pagerankX.cc:154] TrainLog: fid-19;0.00976;84212;155903;240115;2122591;4404;
I0804 23:10:32.720549  7981 pagerankX.cc:148] fid: 50	update_sum0.0157182
I0804 23:10:32.720576  7981 pagerankX.cc:154] TrainLog: fid-50;0.000821;44761;17980;62741;140738;30;
I0804 23:10:32.564399 15720 pagerankX.cc:148] fid: 53	update_sum0.357408
I0804 23:10:32.564424 15720 pagerankX.cc:154] TrainLog: fid-53;0.001279;35841;50712;86553;304089;820;
I0804 23:10:32.720952  7979 pagerankX.cc:148] fid: 34	update_sum0.179383
I0804 23:10:32.720983  7979 pagerankX.cc:154] TrainLog: fid-34;0.001235;43513;40170;83683;240401;366;
I0804 23:10:32.564576 15719 pagerankX.cc:148] fid: 45	update_sum0.850437
I0804 23:10:32.564620 15719 pagerankX.cc:154] TrainLog: fid-45;0.001475;44749;55812;100561;360972;526;
I0804 23:10:32.552953  5092 pagerankX.cc:148] fid: 16	update_sum0.5957
I0804 23:10:32.552975  5092 pagerankX.cc:154] TrainLog: fid-16;0.001567;53384;64307;117691;392595;687;
I0804 23:10:32.668962 30440 pagerankX.cc:148] fid: 22	update_sum0.239131
I0804 23:10:32.668988 30440 pagerankX.cc:154] TrainLog: fid-22;0.001644;57648;49984;107632;404607;366;
I0804 23:10:32.564870 15715 pagerankX.cc:148] fid: 13	update_sum0.412289
I0804 23:10:32.564895 15715 pagerankX.cc:154] TrainLog: fid-13;0.001771;68278;32673;100951;393419;125;
I0804 23:10:32.553141  5093 pagerankX.cc:148] fid: 24	update_sum0.0670046
I0804 23:10:32.553189  5095 pagerankX.cc:148] fid: 40	update_sum0.632982
I0804 23:10:32.553190  5093 pagerankX.cc:154] TrainLog: fid-24;0.001779;74218;30016;104234;388307;44;
I0804 23:10:32.553210  5095 pagerankX.cc:154] TrainLog: fid-40;0.001841;64637;46682;111319;414539;272;
I0804 23:10:32.669168 30438 pagerankX.cc:148] fid: 6	update_sum0.224976
I0804 23:10:32.669193 30438 pagerankX.cc:154] TrainLog: fid-6;0.001847;84178;32504;116682;413169;110;
I0804 23:10:32.565071 15718 pagerankX.cc:148] fid: 37	update_sum0.543258
I0804 23:10:32.565099 15718 pagerankX.cc:154] TrainLog: fid-37;0.00197;52649;45677;98326;490241;386;
I0804 23:10:32.591773 26266 pagerankX.cc:148] fid: 35	update_sum0.307886
I0804 23:10:32.591792 26266 pagerankX.cc:154] TrainLog: fid-35;0.002103;84224;38995;123219;519041;110;
I0804 23:10:32.721845  7975 pagerankX.cc:148] fid: 2	update_sum0.820372
I0804 23:10:32.721874  7975 pagerankX.cc:154] TrainLog: fid-2;0.002128;69979;40833;110812;422723;242;
I0804 23:10:32.669467 30445 pagerankX.cc:148] fid: 62	update_sum0.0134112
I0804 23:10:32.669499 30445 pagerankX.cc:154] TrainLog: fid-62;0.002176;84225;43574;127799;497253;29;
I0804 23:10:32.669500 30442 pagerankX.cc:148] fid: 38	update_sum0.459604
I0804 23:10:32.669528 30442 pagerankX.cc:154] TrainLog: fid-38;0.002181;84191;43668;127859;503551;256;
I0804 23:10:32.651495 15465 pagerankX.cc:148] fid: 57	update_sum0.25102
I0804 23:10:32.651530 15465 pagerankX.cc:154] TrainLog: fid-57;0.002167;84220;45516;129736;502410;269;
I0804 23:10:32.722014  7977 pagerankX.cc:148] fid: 18	update_sum0.0281209
I0804 23:10:32.667439 17039 pagerankX.cc:148] fid: 52	update_sum0.11554
I0804 23:10:32.667477 17039 pagerankX.cc:154] TrainLog: fid-52;0.002322;84223;43351;127574;531617;25;
I0804 23:10:32.651612 15459 pagerankX.cc:148] fid: 9	update_sum0.694122
I0804 23:10:32.722044  7977 pagerankX.cc:154] TrainLog: fid-18;0.002298;84232;44109;128341;452219;12;
I0804 23:10:32.602735 24176 pagerankX.cc:148] fid: 7	update_sum0.619423
I0804 23:10:32.602768 24176 pagerankX.cc:154] TrainLog: fid-7;0.002396;84223;38822;123045;513729;454;
I0804 23:10:32.651638 15459 pagerankX.cc:154] TrainLog: fid-9;0.002274;76669;46183;122852;575334;484;
I0804 23:10:32.722055  7978 pagerankX.cc:148] fid: 26	update_sum0.278257
I0804 23:10:32.722080  7978 pagerankX.cc:154] TrainLog: fid-26;0.002329;84214;45118;129332;537092;425;
I0804 23:10:32.592178 26263 pagerankX.cc:148] fid: 11	update_sum0.109011
I0804 23:10:32.592203 26263 pagerankX.cc:154] TrainLog: fid-11;0.00249;84209;49763;133972;603967;51;
I0804 23:10:32.565596 15721 pagerankX.cc:148] fid: 61	update_sum1.27049
I0804 23:10:32.565621 15721 pagerankX.cc:154] TrainLog: fid-61;0.002477;76057;60896;136953;610582;680;
I0804 23:10:32.602843 24178 pagerankX.cc:148] fid: 23	update_sum0.45489
I0804 23:10:32.602869 24178 pagerankX.cc:154] TrainLog: fid-23;0.002496;80147;46526;126673;562692;333;
I0804 23:10:32.669950 30441 pagerankX.cc:148] fid: 30	update_sum0.416728
I0804 23:10:32.669975 30441 pagerankX.cc:154] TrainLog: fid-30;0.002565;45973;96649;142622;673657;574;
I0804 23:10:32.602890 24183 pagerankX.cc:148] fid: 63	update_sum0.341995
I0804 23:10:32.602914 24183 pagerankX.cc:154] TrainLog: fid-63;0.00253;84227;27786;112013;618695;1030;
I0804 23:10:32.667838 17040 pagerankX.cc:148] fid: 60	update_sum1.13606
I0804 23:10:32.667867 17040 pagerankX.cc:154] TrainLog: fid-60;0.00263;84225;52407;136632;625507;379;
I0804 23:10:32.554229  5090 pagerankX.cc:148] fid: 0	update_sum3.12036
I0804 23:10:32.554252  5090 pagerankX.cc:154] TrainLog: fid-0;0.002844;84225;71443;155668;785132;953;
I0804 23:10:32.566062 15714 pagerankX.cc:148] fid: 5	update_sum0.0323013
I0804 23:10:32.554316  5097 pagerankX.cc:148] fid: 56	update_sum0.981892
I0804 23:10:32.554344  5097 pagerankX.cc:154] TrainLog: fid-56;0.002931;84214;65462;149676;715618;680;
I0804 23:10:32.566088 15714 pagerankX.cc:154] TrainLog: fid-5;0.002962;84216;63806;148022;729860;60;
I0804 23:10:32.668279 17035 pagerankX.cc:148] fid: 20	update_sum1.15428
I0804 23:10:32.668305 17035 pagerankX.cc:154] TrainLog: fid-20;0.00313;83946;70759;154705;746281;900;
I0804 23:10:32.668299 17034 pagerankX.cc:148] fid: 12	update_sum1.71394
I0804 23:10:32.668323 17034 pagerankX.cc:154] TrainLog: fid-12;0.003149;84224;74677;158901;764938;776;
I0804 23:10:32.554576  5091 pagerankX.cc:148] fid: 8	update_sum0.45979
I0804 23:10:32.554601  5091 pagerankX.cc:154] TrainLog: fid-8;0.003199;54520;153783;208303;828179;2251;
I0804 23:10:32.652524 15460 pagerankX.cc:148] fid: 17	update_sum1.25154
I0804 23:10:32.652550 15460 pagerankX.cc:154] TrainLog: fid-17;0.003254;82581;91642;174223;833694;1250;
I0804 23:10:32.566434 15716 pagerankX.cc:148] fid: 21	update_sum1.53793
I0804 23:10:32.566457 15716 pagerankX.cc:154] TrainLog: fid-21;0.003332;84215;59114;143329;881595;3560;
I0804 23:10:32.670683 30439 pagerankX.cc:148] fid: 14	update_sum1.03946
I0804 23:10:32.670706 30439 pagerankX.cc:154] TrainLog: fid-14;0.003297;84227;52214;136441;842109;830;
I0804 23:10:32.652865 15461 pagerankX.cc:148] fid: 25	update_sum0.765966
I0804 23:10:32.652894 15461 pagerankX.cc:154] TrainLog: fid-25;0.003534;84209;79914;164123;900372;2556;
I0804 23:10:32.593317 26269 pagerankX.cc:148] fid: 59	update_sum0.293613
I0804 23:10:32.593351 26269 pagerankX.cc:154] TrainLog: fid-59;0.003617;49107;176971;226078;726698;2031;
I0804 23:10:32.555090  5096 pagerankX.cc:148] fid: 48	update_sum1.46898
I0804 23:10:32.555114  5096 pagerankX.cc:154] TrainLog: fid-48;0.003702;84200;95125;179325;936805;1609;
I0804 23:10:32.668869 17038 pagerankX.cc:148] fid: 44	update_sum1.54776
I0804 23:10:32.668895 17038 pagerankX.cc:154] TrainLog: fid-44;0.003655;84216;64837;149053;921325;707;
I0804 23:10:32.653259 15463 pagerankX.cc:148] fid: 41	update_sum0.899363
I0804 23:10:32.593652 26262 pagerankX.cc:148] fid: 3	update_sum1.11473
I0804 23:10:32.653282 15463 pagerankX.cc:154] TrainLog: fid-41;0.003922;84226;79146;163372;1001615;875;
I0804 23:10:32.593678 26262 pagerankX.cc:154] TrainLog: fid-3;0.003984;68069;139816;207885;822157;1385;
I0804 23:10:32.604393 24179 pagerankX.cc:148] fid: 31	update_sum1.05991
I0804 23:10:32.671358 30444 pagerankX.cc:148] fid: 54	update_sum0.45036
I0804 23:10:32.671382 30444 pagerankX.cc:154] TrainLog: fid-54;0.004038;78067;141682;219749;1066503;713;
I0804 23:10:32.653393 15464 pagerankX.cc:148] fid: 49	update_sum1.29049
I0804 23:10:32.604420 24179 pagerankX.cc:154] TrainLog: fid-31;0.004059;79043;74777;153820;1083119;612;
I0804 23:10:32.653417 15464 pagerankX.cc:154] TrainLog: fid-49;0.004057;80634;109603;190237;1034819;2557;
I0804 23:10:32.555584  5094 pagerankX.cc:148] fid: 32	update_sum2.63762
I0804 23:10:32.555608  5094 pagerankX.cc:154] TrainLog: fid-32;0.004199;84205;123055;207260;1181299;1759;
I0804 23:10:32.653594 15462 pagerankX.cc:148] fid: 33	update_sum1.94582
I0804 23:10:32.653616 15462 pagerankX.cc:154] TrainLog: fid-33;0.004322;84218;93584;177802;1168862;1073;
I0804 23:10:32.669601 17036 pagerankX.cc:148] fid: 28	update_sum1.24778
I0804 23:10:32.669625 17036 pagerankX.cc:154] TrainLog: fid-28;0.004389;84200;106454;190654;1138857;993;
I0804 23:10:32.671916 30443 pagerankX.cc:148] fid: 46	update_sum1.82303
I0804 23:10:32.671941 30443 pagerankX.cc:154] TrainLog: fid-46;0.004528;84224;94833;179057;1212840;2205;
I0804 23:10:32.594329 26267 pagerankX.cc:148] fid: 43	update_sum0.839245
I0804 23:10:32.594353 26267 pagerankX.cc:154] TrainLog: fid-43;0.004617;69759;138379;208138;971666;2058;
I0804 23:10:32.605033 24180 pagerankX.cc:148] fid: 39	update_sum2.96235
I0804 23:10:32.605062 24180 pagerankX.cc:154] TrainLog: fid-39;0.004691;84209;80798;165007;1044831;1009;
I0804 23:10:32.594480 26268 pagerankX.cc:148] fid: 51	update_sum0.81714
I0804 23:10:32.594506 26268 pagerankX.cc:154] TrainLog: fid-51;0.004768;84173;57027;141200;1008130;417;
I0804 23:10:32.669994 17037 pagerankX.cc:148] fid: 36	update_sum0.967495
I0804 23:10:32.670018 17037 pagerankX.cc:154] TrainLog: fid-36;0.004782;84191;103630;187821;1247845;2412;
I0804 23:10:32.605302 24182 pagerankX.cc:148] fid: 55	update_sum1.24784
I0804 23:10:32.605326 24182 pagerankX.cc:154] TrainLog: fid-55;0.004927;84224;111883;196107;1107375;1724;
I0804 23:10:32.670171 17033 pagerankX.cc:148] fid: 4	update_sum1.97605
I0804 23:10:32.670195 17033 pagerankX.cc:154] TrainLog: fid-4;0.005029;84165;96871;181036;1264647;833;
I0804 23:10:32.605448 24181 pagerankX.cc:148] fid: 47	update_sum0.969807
I0804 23:10:32.605473 24181 pagerankX.cc:154] TrainLog: fid-47;0.005102;82029;132537;214566;1139729;2248;
I0804 23:10:32.605484 24177 pagerankX.cc:148] fid: 15	update_sum0.171084
I0804 23:10:32.605523 24177 pagerankX.cc:154] TrainLog: fid-15;0.005149;84222;117070;201292;1413131;589;
I0804 23:10:32.654480 15458 pagerankX.cc:148] fid: 1	update_sum1.02758
I0804 23:10:32.654505 15458 pagerankX.cc:154] TrainLog: fid-1;0.005211;84228;185158;269386;1396748;2681;
I0804 23:10:32.725338  7980 pagerankX.cc:148] fid: 42	update_sum1.1627
I0804 23:10:32.725363  7980 pagerankX.cc:154] TrainLog: fid-42;0.005611;84202;107090;191292;1563104;1090;
I0804 23:10:32.568759 15717 pagerankX.cc:148] fid: 29	update_sum1.46332
I0804 23:10:32.568799 15717 pagerankX.cc:154] TrainLog: fid-29;0.005641;84206;174361;258567;1580062;2953;
I0804 23:10:32.726717  7976 pagerankX.cc:148] fid: 10	update_sum0.346981
I0804 23:10:32.726742  7976 pagerankX.cc:154] TrainLog: fid-10;0.006998;84232;150997;235229;1959471;577;
I0804 23:10:32.597834 26265 pagerankX.cc:148] fid: 27	update_sum1.02295
I0804 23:10:32.597852 26265 pagerankX.cc:154] TrainLog: fid-27;0.008167;84218;193747;277965;2300002;3529;
I0804 23:10:32.599346 26264 pagerankX.cc:148] fid: 19	update_sum0.368505
I0804 23:10:32.599366 26264 pagerankX.cc:154] TrainLog: fid-19;0.009683;84212;155903;240115;2122591;670;
I0804 23:10:32.562834  5085 worker.cc:478] [worker1] enters process result assemble, 8
I0804 23:10:32.660728 15453 worker.cc:478] [worker2] enters process result assemble, 8
I0804 23:10:32.601142 26257 worker.cc:478] [worker4] enters process result assemble, 8
I0804 23:10:32.676597 17028 worker.cc:478] [worker5] enters process result assemble, 8
I0804 23:10:32.611793 24171 worker.cc:478] [worker8] enters process result assemble, 8
I0804 23:10:32.678766 30433 worker.cc:478] [worker7] enters process result assemble, 8
I0804 23:10:32.731175  7970 worker.cc:478] [worker3] enters process result assemble, 8
I0804 23:10:32.574546 15709 worker.cc:478] [worker6] enters process result assemble, 8
W0804 23:10:33.471576  7970 pagerankX.cc:212] eta 0 Fid 2	#internation	32
W0804 23:10:33.386998 26257 pagerankX.cc:212] eta 0 Fid 3	#internation	32
W0804 23:10:33.545136 30433 pagerankX.cc:212] eta 0 Fid 6	#internation	32
W0804 23:10:33.568017 15453 pagerankX.cc:212] eta 0 Fid 1	#internation	32
W0804 23:10:33.500707 15709 pagerankX.cc:212] eta 0 Fid 5	#internation	32
W0804 23:10:33.542488 24171 pagerankX.cc:212] eta 0 Fid 7	#internation	32
W0804 23:10:33.610016 17028 pagerankX.cc:212] eta 0 Fid 4	#internation	32
W0804 23:10:33.496645  5085 pagerankX.cc:212] eta 0 Fid 0	#internation	32
W0804 23:10:34.089102  5085 pagerankX.cc:212] eta 0 Fid 8	#internation	32
W0804 23:10:34.364675  7970 pagerankX.cc:212] eta 0 Fid 10	#internation	32
W0804 23:10:34.250633 15709 pagerankX.cc:212] eta 0 Fid 13	#internation	32
W0804 23:10:34.383249 15453 pagerankX.cc:212] eta 0 Fid 9	#internation	32
W0804 23:10:34.418437 30433 pagerankX.cc:212] eta 0 Fid 14	#internation	32
W0804 23:10:34.354158 26257 pagerankX.cc:212] eta 0 Fid 11	#internation	32
W0804 23:10:34.447872 24171 pagerankX.cc:212] eta 0 Fid 15	#internation	32
W0804 23:10:34.551861 17028 pagerankX.cc:212] eta 0 Fid 12	#internation	32
W0804 23:10:34.672992  5085 pagerankX.cc:212] eta 0 Fid 16	#internation	32
W0804 23:10:35.002149 30433 pagerankX.cc:212] eta 0 Fid 22	#internation	32
W0804 23:10:35.262217  7970 pagerankX.cc:212] eta 0 Fid 18	#internation	32
W0804 23:10:35.175034 15709 pagerankX.cc:212] eta 0 Fid 21	#internation	32
W0804 23:10:35.262347 15453 pagerankX.cc:212] eta 0 Fid 17	#internation	32
W0804 23:10:35.327054 24171 pagerankX.cc:212] eta 0 Fid 23	#internation	32
W0804 23:10:35.333209 26257 pagerankX.cc:212] eta 0 Fid 19	#internation	32
W0804 23:10:35.472196 30433 pagerankX.cc:212] eta 0 Fid 30	#internation	32
W0804 23:10:35.483258 17028 pagerankX.cc:212] eta 0 Fid 20	#internation	32
W0804 23:10:35.490643  5085 pagerankX.cc:212] eta 0 Fid 24	#internation	32
W0804 23:10:36.169488  7970 pagerankX.cc:212] eta 0 Fid 26	#internation	32
W0804 23:10:36.150365 15453 pagerankX.cc:212] eta 0 Fid 25	#internation	32
W0804 23:10:36.104390 15709 pagerankX.cc:212] eta 0 Fid 29	#internation	32
W0804 23:10:36.179069 24171 pagerankX.cc:212] eta 0 Fid 31	#internation	32
W0804 23:10:36.330785 30433 pagerankX.cc:212] eta 0 Fid 38	#internation	32
W0804 23:10:36.302497 26257 pagerankX.cc:212] eta 0 Fid 27	#internation	32
W0804 23:10:36.415468 17028 pagerankX.cc:212] eta 0 Fid 28	#internation	32
W0804 23:10:36.421466  5085 pagerankX.cc:212] eta 0 Fid 32	#internation	32
W0804 23:10:36.630112  7970 pagerankX.cc:212] eta 0 Fid 34	#internation	32
W0804 23:10:36.679745 15709 pagerankX.cc:212] eta 0 Fid 37	#internation	32
W0804 23:10:37.037035 15453 pagerankX.cc:212] eta 0 Fid 33	#internation	32
W0804 23:10:37.091719 24171 pagerankX.cc:212] eta 0 Fid 39	#internation	32
W0804 23:10:37.202879 30433 pagerankX.cc:212] eta 0 Fid 46	#internation	32
W0804 23:10:37.118891  5085 pagerankX.cc:212] eta 0 Fid 40	#internation	32
W0804 23:10:37.165138 15709 pagerankX.cc:212] eta 0 Fid 45	#internation	32
W0804 23:10:37.351608 17028 pagerankX.cc:212] eta 0 Fid 36	#internation	32
W0804 23:10:37.286734 26257 pagerankX.cc:212] eta 0 Fid 35	#internation	32
W0804 23:10:37.530247  7970 pagerankX.cc:212] eta 0 Fid 42	#internation	32
W0804 23:10:37.557495 15709 pagerankX.cc:212] eta 0 Fid 53	#internation	32
W0804 23:10:38.001102  7970 pagerankX.cc:212] eta 0 Fid 50	#internation	32
W0804 23:10:37.935511 15453 pagerankX.cc:212] eta 0 Fid 41	#internation	32
W0804 23:10:38.007515 30433 pagerankX.cc:212] eta 0 Fid 54	#internation	32
W0804 23:10:38.006356 24171 pagerankX.cc:212] eta 0 Fid 47	#internation	32
W0804 23:10:38.045583  5085 pagerankX.cc:212] eta 0 Fid 48	#internation	32
W0804 23:10:38.097291 26257 pagerankX.cc:212] eta 0 Fid 43	#internation	32
W0804 23:10:38.291004 17028 pagerankX.cc:212] eta 0 Fid 44	#internation	32
W0804 23:10:38.389509 15709 pagerankX.cc:212] eta 0 Fid 61	#internation	32
W0804 23:10:38.807247 15453 pagerankX.cc:212] eta 0 Fid 49	#internation	32
W0804 23:10:38.899168  7970 pagerankX.cc:212] eta 0 Fid 58	#internation	31
W0804 23:10:38.886384 30433 pagerankX.cc:212] eta 0 Fid 62	#internation	32
W0804 23:10:38.915297 24171 pagerankX.cc:212] eta 0 Fid 55	#internation	32
W0804 23:10:38.972151  5085 pagerankX.cc:212] eta 0 Fid 56	#internation	32
W0804 23:10:39.058717 26257 pagerankX.cc:212] eta 0 Fid 51	#internation	32
W0804 23:10:39.232300 17028 pagerankX.cc:212] eta 0 Fid 52	#internation	32
W0804 23:10:39.618600 26257 pagerankX.cc:212] eta 0 Fid 59	#internation	32
W0804 23:10:39.708241 15453 pagerankX.cc:212] eta 0 Fid 57	#internation	32
W0804 23:10:39.840951 24171 pagerankX.cc:212] eta 0 Fid 63	#internation	32
W0804 23:10:40.159186 17028 pagerankX.cc:212] eta 0 Fid 60	#internation	32
I0804 23:10:40.133833 31062 metric.cc:219] -------------------------------------------------
I0804 23:10:40.133863 31062 metric.cc:220] algorithm:           pagerank
I0804 23:10:40.133883 31062 metric.cc:221] dataset-vfile:       /BIGDATA1/buaa_wffan_1/grape-data/dbpedia/evr/dbpedia.v
I0804 23:10:40.133893 31062 metric.cc:222] dataset-efile:       /BIGDATA1/buaa_wffan_1/grape-data/dbpedia/evr/dbpedia.e
I0804 23:10:40.133896 31062 metric.cc:223] partition-num:       64
I0804 23:10:40.133901 31062 metric.cc:224] query-info:          file:/BIGDATA1/buaa_wffan_1/lidongze/code/grape/cpp/build/query/pagerank_feature/query-bsp
I0804 23:10:40.133904 31062 metric.cc:225] graph-load-time(s):  0.489486
I0804 23:10:40.133941 31062 metric.cc:226] grape-total-time(s): 0.574956
I0804 23:10:40.133947 31062 metric.cc:227] max-thread-time(s):  0.511431
I0804 23:10:40.133954 31062 metric.cc:228] min-thread-time(s):  0.0491757
