I0804 23:10:03.209684 30953 util.cc:56] "query-bsp"
I0804 23:10:03.165688 26209 worker.cc:155] tid-0 access Cool
I0804 23:10:03.165712 26213 worker.cc:155] tid-4 access Cool
I0804 23:10:03.295538  7918 worker.cc:155] tid-0 access Cool
I0804 23:10:03.139125 15660 worker.cc:155] tid-3 access Cool
I0804 23:10:03.139125 15658 worker.cc:155] tid-1 access Cool
I0804 23:10:03.139129 15657 worker.cc:155] tid-0 access Cool
I0804 23:10:03.127346  5024 worker.cc:155] tid-1 access Cool
I0804 23:10:03.225210 15405 worker.cc:155] tid-4 access Cool
I0804 23:10:03.225188 15401 worker.cc:155] tid-0 access Cool
I0804 23:10:03.241039 12349 worker.cc:155] tid-4 access Cool
I0804 23:10:03.241148 12348 worker.cc:155] tid-3 access Cool
I0804 23:10:03.176342 24123 worker.cc:155] tid-0 access Cool
I0804 23:10:03.243297 30390 worker.cc:155] tid-5 access Cool
I0804 23:10:03.243211 30386 worker.cc:155] tid-1 access Cool
I0804 23:10:03.210522 30953 worker.cc:238] The query absolute path is /BIGDATA1/buaa_wffan_1/lidongze/code/grape/cpp/build/query/pagerank_feature/query-bsp
I0804 23:10:03.212332 30953 worker.cc:244] query detail: 
I0804 23:10:03.212347 30953 query.cc:81] terminate = 0
I0804 23:10:03.212374 30953 query.cc:82] bound = 0
I0804 23:10:03.212383 30953 query.cc:83] root = 0
I0804 23:10:03.212389 30953 query.cc:84] lower_bound_ = 0
I0804 23:10:03.212409 30953 query.cc:85] upper_bound_ = 50
I0804 23:10:03.212412 30953 query.cc:86] ttl_ = 100000
I0804 23:10:03.214431 30953 query.cc:87] sampling_pattern = 
I0804 23:10:03.214437 30953 worker.cc:249] query_info=file:/BIGDATA1/buaa_wffan_1/lidongze/code/grape/cpp/build/query/pagerank_feature/query-bsp
I0804 23:10:03.214601 30953 worker.cc:35] Enter coordinator loop
I0804 23:10:03.165926 26216 worker.cc:155] tid-7 access Cool
I0804 23:10:03.165798 26214 worker.cc:155] tid-5 access Cool
I0804 23:10:03.165793 26211 worker.cc:155] tid-2 access Cool
I0804 23:10:03.165693 26212 worker.cc:155] tid-3 access Cool
I0804 23:10:03.165689 26210 worker.cc:155] tid-1 access Cool
I0804 23:10:03.165853 26215 worker.cc:155] tid-6 access Cool
I0804 23:10:03.165894 26204 worker.cc:49] Enter worker loop, task num is 8
I0804 23:10:03.200233 26213 pagerankX.cc:154] TrainLog: fid-35;0.004384;84224;38995;123219;519041;36047;
I0804 23:10:03.203094 26210 pagerankX.cc:154] TrainLog: fid-11;0.007239;84209;49763;133972;603967;34784;
I0804 23:10:03.203411 26215 pagerankX.cc:154] TrainLog: fid-51;0.007564;84173;57027;141200;1008130;46972;
I0804 23:10:03.205468 26209 pagerankX.cc:154] TrainLog: fid-3;0.009627;68069;139816;207885;822157;103030;
I0804 23:10:03.127550  5029 worker.cc:155] tid-6 access Cool
I0804 23:10:03.295555  7922 worker.cc:155] tid-4 access Cool
I0804 23:10:03.176440 24129 worker.cc:155] tid-6 access Cool
I0804 23:10:03.127351  5023 worker.cc:155] tid-0 access Cool
I0804 23:10:03.225344 15407 worker.cc:155] tid-6 access Cool
I0804 23:10:03.225234 15406 worker.cc:155] tid-5 access Cool
I0804 23:10:03.295557  7923 worker.cc:155] tid-5 access Cool
I0804 23:10:03.295541  7921 worker.cc:155] tid-3 access Cool
I0804 23:10:03.241154 12345 worker.cc:155] tid-0 access Cool
I0804 23:10:03.243213 30385 worker.cc:155] tid-0 access Cool
I0804 23:10:03.176337 24124 worker.cc:155] tid-1 access Cool
I0804 23:10:03.139140 15661 worker.cc:155] tid-4 access Cool
I0804 23:10:03.127522  5028 worker.cc:155] tid-5 access Cool
I0804 23:10:03.225330 15402 worker.cc:155] tid-1 access Cool
I0804 23:10:03.225384 15408 worker.cc:155] tid-7 access Cool
I0804 23:10:03.295538  7919 worker.cc:155] tid-1 access Cool
I0804 23:10:03.241039 12347 worker.cc:155] tid-2 access Cool
I0804 23:10:03.243338 30391 worker.cc:155] tid-6 access Cool
I0804 23:10:03.176342 24127 worker.cc:155] tid-4 access Cool
I0804 23:10:03.139173 15662 worker.cc:155] tid-5 access Cool
I0804 23:10:03.127573  5018 worker.cc:49] Enter worker loop, task num is 8
I0804 23:10:03.225195 15404 worker.cc:155] tid-3 access Cool
I0804 23:10:03.295642  7920 worker.cc:155] tid-2 access Cool
I0804 23:10:03.295647  7924 worker.cc:155] tid-6 access Cool
I0804 23:10:03.295696  7925 worker.cc:155] tid-7 access Cool
I0804 23:10:03.241039 12346 worker.cc:155] tid-1 access Cool
I0804 23:10:03.243214 30389 worker.cc:155] tid-4 access Cool
I0804 23:10:03.176352 24128 worker.cc:155] tid-5 access Cool
I0804 23:10:03.176435 24125 worker.cc:155] tid-2 access Cool
I0804 23:10:03.139214 15663 worker.cc:155] tid-6 access Cool
I0804 23:10:03.127499  5026 worker.cc:155] tid-3 access Cool
I0804 23:10:03.225383 15396 worker.cc:49] Enter worker loop, task num is 8
I0804 23:10:03.295696  7913 worker.cc:49] Enter worker loop, task num is 8
I0804 23:10:03.241158 12350 worker.cc:155] tid-5 access Cool
I0804 23:10:03.241204 12351 worker.cc:155] tid-6 access Cool
I0804 23:10:03.243383 30380 worker.cc:49] Enter worker loop, task num is 8
I0804 23:10:03.176440 24126 worker.cc:155] tid-3 access Cool
I0804 23:10:03.139228 15659 worker.cc:155] tid-2 access Cool
I0804 23:10:03.139250 15664 worker.cc:155] tid-7 access Cool
I0804 23:10:03.127503  5025 worker.cc:155] tid-2 access Cool
I0804 23:10:03.127573  5030 worker.cc:155] tid-7 access Cool
I0804 23:10:03.225188 15403 worker.cc:155] tid-2 access Cool
I0804 23:10:03.322736  7918 pagerankX.cc:154] TrainLog: fid-2;0.003512;69979;40833;110812;422723;31649;
I0804 23:10:03.241235 12340 worker.cc:49] Enter worker loop, task num is 8
I0804 23:10:03.243211 30388 worker.cc:155] tid-3 access Cool
I0804 23:10:03.176481 24130 worker.cc:155] tid-7 access Cool
I0804 23:10:03.139248 15652 worker.cc:49] Enter worker loop, task num is 8
I0804 23:10:03.127348  5027 worker.cc:155] tid-4 access Cool
I0804 23:10:03.258950 15402 pagerankX.cc:154] TrainLog: fid-9;0.004317;76669;46183;122852;575334;31880;
I0804 23:10:03.322367  7922 pagerankX.cc:154] TrainLog: fid-34;0.002575;43513;40170;83683;240401;35315;
I0804 23:10:03.241235 12352 worker.cc:155] tid-7 access Cool
I0804 23:10:03.243384 30392 worker.cc:155] tid-7 access Cool
I0804 23:10:03.176479 24118 worker.cc:49] Enter worker loop, task num is 8
I0804 23:10:03.166290 15658 pagerankX.cc:154] TrainLog: fid-13;0.003301;68278;32673;100951;393419;25924;
I0804 23:10:03.156522  5026 pagerankX.cc:154] TrainLog: fid-24;0.003239;74218;30016;104234;388307;30789;
I0804 23:10:03.158349  5028 pagerankX.cc:154] TrainLog: fid-40;0.003959;64637;46682;111319;414539;39730;
I0804 23:10:03.261523 15408 pagerankX.cc:154] TrainLog: fid-57;0.006893;84220;45516;129736;502410;37223;
I0804 23:10:03.320917  7924 pagerankX.cc:154] TrainLog: fid-50;0.001667;44761;17980;62741;140738;22341;
I0804 23:10:03.323534  7920 pagerankX.cc:154] TrainLog: fid-18;0.004301;84232;44109;128341;452219;38383;
I0804 23:10:03.275635 12346 pagerankX.cc:154] TrainLog: fid-12;0.006186;84224;74677;158901;764938;69591;
I0804 23:10:03.273300 12351 pagerankX.cc:154] TrainLog: fid-52;0.004455;84223;43351;127574;531617;37955;
I0804 23:10:03.243290 30387 worker.cc:155] tid-2 access Cool
I0804 23:10:03.207623 24125 pagerankX.cc:154] TrainLog: fid-23;0.00417;80147;46526;126673;562692;41853;
I0804 23:10:03.166620 15662 pagerankX.cc:154] TrainLog: fid-45;0.00363;44749;55812;100561;360972;48124;
I0804 23:10:03.166904 15661 pagerankX.cc:154] TrainLog: fid-37;0.003916;52649;45677;98326;490241;32973;
I0804 23:10:03.160194  5025 pagerankX.cc:154] TrainLog: fid-16;0.006919;53384;64307;117691;392595;51307;
I0804 23:10:03.261914 15404 pagerankX.cc:154] TrainLog: fid-25;0.007293;84209;79914;164123;900372;99538;
I0804 23:10:03.323887  7921 pagerankX.cc:154] TrainLog: fid-26;0.00466;84214;45118;129332;537092;46668;
I0804 23:10:03.275892 12352 pagerankX.cc:154] TrainLog: fid-60;0.007061;84225;52407;136632;625507;56286;
I0804 23:10:03.270603 30385 pagerankX.cc:154] TrainLog: fid-6;0.003288;84178;32504;116682;413169;33868;
I0804 23:10:03.207298 24123 pagerankX.cc:154] TrainLog: fid-7;0.003843;84223;38822;123045;513729;35811;
I0804 23:10:03.166158 15663 pagerankX.cc:154] TrainLog: fid-53;0.003152;35841;50712;86553;304089;38242;
I0804 23:10:03.160938  5023 pagerankX.cc:154] TrainLog: fid-0;0.007663;84225;71443;155668;785132;89096;
I0804 23:10:03.263259 15406 pagerankX.cc:154] TrainLog: fid-41;0.008639;84226;79146;163372;1001615;76071;
I0804 23:10:03.326086  7925 pagerankX.cc:154] TrainLog: fid-58;0.006845;84228;62210;146438;925592;92293;
I0804 23:10:03.276957 12347 pagerankX.cc:154] TrainLog: fid-20;0.008104;83946;70759;154705;746281;56270;
I0804 23:10:03.270874 30387 pagerankX.cc:154] TrainLog: fid-22;0.003562;57648;49984;107632;404607;44745;
I0804 23:10:03.207427 24130 pagerankX.cc:154] TrainLog: fid-63;0.003964;84227;27786;112013;618695;23490;
I0804 23:10:03.168190 15664 pagerankX.cc:154] TrainLog: fid-61;0.005203;76057;60896;136953;610582;63159;
I0804 23:10:03.162169  5030 pagerankX.cc:154] TrainLog: fid-56;0.00888;84214;65462;149676;715618;62256;
I0804 23:10:03.263432 15403 pagerankX.cc:154] TrainLog: fid-17;0.008812;82581;91642;174223;833694;98186;
I0804 23:10:03.329282  7923 pagerankX.cc:154] TrainLog: fid-42;0.010055;84202;107090;191292;1563104;107760;
I0804 23:10:03.277029 12350 pagerankX.cc:154] TrainLog: fid-44;0.008197;84216;64837;149053;921325;64494;
I0804 23:10:03.271185 30389 pagerankX.cc:154] TrainLog: fid-38;0.003872;84191;43668;127859;503551;33629;
I0804 23:10:03.211426 24126 pagerankX.cc:154] TrainLog: fid-31;0.007966;79043;74777;153820;1083119;60463;
I0804 23:10:03.169800 15659 pagerankX.cc:154] TrainLog: fid-21;0.006811;84215;59114;143329;881595;75494;
I0804 23:10:03.162369  5029 pagerankX.cc:154] TrainLog: fid-48;0.009093;84200;95125;179325;936805;106898;
I0804 23:10:03.263924 15405 pagerankX.cc:154] TrainLog: fid-33;0.009304;84218;93584;177802;1168862;93824;
I0804 23:10:03.333508  7919 pagerankX.cc:154] TrainLog: fid-10;0.014281;84232;150997;235229;1959471;182642;
I0804 23:10:03.277531 12348 pagerankX.cc:154] TrainLog: fid-28;0.008702;84200;106454;190654;1138857;96045;
I0804 23:10:03.271492 30392 pagerankX.cc:154] TrainLog: fid-62;0.004169;84225;43574;127799;497253;38727;
I0804 23:10:03.211792 24127 pagerankX.cc:154] TrainLog: fid-39;0.008338;84209;80798;165007;1044831;85756;
I0804 23:10:03.170297 15657 pagerankX.cc:154] TrainLog: fid-5;0.007309;84216;63806;148022;729860;46547;
I0804 23:10:03.164177  5024 pagerankX.cc:154] TrainLog: fid-8;0.010898;54520;153783;208303;828179;127385;
I0804 23:10:03.264484 15407 pagerankX.cc:154] TrainLog: fid-49;0.009865;80634;109603;190237;1034819;104239;
I0804 23:10:03.278873 12345 pagerankX.cc:154] TrainLog: fid-4;0.01004;84165;96871;181036;1264647;85563;
I0804 23:10:03.273833 30386 pagerankX.cc:154] TrainLog: fid-14;0.006517;84227;52214;136441;842109;48997;
I0804 23:10:03.212916 24129 pagerankX.cc:154] TrainLog: fid-55;0.00944;84224;111883;196107;1107375;127558;
I0804 23:10:03.176951 15660 pagerankX.cc:154] TrainLog: fid-29;0.013906;84206;174361;258567;1580062;217674;
I0804 23:10:03.164991  5027 pagerankX.cc:154] TrainLog: fid-32;0.011713;84205;123055;207260;1181299;167751;
I0804 23:10:03.279115 12349 pagerankX.cc:154] TrainLog: fid-36;0.010287;84191;103630;187821;1247845;104446;
I0804 23:10:03.274829 30388 pagerankX.cc:154] TrainLog: fid-30;0.007514;45973;96649;142622;673657;64548;
I0804 23:10:03.213416 24128 pagerankX.cc:154] TrainLog: fid-47;0.009961;82029;132537;214566;1139729;125990;
I0804 23:10:03.276094 30390 pagerankX.cc:154] TrainLog: fid-46;0.00878;84224;94833;179057;1212840;97442;
I0804 23:10:03.214448 24124 pagerankX.cc:154] TrainLog: fid-15;0.010994;84222;117070;201292;1413131;143870;
I0804 23:10:03.277765 30391 pagerankX.cc:154] TrainLog: fid-54;0.01045;78067;141682;219749;1066503;107079;
I0804 23:10:03.207559 26216 pagerankX.cc:154] TrainLog: fid-59;0.011714;49107;176971;226078;726698;98237;
I0804 23:10:03.208010 26214 pagerankX.cc:154] TrainLog: fid-43;0.012154;69759;138379;208138;971666;113791;
I0804 23:10:03.269168 15401 pagerankX.cc:154] TrainLog: fid-1;0.014548;84228;185158;269386;1396748;197761;
I0804 23:10:03.211975 26211 pagerankX.cc:154] TrainLog: fid-19;0.016133;84212;155903;240115;2122591;209440;
I0804 23:10:03.213882 26212 pagerankX.cc:154] TrainLog: fid-27;0.018037;84218;193747;277965;2300002;335172;
I0804 23:10:03.346534  7924 pagerankX.cc:154] TrainLog: fid-50;0.001669;44761;17980;62741;140738;22341;
I0804 23:10:03.347363  7922 pagerankX.cc:154] TrainLog: fid-34;0.002497;43513;40170;83683;240401;35315;
I0804 23:10:03.179893  5026 pagerankX.cc:154] TrainLog: fid-24;0.003509;74218;30016;104234;388307;30789;
I0804 23:10:03.348320  7918 pagerankX.cc:154] TrainLog: fid-2;0.003461;69979;40833;110812;422723;31649;
I0804 23:10:03.348505  7920 pagerankX.cc:154] TrainLog: fid-18;0.003647;84232;44109;128341;452219;38383;
I0804 23:10:03.180292  5028 pagerankX.cc:154] TrainLog: fid-40;0.003901;64637;46682;111319;414539;39730;
I0804 23:10:03.192122 15663 pagerankX.cc:154] TrainLog: fid-53;0.00312;35841;50712;86553;304089;38242;
I0804 23:10:03.192219 15658 pagerankX.cc:154] TrainLog: fid-13;0.003223;68278;32673;100951;393419;25924;
I0804 23:10:03.180642  5025 pagerankX.cc:154] TrainLog: fid-16;0.004256;53384;64307;117691;392595;51307;
I0804 23:10:03.278487 15402 pagerankX.cc:154] TrainLog: fid-9;0.004137;76669;46183;122852;575334;31880;
I0804 23:10:03.192536 15662 pagerankX.cc:154] TrainLog: fid-45;0.003532;44749;55812;100561;360972;48124;
I0804 23:10:03.296772 30385 pagerankX.cc:154] TrainLog: fid-6;0.003307;84178;32504;116682;413169;33868;
I0804 23:10:03.192869 15661 pagerankX.cc:154] TrainLog: fid-37;0.003866;52649;45677;98326;490241;32973;
I0804 23:10:03.278838 15408 pagerankX.cc:154] TrainLog: fid-57;0.004463;84220;45516;129736;502410;37223;
I0804 23:10:03.349267  7921 pagerankX.cc:154] TrainLog: fid-26;0.004404;84214;45118;129332;537092;46668;
I0804 23:10:03.294867 12351 pagerankX.cc:154] TrainLog: fid-52;0.004226;84223;43351;127574;531617;37955;
I0804 23:10:03.297185 30387 pagerankX.cc:154] TrainLog: fid-22;0.003701;57648;49984;107632;404607;44745;
I0804 23:10:03.230419 24123 pagerankX.cc:154] TrainLog: fid-7;0.003772;84223;38822;123045;513729;35811;
I0804 23:10:03.297428 30389 pagerankX.cc:154] TrainLog: fid-38;0.003926;84191;43668;127859;503551;33629;
I0804 23:10:03.230612 24130 pagerankX.cc:154] TrainLog: fid-63;0.003943;84227;27786;112013;618695;23490;
I0804 23:10:03.230732 24125 pagerankX.cc:154] TrainLog: fid-23;0.004073;80147;46526;126673;562692;41853;
I0804 23:10:03.220479 26213 pagerankX.cc:154] TrainLog: fid-35;0.004324;84224;38995;123219;519041;36047;
I0804 23:10:03.295886 12352 pagerankX.cc:154] TrainLog: fid-60;0.005249;84225;52407;136632;625507;56286;
I0804 23:10:03.298027 30392 pagerankX.cc:154] TrainLog: fid-62;0.004527;84225;43574;127799;497253;38727;
I0804 23:10:03.182307  5030 pagerankX.cc:154] TrainLog: fid-56;0.005952;84214;65462;149676;715618;62256;
I0804 23:10:03.194232 15664 pagerankX.cc:154] TrainLog: fid-61;0.005215;76057;60896;136953;610582;63159;
I0804 23:10:03.182646  5023 pagerankX.cc:154] TrainLog: fid-0;0.006286;84225;71443;155668;785132;89096;
I0804 23:10:03.194530 15657 pagerankX.cc:154] TrainLog: fid-5;0.005564;84216;63806;148022;729860;46547;
I0804 23:10:03.221163 26210 pagerankX.cc:154] TrainLog: fid-11;0.005046;84209;49763;133972;603967;34784;
I0804 23:10:03.280989 15404 pagerankX.cc:154] TrainLog: fid-25;0.006644;84209;79914;164123;900372;99538;
I0804 23:10:03.296952 12346 pagerankX.cc:154] TrainLog: fid-12;0.006328;84224;74677;158901;764938;69591;
I0804 23:10:03.195138 15659 pagerankX.cc:154] TrainLog: fid-21;0.006169;84215;59114;143329;881595;75494;
I0804 23:10:03.299216 30388 pagerankX.cc:154] TrainLog: fid-30;0.005752;45973;96649;142622;673657;64548;
I0804 23:10:03.351673  7925 pagerankX.cc:154] TrainLog: fid-58;0.006811;84228;62210;146438;925592;92293;
I0804 23:10:03.299420 30386 pagerankX.cc:154] TrainLog: fid-14;0.005941;84227;52214;136441;842109;48997;
I0804 23:10:03.297488 12350 pagerankX.cc:154] TrainLog: fid-44;0.00685;84216;64837;149053;921325;64494;
I0804 23:10:03.281937 15403 pagerankX.cc:154] TrainLog: fid-17;0.007588;82581;91642;174223;833694;98186;
I0804 23:10:03.281991 15406 pagerankX.cc:154] TrainLog: fid-41;0.007635;84226;79146;163372;1001615;76071;
I0804 23:10:03.184265  5029 pagerankX.cc:154] TrainLog: fid-48;0.007912;84200;95125;179325;936805;106898;
I0804 23:10:03.184531  5024 pagerankX.cc:154] TrainLog: fid-8;0.008189;54520;153783;208303;828179;127385;
I0804 23:10:03.233917 24127 pagerankX.cc:154] TrainLog: fid-39;0.007287;84209;80798;165007;1044831;85756;
I0804 23:10:03.223358 26215 pagerankX.cc:154] TrainLog: fid-51;0.007205;84173;57027;141200;1008130;46972;
I0804 23:10:03.283061 15407 pagerankX.cc:154] TrainLog: fid-49;0.008733;80634;109603;190237;1034819;104239;
I0804 23:10:03.298960 12347 pagerankX.cc:154] TrainLog: fid-20;0.008364;83946;70759;154705;746281;56270;
I0804 23:10:03.234369 24126 pagerankX.cc:154] TrainLog: fid-31;0.007742;79043;74777;153820;1083119;60463;
I0804 23:10:03.299196 12348 pagerankX.cc:154] TrainLog: fid-28;0.008562;84200;106454;190654;1138857;96045;
I0804 23:10:03.301828 30390 pagerankX.cc:154] TrainLog: fid-46;0.008334;84224;94833;179057;1212840;97442;
I0804 23:10:03.283898 15405 pagerankX.cc:154] TrainLog: fid-33;0.009542;84218;93584;177802;1168862;93824;
I0804 23:10:03.299922 12349 pagerankX.cc:154] TrainLog: fid-36;0.009325;84191;103630;187821;1247845;104446;
I0804 23:10:03.224740 26209 pagerankX.cc:154] TrainLog: fid-3;0.008631;68069;139816;207885;822157;103030;
I0804 23:10:03.354858  7923 pagerankX.cc:154] TrainLog: fid-42;0.009998;84202;107090;191292;1563104;107760;
I0804 23:10:03.302534 30391 pagerankX.cc:154] TrainLog: fid-54;0.009077;78067;141682;219749;1066503;107079;
I0804 23:10:03.300426 12345 pagerankX.cc:154] TrainLog: fid-4;0.009835;84165;96871;181036;1264647;85563;
I0804 23:10:03.225334 26214 pagerankX.cc:154] TrainLog: fid-43;0.0092;69759;138379;208138;971666;113791;
I0804 23:10:03.236292 24129 pagerankX.cc:154] TrainLog: fid-55;0.009628;84224;111883;196107;1107375;127558;
I0804 23:10:03.187355  5027 pagerankX.cc:154] TrainLog: fid-32;0.011004;84205;123055;207260;1181299;167751;
I0804 23:10:03.236730 24128 pagerankX.cc:154] TrainLog: fid-47;0.010077;82029;132537;214566;1139729;125990;
I0804 23:10:03.226387 26216 pagerankX.cc:154] TrainLog: fid-59;0.010268;49107;176971;226078;726698;98237;
I0804 23:10:03.237119 24124 pagerankX.cc:154] TrainLog: fid-15;0.01047;84222;117070;201292;1413131;143870;
I0804 23:10:03.288028 15401 pagerankX.cc:154] TrainLog: fid-1;0.013687;84228;185158;269386;1396748;197761;
I0804 23:10:03.202277 15660 pagerankX.cc:154] TrainLog: fid-29;0.013278;84206;174361;258567;1580062;217674;
I0804 23:10:03.359400  7919 pagerankX.cc:154] TrainLog: fid-10;0.014556;84232;150997;235229;1959471;182642;
I0804 23:10:03.232065 26211 pagerankX.cc:154] TrainLog: fid-19;0.015934;84212;155903;240115;2122591;209440;
I0804 23:10:03.233584 26212 pagerankX.cc:154] TrainLog: fid-27;0.017473;84218;193747;277965;2300002;335172;
I0804 23:10:03.366019  7924 pagerankX.cc:154] TrainLog: fid-50;0.001663;44761;17980;62741;140738;22341;
I0804 23:10:03.366798  7922 pagerankX.cc:154] TrainLog: fid-34;0.002441;43513;40170;83683;240401;35315;
I0804 23:10:03.199290  5026 pagerankX.cc:154] TrainLog: fid-24;0.003144;74218;30016;104234;388307;30789;
I0804 23:10:03.211293 15663 pagerankX.cc:154] TrainLog: fid-53;0.003086;35841;50712;86553;304089;38242;
I0804 23:10:03.211361 15658 pagerankX.cc:154] TrainLog: fid-13;0.00317;68278;32673;100951;393419;25924;
I0804 23:10:03.367802  7918 pagerankX.cc:154] TrainLog: fid-2;0.003458;69979;40833;110812;422723;31649;
I0804 23:10:03.367985  7920 pagerankX.cc:154] TrainLog: fid-18;0.003638;84232;44109;128341;452219;38383;
I0804 23:10:03.199909  5028 pagerankX.cc:154] TrainLog: fid-40;0.003767;64637;46682;111319;414539;39730;
I0804 23:10:03.211737 15662 pagerankX.cc:154] TrainLog: fid-45;0.003527;44749;55812;100561;360972;48124;
I0804 23:10:03.315870 30385 pagerankX.cc:154] TrainLog: fid-6;0.00333;84178;32504;116682;413169;33868;
I0804 23:10:03.297932 15402 pagerankX.cc:154] TrainLog: fid-9;0.003994;76669;46183;122852;575334;31880;
I0804 23:10:03.212028 15661 pagerankX.cc:154] TrainLog: fid-37;0.00382;52649;45677;98326;490241;32973;
I0804 23:10:03.200337  5025 pagerankX.cc:154] TrainLog: fid-16;0.004234;53384;64307;117691;392595;51307;
I0804 23:10:03.249357 24123 pagerankX.cc:154] TrainLog: fid-7;0.003778;84223;38822;123045;513729;35811;
I0804 23:10:03.368669  7921 pagerankX.cc:154] TrainLog: fid-26;0.004329;84214;45118;129332;537092;46668;
I0804 23:10:03.298336 15408 pagerankX.cc:154] TrainLog: fid-57;0.004381;84220;45516;129736;502410;37223;
I0804 23:10:03.249522 24130 pagerankX.cc:154] TrainLog: fid-63;0.003937;84227;27786;112013;618695;23490;
I0804 23:10:03.316527 30387 pagerankX.cc:154] TrainLog: fid-22;0.003981;57648;49984;107632;404607;44745;
I0804 23:10:03.316563 30392 pagerankX.cc:154] TrainLog: fid-62;0.004029;84225;43574;127799;497253;38727;
I0804 23:10:03.316644 30389 pagerankX.cc:154] TrainLog: fid-38;0.004016;84191;43668;127859;503551;33629;
I0804 23:10:03.249734 24125 pagerankX.cc:154] TrainLog: fid-23;0.004156;80147;46526;126673;562692;41853;
I0804 23:10:03.314404 12351 pagerankX.cc:154] TrainLog: fid-52;0.00422;84223;43351;127574;531617;37955;
I0804 23:10:03.239214 26213 pagerankX.cc:154] TrainLog: fid-35;0.004314;84224;38995;123219;519041;36047;
I0804 23:10:03.239817 26210 pagerankX.cc:154] TrainLog: fid-11;0.004924;84209;49763;133972;603967;34784;
I0804 23:10:03.213390 15664 pagerankX.cc:154] TrainLog: fid-61;0.005167;76057;60896;136953;610582;63159;
I0804 23:10:03.315349 12352 pagerankX.cc:154] TrainLog: fid-60;0.005167;84225;52407;136632;625507;56286;
I0804 23:10:03.201876  5030 pagerankX.cc:154] TrainLog: fid-56;0.005735;84214;65462;149676;715618;62256;
I0804 23:10:03.213804 15657 pagerankX.cc:154] TrainLog: fid-5;0.005593;84216;63806;148022;729860;46547;
I0804 23:10:03.318305 30386 pagerankX.cc:154] TrainLog: fid-14;0.005766;84227;52214;136441;842109;48997;
I0804 23:10:03.316151 12347 pagerankX.cc:154] TrainLog: fid-20;0.005984;83946;70759;154705;746281;56270;
I0804 23:10:03.318373 30388 pagerankX.cc:154] TrainLog: fid-30;0.005819;45973;96649;142622;673657;64548;
I0804 23:10:03.214311 15659 pagerankX.cc:154] TrainLog: fid-21;0.006104;84215;59114;143329;881595;75494;
I0804 23:10:03.202541  5023 pagerankX.cc:154] TrainLog: fid-0;0.006417;84225;71443;155668;785132;89096;
I0804 23:10:03.300421 15404 pagerankX.cc:154] TrainLog: fid-25;0.006486;84209;79914;164123;900372;99538;
I0804 23:10:03.316429 12346 pagerankX.cc:154] TrainLog: fid-12;0.006263;84224;74677;158901;764938;69591;
I0804 23:10:03.316642 12350 pagerankX.cc:154] TrainLog: fid-44;0.006495;84216;64837;149053;921325;64494;
I0804 23:10:03.371238  7925 pagerankX.cc:154] TrainLog: fid-58;0.006882;84228;62210;146438;925592;92293;
I0804 23:10:03.301566 15403 pagerankX.cc:154] TrainLog: fid-17;0.007611;82581;91642;174223;833694;98186;
I0804 23:10:03.242137 26215 pagerankX.cc:154] TrainLog: fid-51;0.007237;84173;57027;141200;1008130;46972;
I0804 23:10:03.301625 15406 pagerankX.cc:154] TrainLog: fid-41;0.007673;84226;79146;163372;1001615;76071;
I0804 23:10:03.252892 24127 pagerankX.cc:154] TrainLog: fid-39;0.007314;84209;80798;165007;1044831;85756;
I0804 23:10:03.204007  5029 pagerankX.cc:154] TrainLog: fid-48;0.007867;84200;95125;179325;936805;106898;
I0804 23:10:03.204294  5024 pagerankX.cc:154] TrainLog: fid-8;0.008168;54520;153783;208303;828179;127385;
I0804 23:10:03.253382 24126 pagerankX.cc:154] TrainLog: fid-31;0.007785;79043;74777;153820;1083119;60463;
I0804 23:10:03.302525 15407 pagerankX.cc:154] TrainLog: fid-49;0.008609;80634;109603;190237;1034819;104239;
I0804 23:10:03.318547 12348 pagerankX.cc:154] TrainLog: fid-28;0.008383;84200;106454;190654;1138857;96045;
I0804 23:10:03.243274 26209 pagerankX.cc:154] TrainLog: fid-3;0.008397;68069;139816;207885;822157;103030;
I0804 23:10:03.320879 30390 pagerankX.cc:154] TrainLog: fid-46;0.008322;84224;94833;179057;1212840;97442;
I0804 23:10:03.302903 15405 pagerankX.cc:154] TrainLog: fid-33;0.00899;84218;93584;177802;1168862;93824;
I0804 23:10:03.319201 12349 pagerankX.cc:154] TrainLog: fid-36;0.009035;84191;103630;187821;1247845;104446;
I0804 23:10:03.243897 26214 pagerankX.cc:154] TrainLog: fid-43;0.009033;69759;138379;208138;971666;113791;
I0804 23:10:03.254613 24129 pagerankX.cc:154] TrainLog: fid-55;0.009065;84224;111883;196107;1107375;127558;
I0804 23:10:03.319442 12345 pagerankX.cc:154] TrainLog: fid-4;0.009301;84165;96871;181036;1264647;85563;
I0804 23:10:03.321715 30391 pagerankX.cc:154] TrainLog: fid-54;0.009159;78067;141682;219749;1066503;107079;
I0804 23:10:03.244274 26216 pagerankX.cc:154] TrainLog: fid-59;0.009409;49107;176971;226078;726698;98237;
I0804 23:10:03.374466  7923 pagerankX.cc:154] TrainLog: fid-42;0.010114;84202;107090;191292;1563104;107760;
I0804 23:10:03.206403  5027 pagerankX.cc:154] TrainLog: fid-32;0.010274;84205;123055;207260;1181299;167751;
I0804 23:10:03.255568 24128 pagerankX.cc:154] TrainLog: fid-47;0.010023;82029;132537;214566;1139729;125990;
I0804 23:10:03.255689 24124 pagerankX.cc:154] TrainLog: fid-15;0.010125;84222;117070;201292;1413131;143870;
I0804 23:10:03.307163 15401 pagerankX.cc:154] TrainLog: fid-1;0.013228;84228;185158;269386;1396748;197761;
I0804 23:10:03.221282 15660 pagerankX.cc:154] TrainLog: fid-29;0.013076;84206;174361;258567;1580062;217674;
I0804 23:10:03.378509  7919 pagerankX.cc:154] TrainLog: fid-10;0.01417;84232;150997;235229;1959471;182642;
I0804 23:10:03.250772 26211 pagerankX.cc:154] TrainLog: fid-19;0.015874;84212;155903;240115;2122591;209440;
I0804 23:10:03.252449 26212 pagerankX.cc:154] TrainLog: fid-27;0.017575;84218;193747;277965;2300002;335172;
I0804 23:10:03.384500  7924 pagerankX.cc:154] TrainLog: fid-50;0.001677;44761;17980;62741;140738;22341;
I0804 23:10:03.385262  7922 pagerankX.cc:154] TrainLog: fid-34;0.002443;43513;40170;83683;240401;35315;
I0804 23:10:03.217561  5026 pagerankX.cc:154] TrainLog: fid-24;0.003075;74218;30016;104234;388307;30789;
I0804 23:10:03.229740 15658 pagerankX.cc:154] TrainLog: fid-13;0.003135;68278;32673;100951;393419;25924;
I0804 23:10:03.229787 15663 pagerankX.cc:154] TrainLog: fid-53;0.003155;35841;50712;86553;304089;38242;
I0804 23:10:03.386277  7918 pagerankX.cc:154] TrainLog: fid-2;0.003458;69979;40833;110812;422723;31649;
I0804 23:10:03.386440  7920 pagerankX.cc:154] TrainLog: fid-18;0.003623;84232;44109;128341;452219;38383;
I0804 23:10:03.218286  5028 pagerankX.cc:154] TrainLog: fid-40;0.003788;64637;46682;111319;414539;39730;
I0804 23:10:03.334224 30385 pagerankX.cc:154] TrainLog: fid-6;0.003332;84178;32504;116682;413169;33868;
I0804 23:10:03.230144 15662 pagerankX.cc:154] TrainLog: fid-45;0.003509;44749;55812;100561;360972;48124;
I0804 23:10:03.334349 30387 pagerankX.cc:154] TrainLog: fid-22;0.003444;57648;49984;107632;404607;44745;
I0804 23:10:03.316349 15402 pagerankX.cc:154] TrainLog: fid-9;0.003949;76669;46183;122852;575334;31880;
I0804 23:10:03.218709  5025 pagerankX.cc:154] TrainLog: fid-16;0.004211;53384;64307;117691;392595;51307;
I0804 23:10:03.230497 15661 pagerankX.cc:154] TrainLog: fid-37;0.003879;52649;45677;98326;490241;32973;
I0804 23:10:03.267748 24123 pagerankX.cc:154] TrainLog: fid-7;0.003778;84223;38822;123045;513729;35811;
I0804 23:10:03.334796 30389 pagerankX.cc:154] TrainLog: fid-38;0.00389;84191;43668;127859;503551;33629;
I0804 23:10:03.387105  7921 pagerankX.cc:154] TrainLog: fid-26;0.0043;84214;45118;129332;537092;46668;
I0804 23:10:03.267906 24130 pagerankX.cc:154] TrainLog: fid-63;0.003916;84227;27786;112013;618695;23490;
I0804 23:10:03.268026 24125 pagerankX.cc:154] TrainLog: fid-23;0.004044;80147;46526;126673;562692;41853;
I0804 23:10:03.316828 15408 pagerankX.cc:154] TrainLog: fid-57;0.004411;84220;45516;129736;502410;37223;
I0804 23:10:03.334906 30392 pagerankX.cc:154] TrainLog: fid-62;0.003993;84225;43574;127799;497253;38727;
I0804 23:10:03.332785 12351 pagerankX.cc:154] TrainLog: fid-52;0.004217;84223;43351;127574;531617;37955;
I0804 23:10:03.257549 26213 pagerankX.cc:154] TrainLog: fid-35;0.004262;84224;38995;123219;519041;36047;
I0804 23:10:03.258185 26210 pagerankX.cc:154] TrainLog: fid-11;0.004911;84209;49763;133972;603967;34784;
I0804 23:10:03.231779 15664 pagerankX.cc:154] TrainLog: fid-61;0.005146;76057;60896;136953;610582;63159;
I0804 23:10:03.333755 12352 pagerankX.cc:154] TrainLog: fid-60;0.005157;84225;52407;136632;625507;56286;
I0804 23:10:03.220125  5030 pagerankX.cc:154] TrainLog: fid-56;0.005629;84214;65462;149676;715618;62256;
I0804 23:10:03.232350 15657 pagerankX.cc:154] TrainLog: fid-5;0.005731;84216;63806;148022;729860;46547;
I0804 23:10:03.336577 30386 pagerankX.cc:154] TrainLog: fid-14;0.005682;84227;52214;136441;842109;48997;
I0804 23:10:03.336678 30388 pagerankX.cc:154] TrainLog: fid-30;0.00577;45973;96649;142622;673657;64548;
I0804 23:10:03.334561 12347 pagerankX.cc:154] TrainLog: fid-20;0.005964;83946;70759;154705;746281;56270;
I0804 23:10:03.220923  5023 pagerankX.cc:154] TrainLog: fid-0;0.00644;84225;71443;155668;785132;89096;
I0804 23:10:03.334656 12346 pagerankX.cc:154] TrainLog: fid-12;0.006073;84224;74677;158901;764938;69591;
I0804 23:10:03.232808 15659 pagerankX.cc:154] TrainLog: fid-21;0.006191;84215;59114;143329;881595;75494;
I0804 23:10:03.318845 15404 pagerankX.cc:154] TrainLog: fid-25;0.006447;84209;79914;164123;900372;99538;
I0804 23:10:03.335021 12350 pagerankX.cc:154] TrainLog: fid-44;0.006424;84216;64837;149053;921325;64494;
I0804 23:10:03.389550  7925 pagerankX.cc:154] TrainLog: fid-58;0.006719;84228;62210;146438;925592;92293;
I0804 23:10:03.260387 26215 pagerankX.cc:154] TrainLog: fid-51;0.007106;84173;57027;141200;1008130;46972;
I0804 23:10:03.271214 24127 pagerankX.cc:154] TrainLog: fid-39;0.007259;84209;80798;165007;1044831;85756;
I0804 23:10:03.222296  5029 pagerankX.cc:154] TrainLog: fid-48;0.00783;84200;95125;179325;936805;106898;
I0804 23:10:03.222422  5024 pagerankX.cc:154] TrainLog: fid-8;0.007938;54520;153783;208303;828179;127385;
I0804 23:10:03.320219 15403 pagerankX.cc:154] TrainLog: fid-17;0.007797;82581;91642;174223;833694;98186;
I0804 23:10:03.320221 15406 pagerankX.cc:154] TrainLog: fid-41;0.007807;84226;79146;163372;1001615;76071;
I0804 23:10:03.271726 24126 pagerankX.cc:154] TrainLog: fid-31;0.007748;79043;74777;153820;1083119;60463;
I0804 23:10:03.321127 15407 pagerankX.cc:154] TrainLog: fid-49;0.00871;80634;109603;190237;1034819;104239;
I0804 23:10:03.339185 30390 pagerankX.cc:154] TrainLog: fid-46;0.008274;84224;94833;179057;1212840;97442;
I0804 23:10:03.337083 12348 pagerankX.cc:154] TrainLog: fid-28;0.008487;84200;106454;190654;1138857;96045;
I0804 23:10:03.321439 15405 pagerankX.cc:154] TrainLog: fid-33;0.009024;84218;93584;177802;1168862;93824;
I0804 23:10:03.262048 26216 pagerankX.cc:154] TrainLog: fid-59;0.008799;49107;176971;226078;726698;98237;
I0804 23:10:03.272845 24129 pagerankX.cc:154] TrainLog: fid-55;0.008894;84224;111883;196107;1107375;127558;
I0804 23:10:03.337648 12349 pagerankX.cc:154] TrainLog: fid-36;0.009054;84191;103630;187821;1247845;104446;
I0804 23:10:03.337735 12345 pagerankX.cc:154] TrainLog: fid-4;0.009138;84165;96871;181036;1264647;85563;
I0804 23:10:03.339900 30391 pagerankX.cc:154] TrainLog: fid-54;0.009001;78067;141682;219749;1066503;107079;
I0804 23:10:03.262409 26209 pagerankX.cc:154] TrainLog: fid-3;0.009168;68069;139816;207885;822157;103030;
I0804 23:10:03.262420 26214 pagerankX.cc:154] TrainLog: fid-43;0.009138;69759;138379;208138;971666;113791;
I0804 23:10:03.273766 24128 pagerankX.cc:154] TrainLog: fid-47;0.009819;82029;132537;214566;1139729;125990;
I0804 23:10:03.224794  5027 pagerankX.cc:154] TrainLog: fid-32;0.010331;84205;123055;207260;1181299;167751;
I0804 23:10:03.274031 24124 pagerankX.cc:154] TrainLog: fid-15;0.010058;84222;117070;201292;1413131;143870;
I0804 23:10:03.393215  7923 pagerankX.cc:154] TrainLog: fid-42;0.010397;84202;107090;191292;1563104;107760;
I0804 23:10:03.239445 15660 pagerankX.cc:154] TrainLog: fid-29;0.012826;84206;174361;258567;1580062;217674;
I0804 23:10:03.326198 15401 pagerankX.cc:154] TrainLog: fid-1;0.0138;84228;185158;269386;1396748;197761;
I0804 23:10:03.396950  7919 pagerankX.cc:154] TrainLog: fid-10;0.014147;84232;150997;235229;1959471;182642;
I0804 23:10:03.269194 26211 pagerankX.cc:154] TrainLog: fid-19;0.015913;84212;155903;240115;2122591;209440;
I0804 23:10:03.271576 26212 pagerankX.cc:154] TrainLog: fid-27;0.018319;84218;193747;277965;2300002;335172;
I0804 23:10:03.404002  7924 pagerankX.cc:154] TrainLog: fid-50;0.001659;44761;17980;62741;140738;22341;
I0804 23:10:03.404827  7922 pagerankX.cc:154] TrainLog: fid-34;0.002492;43513;40170;83683;240401;35315;
I0804 23:10:03.237064  5026 pagerankX.cc:154] TrainLog: fid-24;0.003032;74218;30016;104234;388307;30789;
I0804 23:10:03.249202 15663 pagerankX.cc:154] TrainLog: fid-53;0.003129;35841;50712;86553;304089;38242;
I0804 23:10:03.249259 15658 pagerankX.cc:154] TrainLog: fid-13;0.003216;68278;32673;100951;393419;25924;
I0804 23:10:03.405781  7918 pagerankX.cc:154] TrainLog: fid-2;0.003448;69979;40833;110812;422723;31649;
I0804 23:10:03.353549 30385 pagerankX.cc:154] TrainLog: fid-6;0.003327;84178;32504;116682;413169;33868;
I0804 23:10:03.353669 30387 pagerankX.cc:154] TrainLog: fid-22;0.003436;57648;49984;107632;404607;44745;
I0804 23:10:03.237771  5028 pagerankX.cc:154] TrainLog: fid-40;0.003726;64637;46682;111319;414539;39730;
I0804 23:10:03.406002  7920 pagerankX.cc:154] TrainLog: fid-18;0.003667;84232;44109;128341;452219;38383;
I0804 23:10:03.249579 15662 pagerankX.cc:154] TrainLog: fid-45;0.003505;44749;55812;100561;360972;48124;
I0804 23:10:03.335914 15402 pagerankX.cc:154] TrainLog: fid-9;0.003964;76669;46183;122852;575334;31880;
I0804 23:10:03.249929 15661 pagerankX.cc:154] TrainLog: fid-37;0.003872;52649;45677;98326;490241;32973;
I0804 23:10:03.354125 30389 pagerankX.cc:154] TrainLog: fid-38;0.00389;84191;43668;127859;503551;33629;
I0804 23:10:03.238267  5025 pagerankX.cc:154] TrainLog: fid-16;0.004222;53384;64307;117691;392595;51307;
I0804 23:10:03.354235 30392 pagerankX.cc:154] TrainLog: fid-62;0.003989;84225;43574;127799;497253;38727;
I0804 23:10:03.287415 24123 pagerankX.cc:154] TrainLog: fid-7;0.003863;84223;38822;123045;513729;35811;
I0804 23:10:03.406728  7921 pagerankX.cc:154] TrainLog: fid-26;0.004394;84214;45118;129332;537092;46668;
I0804 23:10:03.287482 24130 pagerankX.cc:154] TrainLog: fid-63;0.003908;84227;27786;112013;618695;23490;
I0804 23:10:03.336378 15408 pagerankX.cc:154] TrainLog: fid-57;0.00441;84220;45516;129736;502410;37223;
I0804 23:10:03.287597 24125 pagerankX.cc:154] TrainLog: fid-23;0.004034;80147;46526;126673;562692;41853;
I0804 23:10:03.277143 26213 pagerankX.cc:154] TrainLog: fid-35;0.004259;84224;38995;123219;519041;36047;
I0804 23:10:03.352669 12351 pagerankX.cc:154] TrainLog: fid-52;0.004573;84223;43351;127574;531617;37955;
I0804 23:10:03.251215 15664 pagerankX.cc:154] TrainLog: fid-61;0.005143;76057;60896;136953;610582;63159;
I0804 23:10:03.239511  5030 pagerankX.cc:154] TrainLog: fid-56;0.005469;84214;65462;149676;715618;62256;
I0804 23:10:03.353209 12352 pagerankX.cc:154] TrainLog: fid-60;0.00508;84225;52407;136632;625507;56286;
I0804 23:10:03.277827 26210 pagerankX.cc:154] TrainLog: fid-11;0.004954;84209;49763;133972;603967;34784;
I0804 23:10:03.251777 15657 pagerankX.cc:154] TrainLog: fid-5;0.00572;84216;63806;148022;729860;46547;
I0804 23:10:03.355883 30386 pagerankX.cc:154] TrainLog: fid-14;0.005659;84227;52214;136441;842109;48997;
I0804 23:10:03.355988 30388 pagerankX.cc:154] TrainLog: fid-30;0.005748;45973;96649;142622;673657;64548;
I0804 23:10:03.240401  5023 pagerankX.cc:154] TrainLog: fid-0;0.006372;84225;71443;155668;785132;89096;
I0804 23:10:03.354090 12347 pagerankX.cc:154] TrainLog: fid-20;0.005963;83946;70759;154705;746281;56270;
I0804 23:10:03.354157 12346 pagerankX.cc:154] TrainLog: fid-12;0.006043;84224;74677;158901;764938;69591;
I0804 23:10:03.252355 15659 pagerankX.cc:154] TrainLog: fid-21;0.006298;84215;59114;143329;881595;75494;
I0804 23:10:03.338441 15404 pagerankX.cc:154] TrainLog: fid-25;0.006492;84209;79914;164123;900372;99538;
I0804 23:10:03.409075  7925 pagerankX.cc:154] TrainLog: fid-58;0.006741;84228;62210;146438;925592;92293;
I0804 23:10:03.354642 12350 pagerankX.cc:154] TrainLog: fid-44;0.006514;84216;64837;149053;921325;64494;
I0804 23:10:03.339414 15403 pagerankX.cc:154] TrainLog: fid-17;0.007444;82581;91642;174223;833694;98186;
I0804 23:10:03.280082 26215 pagerankX.cc:154] TrainLog: fid-51;0.007198;84173;57027;141200;1008130;46972;
I0804 23:10:03.339654 15406 pagerankX.cc:154] TrainLog: fid-41;0.00769;84226;79146;163372;1001615;76071;
I0804 23:10:03.290792 24127 pagerankX.cc:154] TrainLog: fid-39;0.007261;84209;80798;165007;1044831;85756;
I0804 23:10:03.241909  5029 pagerankX.cc:154] TrainLog: fid-48;0.00786;84200;95125;179325;936805;106898;
I0804 23:10:03.291364 24126 pagerankX.cc:154] TrainLog: fid-31;0.007789;79043;74777;153820;1083119;60463;
I0804 23:10:03.358546 30390 pagerankX.cc:154] TrainLog: fid-46;0.008304;84224;94833;179057;1212840;97442;
I0804 23:10:03.340621 15407 pagerankX.cc:154] TrainLog: fid-49;0.008654;80634;109603;190237;1034819;104239;
I0804 23:10:03.356504 12348 pagerankX.cc:154] TrainLog: fid-28;0.008392;84200;106454;190654;1138857;96045;
I0804 23:10:03.340932 15405 pagerankX.cc:154] TrainLog: fid-33;0.008967;84218;93584;177802;1168862;93824;
I0804 23:10:03.281466 26209 pagerankX.cc:154] TrainLog: fid-3;0.008628;68069;139816;207885;822157;103030;
I0804 23:10:03.281610 26216 pagerankX.cc:154] TrainLog: fid-59;0.008761;49107;176971;226078;726698;98237;
I0804 23:10:03.359289 30391 pagerankX.cc:154] TrainLog: fid-54;0.009048;78067;141682;219749;1066503;107079;
I0804 23:10:03.292495 24129 pagerankX.cc:154] TrainLog: fid-55;0.008925;84224;111883;196107;1107375;127558;
I0804 23:10:03.357463 12349 pagerankX.cc:154] TrainLog: fid-36;0.009338;84191;103630;187821;1247845;104446;
I0804 23:10:03.282251 26214 pagerankX.cc:154] TrainLog: fid-43;0.009404;69759;138379;208138;971666;113791;
I0804 23:10:03.244118  5027 pagerankX.cc:154] TrainLog: fid-32;0.010112;84205;123055;207260;1181299;167751;
I0804 23:10:03.412333  7923 pagerankX.cc:154] TrainLog: fid-42;0.010001;84202;107090;191292;1563104;107760;
I0804 23:10:03.357797 12345 pagerankX.cc:154] TrainLog: fid-4;0.009672;84165;96871;181036;1264647;85563;
I0804 23:10:03.293287 24128 pagerankX.cc:154] TrainLog: fid-47;0.009758;82029;132537;214566;1139729;125990;
I0804 23:10:03.293596 24124 pagerankX.cc:154] TrainLog: fid-15;0.010046;84222;117070;201292;1413131;143870;
I0804 23:10:03.244714  5024 pagerankX.cc:154] TrainLog: fid-8;0.010685;54520;153783;208303;828179;127385;
I0804 23:10:03.345459 15401 pagerankX.cc:154] TrainLog: fid-1;0.013511;84228;185158;269386;1396748;197761;
I0804 23:10:03.259446 15660 pagerankX.cc:154] TrainLog: fid-29;0.013387;84206;174361;258567;1580062;217674;
I0804 23:10:03.416596  7919 pagerankX.cc:154] TrainLog: fid-10;0.014279;84232;150997;235229;1959471;182642;
I0804 23:10:03.288750 26211 pagerankX.cc:154] TrainLog: fid-19;0.015881;84212;155903;240115;2122591;209440;
I0804 23:10:03.291275 26212 pagerankX.cc:154] TrainLog: fid-27;0.018431;84218;193747;277965;2300002;335172;
I0804 23:10:03.423358  7924 pagerankX.cc:154] TrainLog: fid-50;0.001677;44761;17980;62741;140738;22341;
I0804 23:10:03.424160  7922 pagerankX.cc:154] TrainLog: fid-34;0.002487;43513;40170;83683;240401;35315;
I0804 23:10:03.256474  5026 pagerankX.cc:154] TrainLog: fid-24;0.00306;74218;30016;104234;388307;30789;
I0804 23:10:03.268612 15663 pagerankX.cc:154] TrainLog: fid-53;0.003097;35841;50712;86553;304089;38242;
I0804 23:10:03.268654 15658 pagerankX.cc:154] TrainLog: fid-13;0.003161;68278;32673;100951;393419;25924;
I0804 23:10:03.425118  7918 pagerankX.cc:154] TrainLog: fid-2;0.003447;69979;40833;110812;422723;31649;
I0804 23:10:03.372959 30385 pagerankX.cc:154] TrainLog: fid-6;0.003322;84178;32504;116682;413169;33868;
I0804 23:10:03.425316  7920 pagerankX.cc:154] TrainLog: fid-18;0.003645;84232;44109;128341;452219;38383;
I0804 23:10:03.373100 30387 pagerankX.cc:154] TrainLog: fid-22;0.003448;57648;49984;107632;404607;44745;
I0804 23:10:03.269004 15662 pagerankX.cc:154] TrainLog: fid-45;0.003487;44749;55812;100561;360972;48124;
I0804 23:10:03.269273 15661 pagerankX.cc:154] TrainLog: fid-37;0.003774;52649;45677;98326;490241;32973;
I0804 23:10:03.355314 15402 pagerankX.cc:154] TrainLog: fid-9;0.004022;76669;46183;122852;575334;31880;
I0804 23:10:03.257519  5025 pagerankX.cc:154] TrainLog: fid-16;0.004131;53384;64307;117691;392595;51307;
I0804 23:10:03.257587  5028 pagerankX.cc:154] TrainLog: fid-40;0.004163;64637;46682;111319;414539;39730;
I0804 23:10:03.373556 30389 pagerankX.cc:154] TrainLog: fid-38;0.003904;84191;43668;127859;503551;33629;
I0804 23:10:03.373646 30392 pagerankX.cc:154] TrainLog: fid-62;0.00399;84225;43574;127799;497253;38727;
I0804 23:10:03.426054  7921 pagerankX.cc:154] TrainLog: fid-26;0.00439;84214;45118;129332;537092;46668;
I0804 23:10:03.371515 12351 pagerankX.cc:154] TrainLog: fid-52;0.004248;84223;43351;127574;531617;37955;
I0804 23:10:03.306854 24123 pagerankX.cc:154] TrainLog: fid-7;0.003862;84223;38822;123045;513729;35811;
I0804 23:10:03.355723 15408 pagerankX.cc:154] TrainLog: fid-57;0.004414;84220;45516;129736;502410;37223;
I0804 23:10:03.306931 24130 pagerankX.cc:154] TrainLog: fid-63;0.003918;84227;27786;112013;618695;23490;
I0804 23:10:03.307050 24125 pagerankX.cc:154] TrainLog: fid-23;0.004048;80147;46526;126673;562692;41853;
I0804 23:10:03.296581 26213 pagerankX.cc:154] TrainLog: fid-35;0.004254;84224;38995;123219;519041;36047;
I0804 23:10:03.270519 15664 pagerankX.cc:154] TrainLog: fid-61;0.005004;76057;60896;136953;610582;63159;
I0804 23:10:03.372432 12352 pagerankX.cc:154] TrainLog: fid-60;0.005162;84225;52407;136632;625507;56286;
I0804 23:10:03.297210 26210 pagerankX.cc:154] TrainLog: fid-11;0.004894;84209;49763;133972;603967;34784;
I0804 23:10:03.258992  5030 pagerankX.cc:154] TrainLog: fid-56;0.005567;84214;65462;149676;715618;62256;
I0804 23:10:03.271056 15657 pagerankX.cc:154] TrainLog: fid-5;0.005591;84216;63806;148022;729860;46547;
I0804 23:10:03.375267 30386 pagerankX.cc:154] TrainLog: fid-14;0.00563;84227;52214;136441;842109;48997;
I0804 23:10:03.375366 30388 pagerankX.cc:154] TrainLog: fid-30;0.005717;45973;96649;142622;673657;64548;
I0804 23:10:03.373225 12347 pagerankX.cc:154] TrainLog: fid-20;0.005955;83946;70759;154705;746281;56270;
I0804 23:10:03.259729  5023 pagerankX.cc:154] TrainLog: fid-0;0.006322;84225;71443;155668;785132;89096;
I0804 23:10:03.373391 12346 pagerankX.cc:154] TrainLog: fid-12;0.006138;84224;74677;158901;764938;69591;
I0804 23:10:03.271574 15659 pagerankX.cc:154] TrainLog: fid-21;0.006074;84215;59114;143329;881595;75494;
I0804 23:10:03.357877 15404 pagerankX.cc:154] TrainLog: fid-25;0.006576;84209;79914;164123;900372;99538;
I0804 23:10:03.428421  7925 pagerankX.cc:154] TrainLog: fid-58;0.006739;84228;62210;146438;925592;92293;
I0804 23:10:03.374092 12350 pagerankX.cc:154] TrainLog: fid-44;0.006824;84216;64837;149053;921325;64494;
I0804 23:10:03.358785 15403 pagerankX.cc:154] TrainLog: fid-17;0.007474;82581;91642;174223;833694;98186;
I0804 23:10:03.358992 15406 pagerankX.cc:154] TrainLog: fid-41;0.007687;84226;79146;163372;1001615;76071;
I0804 23:10:03.299552 26215 pagerankX.cc:154] TrainLog: fid-51;0.007226;84173;57027;141200;1008130;46972;
I0804 23:10:03.310238 24127 pagerankX.cc:154] TrainLog: fid-39;0.007266;84209;80798;165007;1044831;85756;
I0804 23:10:03.310755 24126 pagerankX.cc:154] TrainLog: fid-31;0.007741;79043;74777;153820;1083119;60463;
I0804 23:10:03.375742 12348 pagerankX.cc:154] TrainLog: fid-28;0.008475;84200;106454;190654;1138857;96045;
I0804 23:10:03.377929 30390 pagerankX.cc:154] TrainLog: fid-46;0.008276;84224;94833;179057;1212840;97442;
I0804 23:10:03.262084  5024 pagerankX.cc:154] TrainLog: fid-8;0.008703;54520;153783;208303;828179;127385;
I0804 23:10:03.359966 15407 pagerankX.cc:154] TrainLog: fid-49;0.008658;80634;109603;190237;1034819;104239;
I0804 23:10:03.262253  5029 pagerankX.cc:154] TrainLog: fid-48;0.008824;84200;95125;179325;936805;106898;
I0804 23:10:03.300613 26209 pagerankX.cc:154] TrainLog: fid-3;0.00831;68069;139816;207885;822157;103030;
I0804 23:10:03.360306 15405 pagerankX.cc:154] TrainLog: fid-33;0.008999;84218;93584;177802;1168862;93824;
I0804 23:10:03.301062 26216 pagerankX.cc:154] TrainLog: fid-59;0.008751;49107;176971;226078;726698;98237;
I0804 23:10:03.378698 30391 pagerankX.cc:154] TrainLog: fid-54;0.009046;78067;141682;219749;1066503;107079;
I0804 23:10:03.311955 24129 pagerankX.cc:154] TrainLog: fid-55;0.008946;84224;111883;196107;1107375;127558;
I0804 23:10:03.376741 12349 pagerankX.cc:154] TrainLog: fid-36;0.009506;84191;103630;187821;1247845;104446;
I0804 23:10:03.376757 12345 pagerankX.cc:154] TrainLog: fid-4;0.009502;84165;96871;181036;1264647;85563;
I0804 23:10:03.431670  7923 pagerankX.cc:154] TrainLog: fid-42;0.009992;84202;107090;191292;1563104;107760;
I0804 23:10:03.263499  5027 pagerankX.cc:154] TrainLog: fid-32;0.010076;84205;123055;207260;1181299;167751;
I0804 23:10:03.301868 26214 pagerankX.cc:154] TrainLog: fid-43;0.009577;69759;138379;208138;971666;113791;
I0804 23:10:03.312844 24128 pagerankX.cc:154] TrainLog: fid-47;0.009846;82029;132537;214566;1139729;125990;
I0804 23:10:03.313545 24124 pagerankX.cc:154] TrainLog: fid-15;0.010553;84222;117070;201292;1413131;143870;
I0804 23:10:03.277779 15660 pagerankX.cc:154] TrainLog: fid-29;0.012286;84206;174361;258567;1580062;217674;
I0804 23:10:03.364580 15401 pagerankX.cc:154] TrainLog: fid-1;0.01329;84228;185158;269386;1396748;197761;
I0804 23:10:03.435735  7919 pagerankX.cc:154] TrainLog: fid-10;0.014101;84232;150997;235229;1959471;182642;
I0804 23:10:03.308167 26211 pagerankX.cc:154] TrainLog: fid-19;0.015843;84212;155903;240115;2122591;209440;
I0804 23:10:03.310894 26212 pagerankX.cc:154] TrainLog: fid-27;0.018609;84218;193747;277965;2300002;335172;
I0804 23:10:03.442979  7924 pagerankX.cc:154] TrainLog: fid-50;0.001673;44761;17980;62741;140738;22341;
I0804 23:10:03.443805  7922 pagerankX.cc:154] TrainLog: fid-34;0.002507;43513;40170;83683;240401;35315;
I0804 23:10:03.276008  5026 pagerankX.cc:154] TrainLog: fid-24;0.003086;74218;30016;104234;388307;30789;
I0804 23:10:03.288251 15658 pagerankX.cc:154] TrainLog: fid-13;0.003118;68278;32673;100951;393419;25924;
I0804 23:10:03.444787  7918 pagerankX.cc:154] TrainLog: fid-2;0.003491;69979;40833;110812;422723;31649;
I0804 23:10:03.288316 15663 pagerankX.cc:154] TrainLog: fid-53;0.003163;35841;50712;86553;304089;38242;
I0804 23:10:03.276643  5028 pagerankX.cc:154] TrainLog: fid-40;0.003752;64637;46682;111319;414539;39730;
I0804 23:10:03.444958  7920 pagerankX.cc:154] TrainLog: fid-18;0.003661;84232;44109;128341;452219;38383;
I0804 23:10:03.392655 30385 pagerankX.cc:154] TrainLog: fid-6;0.003325;84178;32504;116682;413169;33868;
I0804 23:10:03.288663 15662 pagerankX.cc:154] TrainLog: fid-45;0.003509;44749;55812;100561;360972;48124;
I0804 23:10:03.392810 30387 pagerankX.cc:154] TrainLog: fid-22;0.003467;57648;49984;107632;404607;44745;
I0804 23:10:03.374830 15402 pagerankX.cc:154] TrainLog: fid-9;0.003974;76669;46183;122852;575334;31880;
I0804 23:10:03.288913 15661 pagerankX.cc:154] TrainLog: fid-37;0.003776;52649;45677;98326;490241;32973;
I0804 23:10:03.277112  5025 pagerankX.cc:154] TrainLog: fid-16;0.004227;53384;64307;117691;392595;51307;
I0804 23:10:03.393363 30389 pagerankX.cc:154] TrainLog: fid-38;0.004018;84191;43668;127859;503551;33629;
I0804 23:10:03.445690  7921 pagerankX.cc:154] TrainLog: fid-26;0.004399;84214;45118;129332;537092;46668;
I0804 23:10:03.391113 12351 pagerankX.cc:154] TrainLog: fid-52;0.004242;84223;43351;127574;531617;37955;
I0804 23:10:03.375319 15408 pagerankX.cc:154] TrainLog: fid-57;0.004446;84220;45516;129736;502410;37223;
I0804 23:10:03.326606 24123 pagerankX.cc:154] TrainLog: fid-7;0.003859;84223;38822;123045;513729;35811;
I0804 23:10:03.393455 30392 pagerankX.cc:154] TrainLog: fid-62;0.004106;84225;43574;127799;497253;38727;
I0804 23:10:03.326689 24130 pagerankX.cc:154] TrainLog: fid-63;0.003917;84227;27786;112013;618695;23490;
I0804 23:10:03.326810 24125 pagerankX.cc:154] TrainLog: fid-23;0.004052;80147;46526;126673;562692;41853;
I0804 23:10:03.316501 26213 pagerankX.cc:154] TrainLog: fid-35;0.004265;84224;38995;123219;519041;36047;
I0804 23:10:03.392082 12352 pagerankX.cc:154] TrainLog: fid-60;0.00518;84225;52407;136632;625507;56286;
I0804 23:10:03.290248 15664 pagerankX.cc:154] TrainLog: fid-61;0.005095;76057;60896;136953;610582;63159;
I0804 23:10:03.278475  5030 pagerankX.cc:154] TrainLog: fid-56;0.005551;84214;65462;149676;715618;62256;
I0804 23:10:03.317144 26210 pagerankX.cc:154] TrainLog: fid-11;0.004928;84209;49763;133972;603967;34784;
I0804 23:10:03.290710 15657 pagerankX.cc:154] TrainLog: fid-5;0.005608;84216;63806;148022;729860;46547;
I0804 23:10:03.394995 30386 pagerankX.cc:154] TrainLog: fid-14;0.005664;84227;52214;136441;842109;48997;
I0804 23:10:03.392830 12347 pagerankX.cc:154] TrainLog: fid-20;0.005942;83946;70759;154705;746281;56270;
I0804 23:10:03.395066 30388 pagerankX.cc:154] TrainLog: fid-30;0.005734;45973;96649;142622;673657;64548;
I0804 23:10:03.279253  5023 pagerankX.cc:154] TrainLog: fid-0;0.006347;84225;71443;155668;785132;89096;
I0804 23:10:03.393029 12346 pagerankX.cc:154] TrainLog: fid-12;0.006143;84224;74677;158901;764938;69591;
I0804 23:10:03.377313 15404 pagerankX.cc:154] TrainLog: fid-25;0.00646;84209;79914;164123;900372;99538;
I0804 23:10:03.291306 15659 pagerankX.cc:154] TrainLog: fid-21;0.006169;84215;59114;143329;881595;75494;
I0804 23:10:03.393369 12350 pagerankX.cc:154] TrainLog: fid-44;0.006504;84216;64837;149053;921325;64494;
I0804 23:10:03.448034  7925 pagerankX.cc:154] TrainLog: fid-58;0.006728;84228;62210;146438;925592;92293;
I0804 23:10:03.378309 15403 pagerankX.cc:154] TrainLog: fid-17;0.007433;82581;91642;174223;833694;98186;
I0804 23:10:03.378545 15406 pagerankX.cc:154] TrainLog: fid-41;0.007675;84226;79146;163372;1001615;76071;
