I0804 23:10:03.689409 26211 pagerankX.cc:148] fid: 19	update_sum20.9387
I0804 23:10:03.689429 26211 pagerankX.cc:154] TrainLog: fid-19;0.010579;84212;155903;240115;2122591;176410;
I0804 23:10:03.750084 15401 pagerankX.cc:154] TrainLog: fid-1;0.011999;84228;185158;269386;1396748;180121;
I0804 23:10:03.693292 26212 pagerankX.cc:154] TrainLog: fid-27;0.014445;84218;193747;277965;2300002;292150;
I0804 23:10:03.824847  7924 pagerankX.cc:148] fid: 50	update_sum0.436959
I0804 23:10:03.824874  7924 pagerankX.cc:154] TrainLog: fid-50;0.000918;44761;17980;62741;140738;5101;
I0804 23:10:03.825356  7922 pagerankX.cc:148] fid: 34	update_sum5.16116
I0804 23:10:03.825388  7922 pagerankX.cc:154] TrainLog: fid-34;0.00143;43513;40170;83683;240401;27160;
I0804 23:10:03.657213  5026 pagerankX.cc:148] fid: 24	update_sum0.924128
I0804 23:10:03.657243  5026 pagerankX.cc:154] TrainLog: fid-24;0.001847;74218;30016;104234;388307;8249;
I0804 23:10:03.657488  5025 pagerankX.cc:148] fid: 16	update_sum9.70219
I0804 23:10:03.657511  5025 pagerankX.cc:154] TrainLog: fid-16;0.002198;53384;64307;117691;392595;32011;
I0804 23:10:03.657523  5028 pagerankX.cc:148] fid: 40	update_sum6.4571
I0804 23:10:03.657558  5028 pagerankX.cc:154] TrainLog: fid-40;0.002199;64637;46682;111319;414539;21132;
I0804 23:10:03.669508 15663 pagerankX.cc:148] fid: 53	update_sum6.66822
I0804 23:10:03.669536 15663 pagerankX.cc:154] TrainLog: fid-53;0.00157;35841;50712;86553;304089;29141;
I0804 23:10:03.755673 15402 pagerankX.cc:148] fid: 9	update_sum7.66891
I0804 23:10:03.755724 15402 pagerankX.cc:154] TrainLog: fid-9;0.002287;76669;46183;122852;575334;19748;
I0804 23:10:03.826189  7918 pagerankX.cc:148] fid: 2	update_sum7.1383
I0804 23:10:03.826217  7918 pagerankX.cc:154] TrainLog: fid-2;0.002262;69979;40833;110812;422723;17394;
I0804 23:10:03.669806 15658 pagerankX.cc:148] fid: 13	update_sum4.84465
I0804 23:10:03.669833 15658 pagerankX.cc:154] TrainLog: fid-13;0.001874;68278;32673;100951;393419;18881;
I0804 23:10:03.826340  7920 pagerankX.cc:148] fid: 18	update_sum0.536979
I0804 23:10:03.826370  7920 pagerankX.cc:154] TrainLog: fid-18;0.002414;84232;44109;128341;452219;12754;
I0804 23:10:03.774205 30387 pagerankX.cc:148] fid: 22	update_sum8.12152
I0804 23:10:03.756119 15408 pagerankX.cc:148] fid: 57	update_sum4.35271
I0804 23:10:03.756162 15408 pagerankX.cc:154] TrainLog: fid-57;0.002703;84220;45516;129736;502410;17844;
I0804 23:10:03.774233 30387 pagerankX.cc:154] TrainLog: fid-22;0.001921;57648;49984;107632;404607;33125;
I0804 23:10:03.826617  7921 pagerankX.cc:148] fid: 26	update_sum5.85805
I0804 23:10:03.826644  7921 pagerankX.cc:154] TrainLog: fid-26;0.002689;84214;45118;129332;537092;25531;
I0804 23:10:03.774279 30385 pagerankX.cc:148] fid: 6	update_sum2.9038
I0804 23:10:03.774304 30385 pagerankX.cc:154] TrainLog: fid-6;0.001997;84178;32504;116682;413169;14018;
I0804 23:10:03.670255 15661 pagerankX.cc:148] fid: 37	update_sum8.12349
I0804 23:10:03.670282 15661 pagerankX.cc:154] TrainLog: fid-37;0.002315;52649;45677;98326;490241;26581;
I0804 23:10:03.658524  5030 pagerankX.cc:148] fid: 56	update_sum9.92703
I0804 23:10:03.658551  5030 pagerankX.cc:154] TrainLog: fid-56;0.003156;84214;65462;149676;715618;36120;
I0804 23:10:03.772251 12351 pagerankX.cc:148] fid: 52	update_sum1.62563
I0804 23:10:03.772301 12351 pagerankX.cc:154] TrainLog: fid-52;0.002692;84223;43351;127574;531617;13430;
I0804 23:10:03.774590 30389 pagerankX.cc:148] fid: 38	update_sum6.006
I0804 23:10:03.774614 30389 pagerankX.cc:154] TrainLog: fid-38;0.002302;84191;43668;127859;503551;18408;
I0804 23:10:03.774631 30392 pagerankX.cc:148] fid: 62	update_sum0.621513
I0804 23:10:03.774662 30392 pagerankX.cc:154] TrainLog: fid-62;0.002334;84225;43574;127799;497253;9172;
I0804 23:10:03.772754 12352 pagerankX.cc:148] fid: 60	update_sum12.9937
I0804 23:10:03.772783 12352 pagerankX.cc:154] TrainLog: fid-60;0.003126;84225;52407;136632;625507;30880;
I0804 23:10:03.670859 15662 pagerankX.cc:154] TrainLog: fid-45;0.002887;44749;55812;100561;360972;32336;
I0804 23:10:03.697490 26213 pagerankX.cc:148] fid: 35	update_sum3.51868
I0804 23:10:03.697531 26213 pagerankX.cc:154] TrainLog: fid-35;0.002615;84224;38995;123219;519041;13973;
I0804 23:10:03.708235 24123 pagerankX.cc:148] fid: 7	update_sum5.91546
I0804 23:10:03.708266 24123 pagerankX.cc:154] TrainLog: fid-7;0.002673;84223;38822;123045;513729;16367;
I0804 23:10:03.772954 12347 pagerankX.cc:148] fid: 20	update_sum10.577
I0804 23:10:03.772982 12347 pagerankX.cc:154] TrainLog: fid-20;0.003332;83946;70759;154705;746281;33987;
I0804 23:10:03.708292 24130 pagerankX.cc:148] fid: 63	update_sum4.08487
I0804 23:10:03.708325 24130 pagerankX.cc:154] TrainLog: fid-63;0.002716;84227;27786;112013;618695;12624;
I0804 23:10:03.708411 24125 pagerankX.cc:148] fid: 23	update_sum8.61212
I0804 23:10:03.708441 24125 pagerankX.cc:154] TrainLog: fid-23;0.002845;80147;46526;126673;562692;23345;
I0804 23:10:03.671232 15657 pagerankX.cc:148] fid: 5	update_sum1.44861
I0804 23:10:03.671257 15657 pagerankX.cc:154] TrainLog: fid-5;0.003286;84216;63806;148022;729860;14712;
I0804 23:10:03.775341 30388 pagerankX.cc:148] fid: 30	update_sum8.19319
I0804 23:10:03.775367 30388 pagerankX.cc:154] TrainLog: fid-30;0.003057;45973;96649;142622;673657;47579;
I0804 23:10:03.698078 26210 pagerankX.cc:148] fid: 11	update_sum2.11375
I0804 23:10:03.698117 26210 pagerankX.cc:154] TrainLog: fid-11;0.003218;84209;49763;133972;603967;17103;
I0804 23:10:03.773850 12350 pagerankX.cc:148] fid: 44	update_sum12.44
I0804 23:10:03.775980 30386 pagerankX.cc:148] fid: 14	update_sum12.7826
I0804 23:10:03.776006 30386 pagerankX.cc:154] TrainLog: fid-14;0.003697;84227;52214;136441;842109;38794;
I0804 23:10:03.773878 12350 pagerankX.cc:154] TrainLog: fid-44;0.004223;84216;64837;149053;921325;42562;
I0804 23:10:03.672138 15664 pagerankX.cc:154] TrainLog: fid-61;0.00414;76057;60896;136953;610582;35845;
I0804 23:10:03.660542  5023 pagerankX.cc:154] TrainLog: fid-0;0.005202;84225;71443;155668;785132;56462;
I0804 23:10:03.758461 15406 pagerankX.cc:148] fid: 41	update_sum9.27287
I0804 23:10:03.758471 15404 pagerankX.cc:154] TrainLog: fid-25;0.005033;84209;79914;164123;900372;83009;
I0804 23:10:03.758496 15406 pagerankX.cc:154] TrainLog: fid-41;0.005054;84226;79146;163372;1001615;41881;
I0804 23:10:03.774664 12346 pagerankX.cc:154] TrainLog: fid-12;0.00502;84224;74677;158901;764938;40246;
I0804 23:10:03.774749 12348 pagerankX.cc:148] fid: 28	update_sum17.3415
I0804 23:10:03.774775 12348 pagerankX.cc:154] TrainLog: fid-28;0.005134;84200;106454;190654;1138857;68600;
I0804 23:10:03.829319  7925 pagerankX.cc:154] TrainLog: fid-58;0.005359;84228;62210;146438;925592;68578;
I0804 23:10:03.672945 15659 pagerankX.cc:154] TrainLog: fid-21;0.004975;84215;59114;143329;881595;47756;
I0804 23:10:03.774950 12345 pagerankX.cc:148] fid: 4	update_sum16.6819
I0804 23:10:03.774976 12345 pagerankX.cc:154] TrainLog: fid-4;0.005326;84165;96871;181036;1264647;59770;
I0804 23:10:03.777177 30391 pagerankX.cc:148] fid: 54	update_sum10.2246
I0804 23:10:03.777204 30391 pagerankX.cc:154] TrainLog: fid-54;0.004875;78067;141682;219749;1066503;74609;
I0804 23:10:03.710269 24126 pagerankX.cc:148] fid: 31	update_sum11.0241
I0804 23:10:03.710304 24126 pagerankX.cc:154] TrainLog: fid-31;0.004695;79043;74777;153820;1083119;44169;
I0804 23:10:03.699700 26215 pagerankX.cc:148] fid: 51	update_sum11.4463
I0804 23:10:03.699728 26215 pagerankX.cc:154] TrainLog: fid-51;0.004812;84173;57027;141200;1008130;38057;
I0804 23:10:03.699890 26214 pagerankX.cc:148] fid: 43	update_sum17.4736
I0804 23:10:03.699914 26214 pagerankX.cc:154] TrainLog: fid-43;0.005031;69759;138379;208138;971666;82277;
I0804 23:10:03.661741  5024 pagerankX.cc:154] TrainLog: fid-8;0.006345;54520;153783;208303;828179;92916;
I0804 23:10:03.661826  5029 pagerankX.cc:154] TrainLog: fid-48;0.006463;84200;95125;179325;936805;70791;
I0804 23:10:03.759824 15403 pagerankX.cc:154] TrainLog: fid-17;0.006374;82581;91642;174223;833694;62466;
I0804 23:10:03.830296  7923 pagerankX.cc:148] fid: 42	update_sum17.7795
I0804 23:10:03.830322  7923 pagerankX.cc:154] TrainLog: fid-42;0.006368;84202;107090;191292;1563104;79258;
I0804 23:10:03.711629 24124 pagerankX.cc:148] fid: 15	update_sum6.14393
I0804 23:10:03.711653 24124 pagerankX.cc:154] TrainLog: fid-15;0.00606;84222;117070;201292;1413131;77097;
I0804 23:10:03.760840 15407 pagerankX.cc:154] TrainLog: fid-49;0.007392;80634;109603;190237;1034819;83452;
I0804 23:10:03.779001 30390 pagerankX.cc:154] TrainLog: fid-46;0.00667;84224;94833;179057;1212840;74266;
I0804 23:10:03.701681 26209 pagerankX.cc:154] TrainLog: fid-3;0.006818;68069;139816;207885;822157;71995;
I0804 23:10:03.777060 12349 pagerankX.cc:154] TrainLog: fid-36;0.007409;84191;103630;187821;1247845;89543;
I0804 23:10:03.761211 15405 pagerankX.cc:154] TrainLog: fid-33;0.007766;84218;93584;177802;1168862;69346;
I0804 23:10:03.712479 24127 pagerankX.cc:154] TrainLog: fid-39;0.006913;84209;80798;165007;1044831;57945;
I0804 23:10:03.663558  5027 pagerankX.cc:154] TrainLog: fid-32;0.008204;84205;123055;207260;1181299;117055;
I0804 23:10:03.702111 26216 pagerankX.cc:154] TrainLog: fid-59;0.007137;49107;176971;226078;726698;74751;
I0804 23:10:03.832027  7919 pagerankX.cc:148] fid: 10	update_sum10.7207
I0804 23:10:03.832047  7919 pagerankX.cc:154] TrainLog: fid-10;0.008132;84232;150997;235229;1959471;100379;
I0804 23:10:03.712878 24129 pagerankX.cc:154] TrainLog: fid-55;0.007268;84224;111883;196107;1107375;93110;
I0804 23:10:03.713788 24128 pagerankX.cc:154] TrainLog: fid-47;0.008225;82029;132537;214566;1139729;97894;
I0804 23:10:03.677104 15660 pagerankX.cc:154] TrainLog: fid-29;0.00915;84206;174361;258567;1580062;151999;
I0804 23:10:03.704752 26211 pagerankX.cc:148] fid: 19	update_sum12.2007
I0804 23:10:03.704771 26211 pagerankX.cc:154] TrainLog: fid-19;0.009885;84212;155903;240115;2122591;120973;
I0804 23:10:03.705660 26212 pagerankX.cc:148] fid: 27	update_sum27.3644
I0804 23:10:03.705680 26212 pagerankX.cc:154] TrainLog: fid-27;0.010802;84218;193747;277965;2300002;226925;
I0804 23:10:03.765283 15401 pagerankX.cc:154] TrainLog: fid-1;0.011838;84228;185158;269386;1396748;147069;
I0804 23:10:03.836863  7924 pagerankX.cc:148] fid: 50	update_sum0.26472
I0804 23:10:03.836889  7924 pagerankX.cc:154] TrainLog: fid-50;0.000889;44761;17980;62741;140738;4054;
I0804 23:10:03.837358  7922 pagerankX.cc:148] fid: 34	update_sum3.14931
I0804 23:10:03.837390  7922 pagerankX.cc:154] TrainLog: fid-34;0.001387;43513;40170;83683;240401;22347;
I0804 23:10:03.669539  5026 pagerankX.cc:148] fid: 24	update_sum0.518421
I0804 23:10:03.669569  5026 pagerankX.cc:154] TrainLog: fid-24;0.001797;74218;30016;104234;388307;5502;
I0804 23:10:03.681397 15663 pagerankX.cc:148] fid: 53	update_sum4.10657
I0804 23:10:03.681427 15663 pagerankX.cc:154] TrainLog: fid-53;0.001501;35841;50712;86553;304089;20513;
I0804 23:10:03.681609 15662 pagerankX.cc:148] fid: 45	update_sum8.65206
I0804 23:10:03.681638 15662 pagerankX.cc:154] TrainLog: fid-45;0.001726;44749;55812;100561;360972;25753;
I0804 23:10:03.669849  5025 pagerankX.cc:148] fid: 16	update_sum5.91984
I0804 23:10:03.669883  5025 pagerankX.cc:154] TrainLog: fid-16;0.002138;53384;64307;117691;392595;23562;
I0804 23:10:03.669891  5028 pagerankX.cc:148] fid: 40	update_sum4.12999
I0804 23:10:03.669919  5028 pagerankX.cc:154] TrainLog: fid-40;0.002135;64637;46682;111319;414539;16514;
I0804 23:10:03.785831 30387 pagerankX.cc:148] fid: 22	update_sum5.46129
I0804 23:10:03.785857 30387 pagerankX.cc:154] TrainLog: fid-22;0.001832;57648;49984;107632;404607;29580;
I0804 23:10:03.681738 15658 pagerankX.cc:148] fid: 13	update_sum2.8149
I0804 23:10:03.681764 15658 pagerankX.cc:154] TrainLog: fid-13;0.001801;68278;32673;100951;393419;11227;
I0804 23:10:03.838193  7918 pagerankX.cc:148] fid: 2	update_sum4.55043
I0804 23:10:03.838222  7918 pagerankX.cc:154] TrainLog: fid-2;0.002221;69979;40833;110812;422723;12180;
I0804 23:10:03.785907 30385 pagerankX.cc:148] fid: 6	update_sum1.71971
I0804 23:10:03.785931 30385 pagerankX.cc:154] TrainLog: fid-6;0.00191;84178;32504;116682;413169;8618;
I0804 23:10:03.838361  7920 pagerankX.cc:148] fid: 18	update_sum0.328973
I0804 23:10:03.838390  7920 pagerankX.cc:154] TrainLog: fid-18;0.00239;84232;44109;128341;452219;9767;
I0804 23:10:03.786237 30389 pagerankX.cc:148] fid: 38	update_sum3.77257
I0804 23:10:03.682091 15661 pagerankX.cc:148] fid: 37	update_sum4.12268
I0804 23:10:03.682116 15661 pagerankX.cc:154] TrainLog: fid-37;0.002207;52649;45677;98326;490241;12770;
I0804 23:10:03.838519  7921 pagerankX.cc:148] fid: 26	update_sum2.89726
I0804 23:10:03.838548  7921 pagerankX.cc:154] TrainLog: fid-26;0.002549;84214;45118;129332;537092;12268;
I0804 23:10:03.786262 30389 pagerankX.cc:154] TrainLog: fid-38;0.002235;84191;43668;127859;503551;14164;
I0804 23:10:03.786285 30392 pagerankX.cc:148] fid: 62	update_sum0.400778
I0804 23:10:03.786315 30392 pagerankX.cc:154] TrainLog: fid-62;0.002285;84225;43574;127799;497253;7687;
I0804 23:10:03.708860 26213 pagerankX.cc:148] fid: 35	update_sum2.20671
I0804 23:10:03.708900 26213 pagerankX.cc:154] TrainLog: fid-35;0.002524;84224;38995;123219;519041;10527;
I0804 23:10:03.784202 12351 pagerankX.cc:148] fid: 52	update_sum0.940519
I0804 23:10:03.784229 12351 pagerankX.cc:154] TrainLog: fid-52;0.00253;84223;43351;127574;531617;8198;
I0804 23:10:03.768378 15402 pagerankX.cc:148] fid: 9	update_sum4.91262
I0804 23:10:03.768406 15402 pagerankX.cc:154] TrainLog: fid-9;0.002215;76669;46183;122852;575334;14785;
I0804 23:10:03.670846  5030 pagerankX.cc:148] fid: 56	update_sum5.95617
I0804 23:10:03.670873  5030 pagerankX.cc:154] TrainLog: fid-56;0.003045;84214;65462;149676;715618;25179;
I0804 23:10:03.719871 24123 pagerankX.cc:148] fid: 7	update_sum3.56469
I0804 23:10:03.719902 24123 pagerankX.cc:154] TrainLog: fid-7;0.002519;84223;38822;123045;513729;11752;
I0804 23:10:03.682710 15664 pagerankX.cc:148] fid: 61	update_sum9.76246
I0804 23:10:03.682734 15664 pagerankX.cc:154] TrainLog: fid-61;0.002809;76057;60896;136953;610582;25103;
I0804 23:10:03.709329 26210 pagerankX.cc:148] fid: 11	update_sum1.12207
I0804 23:10:03.709363 26210 pagerankX.cc:154] TrainLog: fid-11;0.003007;84209;49763;133972;603967;9627;
I0804 23:10:03.784667 12352 pagerankX.cc:148] fid: 60	update_sum8.60362
I0804 23:10:03.784693 12352 pagerankX.cc:154] TrainLog: fid-60;0.002936;84225;52407;136632;625507;23652;
I0804 23:10:03.786872 30388 pagerankX.cc:148] fid: 30	update_sum4.4337
I0804 23:10:03.786896 30388 pagerankX.cc:154] TrainLog: fid-30;0.002868;45973;96649;142622;673657;28039;
I0804 23:10:03.720024 24125 pagerankX.cc:148] fid: 23	update_sum5.22008
I0804 23:10:03.768829 15408 pagerankX.cc:148] fid: 57	update_sum2.62824
I0804 23:10:03.768872 15408 pagerankX.cc:154] TrainLog: fid-57;0.002659;84220;45516;129736;502410;13099;
I0804 23:10:03.720038 24130 pagerankX.cc:148] fid: 63	update_sum2.42547
I0804 23:10:03.720053 24125 pagerankX.cc:154] TrainLog: fid-23;0.002671;80147;46526;126673;562692;18146;
I0804 23:10:03.720078 24130 pagerankX.cc:154] TrainLog: fid-63;0.002682;84227;27786;112013;618695;9389;
I0804 23:10:03.784894 12347 pagerankX.cc:148] fid: 20	update_sum6.4468
I0804 23:10:03.784919 12347 pagerankX.cc:154] TrainLog: fid-20;0.003181;83946;70759;154705;746281;24005;
I0804 23:10:03.671288  5024 pagerankX.cc:148] fid: 8	update_sum11.9843
I0804 23:10:03.671311  5024 pagerankX.cc:154] TrainLog: fid-8;0.003541;54520;153783;208303;828179;61147;
I0804 23:10:03.683101 15657 pagerankX.cc:148] fid: 5	update_sum0.851432
I0804 23:10:03.683125 15657 pagerankX.cc:154] TrainLog: fid-5;0.003214;84216;63806;148022;729860;11414;
I0804 23:10:03.785136 12346 pagerankX.cc:148] fid: 12	update_sum11.347
I0804 23:10:03.785166 12346 pagerankX.cc:154] TrainLog: fid-12;0.003437;84224;74677;158901;764938;28406;
I0804 23:10:03.709939 26216 pagerankX.cc:148] fid: 59	update_sum13.0556
I0804 23:10:03.709965 26216 pagerankX.cc:154] TrainLog: fid-59;0.00354;49107;176971;226078;726698;49673;
I0804 23:10:03.787549 30386 pagerankX.cc:148] fid: 14	update_sum6.69835
I0804 23:10:03.787572 30386 pagerankX.cc:154] TrainLog: fid-14;0.00355;84227;52214;136441;842109;15591;
I0804 23:10:03.683609 15659 pagerankX.cc:148] fid: 21	update_sum9.8684
I0804 23:10:03.683634 15659 pagerankX.cc:154] TrainLog: fid-21;0.003725;84215;59114;143329;881595;29416;
I0804 23:10:03.769826 15404 pagerankX.cc:148] fid: 25	update_sum12.0754
I0804 23:10:03.769852 15404 pagerankX.cc:154] TrainLog: fid-25;0.003663;84209;79914;164123;900372;57812;
I0804 23:10:03.710371 26209 pagerankX.cc:148] fid: 3	update_sum18.1882
I0804 23:10:03.710388 26209 pagerankX.cc:154] TrainLog: fid-3;0.004038;68069;139816;207885;822157;52063;
I0804 23:10:03.785706 12350 pagerankX.cc:148] fid: 44	update_sum7.9202
I0804 23:10:03.785729 12350 pagerankX.cc:154] TrainLog: fid-44;0.003975;84216;64837;149053;921325;25395;
I0804 23:10:03.672247  5029 pagerankX.cc:148] fid: 48	update_sum13.5935
I0804 23:10:03.672276  5029 pagerankX.cc:154] TrainLog: fid-48;0.004491;84200;95125;179325;936805;46578;
I0804 23:10:03.710965 26215 pagerankX.cc:148] fid: 51	update_sum5.84393
I0804 23:10:03.710975 26214 pagerankX.cc:148] fid: 43	update_sum10.2486
I0804 23:10:03.710988 26215 pagerankX.cc:154] TrainLog: fid-51;0.004614;84173;57027;141200;1008130;15906;
I0804 23:10:03.711007 26214 pagerankX.cc:154] TrainLog: fid-43;0.004667;69759;138379;208138;971666;57055;
I0804 23:10:03.788681 30391 pagerankX.cc:148] fid: 54	update_sum4.72451
I0804 23:10:03.788718 30391 pagerankX.cc:154] TrainLog: fid-54;0.004673;78067;141682;219749;1066503;45940;
I0804 23:10:03.672881  5023 pagerankX.cc:154] TrainLog: fid-0;0.005109;84225;71443;155668;785132;39735;
I0804 23:10:03.786578 12348 pagerankX.cc:148] fid: 28	update_sum9.50229
I0804 23:10:03.786603 12348 pagerankX.cc:154] TrainLog: fid-28;0.004849;84200;106454;190654;1138857;38277;
I0804 23:10:03.841105  7925 pagerankX.cc:154] TrainLog: fid-58;0.005103;84228;62210;146438;925592;47742;
I0804 23:10:03.770781 15403 pagerankX.cc:148] fid: 17	update_sum13.5167
I0804 23:10:03.770813 15403 pagerankX.cc:154] TrainLog: fid-17;0.004615;82581;91642;174223;833694;52597;
I0804 23:10:03.721941 24126 pagerankX.cc:148] fid: 31	update_sum6.55409
I0804 23:10:03.721971 24126 pagerankX.cc:154] TrainLog: fid-31;0.004575;79043;74777;153820;1083119;27823;
I0804 23:10:03.786782 12349 pagerankX.cc:148] fid: 36	update_sum18.1167
I0804 23:10:03.786788 12345 pagerankX.cc:148] fid: 4	update_sum9.88474
I0804 23:10:03.786808 12349 pagerankX.cc:154] TrainLog: fid-36;0.005071;84191;103630;187821;1247845;65563;
I0804 23:10:03.786830 12345 pagerankX.cc:154] TrainLog: fid-4;0.005093;84165;96871;181036;1264647;32580;
I0804 23:10:03.788992 30390 pagerankX.cc:148] fid: 46	update_sum14.4721
I0804 23:10:03.789032 30390 pagerankX.cc:154] TrainLog: fid-46;0.004999;84224;94833;179057;1212840;48996;
I0804 23:10:03.722190 24127 pagerankX.cc:148] fid: 39	update_sum15.5588
I0804 23:10:03.722215 24127 pagerankX.cc:154] TrainLog: fid-39;0.004865;84209;80798;165007;1044831;35475;
I0804 23:10:03.771188 15406 pagerankX.cc:148] fid: 41	update_sum5.42215
I0804 23:10:03.771224 15406 pagerankX.cc:154] TrainLog: fid-41;0.005028;84226;79146;163372;1001615;30888;
I0804 23:10:03.722393 24129 pagerankX.cc:148] fid: 55	update_sum16.7038
I0804 23:10:03.722435 24129 pagerankX.cc:154] TrainLog: fid-55;0.005029;84224;111883;196107;1107375;75642;
I0804 23:10:03.722466 24128 pagerankX.cc:148] fid: 47	update_sum13.5117
I0804 23:10:03.722484 24128 pagerankX.cc:154] TrainLog: fid-47;0.005137;82029;132537;214566;1139729;62415;
I0804 23:10:03.771518 15407 pagerankX.cc:148] fid: 49	update_sum13.2859
I0804 23:10:03.771559 15407 pagerankX.cc:154] TrainLog: fid-49;0.005345;80634;109603;190237;1034819;58257;
I0804 23:10:03.842161  7923 pagerankX.cc:148] fid: 42	update_sum11.5076
I0804 23:10:03.842190  7923 pagerankX.cc:154] TrainLog: fid-42;0.006192;84202;107090;191292;1563104;58104;
I0804 23:10:03.723284 24124 pagerankX.cc:148] fid: 15	update_sum2.70803
I0804 23:10:03.723309 24124 pagerankX.cc:154] TrainLog: fid-15;0.005931;84222;117070;201292;1413131;48298;
I0804 23:10:03.772138 15405 pagerankX.cc:148] fid: 33	update_sum15.82
I0804 23:10:03.772163 15405 pagerankX.cc:154] TrainLog: fid-33;0.005967;84218;93584;177802;1168862;56454;
I0804 23:10:03.686307 15660 pagerankX.cc:148] fid: 29	update_sum19.2918
I0804 23:10:03.686326 15660 pagerankX.cc:154] TrainLog: fid-29;0.00637;84206;174361;258567;1580062;110882;
I0804 23:10:03.843796  7919 pagerankX.cc:148] fid: 10	update_sum4.99028
I0804 23:10:03.843816  7919 pagerankX.cc:154] TrainLog: fid-10;0.007857;84232;150997;235229;1959471;68258;
I0804 23:10:03.675691  5027 pagerankX.cc:154] TrainLog: fid-32;0.007903;84205;123055;207260;1181299;85628;
I0804 23:10:03.773664 15401 pagerankX.cc:148] fid: 1	update_sum18.3471
I0804 23:10:03.773689 15401 pagerankX.cc:154] TrainLog: fid-1;0.007494;84228;185158;269386;1396748;98419;
I0804 23:10:03.715556 26211 pagerankX.cc:148] fid: 19	update_sum5.66811
I0804 23:10:03.715574 26211 pagerankX.cc:154] TrainLog: fid-19;0.009223;84212;155903;240115;2122591;78448;
I0804 23:10:03.716315 26212 pagerankX.cc:148] fid: 27	update_sum16.2305
I0804 23:10:03.716336 26212 pagerankX.cc:154] TrainLog: fid-27;0.01;84218;193747;277965;2300002;155961;
I0804 23:10:03.847195  7924 pagerankX.cc:148] fid: 50	update_sum0.071464
I0804 23:10:03.847223  7924 pagerankX.cc:154] TrainLog: fid-50;0.000834;44761;17980;62741;140738;420;
I0804 23:10:03.847630  7922 pagerankX.cc:148] fid: 34	update_sum1.15132
I0804 23:10:03.847661  7922 pagerankX.cc:154] TrainLog: fid-34;0.00128;43513;40170;83683;240401;7936;
I0804 23:10:03.691326 15663 pagerankX.cc:148] fid: 53	update_sum1.26564
I0804 23:10:03.691352 15663 pagerankX.cc:154] TrainLog: fid-53;0.001349;35841;50712;86553;304089;2732;
I0804 23:10:03.691565 15662 pagerankX.cc:148] fid: 45	update_sum4.05179
I0804 23:10:03.691591 15662 pagerankX.cc:154] TrainLog: fid-45;0.001583;44749;55812;100561;360972;10538;
I0804 23:10:03.795680 30387 pagerankX.cc:148] fid: 22	update_sum1.17698
I0804 23:10:03.795704 30387 pagerankX.cc:154] TrainLog: fid-22;0.001647;57648;49984;107632;404607;2772;
I0804 23:10:03.679828  5026 pagerankX.cc:148] fid: 24	update_sum0.180065
I0804 23:10:03.679869  5026 pagerankX.cc:154] TrainLog: fid-24;0.001674;74218;30016;104234;388307;638;
I0804 23:10:03.691670 15658 pagerankX.cc:148] fid: 13	update_sum1.08733
I0804 23:10:03.691695 15658 pagerankX.cc:154] TrainLog: fid-13;0.00171;68278;32673;100951;393419;743;
I0804 23:10:03.795863 30385 pagerankX.cc:148] fid: 6	update_sum0.720838
I0804 23:10:03.795888 30385 pagerankX.cc:154] TrainLog: fid-6;0.001834;84178;32504;116682;413169;1783;
I0804 23:10:03.680068  5025 pagerankX.cc:148] fid: 16	update_sum1.88117
I0804 23:10:03.680090  5025 pagerankX.cc:154] TrainLog: fid-16;0.001916;53384;64307;117691;392595;3207;
I0804 23:10:03.680126  5028 pagerankX.cc:148] fid: 40	update_sum1.68091
I0804 23:10:03.680150  5028 pagerankX.cc:154] TrainLog: fid-40;0.001954;64637;46682;111319;414539;3416;
I0804 23:10:03.796157 30389 pagerankX.cc:148] fid: 38	update_sum1.40924
I0804 23:10:03.692036 15661 pagerankX.cc:148] fid: 37	update_sum1.43236
I0804 23:10:03.692071 15661 pagerankX.cc:154] TrainLog: fid-37;0.002084;52649;45677;98326;490241;1135;
I0804 23:10:03.848498  7918 pagerankX.cc:148] fid: 2	update_sum1.97798
I0804 23:10:03.848526  7918 pagerankX.cc:154] TrainLog: fid-2;0.002146;69979;40833;110812;422723;1991;
I0804 23:10:03.796181 30389 pagerankX.cc:154] TrainLog: fid-38;0.002122;84191;43668;127859;503551;2689;
I0804 23:10:03.778131 15402 pagerankX.cc:148] fid: 9	update_sum2.16536
I0804 23:10:03.778156 15402 pagerankX.cc:154] TrainLog: fid-9;0.002072;76669;46183;122852;575334;3424;
I0804 23:10:03.796192 30392 pagerankX.cc:148] fid: 62	update_sum0.0766703
I0804 23:10:03.796224 30392 pagerankX.cc:154] TrainLog: fid-62;0.002161;84225;43574;127799;497253;158;
I0804 23:10:03.848675  7920 pagerankX.cc:148] fid: 18	update_sum0.117124
I0804 23:10:03.848706  7920 pagerankX.cc:154] TrainLog: fid-18;0.002325;84232;44109;128341;452219;1952;
I0804 23:10:03.718853 26213 pagerankX.cc:148] fid: 35	update_sum0.888149
I0804 23:10:03.718894 26213 pagerankX.cc:154] TrainLog: fid-35;0.00235;84224;38995;123219;519041;1868;
I0804 23:10:03.794206 12351 pagerankX.cc:148] fid: 52	update_sum0.358343
I0804 23:10:03.794235 12351 pagerankX.cc:154] TrainLog: fid-52;0.002387;84223;43351;127574;531617;1943;
I0804 23:10:03.729538 24123 pagerankX.cc:148] fid: 7	update_sum1.50472
I0804 23:10:03.729568 24123 pagerankX.cc:154] TrainLog: fid-7;0.002388;84223;38822;123045;513729;2002;
I0804 23:10:03.848775  7921 pagerankX.cc:148] fid: 26	update_sum0.893389
I0804 23:10:03.848804  7921 pagerankX.cc:154] TrainLog: fid-26;0.002426;84214;45118;129332;537092;1926;
I0804 23:10:03.729653 24125 pagerankX.cc:148] fid: 23	update_sum1.60625
I0804 23:10:03.729657 24130 pagerankX.cc:148] fid: 63	update_sum0.811336
I0804 23:10:03.778506 15408 pagerankX.cc:148] fid: 57	update_sum0.827758
I0804 23:10:03.778553 15408 pagerankX.cc:154] TrainLog: fid-57;0.002508;84220;45516;129736;502410;1957;
I0804 23:10:03.729681 24125 pagerankX.cc:154] TrainLog: fid-23;0.002503;80147;46526;126673;562692;2774;
I0804 23:10:03.729691 24130 pagerankX.cc:154] TrainLog: fid-63;0.002496;84227;27786;112013;618695;1696;
I0804 23:10:03.692615 15664 pagerankX.cc:148] fid: 61	update_sum3.82094
I0804 23:10:03.692638 15664 pagerankX.cc:154] TrainLog: fid-61;0.002634;76057;60896;136953;610582;5229;
I0804 23:10:03.796694 30388 pagerankX.cc:148] fid: 30	update_sum1.31198
I0804 23:10:03.796738 30388 pagerankX.cc:154] TrainLog: fid-30;0.002676;45973;96649;142622;673657;2997;
I0804 23:10:03.719244 26210 pagerankX.cc:148] fid: 11	update_sum0.331662
I0804 23:10:03.719285 26210 pagerankX.cc:154] TrainLog: fid-11;0.002757;84209;49763;133972;603967;515;
I0804 23:10:03.794618 12352 pagerankX.cc:148] fid: 60	update_sum3.40941
I0804 23:10:03.794644 12352 pagerankX.cc:154] TrainLog: fid-60;0.00275;84225;52407;136632;625507;5971;
I0804 23:10:03.681048  5030 pagerankX.cc:148] fid: 56	update_sum2.3796
I0804 23:10:03.681088  5030 pagerankX.cc:154] TrainLog: fid-56;0.00283;84214;65462;149676;715618;3554;
I0804 23:10:03.794808 12347 pagerankX.cc:148] fid: 20	update_sum2.66819
I0804 23:10:03.794833 12347 pagerankX.cc:154] TrainLog: fid-20;0.002947;83946;70759;154705;746281;2282;
I0804 23:10:03.693012 15657 pagerankX.cc:148] fid: 5	update_sum0.164576
I0804 23:10:03.693037 15657 pagerankX.cc:154] TrainLog: fid-5;0.003047;84216;63806;148022;729860;383;
I0804 23:10:03.681286  5024 pagerankX.cc:148] fid: 8	update_sum2.46541
I0804 23:10:03.681310  5024 pagerankX.cc:154] TrainLog: fid-8;0.003129;54520;153783;208303;828179;6922;
I0804 23:10:03.719640 26216 pagerankX.cc:148] fid: 59	update_sum1.77046
I0804 23:10:03.719666 26216 pagerankX.cc:154] TrainLog: fid-59;0.003073;49107;176971;226078;726698;4577;
I0804 23:10:03.795043 12346 pagerankX.cc:148] fid: 12	update_sum4.75882
I0804 23:10:03.795071 12346 pagerankX.cc:154] TrainLog: fid-12;0.003193;84224;74677;158901;764938;6674;
I0804 23:10:03.681494  5023 pagerankX.cc:148] fid: 0	update_sum8.23291
I0804 23:10:03.681521  5023 pagerankX.cc:154] TrainLog: fid-0;0.003336;84225;71443;155668;785132;5618;
I0804 23:10:03.779356 15404 pagerankX.cc:148] fid: 25	update_sum2.7881
I0804 23:10:03.779379 15404 pagerankX.cc:154] TrainLog: fid-25;0.003298;84209;79914;164123;900372;3245;
I0804 23:10:03.797432 30386 pagerankX.cc:148] fid: 14	update_sum2.63447
I0804 23:10:03.797456 30386 pagerankX.cc:154] TrainLog: fid-14;0.003402;84227;52214;136441;842109;2409;
I0804 23:10:03.693436 15659 pagerankX.cc:148] fid: 21	update_sum3.87545
I0804 23:10:03.693459 15659 pagerankX.cc:154] TrainLog: fid-21;0.003472;84215;59114;143329;881595;5925;
I0804 23:10:03.720079 26209 pagerankX.cc:148] fid: 3	update_sum4.79354
I0804 23:10:03.720095 26209 pagerankX.cc:154] TrainLog: fid-3;0.003579;68069;139816;207885;822157;7108;
I0804 23:10:03.795619 12350 pagerankX.cc:148] fid: 44	update_sum3.3675
I0804 23:10:03.795644 12350 pagerankX.cc:154] TrainLog: fid-44;0.003751;84216;64837;149053;921325;2675;
I0804 23:10:03.720538 26214 pagerankX.cc:148] fid: 43	update_sum2.78319
I0804 23:10:03.720561 26214 pagerankX.cc:154] TrainLog: fid-43;0.004047;69759;138379;208138;971666;4150;
I0804 23:10:03.682288  5029 pagerankX.cc:148] fid: 48	update_sum4.88873
I0804 23:10:03.682313  5029 pagerankX.cc:154] TrainLog: fid-48;0.004117;84200;95125;179325;936805;9957;
I0804 23:10:03.731360 24126 pagerankX.cc:148] fid: 31	update_sum2.53153
I0804 23:10:03.731389 24126 pagerankX.cc:154] TrainLog: fid-31;0.004208;79043;74777;153820;1083119;2070;
I0804 23:10:03.780236 15403 pagerankX.cc:148] fid: 17	update_sum4.23509
I0804 23:10:03.780267 15403 pagerankX.cc:154] TrainLog: fid-17;0.004236;82581;91642;174223;833694;4726;
I0804 23:10:03.720831 26215 pagerankX.cc:148] fid: 51	update_sum2.19323
I0804 23:10:03.798369 30391 pagerankX.cc:148] fid: 54	update_sum1.35852
I0804 23:10:03.798393 30391 pagerankX.cc:154] TrainLog: fid-54;0.004318;78067;141682;219749;1066503;3950;
I0804 23:10:03.720856 26215 pagerankX.cc:154] TrainLog: fid-51;0.004282;84173;57027;141200;1008130;2392;
I0804 23:10:03.731601 24129 pagerankX.cc:148] fid: 55	update_sum4.64334
I0804 23:10:03.796356 12348 pagerankX.cc:148] fid: 28	update_sum3.32652
I0804 23:10:03.796380 12348 pagerankX.cc:154] TrainLog: fid-28;0.004489;84200;106454;190654;1138857;3514;
I0804 23:10:03.731619 24127 pagerankX.cc:148] fid: 39	update_sum6.81049
I0804 23:10:03.731628 24129 pagerankX.cc:154] TrainLog: fid-55;0.004436;84224;111883;196107;1107375;5990;
I0804 23:10:03.796407 12349 pagerankX.cc:148] fid: 36	update_sum4.33352
I0804 23:10:03.796427 12349 pagerankX.cc:154] TrainLog: fid-36;0.004541;84191;103630;187821;1247845;4285;
I0804 23:10:03.731642 24127 pagerankX.cc:154] TrainLog: fid-39;0.004497;84209;80798;165007;1044831;5084;
I0804 23:10:03.731735 24128 pagerankX.cc:148] fid: 47	update_sum3.46241
I0804 23:10:03.796545 12345 pagerankX.cc:148] fid: 4	update_sum4.26213
I0804 23:10:03.796568 12345 pagerankX.cc:154] TrainLog: fid-4;0.004681;84165;96871;181036;1264647;2983;
I0804 23:10:03.798714 30390 pagerankX.cc:148] fid: 46	update_sum5.18179
I0804 23:10:03.798738 30390 pagerankX.cc:154] TrainLog: fid-46;0.004662;84224;94833;179057;1212840;4825;
I0804 23:10:03.731775 24128 pagerankX.cc:154] TrainLog: fid-47;0.004589;82029;132537;214566;1139729;4474;
I0804 23:10:03.780759 15406 pagerankX.cc:148] fid: 41	update_sum2.16783
I0804 23:10:03.780784 15406 pagerankX.cc:154] TrainLog: fid-41;0.00474;84226;79146;163372;1001615;2246;
I0804 23:10:03.851210  7925 pagerankX.cc:154] TrainLog: fid-58;0.004821;84228;62210;146438;925592;3228;
I0804 23:10:03.780961 15407 pagerankX.cc:148] fid: 49	update_sum3.99867
I0804 23:10:03.780987 15407 pagerankX.cc:154] TrainLog: fid-49;0.004941;80634;109603;190237;1034819;4177;
I0804 23:10:03.683176  5027 pagerankX.cc:148] fid: 32	update_sum9.01755
I0804 23:10:03.683202  5027 pagerankX.cc:154] TrainLog: fid-32;0.005005;84205;123055;207260;1181299;7409;
I0804 23:10:03.732599 24124 pagerankX.cc:148] fid: 15	update_sum0.674278
I0804 23:10:03.732625 24124 pagerankX.cc:154] TrainLog: fid-15;0.005444;84222;117070;201292;1413131;2317;
I0804 23:10:03.781548 15405 pagerankX.cc:148] fid: 33	update_sum5.4221
I0804 23:10:03.781572 15405 pagerankX.cc:154] TrainLog: fid-33;0.005544;84218;93584;177802;1168862;5565;
I0804 23:10:03.695695 15660 pagerankX.cc:148] fid: 29	update_sum5.58646
I0804 23:10:03.695713 15660 pagerankX.cc:154] TrainLog: fid-29;0.005746;84206;174361;258567;1580062;12609;
I0804 23:10:03.852210  7923 pagerankX.cc:148] fid: 42	update_sum3.48099
I0804 23:10:03.852233  7923 pagerankX.cc:154] TrainLog: fid-42;0.005848;84202;107090;191292;1563104;2331;
I0804 23:10:03.782795 15401 pagerankX.cc:148] fid: 1	update_sum4.59636
I0804 23:10:03.782820 15401 pagerankX.cc:154] TrainLog: fid-1;0.006792;84228;185158;269386;1396748;10907;
I0804 23:10:03.853821  7919 pagerankX.cc:148] fid: 10	update_sum1.26642
I0804 23:10:03.853848  7919 pagerankX.cc:154] TrainLog: fid-10;0.007472;84232;150997;235229;1959471;3354;
I0804 23:10:03.724845 26211 pagerankX.cc:148] fid: 19	update_sum1.43353
I0804 23:10:03.724861 26211 pagerankX.cc:154] TrainLog: fid-19;0.008353;84212;155903;240115;2122591;4404;
I0804 23:10:03.725386 26212 pagerankX.cc:148] fid: 27	update_sum4.27899
I0804 23:10:03.725404 26212 pagerankX.cc:154] TrainLog: fid-27;0.008895;84218;193747;277965;2300002;13977;
I0804 23:10:03.856103  7924 pagerankX.cc:148] fid: 50	update_sum0.0157182
I0804 23:10:03.856130  7924 pagerankX.cc:154] TrainLog: fid-50;0.000804;44761;17980;62741;140738;30;
I0804 23:10:03.856531  7922 pagerankX.cc:148] fid: 34	update_sum0.179383
I0804 23:10:03.856564  7922 pagerankX.cc:154] TrainLog: fid-34;0.001236;43513;40170;83683;240401;366;
I0804 23:10:03.700243 15663 pagerankX.cc:148] fid: 53	update_sum0.357408
I0804 23:10:03.700270 15663 pagerankX.cc:154] TrainLog: fid-53;0.00132;35841;50712;86553;304089;820;
I0804 23:10:03.700424 15662 pagerankX.cc:148] fid: 45	update_sum0.850437
I0804 23:10:03.700466 15662 pagerankX.cc:154] TrainLog: fid-45;0.001529;44749;55812;100561;360972;526;
I0804 23:10:03.804610 30387 pagerankX.cc:148] fid: 22	update_sum0.239131
I0804 23:10:03.804636 30387 pagerankX.cc:154] TrainLog: fid-22;0.001635;57648;49984;107632;404607;366;
I0804 23:10:03.688794  5026 pagerankX.cc:148] fid: 24	update_sum0.0670046
I0804 23:10:03.688822  5026 pagerankX.cc:154] TrainLog: fid-24;0.001634;74218;30016;104234;388307;44;
I0804 23:10:03.700597 15658 pagerankX.cc:148] fid: 13	update_sum0.412289
I0804 23:10:03.700623 15658 pagerankX.cc:154] TrainLog: fid-13;0.001694;68278;32673;100951;393419;125;
I0804 23:10:03.804791 30385 pagerankX.cc:148] fid: 6	update_sum0.224976
I0804 23:10:03.688921  5025 pagerankX.cc:148] fid: 16	update_sum0.5957
I0804 23:10:03.688978  5025 pagerankX.cc:154] TrainLog: fid-16;0.001874;53384;64307;117691;392595;687;
I0804 23:10:03.804816 30385 pagerankX.cc:154] TrainLog: fid-6;0.001823;84178;32504;116682;413169;110;
I0804 23:10:03.689007  5028 pagerankX.cc:148] fid: 40	update_sum0.632982
I0804 23:10:03.689028  5028 pagerankX.cc:154] TrainLog: fid-40;0.00188;64637;46682;111319;414539;272;
I0804 23:10:03.805086 30389 pagerankX.cc:148] fid: 38	update_sum0.459604
I0804 23:10:03.700951 15661 pagerankX.cc:148] fid: 37	update_sum0.543258
I0804 23:10:03.857431  7918 pagerankX.cc:148] fid: 2	update_sum0.820372
I0804 23:10:03.857460  7918 pagerankX.cc:154] TrainLog: fid-2;0.002135;69979;40833;110812;422723;242;
I0804 23:10:03.805110 30389 pagerankX.cc:154] TrainLog: fid-38;0.002108;84191;43668;127859;503551;256;
I0804 23:10:03.700978 15661 pagerankX.cc:154] TrainLog: fid-37;0.002042;52649;45677;98326;490241;386;
I0804 23:10:03.787133 15402 pagerankX.cc:148] fid: 9	update_sum0.694122
I0804 23:10:03.787173 15402 pagerankX.cc:154] TrainLog: fid-9;0.002128;76669;46183;122852;575334;484;
I0804 23:10:03.805166 30392 pagerankX.cc:148] fid: 62	update_sum0.0134112
I0804 23:10:03.805197 30392 pagerankX.cc:154] TrainLog: fid-62;0.002132;84225;43574;127799;497253;29;
I0804 23:10:03.857605  7920 pagerankX.cc:148] fid: 18	update_sum0.0281209
I0804 23:10:03.857636  7920 pagerankX.cc:154] TrainLog: fid-18;0.002311;84232;44109;128341;452219;12;
I0804 23:10:03.727763 26213 pagerankX.cc:148] fid: 35	update_sum0.307886
I0804 23:10:03.727790 26213 pagerankX.cc:154] TrainLog: fid-35;0.002303;84224;38995;123219;519041;110;
I0804 23:10:03.738425 24123 pagerankX.cc:148] fid: 7	update_sum0.619423
I0804 23:10:03.738453 24123 pagerankX.cc:154] TrainLog: fid-7;0.002327;84223;38822;123045;513729;454;
I0804 23:10:03.857641  7921 pagerankX.cc:148] fid: 26	update_sum0.278257
I0804 23:10:03.803108 12351 pagerankX.cc:148] fid: 52	update_sum0.11554
I0804 23:10:03.803161 12351 pagerankX.cc:154] TrainLog: fid-52;0.00237;84223;43351;127574;531617;25;
I0804 23:10:03.857666  7921 pagerankX.cc:154] TrainLog: fid-26;0.00234;84214;45118;129332;537092;425;
I0804 23:10:03.738529 24125 pagerankX.cc:148] fid: 23	update_sum0.45489
I0804 23:10:03.738555 24125 pagerankX.cc:154] TrainLog: fid-23;0.002432;80147;46526;126673;562692;333;
I0804 23:10:03.787396 15408 pagerankX.cc:148] fid: 57	update_sum0.25102
I0804 23:10:03.787428 15408 pagerankX.cc:154] TrainLog: fid-57;0.002437;84220;45516;129736;502410;269;
I0804 23:10:03.738569 24130 pagerankX.cc:148] fid: 63	update_sum0.341995
I0804 23:10:03.738605 24130 pagerankX.cc:154] TrainLog: fid-63;0.002469;84227;27786;112013;618695;1030;
I0804 23:10:03.701499 15664 pagerankX.cc:148] fid: 61	update_sum1.27049
I0804 23:10:03.701522 15664 pagerankX.cc:154] TrainLog: fid-61;0.002554;76057;60896;136953;610582;680;
I0804 23:10:03.728124 26210 pagerankX.cc:148] fid: 11	update_sum0.109011
I0804 23:10:03.728155 26210 pagerankX.cc:154] TrainLog: fid-11;0.002684;84209;49763;133972;603967;51;
I0804 23:10:03.805655 30388 pagerankX.cc:148] fid: 30	update_sum0.416728
I0804 23:10:03.805680 30388 pagerankX.cc:154] TrainLog: fid-30;0.002618;45973;96649;142622;673657;574;
I0804 23:10:03.803524 12352 pagerankX.cc:148] fid: 60	update_sum1.13606
I0804 23:10:03.803548 12352 pagerankX.cc:154] TrainLog: fid-60;0.00271;84225;52407;136632;625507;379;
I0804 23:10:03.689944  5030 pagerankX.cc:148] fid: 56	update_sum0.981892
I0804 23:10:03.689970  5030 pagerankX.cc:154] TrainLog: fid-56;0.002784;84214;65462;149676;715618;680;
I0804 23:10:03.803716 12347 pagerankX.cc:148] fid: 20	update_sum1.15428
I0804 23:10:03.803741 12347 pagerankX.cc:154] TrainLog: fid-20;0.002907;83946;70759;154705;746281;900;
I0804 23:10:03.701917 15657 pagerankX.cc:148] fid: 5	update_sum0.0323013
I0804 23:10:03.701941 15657 pagerankX.cc:154] TrainLog: fid-5;0.003004;84216;63806;148022;729860;60;
I0804 23:10:03.728485 26216 pagerankX.cc:148] fid: 59	update_sum0.293613
I0804 23:10:03.728510 26216 pagerankX.cc:154] TrainLog: fid-59;0.002976;49107;176971;226078;726698;2031;
I0804 23:10:03.690217  5024 pagerankX.cc:148] fid: 8	update_sum0.45979
I0804 23:10:03.690240  5024 pagerankX.cc:154] TrainLog: fid-8;0.003055;54520;153783;208303;828179;2251;
I0804 23:10:03.803946 12346 pagerankX.cc:148] fid: 12	update_sum1.71394
I0804 23:10:03.803972 12346 pagerankX.cc:154] TrainLog: fid-12;0.003147;84224;74677;158901;764938;776;
I0804 23:10:03.690343  5023 pagerankX.cc:148] fid: 0	update_sum3.12036
I0804 23:10:03.690368  5023 pagerankX.cc:154] TrainLog: fid-0;0.00324;84225;71443;155668;785132;953;
I0804 23:10:03.702327 15659 pagerankX.cc:148] fid: 21	update_sum1.53793
I0804 23:10:03.788345 15404 pagerankX.cc:148] fid: 25	update_sum0.765966
I0804 23:10:03.788370 15404 pagerankX.cc:154] TrainLog: fid-25;0.00334;84209;79914;164123;900372;2556;
I0804 23:10:03.806402 30386 pagerankX.cc:148] fid: 14	update_sum1.03946
I0804 23:10:03.806427 30386 pagerankX.cc:154] TrainLog: fid-14;0.003363;84227;52214;136441;842109;830;
I0804 23:10:03.702350 15659 pagerankX.cc:154] TrainLog: fid-21;0.003415;84215;59114;143329;881595;3560;
I0804 23:10:03.728937 26209 pagerankX.cc:148] fid: 3	update_sum1.11473
I0804 23:10:03.728955 26209 pagerankX.cc:154] TrainLog: fid-3;0.003496;68069;139816;207885;822157;1385;
I0804 23:10:03.804525 12350 pagerankX.cc:148] fid: 44	update_sum1.54776
I0804 23:10:03.804549 12350 pagerankX.cc:154] TrainLog: fid-44;0.003712;84216;64837;149053;921325;707;
I0804 23:10:03.691094  5029 pagerankX.cc:148] fid: 48	update_sum1.46898
I0804 23:10:03.691119  5029 pagerankX.cc:154] TrainLog: fid-48;0.003968;84200;95125;179325;936805;1609;
I0804 23:10:03.729457 26214 pagerankX.cc:148] fid: 43	update_sum0.839245
I0804 23:10:03.729499 26214 pagerankX.cc:154] TrainLog: fid-43;0.003949;69759;138379;208138;971666;2058;
I0804 23:10:03.789120 15403 pagerankX.cc:148] fid: 17	update_sum1.25154
I0804 23:10:03.789150 15403 pagerankX.cc:154] TrainLog: fid-17;0.004173;82581;91642;174223;833694;1250;
I0804 23:10:03.740286 24126 pagerankX.cc:148] fid: 31	update_sum1.05991
I0804 23:10:03.740312 24126 pagerankX.cc:154] TrainLog: fid-31;0.004185;79043;74777;153820;1083119;612;
I0804 23:10:03.729712 26215 pagerankX.cc:148] fid: 51	update_sum0.81714
I0804 23:10:03.729737 26215 pagerankX.cc:154] TrainLog: fid-51;0.004238;84173;57027;141200;1008130;417;
I0804 23:10:03.740398 24127 pagerankX.cc:148] fid: 39	update_sum2.96235
I0804 23:10:03.740435 24127 pagerankX.cc:154] TrainLog: fid-39;0.004345;84209;80798;165007;1044831;1009;
I0804 23:10:03.807327 30391 pagerankX.cc:148] fid: 54	update_sum0.45036
I0804 23:10:03.807353 30391 pagerankX.cc:154] TrainLog: fid-54;0.004286;78067;141682;219749;1066503;713;
I0804 23:10:03.740514 24129 pagerankX.cc:148] fid: 55	update_sum1.24784
I0804 23:10:03.740543 24129 pagerankX.cc:154] TrainLog: fid-55;0.004409;84224;111883;196107;1107375;1724;
I0804 23:10:03.805258 12348 pagerankX.cc:148] fid: 28	update_sum1.24778
I0804 23:10:03.805281 12348 pagerankX.cc:154] TrainLog: fid-28;0.004458;84200;106454;190654;1138857;993;
I0804 23:10:03.805325 12349 pagerankX.cc:148] fid: 36	update_sum0.967495
I0804 23:10:03.805346 12349 pagerankX.cc:154] TrainLog: fid-36;0.004512;84191;103630;187821;1247845;2412;
I0804 23:10:03.740671 24128 pagerankX.cc:148] fid: 47	update_sum0.969807
I0804 23:10:03.740698 24128 pagerankX.cc:154] TrainLog: fid-47;0.004571;82029;132537;214566;1139729;2248;
I0804 23:10:03.789599 15406 pagerankX.cc:148] fid: 41	update_sum0.899363
I0804 23:10:03.789624 15406 pagerankX.cc:154] TrainLog: fid-41;0.004649;84226;79146;163372;1001615;875;
I0804 23:10:03.805459 12345 pagerankX.cc:148] fid: 4	update_sum1.97605
I0804 23:10:03.805481 12345 pagerankX.cc:154] TrainLog: fid-4;0.004649;84165;96871;181036;1264647;833;
I0804 23:10:03.807684 30390 pagerankX.cc:148] fid: 46	update_sum1.82303
I0804 23:10:03.807708 30390 pagerankX.cc:154] TrainLog: fid-46;0.004641;84224;94833;179057;1212840;2205;
I0804 23:10:03.789786 15407 pagerankX.cc:148] fid: 49	update_sum1.29049
I0804 23:10:03.789813 15407 pagerankX.cc:154] TrainLog: fid-49;0.004806;80634;109603;190237;1034819;2557;
I0804 23:10:03.692013  5027 pagerankX.cc:148] fid: 32	update_sum2.63762
I0804 23:10:03.692039  5027 pagerankX.cc:154] TrainLog: fid-32;0.004895;84205;123055;207260;1181299;1759;
I0804 23:10:03.790371 15405 pagerankX.cc:148] fid: 33	update_sum1.94582
I0804 23:10:03.790395 15405 pagerankX.cc:154] TrainLog: fid-33;0.005419;84218;93584;177802;1168862;1073;
I0804 23:10:03.741513 24124 pagerankX.cc:148] fid: 15	update_sum0.171084
I0804 23:10:03.741538 24124 pagerankX.cc:154] TrainLog: fid-15;0.005413;84222;117070;201292;1413131;589;
I0804 23:10:03.860904  7923 pagerankX.cc:148] fid: 42	update_sum1.1627
I0804 23:10:03.860929  7923 pagerankX.cc:154] TrainLog: fid-42;0.005604;84202;107090;191292;1563104;1090;
I0804 23:10:03.704717 15660 pagerankX.cc:148] fid: 29	update_sum1.46332
I0804 23:10:03.704735 15660 pagerankX.cc:154] TrainLog: fid-29;0.005825;84206;174361;258567;1580062;2953;
I0804 23:10:03.791622 15401 pagerankX.cc:148] fid: 1	update_sum1.02758
I0804 23:10:03.791647 15401 pagerankX.cc:154] TrainLog: fid-1;0.00667;84228;185158;269386;1396748;2681;
I0804 23:10:03.862401  7919 pagerankX.cc:148] fid: 10	update_sum0.346981
I0804 23:10:03.862421  7919 pagerankX.cc:154] TrainLog: fid-10;0.007136;84232;150997;235229;1959471;577;
I0804 23:10:03.733791 26211 pagerankX.cc:148] fid: 19	update_sum0.368505
I0804 23:10:03.733806 26211 pagerankX.cc:154] TrainLog: fid-19;0.008354;84212;155903;240115;2122591;670;
I0804 23:10:03.734278 26212 pagerankX.cc:148] fid: 27	update_sum1.02295
I0804 23:10:03.734297 26212 pagerankX.cc:154] TrainLog: fid-27;0.008842;84218;193747;277965;2300002;3529;
I0804 23:10:03.698990  5018 worker.cc:478] [worker1] enters process result assemble, 8
I0804 23:10:03.867166  7913 worker.cc:478] [worker3] enters process result assemble, 8
I0804 23:10:03.737319 26204 worker.cc:478] [worker4] enters process result assemble, 8
I0804 23:10:03.812665 12340 worker.cc:478] [worker5] enters process result assemble, 8
I0804 23:10:03.814838 30380 worker.cc:478] [worker7] enters process result assemble, 8
I0804 23:10:03.747973 24118 worker.cc:478] [worker8] enters process result assemble, 8
I0804 23:10:03.710775 15652 worker.cc:478] [worker6] enters process result assemble, 8
I0804 23:10:03.796829 15396 worker.cc:478] [worker2] enters process result assemble, 8
W0804 23:10:04.456770 26204 pagerankX.cc:212] eta 0 Fid 3	#internation	32
W0804 23:10:04.608961  7913 pagerankX.cc:212] eta 0 Fid 2	#internation	32
W0804 23:10:04.720647 30380 pagerankX.cc:212] eta 0 Fid 6	#internation	32
W0804 23:10:04.719605 15396 pagerankX.cc:212] eta 0 Fid 1	#internation	32
W0804 23:10:04.738503 12340 pagerankX.cc:212] eta 0 Fid 4	#internation	32
W0804 23:10:04.650655 15652 pagerankX.cc:212] eta 0 Fid 5	#internation	32
W0804 23:10:04.714622 24118 pagerankX.cc:212] eta 0 Fid 7	#internation	32
W0804 23:10:04.667173  5018 pagerankX.cc:212] eta 0 Fid 0	#internation	32
W0804 23:10:05.292066  5018 pagerankX.cc:212] eta 0 Fid 8	#internation	32
W0804 23:10:05.375854 26204 pagerankX.cc:212] eta 0 Fid 11	#internation	32
W0804 23:10:05.512739  7913 pagerankX.cc:212] eta 0 Fid 10	#internation	32
W0804 23:10:05.404799 15652 pagerankX.cc:212] eta 0 Fid 13	#internation	32
W0804 23:10:05.562532 15396 pagerankX.cc:212] eta 0 Fid 9	#internation	32
W0804 23:10:05.633296 30380 pagerankX.cc:212] eta 0 Fid 14	#internation	32
W0804 23:10:05.652678 12340 pagerankX.cc:212] eta 0 Fid 12	#internation	32
W0804 23:10:05.672646 24118 pagerankX.cc:212] eta 0 Fid 15	#internation	32
W0804 23:10:05.901168  5018 pagerankX.cc:212] eta 0 Fid 16	#internation	32
W0804 23:10:06.243770 30380 pagerankX.cc:212] eta 0 Fid 22	#internation	32
W0804 23:10:06.247978 26204 pagerankX.cc:212] eta 0 Fid 19	#internation	32
W0804 23:10:06.421841  7913 pagerankX.cc:212] eta 0 Fid 18	#internation	32
W0804 23:10:06.331975 15652 pagerankX.cc:212] eta 0 Fid 21	#internation	32
W0804 23:10:06.465590 15396 pagerankX.cc:212] eta 0 Fid 17	#internation	32
W0804 23:10:06.574245 12340 pagerankX.cc:212] eta 0 Fid 20	#internation	32
W0804 23:10:06.587064 24118 pagerankX.cc:212] eta 0 Fid 23	#internation	32
W0804 23:10:06.735117 30380 pagerankX.cc:212] eta 0 Fid 30	#internation	32
W0804 23:10:06.754477  5018 pagerankX.cc:212] eta 0 Fid 24	#internation	32
W0804 23:10:07.133864 26204 pagerankX.cc:212] eta 0 Fid 27	#internation	32
W0804 23:10:07.310313  7913 pagerankX.cc:212] eta 0 Fid 26	#internation	32
W0804 23:10:07.261014 15652 pagerankX.cc:212] eta 0 Fid 29	#internation	32
W0804 23:10:07.392724 15396 pagerankX.cc:212] eta 0 Fid 25	#internation	32
W0804 23:10:07.483466 12340 pagerankX.cc:212] eta 0 Fid 28	#internation	32
W0804 23:10:07.484623 24118 pagerankX.cc:212] eta 0 Fid 31	#internation	32
W0804 23:10:07.644177 30380 pagerankX.cc:212] eta 0 Fid 38	#internation	32
W0804 23:10:07.770498  7913 pagerankX.cc:212] eta 0 Fid 34	#internation	32
W0804 23:10:07.726406  5018 pagerankX.cc:212] eta 0 Fid 32	#internation	32
W0804 23:10:07.841823 15652 pagerankX.cc:212] eta 0 Fid 37	#internation	32
W0804 23:10:08.027685 26204 pagerankX.cc:212] eta 0 Fid 35	#internation	32
W0804 23:10:08.319363 15396 pagerankX.cc:212] eta 0 Fid 33	#internation	32
W0804 23:10:08.410953 12340 pagerankX.cc:212] eta 0 Fid 36	#internation	32
W0804 23:10:08.331578 15652 pagerankX.cc:212] eta 0 Fid 45	#internation	32
W0804 23:10:08.442394 24118 pagerankX.cc:212] eta 0 Fid 39	#internation	32
W0804 23:10:08.560920 30380 pagerankX.cc:212] eta 0 Fid 46	#internation	32
W0804 23:10:08.468850  5018 pagerankX.cc:212] eta 0 Fid 40	#internation	32
W0804 23:10:08.659891  7913 pagerankX.cc:212] eta 0 Fid 42	#internation	32
W0804 23:10:08.720319 15652 pagerankX.cc:212] eta 0 Fid 53	#internation	32
W0804 23:10:08.751920 26204 pagerankX.cc:212] eta 0 Fid 43	#internation	32
W0804 23:10:09.133633  7913 pagerankX.cc:212] eta 0 Fid 50	#internation	32
W0804 23:10:09.299818 15396 pagerankX.cc:212] eta 0 Fid 41	#internation	32
W0804 23:10:09.335819 12340 pagerankX.cc:212] eta 0 Fid 44	#internation	32
W0804 23:10:09.394793 30380 pagerankX.cc:212] eta 0 Fid 54	#internation	32
W0804 23:10:09.381819 24118 pagerankX.cc:212] eta 0 Fid 47	#internation	32
W0804 23:10:09.452011  5018 pagerankX.cc:212] eta 0 Fid 48	#internation	32
W0804 23:10:09.551697 15652 pagerankX.cc:212] eta 0 Fid 61	#internation	32
W0804 23:10:09.641582 26204 pagerankX.cc:212] eta 0 Fid 51	#internation	32
W0804 23:10:10.043393  7913 pagerankX.cc:212] eta 0 Fid 58	#internation	31
W0804 23:10:10.151530 26204 pagerankX.cc:212] eta 0 Fid 59	#internation	32
W0804 23:10:10.215688 15396 pagerankX.cc:212] eta 0 Fid 49	#internation	32
W0804 23:10:10.299798 12340 pagerankX.cc:212] eta 0 Fid 52	#internation	32
W0804 23:10:10.302114 30380 pagerankX.cc:212] eta 0 Fid 62	#internation	32
W0804 23:10:10.337608 24118 pagerankX.cc:212] eta 0 Fid 55	#internation	32
W0804 23:10:10.424763  5018 pagerankX.cc:212] eta 0 Fid 56	#internation	32
W0804 23:10:11.138711 15396 pagerankX.cc:212] eta 0 Fid 57	#internation	32
W0804 23:10:11.301647 12340 pagerankX.cc:212] eta 0 Fid 60	#internation	32
W0804 23:10:11.295835 24118 pagerankX.cc:212] eta 0 Fid 63	#internation	32
I0804 23:10:11.335175 30953 metric.cc:219] -------------------------------------------------
I0804 23:10:11.335206 30953 metric.cc:220] algorithm:           pagerank
I0804 23:10:11.335225 30953 metric.cc:221] dataset-vfile:       /BIGDATA1/buaa_wffan_1/grape-data/dbpedia/evr/dbpedia.v
I0804 23:10:11.335237 30953 metric.cc:222] dataset-efile:       /BIGDATA1/buaa_wffan_1/grape-data/dbpedia/evr/dbpedia.e
I0804 23:10:11.335242 30953 metric.cc:223] partition-num:       64
I0804 23:10:11.335247 30953 metric.cc:224] query-info:          file:/BIGDATA1/buaa_wffan_1/lidongze/code/grape/cpp/build/query/pagerank_feature/query-bsp
I0804 23:10:11.335249 30953 metric.cc:225] graph-load-time(s):  0.555655
I0804 23:10:11.335276 30953 metric.cc:226] grape-total-time(s): 0.571828
I0804 23:10:11.335283 30953 metric.cc:227] max-thread-time(s):  0.515719
I0804 23:10:11.335289 30953 metric.cc:228] min-thread-time(s):  0.0499074
