I0804 23:07:54.270478 26234 util.cc:56] "query-bsp"
I0804 23:07:54.271646 26234 worker.cc:238] The query absolute path is /BIGDATA1/buaa_wffan_1/lidongze/code/grape/cpp/build/query/pagerank_feature/query-bsp
I0804 23:07:54.291257 26234 worker.cc:244] query detail: 
I0804 23:07:54.291272 26234 query.cc:81] terminate = 0
I0804 23:07:54.291303 26234 query.cc:82] bound = 0
I0804 23:07:54.291309 26234 query.cc:83] root = 0
I0804 23:07:54.291316 26234 query.cc:84] lower_bound_ = 0
I0804 23:07:54.291319 26234 query.cc:85] upper_bound_ = 50
I0804 23:07:54.291323 26234 query.cc:86] ttl_ = 100000
I0804 23:07:54.294132 26234 query.cc:87] sampling_pattern = 
I0804 23:07:54.294144 26234 worker.cc:249] query_info=file:/BIGDATA1/buaa_wffan_1/lidongze/code/grape/cpp/build/query/pagerank_feature/query-bsp
I0804 23:07:54.294309 26234 worker.cc:35] Enter coordinator loop
I0804 23:07:54.246049 26151 worker.cc:155] tid-0 access Cool
I0804 23:07:54.320885 12289 worker.cc:155] tid-1 access Cool
I0804 23:07:54.375223  3253 worker.cc:155] tid-5 access Cool
I0804 23:07:54.375172  3243 worker.cc:49] Enter worker loop, task num is 8
I0804 23:07:54.323066 30332 worker.cc:155] tid-0 access Cool
I0804 23:07:54.256633 24072 worker.cc:155] tid-2 access Cool
I0804 23:07:54.256633 24070 worker.cc:155] tid-0 access Cool
I0804 23:07:54.305136 10735 worker.cc:155] tid-0 access Cool
I0804 23:07:54.219861 10994 worker.cc:155] tid-3 access Cool
I0804 23:07:54.219681 10992 worker.cc:155] tid-1 access Cool
I0804 23:07:54.207561  4956 worker.cc:155] tid-0 access Cool
I0804 23:07:54.207770  4963 worker.cc:155] tid-7 access Cool
I0804 23:07:54.305299 10737 worker.cc:155] tid-2 access Cool
I0804 23:07:54.246057 26155 worker.cc:155] tid-4 access Cool
I0804 23:07:54.375039  3252 worker.cc:155] tid-4 access Cool
I0804 23:07:54.320902 12292 worker.cc:155] tid-4 access Cool
I0804 23:07:54.219724 10997 worker.cc:155] tid-6 access Cool
I0804 23:07:54.323076 30336 worker.cc:155] tid-4 access Cool
I0804 23:07:54.256644 24074 worker.cc:155] tid-4 access Cool
I0804 23:07:54.207795  4961 worker.cc:155] tid-5 access Cool
I0804 23:07:54.305382 10740 worker.cc:155] tid-5 access Cool
I0804 23:07:54.246060 26154 worker.cc:155] tid-3 access Cool
I0804 23:07:54.246049 26153 worker.cc:155] tid-2 access Cool
I0804 23:07:54.375174  3255 worker.cc:155] tid-7 access Cool
I0804 23:07:54.320889 12290 worker.cc:155] tid-2 access Cool
I0804 23:07:54.219863 10986 worker.cc:49] Enter worker loop, task num is 8
I0804 23:07:54.323066 30334 worker.cc:155] tid-2 access Cool
I0804 23:07:54.323066 30333 worker.cc:155] tid-1 access Cool
I0804 23:07:54.256633 24071 worker.cc:155] tid-1 access Cool
I0804 23:07:54.207561  4960 worker.cc:155] tid-4 access Cool
I0804 23:07:54.305136 10736 worker.cc:155] tid-1 access Cool
I0804 23:07:54.305416 10742 worker.cc:155] tid-7 access Cool
I0804 23:07:54.246100 26156 worker.cc:155] tid-5 access Cool
I0804 23:07:54.246052 26152 worker.cc:155] tid-1 access Cool
I0804 23:07:54.375098  3251 worker.cc:155] tid-3 access Cool
I0804 23:07:54.320915 12293 worker.cc:155] tid-5 access Cool
I0804 23:07:54.321033 12283 worker.cc:49] Enter worker loop, task num is 8
I0804 23:07:54.219686 10991 worker.cc:155] tid-0 access Cool
I0804 23:07:54.323246 30339 worker.cc:155] tid-7 access Cool
I0804 23:07:54.323151 30337 worker.cc:155] tid-5 access Cool
I0804 23:07:54.256634 24073 worker.cc:155] tid-3 access Cool
I0804 23:07:54.207733  4957 worker.cc:155] tid-1 access Cool
I0804 23:07:54.207557  4959 worker.cc:155] tid-3 access Cool
I0804 23:07:54.207651  4962 worker.cc:155] tid-6 access Cool
I0804 23:07:54.305138 10738 worker.cc:155] tid-3 access Cool
I0804 23:07:54.246138 26157 worker.cc:155] tid-6 access Cool
I0804 23:07:54.375095  3254 worker.cc:155] tid-6 access Cool
I0804 23:07:54.320968 12288 worker.cc:155] tid-0 access Cool
I0804 23:07:54.219686 10995 worker.cc:155] tid-4 access Cool
I0804 23:07:54.323168 30335 worker.cc:155] tid-3 access Cool
I0804 23:07:54.256659 24075 worker.cc:155] tid-5 access Cool
I0804 23:07:54.207770  4951 worker.cc:49] Enter worker loop, task num is 8
I0804 23:07:54.207767  4958 worker.cc:155] tid-2 access Cool
I0804 23:07:54.305399 10741 worker.cc:155] tid-6 access Cool
I0804 23:07:54.246177 26146 worker.cc:49] Enter worker loop, task num is 8
I0804 23:07:54.375039  3248 worker.cc:155] tid-0 access Cool
I0804 23:07:54.320973 12294 worker.cc:155] tid-6 access Cool
I0804 23:07:54.219925 10998 worker.cc:155] tid-7 access Cool
I0804 23:07:54.323246 30327 worker.cc:49] Enter worker loop, task num is 8
I0804 23:07:54.256676 24076 worker.cc:155] tid-6 access Cool
I0804 23:07:54.236749  4961 pagerankX.cc:154] TrainLog: fid-40;0.003561;64637;46682;111319;414539;39730;
I0804 23:07:54.235481  4959 pagerankX.cc:154] TrainLog: fid-24;0.003028;74218;30016;104234;388307;30789;
I0804 23:07:54.305399 10730 worker.cc:49] Enter worker loop, task num is 8
I0804 23:07:54.246178 26158 worker.cc:155] tid-7 access Cool
I0804 23:07:54.375035  3249 worker.cc:155] tid-1 access Cool
I0804 23:07:54.321034 12295 worker.cc:155] tid-7 access Cool
I0804 23:07:54.320886 12291 worker.cc:155] tid-3 access Cool
I0804 23:07:54.219686 10993 worker.cc:155] tid-2 access Cool
I0804 23:07:54.323204 30338 worker.cc:155] tid-6 access Cool
I0804 23:07:54.256714 24077 worker.cc:155] tid-7 access Cool
I0804 23:07:54.238309  4958 pagerankX.cc:154] TrainLog: fid-16;0.005862;53384;64307;117691;392595;51307;
I0804 23:07:54.305323 10739 worker.cc:155] tid-4 access Cool
I0804 23:07:54.278949 26155 pagerankX.cc:154] TrainLog: fid-35;0.00419;84224;38995;123219;519041;36047;
I0804 23:07:54.281812 26157 pagerankX.cc:154] TrainLog: fid-51;0.007044;84173;57027;141200;1008130;46972;
I0804 23:07:54.375193  3250 worker.cc:155] tid-2 access Cool
I0804 23:07:54.349097 12294 pagerankX.cc:154] TrainLog: fid-52;0.003762;84223;43351;127574;531617;37955;
I0804 23:07:54.219748 10996 worker.cc:155] tid-5 access Cool
I0804 23:07:54.351289 30332 pagerankX.cc:154] TrainLog: fid-6;0.003453;84178;32504;116682;413169;33868;
I0804 23:07:54.351503 30334 pagerankX.cc:154] TrainLog: fid-22;0.003672;57648;49984;107632;404607;44745;
I0804 23:07:54.352754 30339 pagerankX.cc:154] TrainLog: fid-62;0.003508;84225;43574;127799;497253;38727;
I0804 23:07:54.256718 24065 worker.cc:49] Enter worker loop, task num is 8
I0804 23:07:54.239428  4963 pagerankX.cc:154] TrainLog: fid-56;0.00698;84214;65462;149676;715618;62256;
I0804 23:07:54.336700 10738 pagerankX.cc:154] TrainLog: fid-25;0.005861;84209;79914;164123;900372;99538;
I0804 23:07:54.334658 10736 pagerankX.cc:154] TrainLog: fid-9;0.003807;76669;46183;122852;575334;31880;
I0804 23:07:54.283412 26151 pagerankX.cc:154] TrainLog: fid-3;0.008659;68069;139816;207885;822157;103030;
I0804 23:07:54.400331  3254 pagerankX.cc:154] TrainLog: fid-50;0.001556;44761;17980;62741;140738;22341;
I0804 23:07:54.353730 12289 pagerankX.cc:154] TrainLog: fid-12;0.008402;84224;74677;158901;764938;69591;
I0804 23:07:54.246910 10992 pagerankX.cc:154] TrainLog: fid-13;0.002823;68278;32673;100951;393419;25924;
I0804 23:07:54.352869 30333 pagerankX.cc:154] TrainLog: fid-14;0.005037;84227;52214;136441;842109;48997;
I0804 23:07:54.286537 24072 pagerankX.cc:154] TrainLog: fid-23;0.004272;80147;46526;126673;562692;41853;
I0804 23:07:54.288169 24070 pagerankX.cc:154] TrainLog: fid-7;0.005136;84223;38822;123045;513729;35811;
I0804 23:07:54.285660 24077 pagerankX.cc:154] TrainLog: fid-63;0.003382;84227;27786;112013;618695;23490;
I0804 23:07:54.239512  4956 pagerankX.cc:154] TrainLog: fid-0;0.007069;84225;71443;155668;785132;89096;
I0804 23:07:54.337113 10742 pagerankX.cc:154] TrainLog: fid-57;0.006273;84220;45516;129736;502410;37223;
I0804 23:07:54.283849 26152 pagerankX.cc:154] TrainLog: fid-11;0.009078;84209;49763;133972;603967;34784;
I0804 23:07:54.402379  3250 pagerankX.cc:154] TrainLog: fid-18;0.003604;84232;44109;128341;452219;38383;
I0804 23:07:54.354053 12293 pagerankX.cc:154] TrainLog: fid-44;0.008706;84216;64837;149053;921325;64494;
I0804 23:07:54.250257 10997 pagerankX.cc:154] TrainLog: fid-53;0.006154;35841;50712;86553;304089;38242;
I0804 23:07:54.354151 30336 pagerankX.cc:154] TrainLog: fid-38;0.006229;84191;43668;127859;503551;33629;
I0804 23:07:54.288710 24073 pagerankX.cc:154] TrainLog: fid-31;0.00644;79043;74777;153820;1083119;60463;
I0804 23:07:54.240239  4962 pagerankX.cc:154] TrainLog: fid-48;0.007794;84200;95125;179325;936805;106898;
I0804 23:07:54.339177 10741 pagerankX.cc:154] TrainLog: fid-49;0.008338;80634;109603;190237;1034819;104239;
I0804 23:07:54.401405  3252 pagerankX.cc:154] TrainLog: fid-34;0.002631;43513;40170;83683;240401;35315;
I0804 23:07:54.354406 12291 pagerankX.cc:154] TrainLog: fid-28;0.009078;84200;106454;190654;1138857;96045;
I0804 23:07:54.251089 10995 pagerankX.cc:154] TrainLog: fid-37;0.006992;52649;45677;98326;490241;32973;
I0804 23:07:54.354532 30335 pagerankX.cc:154] TrainLog: fid-30;0.0067;45973;96649;142622;673657;64548;
I0804 23:07:54.289876 24074 pagerankX.cc:154] TrainLog: fid-39;0.007613;84209;80798;165007;1044831;85756;
I0804 23:07:54.241027  4957 pagerankX.cc:154] TrainLog: fid-8;0.008584;54520;153783;208303;828179;127385;
I0804 23:07:54.339246 10740 pagerankX.cc:154] TrainLog: fid-41;0.008397;84226;79146;163372;1001615;76071;
I0804 23:07:54.403538  3248 pagerankX.cc:154] TrainLog: fid-2;0.004764;69979;40833;110812;422723;31649;
I0804 23:07:54.354818 12295 pagerankX.cc:154] TrainLog: fid-60;0.00949;84225;52407;136632;625507;56286;
I0804 23:07:54.251139 10993 pagerankX.cc:154] TrainLog: fid-21;0.007055;84215;59114;143329;881595;75494;
I0804 23:07:54.357161 30338 pagerankX.cc:154] TrainLog: fid-54;0.009326;78067;141682;219749;1066503;107079;
I0804 23:07:54.290933 24076 pagerankX.cc:154] TrainLog: fid-55;0.008665;84224;111883;196107;1107375;127558;
I0804 23:07:54.242663  4960 pagerankX.cc:154] TrainLog: fid-32;0.01022;84205;123055;207260;1181299;167751;
I0804 23:07:54.339623 10737 pagerankX.cc:154] TrainLog: fid-17;0.008782;82581;91642;174223;833694;98186;
I0804 23:07:54.404477  3251 pagerankX.cc:154] TrainLog: fid-26;0.005696;84214;45118;129332;537092;46668;
I0804 23:07:54.356098 12292 pagerankX.cc:154] TrainLog: fid-36;0.010769;84191;103630;187821;1247845;104446;
I0804 23:07:54.251392 10998 pagerankX.cc:154] TrainLog: fid-61;0.007299;76057;60896;136953;610582;63159;
I0804 23:07:54.357372 30337 pagerankX.cc:154] TrainLog: fid-46;0.009535;84224;94833;179057;1212840;97442;
I0804 23:07:54.291592 24075 pagerankX.cc:154] TrainLog: fid-47;0.009324;82029;132537;214566;1139729;125990;
I0804 23:07:54.340720 10739 pagerankX.cc:154] TrainLog: fid-33;0.00988;84218;93584;177802;1168862;93824;
I0804 23:07:54.404783  3255 pagerankX.cc:154] TrainLog: fid-58;0.006001;84228;62210;146438;925592;92293;
I0804 23:07:54.356931 12288 pagerankX.cc:154] TrainLog: fid-4;0.011586;84165;96871;181036;1264647;85563;
I0804 23:07:54.356937 12290 pagerankX.cc:154] TrainLog: fid-20;0.011607;83946;70759;154705;746281;56270;
I0804 23:07:54.251689 10991 pagerankX.cc:154] TrainLog: fid-5;0.007606;84216;63806;148022;729860;46547;
I0804 23:07:54.291720 24071 pagerankX.cc:154] TrainLog: fid-15;0.009449;84222;117070;201292;1413131;143870;
I0804 23:07:54.344164 10735 pagerankX.cc:154] TrainLog: fid-1;0.013325;84228;185158;269386;1396748;197761;
I0804 23:07:54.407972  3253 pagerankX.cc:154] TrainLog: fid-42;0.009198;84202;107090;191292;1563104;107760;
I0804 23:07:54.252336 10996 pagerankX.cc:154] TrainLog: fid-45;0.008254;44749;55812;100561;360972;48124;
I0804 23:07:54.410102  3249 pagerankX.cc:154] TrainLog: fid-10;0.011328;84232;150997;235229;1959471;182642;
I0804 23:07:54.255282 10994 pagerankX.cc:154] TrainLog: fid-29;0.011199;84206;174361;258567;1580062;217674;
I0804 23:07:54.286358 26156 pagerankX.cc:154] TrainLog: fid-43;0.011598;69759;138379;208138;971666;113791;
I0804 23:07:54.288743 26158 pagerankX.cc:154] TrainLog: fid-59;0.013983;49107;176971;226078;726698;98237;
I0804 23:07:54.293718 26154 pagerankX.cc:154] TrainLog: fid-27;0.018959;84218;193747;277965;2300002;335172;
I0804 23:07:54.294529 26153 pagerankX.cc:154] TrainLog: fid-19;0.019767;84212;155903;240115;2122591;209440;
I0804 23:07:54.427407  3254 pagerankX.cc:154] TrainLog: fid-50;0.001587;44761;17980;62741;140738;22341;
I0804 23:07:54.260809  4959 pagerankX.cc:154] TrainLog: fid-24;0.002958;74218;30016;104234;388307;30789;
I0804 23:07:54.428373  3252 pagerankX.cc:154] TrainLog: fid-34;0.00255;43513;40170;83683;240401;35315;
I0804 23:07:54.273144 10992 pagerankX.cc:154] TrainLog: fid-13;0.002725;68278;32673;100951;393419;25924;
I0804 23:07:54.273350 10997 pagerankX.cc:154] TrainLog: fid-53;0.003009;35841;50712;86553;304089;38242;
I0804 23:07:54.273425 10996 pagerankX.cc:154] TrainLog: fid-45;0.003005;44749;55812;100561;360972;48124;
I0804 23:07:54.261440  4961 pagerankX.cc:154] TrainLog: fid-40;0.003587;64637;46682;111319;414539;39730;
I0804 23:07:54.429195  3248 pagerankX.cc:154] TrainLog: fid-2;0.003381;69979;40833;110812;422723;31649;
I0804 23:07:54.377187 30332 pagerankX.cc:154] TrainLog: fid-6;0.003425;84178;32504;116682;413169;33868;
I0804 23:07:54.359280 10742 pagerankX.cc:154] TrainLog: fid-57;0.00359;84220;45516;129736;502410;37223;
I0804 23:07:54.261778  4958 pagerankX.cc:154] TrainLog: fid-16;0.003925;53384;64307;117691;392595;51307;
I0804 23:07:54.377296 30339 pagerankX.cc:154] TrainLog: fid-62;0.003457;84225;43574;127799;497253;38727;
I0804 23:07:54.310843 24077 pagerankX.cc:154] TrainLog: fid-63;0.003379;84227;27786;112013;618695;23490;
I0804 23:07:54.377373 30334 pagerankX.cc:154] TrainLog: fid-22;0.003608;57648;49984;107632;404607;44745;
I0804 23:07:54.429443  3250 pagerankX.cc:154] TrainLog: fid-18;0.003629;84232;44109;128341;452219;38383;
I0804 23:07:54.375275 12294 pagerankX.cc:154] TrainLog: fid-52;0.003689;84223;43351;127574;531617;37955;
I0804 23:07:54.274158 10995 pagerankX.cc:154] TrainLog: fid-37;0.00382;52649;45677;98326;490241;32973;
I0804 23:07:54.359704 10736 pagerankX.cc:154] TrainLog: fid-9;0.004085;76669;46183;122852;575334;31880;
I0804 23:07:54.429527  3251 pagerankX.cc:154] TrainLog: fid-26;0.003745;84214;45118;129332;537092;46668;
I0804 23:07:54.311231 24070 pagerankX.cc:154] TrainLog: fid-7;0.003774;84223;38822;123045;513729;35811;
I0804 23:07:54.377786 30336 pagerankX.cc:154] TrainLog: fid-38;0.004012;84191;43668;127859;503551;33629;
I0804 23:07:54.311626 24072 pagerankX.cc:154] TrainLog: fid-23;0.004168;80147;46526;126673;562692;41853;
I0804 23:07:54.262698  4963 pagerankX.cc:154] TrainLog: fid-56;0.004864;84214;65462;149676;715618;62256;
I0804 23:07:54.376063 12295 pagerankX.cc:154] TrainLog: fid-60;0.004486;84225;52407;136632;625507;56286;
I0804 23:07:54.301275 26155 pagerankX.cc:154] TrainLog: fid-35;0.00415;84224;38995;123219;519041;36047;
I0804 23:07:54.378686 30333 pagerankX.cc:154] TrainLog: fid-14;0.00492;84227;52214;136441;842109;48997;
I0804 23:07:54.275338 10998 pagerankX.cc:154] TrainLog: fid-61;0.004995;76057;60896;136953;610582;63159;
I0804 23:07:54.378842 30335 pagerankX.cc:154] TrainLog: fid-30;0.005074;45973;96649;142622;673657;64548;
I0804 23:07:54.302001 26152 pagerankX.cc:154] TrainLog: fid-11;0.004905;84209;49763;133972;603967;34784;
I0804 23:07:54.376936 12289 pagerankX.cc:154] TrainLog: fid-12;0.005375;84224;74677;158901;764938;69591;
I0804 23:07:54.263758  4956 pagerankX.cc:154] TrainLog: fid-0;0.00592;84225;71443;155668;785132;89096;
I0804 23:07:54.275924 10991 pagerankX.cc:154] TrainLog: fid-5;0.005605;84216;63806;148022;729860;46547;
I0804 23:07:54.361737 10738 pagerankX.cc:154] TrainLog: fid-25;0.006121;84209;79914;164123;900372;99538;
I0804 23:07:54.276352 10993 pagerankX.cc:154] TrainLog: fid-21;0.00602;84215;59114;143329;881595;75494;
I0804 23:07:54.431730  3255 pagerankX.cc:154] TrainLog: fid-58;0.005846;84228;62210;146438;925592;92293;
I0804 23:07:54.377588 12290 pagerankX.cc:154] TrainLog: fid-20;0.006052;83946;70759;154705;746281;56270;
I0804 23:07:54.313908 24073 pagerankX.cc:154] TrainLog: fid-31;0.006457;79043;74777;153820;1083119;60463;
I0804 23:07:54.378336 12293 pagerankX.cc:154] TrainLog: fid-44;0.006764;84216;64837;149053;921325;64494;
I0804 23:07:54.265000  4962 pagerankX.cc:154] TrainLog: fid-48;0.007166;84200;95125;179325;936805;106898;
I0804 23:07:54.362701 10741 pagerankX.cc:154] TrainLog: fid-49;0.007098;80634;109603;190237;1034819;104239;
I0804 23:07:54.378751 12291 pagerankX.cc:154] TrainLog: fid-28;0.007215;84200;106454;190654;1138857;96045;
I0804 23:07:54.303972 26157 pagerankX.cc:154] TrainLog: fid-51;0.006835;84173;57027;141200;1008130;46972;
I0804 23:07:54.314707 24074 pagerankX.cc:154] TrainLog: fid-39;0.007258;84209;80798;165007;1044831;85756;
I0804 23:07:54.363379 10740 pagerankX.cc:154] TrainLog: fid-41;0.007774;84226;79146;163372;1001615;76071;
I0804 23:07:54.363452 10737 pagerankX.cc:154] TrainLog: fid-17;0.007853;82581;91642;174223;833694;98186;
I0804 23:07:54.265966  4957 pagerankX.cc:154] TrainLog: fid-8;0.008157;54520;153783;208303;828179;127385;
I0804 23:07:54.315096 24076 pagerankX.cc:154] TrainLog: fid-55;0.007671;84224;111883;196107;1107375;127558;
I0804 23:07:54.382372 30338 pagerankX.cc:154] TrainLog: fid-54;0.008615;78067;141682;219749;1066503;107079;
I0804 23:07:54.434458  3253 pagerankX.cc:154] TrainLog: fid-42;0.008574;84202;107090;191292;1563104;107760;
I0804 23:07:54.364570 10739 pagerankX.cc:154] TrainLog: fid-33;0.008969;84218;93584;177802;1168862;93824;
I0804 23:07:54.305595 26151 pagerankX.cc:154] TrainLog: fid-3;0.008483;68069;139816;207885;822157;103030;
I0804 23:07:54.316201 24075 pagerankX.cc:154] TrainLog: fid-47;0.008778;82029;132537;214566;1139729;125990;
I0804 23:07:54.316610 24071 pagerankX.cc:154] TrainLog: fid-15;0.00919;84222;117070;201292;1413131;143870;
I0804 23:07:54.380960 12292 pagerankX.cc:154] TrainLog: fid-36;0.00942;84191;103630;187821;1247845;104446;
I0804 23:07:54.267715  4960 pagerankX.cc:154] TrainLog: fid-32;0.009885;84205;123055;207260;1181299;167751;
I0804 23:07:54.383270 30337 pagerankX.cc:154] TrainLog: fid-46;0.009509;84224;94833;179057;1212840;97442;
I0804 23:07:54.381217 12288 pagerankX.cc:154] TrainLog: fid-4;0.009684;84165;96871;181036;1264647;85563;
I0804 23:07:54.306887 26158 pagerankX.cc:154] TrainLog: fid-59;0.009763;49107;176971;226078;726698;98237;
I0804 23:07:54.307891 26156 pagerankX.cc:154] TrainLog: fid-43;0.010796;69759;138379;208138;971666;113791;
I0804 23:07:54.281671 10994 pagerankX.cc:154] TrainLog: fid-29;0.011334;84206;174361;258567;1580062;217674;
I0804 23:07:54.437166  3249 pagerankX.cc:154] TrainLog: fid-10;0.011393;84232;150997;235229;1959471;182642;
I0804 23:07:54.370090 10735 pagerankX.cc:154] TrainLog: fid-1;0.014494;84228;185158;269386;1396748;197761;
I0804 23:07:54.313060 26153 pagerankX.cc:154] TrainLog: fid-19;0.015966;84212;155903;240115;2122591;209440;
I0804 23:07:54.314818 26154 pagerankX.cc:154] TrainLog: fid-27;0.017696;84218;193747;277965;2300002;335172;
I0804 23:07:54.446314  3254 pagerankX.cc:154] TrainLog: fid-50;0.001592;44761;17980;62741;140738;22341;
I0804 23:07:54.447253  3252 pagerankX.cc:154] TrainLog: fid-34;0.002528;43513;40170;83683;240401;35315;
I0804 23:07:54.280037  4959 pagerankX.cc:154] TrainLog: fid-24;0.002958;74218;30016;104234;388307;30789;
I0804 23:07:54.292323 10992 pagerankX.cc:154] TrainLog: fid-13;0.002692;68278;32673;100951;393419;25924;
I0804 23:07:54.280553  4961 pagerankX.cc:154] TrainLog: fid-40;0.003526;64637;46682;111319;414539;39730;
I0804 23:07:54.448123  3248 pagerankX.cc:154] TrainLog: fid-2;0.003401;69979;40833;110812;422723;31649;
I0804 23:07:54.292740 10997 pagerankX.cc:154] TrainLog: fid-53;0.003088;35841;50712;86553;304089;38242;
I0804 23:07:54.292868 10996 pagerankX.cc:154] TrainLog: fid-45;0.003171;44749;55812;100561;360972;48124;
I0804 23:07:54.448336  3250 pagerankX.cc:154] TrainLog: fid-18;0.003612;84232;44109;128341;452219;38383;
I0804 23:07:54.378399 10742 pagerankX.cc:154] TrainLog: fid-57;0.003551;84220;45516;129736;502410;37223;
I0804 23:07:54.378415 10736 pagerankX.cc:154] TrainLog: fid-9;0.003675;76669;46183;122852;575334;31880;
I0804 23:07:54.448433  3251 pagerankX.cc:154] TrainLog: fid-26;0.003748;84214;45118;129332;537092;46668;
I0804 23:07:54.329982 24077 pagerankX.cc:154] TrainLog: fid-63;0.003354;84227;27786;112013;618695;23490;
I0804 23:07:54.280951  4958 pagerankX.cc:154] TrainLog: fid-16;0.003933;53384;64307;117691;392595;51307;
I0804 23:07:54.396457 30332 pagerankX.cc:154] TrainLog: fid-6;0.003308;84178;32504;116682;413169;33868;
I0804 23:07:54.394395 12294 pagerankX.cc:154] TrainLog: fid-52;0.003545;84223;43351;127574;531617;37955;
I0804 23:07:54.396597 30339 pagerankX.cc:154] TrainLog: fid-62;0.003448;84225;43574;127799;497253;38727;
I0804 23:07:54.396754 30334 pagerankX.cc:154] TrainLog: fid-22;0.003601;57648;49984;107632;404607;44745;
I0804 23:07:54.330392 24070 pagerankX.cc:154] TrainLog: fid-7;0.003773;84223;38822;123045;513729;35811;
I0804 23:07:54.293747 10995 pagerankX.cc:154] TrainLog: fid-37;0.004106;52649;45677;98326;490241;32973;
I0804 23:07:54.330766 24072 pagerankX.cc:154] TrainLog: fid-23;0.004146;80147;46526;126673;562692;41853;
I0804 23:07:54.320227 26155 pagerankX.cc:154] TrainLog: fid-35;0.004143;84224;38995;123219;519041;36047;
I0804 23:07:54.397308 30336 pagerankX.cc:154] TrainLog: fid-38;0.004156;84191;43668;127859;503551;33629;
I0804 23:07:54.395180 12295 pagerankX.cc:154] TrainLog: fid-60;0.004334;84225;52407;136632;625507;56286;
I0804 23:07:54.281891  4963 pagerankX.cc:154] TrainLog: fid-56;0.004817;84214;65462;149676;715618;62256;
I0804 23:07:54.294668 10998 pagerankX.cc:154] TrainLog: fid-61;0.005045;76057;60896;136953;610582;63159;
I0804 23:07:54.320972 26152 pagerankX.cc:154] TrainLog: fid-11;0.0049;84209;49763;133972;603967;34784;
I0804 23:07:54.398124 30333 pagerankX.cc:154] TrainLog: fid-14;0.004976;84227;52214;136441;842109;48997;
I0804 23:07:54.398248 30335 pagerankX.cc:154] TrainLog: fid-30;0.005098;45973;96649;142622;673657;64548;
I0804 23:07:54.396155 12289 pagerankX.cc:154] TrainLog: fid-12;0.005374;84224;74677;158901;764938;69591;
I0804 23:07:54.282912  4956 pagerankX.cc:154] TrainLog: fid-0;0.0059;84225;71443;155668;785132;89096;
I0804 23:07:54.380641 10738 pagerankX.cc:154] TrainLog: fid-25;0.0058;84209;79914;164123;900372;99538;
I0804 23:07:54.450472  3255 pagerankX.cc:154] TrainLog: fid-58;0.005746;84228;62210;146438;925592;92293;
I0804 23:07:54.295672 10991 pagerankX.cc:154] TrainLog: fid-5;0.006046;84216;63806;148022;729860;46547;
I0804 23:07:54.396978 12290 pagerankX.cc:154] TrainLog: fid-20;0.006195;83946;70759;154705;746281;56270;
I0804 23:07:54.332800 24073 pagerankX.cc:154] TrainLog: fid-31;0.006204;79043;74777;153820;1083119;60463;
I0804 23:07:54.283916  4962 pagerankX.cc:154] TrainLog: fid-48;0.006913;84200;95125;179325;936805;106898;
I0804 23:07:54.296113 10993 pagerankX.cc:154] TrainLog: fid-21;0.006498;84215;59114;143329;881595;75494;
I0804 23:07:54.381659 10741 pagerankX.cc:154] TrainLog: fid-49;0.006815;80634;109603;190237;1034819;104239;
I0804 23:07:54.397672 12293 pagerankX.cc:154] TrainLog: fid-44;0.006901;84216;64837;149053;921325;64494;
I0804 23:07:54.322899 26157 pagerankX.cc:154] TrainLog: fid-51;0.006852;84173;57027;141200;1008130;46972;
I0804 23:07:54.397851 12291 pagerankX.cc:154] TrainLog: fid-28;0.007088;84200;106454;190654;1138857;96045;
I0804 23:07:54.382176 10737 pagerankX.cc:154] TrainLog: fid-17;0.007405;82581;91642;174223;833694;98186;
I0804 23:07:54.382257 10740 pagerankX.cc:154] TrainLog: fid-41;0.00747;84226;79146;163372;1001615;76071;
I0804 23:07:54.333844 24074 pagerankX.cc:154] TrainLog: fid-39;0.007223;84209;80798;165007;1044831;85756;
I0804 23:07:54.285055  4957 pagerankX.cc:154] TrainLog: fid-8;0.007989;54520;153783;208303;828179;127385;
I0804 23:07:54.400667 30338 pagerankX.cc:154] TrainLog: fid-54;0.007537;78067;141682;219749;1066503;107079;
I0804 23:07:54.334169 24076 pagerankX.cc:154] TrainLog: fid-55;0.007544;84224;111883;196107;1107375;127558;
I0804 23:07:54.324000 26151 pagerankX.cc:154] TrainLog: fid-3;0.007929;68069;139816;207885;822157;103030;
I0804 23:07:54.453119  3253 pagerankX.cc:154] TrainLog: fid-42;0.008391;84202;107090;191292;1563104;107760;
I0804 23:07:54.401443 30337 pagerankX.cc:154] TrainLog: fid-46;0.008295;84224;94833;179057;1212840;97442;
I0804 23:07:54.335201 24075 pagerankX.cc:154] TrainLog: fid-47;0.008607;82029;132537;214566;1139729;125990;
I0804 23:07:54.383852 10739 pagerankX.cc:154] TrainLog: fid-33;0.009094;84218;93584;177802;1168862;93824;
I0804 23:07:54.335425 24071 pagerankX.cc:154] TrainLog: fid-15;0.008822;84222;117070;201292;1413131;143870;
I0804 23:07:54.400085 12288 pagerankX.cc:154] TrainLog: fid-4;0.009338;84165;96871;181036;1264647;85563;
I0804 23:07:54.286803  4960 pagerankX.cc:154] TrainLog: fid-32;0.009807;84205;123055;207260;1181299;167751;
I0804 23:07:54.325371 26158 pagerankX.cc:154] TrainLog: fid-59;0.009325;49107;176971;226078;726698;98237;
I0804 23:07:54.400599 12292 pagerankX.cc:154] TrainLog: fid-36;0.009816;84191;103630;187821;1247845;104446;
I0804 23:07:54.326200 26156 pagerankX.cc:154] TrainLog: fid-43;0.010157;69759;138379;208138;971666;113791;
I0804 23:07:54.455790  3249 pagerankX.cc:154] TrainLog: fid-10;0.011072;84232;150997;235229;1959471;182642;
I0804 23:07:54.301621 10994 pagerankX.cc:154] TrainLog: fid-29;0.012002;84206;174361;258567;1580062;217674;
I0804 23:07:54.388705 10735 pagerankX.cc:154] TrainLog: fid-1;0.013963;84228;185158;269386;1396748;197761;
I0804 23:07:54.330929 26153 pagerankX.cc:154] TrainLog: fid-19;0.014867;84212;155903;240115;2122591;209440;
I0804 23:07:54.333742 26154 pagerankX.cc:154] TrainLog: fid-27;0.017703;84218;193747;277965;2300002;335172;
I0804 23:07:54.464946  3254 pagerankX.cc:154] TrainLog: fid-50;0.001592;44761;17980;62741;140738;22341;
I0804 23:07:54.465950  3252 pagerankX.cc:154] TrainLog: fid-34;0.002589;43513;40170;83683;240401;35315;
I0804 23:07:54.298573  4959 pagerankX.cc:154] TrainLog: fid-24;0.002943;74218;30016;104234;388307;30789;
I0804 23:07:54.311041 10992 pagerankX.cc:154] TrainLog: fid-13;0.002755;68278;32673;100951;393419;25924;
I0804 23:07:54.311293 10997 pagerankX.cc:154] TrainLog: fid-53;0.00305;35841;50712;86553;304089;38242;
I0804 23:07:54.299162  4961 pagerankX.cc:154] TrainLog: fid-40;0.003525;64637;46682;111319;414539;39730;
I0804 23:07:54.466763  3248 pagerankX.cc:154] TrainLog: fid-2;0.003407;69979;40833;110812;422723;31649;
I0804 23:07:54.311398 10996 pagerankX.cc:154] TrainLog: fid-45;0.00311;44749;55812;100561;360972;48124;
I0804 23:07:54.396948 10742 pagerankX.cc:154] TrainLog: fid-57;0.003521;84220;45516;129736;502410;37223;
I0804 23:07:54.397001 10736 pagerankX.cc:154] TrainLog: fid-9;0.003575;76669;46183;122852;575334;31880;
I0804 23:07:54.466985  3250 pagerankX.cc:154] TrainLog: fid-18;0.003628;84232;44109;128341;452219;38383;
I0804 23:07:54.299513  4958 pagerankX.cc:154] TrainLog: fid-16;0.003873;53384;64307;117691;392595;51307;
I0804 23:07:54.412899 12294 pagerankX.cc:154] TrainLog: fid-52;0.003528;84223;43351;127574;531617;37955;
I0804 23:07:54.348728 24077 pagerankX.cc:154] TrainLog: fid-63;0.003378;84227;27786;112013;618695;23490;
I0804 23:07:54.467186  3251 pagerankX.cc:154] TrainLog: fid-26;0.003756;84214;45118;129332;537092;46668;
I0804 23:07:54.415278 30332 pagerankX.cc:154] TrainLog: fid-6;0.003393;84178;32504;116682;413169;33868;
I0804 23:07:54.415383 30339 pagerankX.cc:154] TrainLog: fid-62;0.003429;84225;43574;127799;497253;38727;
I0804 23:07:54.415454 30334 pagerankX.cc:154] TrainLog: fid-22;0.003564;57648;49984;107632;404607;44745;
I0804 23:07:54.312062 10995 pagerankX.cc:154] TrainLog: fid-37;0.00384;52649;45677;98326;490241;32973;
I0804 23:07:54.349092 24070 pagerankX.cc:154] TrainLog: fid-7;0.003751;84223;38822;123045;513729;35811;
I0804 23:07:54.413619 12295 pagerankX.cc:154] TrainLog: fid-60;0.004252;84225;52407;136632;625507;56286;
I0804 23:07:54.338821 26155 pagerankX.cc:154] TrainLog: fid-35;0.004119;84224;38995;123219;519041;36047;
I0804 23:07:54.415941 30336 pagerankX.cc:154] TrainLog: fid-38;0.004054;84191;43668;127859;503551;33629;
I0804 23:07:54.349498 24072 pagerankX.cc:154] TrainLog: fid-23;0.004154;80147;46526;126673;562692;41853;
I0804 23:07:54.300489  4963 pagerankX.cc:154] TrainLog: fid-56;0.0048;84214;65462;149676;715618;62256;
I0804 23:07:54.313279 10998 pagerankX.cc:154] TrainLog: fid-61;0.005035;76057;60896;136953;610582;63159;
I0804 23:07:54.339628 26152 pagerankX.cc:154] TrainLog: fid-11;0.004926;84209;49763;133972;603967;34784;
I0804 23:07:54.416750 30333 pagerankX.cc:154] TrainLog: fid-14;0.004796;84227;52214;136441;842109;48997;
I0804 23:07:54.414571 12289 pagerankX.cc:154] TrainLog: fid-12;0.00527;84224;74677;158901;764938;69591;
I0804 23:07:54.416890 30335 pagerankX.cc:154] TrainLog: fid-30;0.004929;45973;96649;142622;673657;64548;
I0804 23:07:54.399124 10738 pagerankX.cc:154] TrainLog: fid-25;0.005701;84209;79914;164123;900372;99538;
I0804 23:07:54.313657 10991 pagerankX.cc:154] TrainLog: fid-5;0.005471;84216;63806;148022;729860;46547;
I0804 23:07:54.301554  4956 pagerankX.cc:154] TrainLog: fid-0;0.005918;84225;71443;155668;785132;89096;
I0804 23:07:54.469143  3255 pagerankX.cc:154] TrainLog: fid-58;0.00572;84228;62210;146438;925592;92293;
I0804 23:07:54.415452 12290 pagerankX.cc:154] TrainLog: fid-20;0.006151;83946;70759;154705;746281;56270;
I0804 23:07:54.314357 10993 pagerankX.cc:154] TrainLog: fid-21;0.006152;84215;59114;143329;881595;75494;
I0804 23:07:54.302467  4962 pagerankX.cc:154] TrainLog: fid-48;0.006856;84200;95125;179325;936805;106898;
I0804 23:07:54.351613 24073 pagerankX.cc:154] TrainLog: fid-31;0.006273;79043;74777;153820;1083119;60463;
I0804 23:07:54.400219 10741 pagerankX.cc:154] TrainLog: fid-49;0.006795;80634;109603;190237;1034819;104239;
I0804 23:07:54.416036 12293 pagerankX.cc:154] TrainLog: fid-44;0.00671;84216;64837;149053;921325;64494;
I0804 23:07:54.416330 12291 pagerankX.cc:154] TrainLog: fid-28;0.007047;84200;106454;190654;1138857;96045;
I0804 23:07:54.341548 26157 pagerankX.cc:154] TrainLog: fid-51;0.00684;84173;57027;141200;1008130;46972;
I0804 23:07:54.400743 10740 pagerankX.cc:154] TrainLog: fid-41;0.007378;84226;79146;163372;1001615;76071;
I0804 23:07:54.400828 10737 pagerankX.cc:154] TrainLog: fid-17;0.007462;82581;91642;174223;833694;98186;
I0804 23:07:54.352547 24074 pagerankX.cc:154] TrainLog: fid-39;0.007205;84209;80798;165007;1044831;85756;
I0804 23:07:54.303655  4957 pagerankX.cc:154] TrainLog: fid-8;0.008029;54520;153783;208303;828179;127385;
I0804 23:07:54.419324 30338 pagerankX.cc:154] TrainLog: fid-54;0.00738;78067;141682;219749;1066503;107079;
I0804 23:07:54.352916 24076 pagerankX.cc:154] TrainLog: fid-55;0.00757;84224;111883;196107;1107375;127558;
I0804 23:07:54.342592 26151 pagerankX.cc:154] TrainLog: fid-3;0.007903;68069;139816;207885;822157;103030;
I0804 23:07:54.471835  3253 pagerankX.cc:154] TrainLog: fid-42;0.008411;84202;107090;191292;1563104;107760;
I0804 23:07:54.419996 30337 pagerankX.cc:154] TrainLog: fid-46;0.008143;84224;94833;179057;1212840;97442;
I0804 23:07:54.354004 24075 pagerankX.cc:154] TrainLog: fid-47;0.00867;82029;132537;214566;1139729;125990;
I0804 23:07:54.402565 10739 pagerankX.cc:154] TrainLog: fid-33;0.009201;84218;93584;177802;1168862;93824;
I0804 23:07:54.354279 24071 pagerankX.cc:154] TrainLog: fid-15;0.008939;84222;117070;201292;1413131;143870;
I0804 23:07:54.418576 12288 pagerankX.cc:154] TrainLog: fid-4;0.009295;84165;96871;181036;1264647;85563;
I0804 23:07:54.418763 12292 pagerankX.cc:154] TrainLog: fid-36;0.009446;84191;103630;187821;1247845;104446;
I0804 23:07:54.305425  4960 pagerankX.cc:154] TrainLog: fid-32;0.009797;84205;123055;207260;1181299;167751;
I0804 23:07:54.343966 26158 pagerankX.cc:154] TrainLog: fid-59;0.009293;49107;176971;226078;726698;98237;
I0804 23:07:54.317962 10994 pagerankX.cc:154] TrainLog: fid-29;0.00976;84206;174361;258567;1580062;217674;
I0804 23:07:54.344815 26156 pagerankX.cc:154] TrainLog: fid-43;0.010144;69759;138379;208138;971666;113791;
I0804 23:07:54.475124  3249 pagerankX.cc:154] TrainLog: fid-10;0.0117;84232;150997;235229;1959471;182642;
I0804 23:07:54.407282 10735 pagerankX.cc:154] TrainLog: fid-1;0.013958;84228;185158;269386;1396748;197761;
I0804 23:07:54.349526 26153 pagerankX.cc:154] TrainLog: fid-19;0.014859;84212;155903;240115;2122591;209440;
I0804 23:07:54.352349 26154 pagerankX.cc:154] TrainLog: fid-27;0.017682;84218;193747;277965;2300002;335172;
I0804 23:07:54.483479  3254 pagerankX.cc:154] TrainLog: fid-50;0.001575;44761;17980;62741;140738;22341;
I0804 23:07:54.484490  3252 pagerankX.cc:154] TrainLog: fid-34;0.002597;43513;40170;83683;240401;35315;
I0804 23:07:54.317222  4959 pagerankX.cc:154] TrainLog: fid-24;0.002935;74218;30016;104234;388307;30789;
I0804 23:07:54.329625 10992 pagerankX.cc:154] TrainLog: fid-13;0.002723;68278;32673;100951;393419;25924;
I0804 23:07:54.329746 10996 pagerankX.cc:154] TrainLog: fid-45;0.002835;44749;55812;100561;360972;48124;
I0804 23:07:54.485309  3248 pagerankX.cc:154] TrainLog: fid-2;0.003417;69979;40833;110812;422723;31649;
I0804 23:07:54.329897 10997 pagerankX.cc:154] TrainLog: fid-53;0.002984;35841;50712;86553;304089;38242;
I0804 23:07:54.415385 10742 pagerankX.cc:154] TrainLog: fid-57;0.003471;84220;45516;129736;502410;37223;
I0804 23:07:54.317842  4961 pagerankX.cc:154] TrainLog: fid-40;0.003624;64637;46682;111319;414539;39730;
I0804 23:07:54.415519 10736 pagerankX.cc:154] TrainLog: fid-9;0.003618;76669;46183;122852;575334;31880;
I0804 23:07:54.485513  3250 pagerankX.cc:154] TrainLog: fid-18;0.003622;84232;44109;128341;452219;38383;
I0804 23:07:54.433542 30332 pagerankX.cc:154] TrainLog: fid-6;0.003322;84178;32504;116682;413169;33868;
I0804 23:07:54.431416 12294 pagerankX.cc:154] TrainLog: fid-52;0.003524;84223;43351;127574;531617;37955;
I0804 23:07:54.433670 30339 pagerankX.cc:154] TrainLog: fid-62;0.00338;84225;43574;127799;497253;38727;
I0804 23:07:54.318169  4958 pagerankX.cc:154] TrainLog: fid-16;0.003945;53384;64307;117691;392595;51307;
I0804 23:07:54.367250 24077 pagerankX.cc:154] TrainLog: fid-63;0.003361;84227;27786;112013;618695;23490;
I0804 23:07:54.485724  3251 pagerankX.cc:154] TrainLog: fid-26;0.003759;84214;45118;129332;537092;46668;
I0804 23:07:54.433818 30334 pagerankX.cc:154] TrainLog: fid-22;0.003584;57648;49984;107632;404607;44745;
I0804 23:07:54.330659 10995 pagerankX.cc:154] TrainLog: fid-37;0.003754;52649;45677;98326;490241;32973;
I0804 23:07:54.367638 24070 pagerankX.cc:154] TrainLog: fid-7;0.003758;84223;38822;123045;513729;35811;
I0804 23:07:54.434288 30336 pagerankX.cc:154] TrainLog: fid-38;0.004055;84191;43668;127859;503551;33629;
I0804 23:07:54.357321 26155 pagerankX.cc:154] TrainLog: fid-35;0.00409;84224;38995;123219;519041;36047;
I0804 23:07:54.432212 12295 pagerankX.cc:154] TrainLog: fid-60;0.004323;84225;52407;136632;625507;56286;
I0804 23:07:54.368019 24072 pagerankX.cc:154] TrainLog: fid-23;0.004139;80147;46526;126673;562692;41853;
I0804 23:07:54.319100  4963 pagerankX.cc:154] TrainLog: fid-56;0.004816;84214;65462;149676;715618;62256;
I0804 23:07:54.435087 30333 pagerankX.cc:154] TrainLog: fid-14;0.004799;84227;52214;136441;842109;48997;
I0804 23:07:54.435159 30335 pagerankX.cc:154] TrainLog: fid-30;0.004866;45973;96649;142622;673657;64548;
I0804 23:07:54.358142 26152 pagerankX.cc:154] TrainLog: fid-11;0.004916;84209;49763;133972;603967;34784;
I0804 23:07:54.433074 12289 pagerankX.cc:154] TrainLog: fid-12;0.005184;84224;74677;158901;764938;69591;
I0804 23:07:54.331959 10998 pagerankX.cc:154] TrainLog: fid-61;0.005047;76057;60896;136953;610582;63159;
I0804 23:07:54.417593 10738 pagerankX.cc:154] TrainLog: fid-25;0.005684;84209;79914;164123;900372;99538;
I0804 23:07:54.332274 10991 pagerankX.cc:154] TrainLog: fid-5;0.005411;84216;63806;148022;729860;46547;
I0804 23:07:54.320127  4956 pagerankX.cc:154] TrainLog: fid-0;0.005913;84225;71443;155668;785132;89096;
I0804 23:07:54.487650  3255 pagerankX.cc:154] TrainLog: fid-58;0.00569;84228;62210;146438;925592;92293;
I0804 23:07:54.433995 12290 pagerankX.cc:154] TrainLog: fid-20;0.00616;83946;70759;154705;746281;56270;
I0804 23:07:54.332859 10993 pagerankX.cc:154] TrainLog: fid-21;0.005992;84215;59114;143329;881595;75494;
I0804 23:07:54.418678 10741 pagerankX.cc:154] TrainLog: fid-49;0.006768;80634;109603;190237;1034819;104239;
I0804 23:07:54.370162 24073 pagerankX.cc:154] TrainLog: fid-31;0.006271;79043;74777;153820;1083119;60463;
I0804 23:07:54.321120  4962 pagerankX.cc:154] TrainLog: fid-48;0.006835;84200;95125;179325;936805;106898;
I0804 23:07:54.434592 12293 pagerankX.cc:154] TrainLog: fid-44;0.006758;84216;64837;149053;921325;64494;
I0804 23:07:54.434857 12291 pagerankX.cc:154] TrainLog: fid-28;0.006969;84200;106454;190654;1138857;96045;
I0804 23:07:54.360049 26157 pagerankX.cc:154] TrainLog: fid-51;0.006845;84173;57027;141200;1008130;46972;
I0804 23:07:54.419237 10737 pagerankX.cc:154] TrainLog: fid-17;0.007329;82581;91642;174223;833694;98186;
I0804 23:07:54.419302 10740 pagerankX.cc:154] TrainLog: fid-41;0.007393;84226;79146;163372;1001615;76071;
I0804 23:07:54.371074 24074 pagerankX.cc:154] TrainLog: fid-39;0.007192;84209;80798;165007;1044831;85756;
I0804 23:07:54.437697 30338 pagerankX.cc:154] TrainLog: fid-54;0.007408;78067;141682;219749;1066503;107079;
I0804 23:07:54.322176  4957 pagerankX.cc:154] TrainLog: fid-8;0.007966;54520;153783;208303;828179;127385;
I0804 23:07:54.371410 24076 pagerankX.cc:154] TrainLog: fid-55;0.007524;84224;111883;196107;1107375;127558;
I0804 23:07:54.361146 26151 pagerankX.cc:154] TrainLog: fid-3;0.007928;68069;139816;207885;822157;103030;
I0804 23:07:54.438392 30337 pagerankX.cc:154] TrainLog: fid-46;0.008173;84224;94833;179057;1212840;97442;
I0804 23:07:54.490394  3253 pagerankX.cc:154] TrainLog: fid-42;0.008432;84202;107090;191292;1563104;107760;
I0804 23:07:54.420943 10739 pagerankX.cc:154] TrainLog: fid-33;0.009031;84218;93584;177802;1168862;93824;
I0804 23:07:54.372543 24075 pagerankX.cc:154] TrainLog: fid-47;0.008668;82029;132537;214566;1139729;125990;
I0804 23:07:54.372807 24071 pagerankX.cc:154] TrainLog: fid-15;0.008934;84222;117070;201292;1413131;143870;
I0804 23:07:54.437191 12292 pagerankX.cc:154] TrainLog: fid-36;0.009381;84191;103630;187821;1247845;104446;
I0804 23:07:54.437191 12288 pagerankX.cc:154] TrainLog: fid-4;0.009372;84165;96871;181036;1264647;85563;
I0804 23:07:54.362488 26158 pagerankX.cc:154] TrainLog: fid-59;0.009285;49107;176971;226078;726698;98237;
I0804 23:07:54.324045  4960 pagerankX.cc:154] TrainLog: fid-32;0.009837;84205;123055;207260;1181299;167751;
I0804 23:07:54.336448 10994 pagerankX.cc:154] TrainLog: fid-29;0.009548;84206;174361;258567;1580062;217674;
I0804 23:07:54.363243 26156 pagerankX.cc:154] TrainLog: fid-43;0.010044;69759;138379;208138;971666;113791;
I0804 23:07:54.493526  3249 pagerankX.cc:154] TrainLog: fid-10;0.011638;84232;150997;235229;1959471;182642;
I0804 23:07:54.425416 10735 pagerankX.cc:154] TrainLog: fid-1;0.013553;84228;185158;269386;1396748;197761;
I0804 23:07:54.367945 26153 pagerankX.cc:154] TrainLog: fid-19;0.014751;84212;155903;240115;2122591;209440;
I0804 23:07:54.370888 26154 pagerankX.cc:154] TrainLog: fid-27;0.017693;84218;193747;277965;2300002;335172;
I0804 23:07:54.502065  3254 pagerankX.cc:154] TrainLog: fid-50;0.001558;44761;17980;62741;140738;22341;
I0804 23:07:54.503088  3252 pagerankX.cc:154] TrainLog: fid-34;0.002579;43513;40170;83683;240401;35315;
I0804 23:07:54.335700  4959 pagerankX.cc:154] TrainLog: fid-24;0.002923;74218;30016;104234;388307;30789;
I0804 23:07:54.348160 10992 pagerankX.cc:154] TrainLog: fid-13;0.002699;68278;32673;100951;393419;25924;
I0804 23:07:54.348350 10996 pagerankX.cc:154] TrainLog: fid-45;0.002886;44749;55812;100561;360972;48124;
I0804 23:07:54.503911  3248 pagerankX.cc:154] TrainLog: fid-2;0.003402;69979;40833;110812;422723;31649;
I0804 23:07:54.348476 10997 pagerankX.cc:154] TrainLog: fid-53;0.003073;35841;50712;86553;304089;38242;
I0804 23:07:54.336405  4961 pagerankX.cc:154] TrainLog: fid-40;0.003625;64637;46682;111319;414539;39730;
I0804 23:07:54.434005 10742 pagerankX.cc:154] TrainLog: fid-57;0.003483;84220;45516;129736;502410;37223;
I0804 23:07:54.434113 10736 pagerankX.cc:154] TrainLog: fid-9;0.003595;76669;46183;122852;575334;31880;
I0804 23:07:54.504115  3250 pagerankX.cc:154] TrainLog: fid-18;0.003606;84232;44109;128341;452219;38383;
I0804 23:07:54.449995 12294 pagerankX.cc:154] TrainLog: fid-52;0.003487;84223;43351;127574;531617;37955;
I0804 23:07:54.452173 30332 pagerankX.cc:154] TrainLog: fid-6;0.003338;84178;32504;116682;413169;33868;
I0804 23:07:54.336721  4958 pagerankX.cc:154] TrainLog: fid-16;0.003942;53384;64307;117691;392595;51307;
I0804 23:07:54.504262  3251 pagerankX.cc:154] TrainLog: fid-26;0.003755;84214;45118;129332;537092;46668;
I0804 23:07:54.452330 30339 pagerankX.cc:154] TrainLog: fid-62;0.003437;84225;43574;127799;497253;38727;
I0804 23:07:54.385829 24077 pagerankX.cc:154] TrainLog: fid-63;0.003364;84227;27786;112013;618695;23490;
I0804 23:07:54.452471 30334 pagerankX.cc:154] TrainLog: fid-22;0.003633;57648;49984;107632;404607;44745;
I0804 23:07:54.349295 10995 pagerankX.cc:154] TrainLog: fid-37;0.003892;52649;45677;98326;490241;32973;
I0804 23:07:54.386214 24070 pagerankX.cc:154] TrainLog: fid-7;0.003758;84223;38822;123045;513729;35811;
I0804 23:07:54.375913 26155 pagerankX.cc:154] TrainLog: fid-35;0.004085;84224;38995;123219;519041;36047;
I0804 23:07:54.450824 12295 pagerankX.cc:154] TrainLog: fid-60;0.004321;84225;52407;136632;625507;56286;
I0804 23:07:54.453011 30336 pagerankX.cc:154] TrainLog: fid-38;0.004176;84191;43668;127859;503551;33629;
I0804 23:07:54.386602 24072 pagerankX.cc:154] TrainLog: fid-23;0.004146;80147;46526;126673;562692;41853;
I0804 23:07:54.337538  4963 pagerankX.cc:154] TrainLog: fid-56;0.004755;84214;65462;149676;715618;62256;
I0804 23:07:54.453763 30333 pagerankX.cc:154] TrainLog: fid-14;0.004871;84227;52214;136441;842109;48997;
I0804 23:07:54.453804 30335 pagerankX.cc:154] TrainLog: fid-30;0.004908;45973;96649;142622;673657;64548;
I0804 23:07:54.376710 26152 pagerankX.cc:154] TrainLog: fid-11;0.004892;84209;49763;133972;603967;34784;
I0804 23:07:54.350430 10998 pagerankX.cc:154] TrainLog: fid-61;0.005029;76057;60896;136953;610582;63159;
I0804 23:07:54.451699 12289 pagerankX.cc:154] TrainLog: fid-12;0.005193;84224;74677;158901;764938;69591;
I0804 23:07:54.436177 10738 pagerankX.cc:154] TrainLog: fid-25;0.00566;84209;79914;164123;900372;99538;
I0804 23:07:54.350823 10991 pagerankX.cc:154] TrainLog: fid-5;0.005433;84216;63806;148022;729860;46547;
I0804 23:07:54.338686  4956 pagerankX.cc:154] TrainLog: fid-0;0.005908;84225;71443;155668;785132;89096;
I0804 23:07:54.506207  3255 pagerankX.cc:154] TrainLog: fid-58;0.005693;84228;62210;146438;925592;92293;
I0804 23:07:54.351311 10993 pagerankX.cc:154] TrainLog: fid-21;0.005951;84215;59114;143329;881595;75494;
I0804 23:07:54.452628 12290 pagerankX.cc:154] TrainLog: fid-20;0.006166;83946;70759;154705;746281;56270;
I0804 23:07:54.339603  4962 pagerankX.cc:154] TrainLog: fid-48;0.006819;84200;95125;179325;936805;106898;
I0804 23:07:54.437286 10741 pagerankX.cc:154] TrainLog: fid-49;0.006768;80634;109603;190237;1034819;104239;
I0804 23:07:54.388711 24073 pagerankX.cc:154] TrainLog: fid-31;0.006255;79043;74777;153820;1083119;60463;
I0804 23:07:54.453209 12293 pagerankX.cc:154] TrainLog: fid-44;0.006746;84216;64837;149053;921325;64494;
I0804 23:07:54.453444 12291 pagerankX.cc:154] TrainLog: fid-28;0.006941;84200;106454;190654;1138857;96045;
I0804 23:07:54.378649 26157 pagerankX.cc:154] TrainLog: fid-51;0.006857;84173;57027;141200;1008130;46972;
I0804 23:07:54.437878 10740 pagerankX.cc:154] TrainLog: fid-41;0.007354;84226;79146;163372;1001615;76071;
I0804 23:07:54.437888 10737 pagerankX.cc:154] TrainLog: fid-17;0.007366;82581;91642;174223;833694;98186;
I0804 23:07:54.389616 24074 pagerankX.cc:154] TrainLog: fid-39;0.007158;84209;80798;165007;1044831;85756;
I0804 23:07:54.456305 30338 pagerankX.cc:154] TrainLog: fid-54;0.007413;78067;141682;219749;1066503;107079;
I0804 23:07:54.340729  4957 pagerankX.cc:154] TrainLog: fid-8;0.007955;54520;153783;208303;828179;127385;
I0804 23:07:54.389991 24076 pagerankX.cc:154] TrainLog: fid-55;0.007528;84224;111883;196107;1107375;127558;
I0804 23:07:54.379725 26151 pagerankX.cc:154] TrainLog: fid-3;0.007912;68069;139816;207885;822157;103030;
I0804 23:07:54.508896  3253 pagerankX.cc:154] TrainLog: fid-42;0.008382;84202;107090;191292;1563104;107760;
I0804 23:07:54.457006 30337 pagerankX.cc:154] TrainLog: fid-46;0.008169;84224;94833;179057;1212840;97442;
I0804 23:07:54.439484 10739 pagerankX.cc:154] TrainLog: fid-33;0.008963;84218;93584;177802;1168862;93824;
I0804 23:07:54.391160 24075 pagerankX.cc:154] TrainLog: fid-47;0.008744;82029;132537;214566;1139729;125990;
I0804 23:07:54.391469 24071 pagerankX.cc:154] TrainLog: fid-15;0.009013;84222;117070;201292;1413131;143870;
I0804 23:07:54.455814 12288 pagerankX.cc:154] TrainLog: fid-4;0.009353;84165;96871;181036;1264647;85563;
I0804 23:07:54.455822 12292 pagerankX.cc:154] TrainLog: fid-36;0.00936;84191;103630;187821;1247845;104446;
I0804 23:07:54.381136 26158 pagerankX.cc:154] TrainLog: fid-59;0.009327;49107;176971;226078;726698;98237;
I0804 23:07:54.342705  4960 pagerankX.cc:154] TrainLog: fid-32;0.009927;84205;123055;207260;1181299;167751;
I0804 23:07:54.355036 10994 pagerankX.cc:154] TrainLog: fid-29;0.009575;84206;174361;258567;1580062;217674;
I0804 23:07:54.381981 26156 pagerankX.cc:154] TrainLog: fid-43;0.010192;69759;138379;208138;971666;113791;
I0804 23:07:54.512094  3249 pagerankX.cc:154] TrainLog: fid-10;0.011588;84232;150997;235229;1959471;182642;
I0804 23:07:54.444082 10735 pagerankX.cc:154] TrainLog: fid-1;0.013609;84228;185158;269386;1396748;197761;
I0804 23:07:54.386586 26153 pagerankX.cc:154] TrainLog: fid-19;0.01477;84212;155903;240115;2122591;209440;
I0804 23:07:54.389475 26154 pagerankX.cc:154] TrainLog: fid-27;0.017691;84218;193747;277965;2300002;335172;
I0804 23:07:54.520568  3254 pagerankX.cc:154] TrainLog: fid-50;0.001569;44761;17980;62741;140738;22341;
I0804 23:07:54.521589  3252 pagerankX.cc:154] TrainLog: fid-34;0.002586;43513;40170;83683;240401;35315;
I0804 23:07:54.354205  4959 pagerankX.cc:154] TrainLog: fid-24;0.002933;74218;30016;104234;388307;30789;
I0804 23:07:54.366518 10992 pagerankX.cc:154] TrainLog: fid-13;0.002643;68278;32673;100951;393419;25924;
I0804 23:07:54.366813 10996 pagerankX.cc:154] TrainLog: fid-45;0.002931;44749;55812;100561;360972;48124;
I0804 23:07:54.522403  3248 pagerankX.cc:154] TrainLog: fid-2;0.003407;69979;40833;110812;422723;31649;
I0804 23:07:54.366991 10997 pagerankX.cc:154] TrainLog: fid-53;0.003098;35841;50712;86553;304089;38242;
I0804 23:07:54.354882  4961 pagerankX.cc:154] TrainLog: fid-40;0.003607;64637;46682;111319;414539;39730;
I0804 23:07:54.452603 10742 pagerankX.cc:154] TrainLog: fid-57;0.003486;84220;45516;129736;502410;37223;
I0804 23:07:54.522611  3250 pagerankX.cc:154] TrainLog: fid-18;0.003614;84232;44109;128341;452219;38383;
I0804 23:07:54.452702 10736 pagerankX.cc:154] TrainLog: fid-9;0.003586;76669;46183;122852;575334;31880;
I0804 23:07:54.468446 12294 pagerankX.cc:154] TrainLog: fid-52;0.003498;84223;43351;127574;531617;37955;
I0804 23:07:54.355216  4958 pagerankX.cc:154] TrainLog: fid-16;0.003938;53384;64307;117691;392595;51307;
I0804 23:07:54.470773 30332 pagerankX.cc:154] TrainLog: fid-6;0.003434;84178;32504;116682;413169;33868;
I0804 23:07:54.522764  3251 pagerankX.cc:154] TrainLog: fid-26;0.003765;84214;45118;129332;537092;46668;
I0804 23:07:54.404378 24077 pagerankX.cc:154] TrainLog: fid-63;0.003356;84227;27786;112013;618695;23490;
I0804 23:07:54.470819 30339 pagerankX.cc:154] TrainLog: fid-62;0.003411;84225;43574;127799;497253;38727;
I0804 23:07:54.470960 30334 pagerankX.cc:154] TrainLog: fid-22;0.003618;57648;49984;107632;404607;44745;
I0804 23:07:54.367641 10995 pagerankX.cc:154] TrainLog: fid-37;0.003764;52649;45677;98326;490241;32973;
I0804 23:07:54.404765 24070 pagerankX.cc:154] TrainLog: fid-7;0.003752;84223;38822;123045;513729;35811;
I0804 23:07:54.471267 30336 pagerankX.cc:154] TrainLog: fid-38;0.003927;84191;43668;127859;503551;33629;
I0804 23:07:54.469267 12295 pagerankX.cc:154] TrainLog: fid-60;0.004322;84225;52407;136632;625507;56286;
I0804 23:07:54.356060  4963 pagerankX.cc:154] TrainLog: fid-56;0.004782;84214;65462;149676;715618;62256;
I0804 23:07:54.405158 24072 pagerankX.cc:154] TrainLog: fid-23;0.004145;80147;46526;126673;562692;41853;
I0804 23:07:54.394968 26155 pagerankX.cc:154] TrainLog: fid-35;0.004085;84224;38995;123219;519041;36047;
I0804 23:07:54.472165 30333 pagerankX.cc:154] TrainLog: fid-14;0.004758;84227;52214;136441;842109;48997;
I0804 23:07:54.470094 12289 pagerankX.cc:154] TrainLog: fid-12;0.005163;84224;74677;158901;764938;69591;
I0804 23:07:54.368892 10998 pagerankX.cc:154] TrainLog: fid-61;0.005001;76057;60896;136953;610582;63159;
I0804 23:07:54.472379 30335 pagerankX.cc:154] TrainLog: fid-30;0.00497;45973;96649;142622;673657;64548;
I0804 23:07:54.454759 10738 pagerankX.cc:154] TrainLog: fid-25;0.005645;84209;79914;164123;900372;99538;
I0804 23:07:54.524688  3255 pagerankX.cc:154] TrainLog: fid-58;0.005684;84228;62210;146438;925592;92293;
I0804 23:07:54.357172  4956 pagerankX.cc:154] TrainLog: fid-0;0.005898;84225;71443;155668;785132;89096;
I0804 23:07:54.369355 10991 pagerankX.cc:154] TrainLog: fid-5;0.005479;84216;63806;148022;729860;46547;
I0804 23:07:54.395787 26152 pagerankX.cc:154] TrainLog: fid-11;0.004909;84209;49763;133972;603967;34784;
I0804 23:07:54.471103 12290 pagerankX.cc:154] TrainLog: fid-20;0.006161;83946;70759;154705;746281;56270;
I0804 23:07:54.369874 10993 pagerankX.cc:154] TrainLog: fid-21;0.005998;84215;59114;143329;881595;75494;
I0804 23:07:54.358120  4962 pagerankX.cc:154] TrainLog: fid-48;0.00684;84200;95125;179325;936805;106898;
I0804 23:07:54.407286 24073 pagerankX.cc:154] TrainLog: fid-31;0.006273;79043;74777;153820;1083119;60463;
I0804 23:07:54.455956 10741 pagerankX.cc:154] TrainLog: fid-49;0.006841;80634;109603;190237;1034819;104239;
