I0804 13:24:14.044754 27858 sssp.cc:228] worker window 13 11 128
I0804 13:24:14.045056 16100 sssp.cc:228] worker window 15 11 15
I0804 13:24:14.057595  4994 sssp.cc:228] worker window 46 11 16
I0804 13:24:14.077590 27604 sssp.cc:228] worker window 16 11 12
I0804 13:24:14.029080 16857 sssp.cc:228] worker window 9 11 13
I0804 13:24:14.073846 16954 sssp.cc:228] worker window 58 11 24
I0804 13:24:14.039278 23329 sssp.cc:228] worker window 60 11 9
I0804 13:24:14.050781 12559 sssp.cc:228] worker window 27 11 29
I0804 13:24:14.071301  4993 sssp.cc:228] worker window 38 11 32
I0804 13:24:14.047096 27862 sssp.cc:228] worker window 45 11 12
I0804 13:24:14.046308 16102 sssp.cc:228] worker window 31 11 2
I0804 13:24:14.077028  4995 sssp.cc:228] worker window 54 11 112
I0804 13:24:14.110993 27602 sssp.cc:228] worker window 0 11 10
I0804 13:24:14.074836 16862 sssp.cc:228] worker window 49 12 1
I0804 13:24:14.122730 16947 sssp.cc:228] worker window 2 12 0
I0804 13:24:14.097682 23328 sssp.cc:228] worker window 52 12 0
I0804 13:24:14.099865 27859 sssp.cc:228] worker window 21 12 0
I0804 13:24:14.112190 12562 sssp.cc:228] worker window 51 12 0
I0804 13:24:14.083714 16860 sssp.cc:228] worker window 33 12 121
I0804 13:24:14.127362 16951 sssp.cc:228] worker window 34 11 9
I0804 13:24:14.108353 23324 sssp.cc:228] worker window 20 12 1
I0804 13:24:14.105693 27864 sssp.cc:228] worker window 61 12 0
I0804 13:24:14.106555 16104 sssp.cc:228] worker window 47 12 0
I0804 13:24:14.130755  4992 sssp.cc:228] worker window 30 12 18
I0804 13:24:14.147691 27606 sssp.cc:228] worker window 32 12 7
I0804 13:24:14.112362 12561 sssp.cc:228] worker window 43 12 79
I0804 13:24:14.089493 16858 sssp.cc:228] worker window 17 12 1
I0804 13:24:14.137293 16950 sssp.cc:228] worker window 26 12 31
I0804 13:24:14.110946 23323 sssp.cc:228] worker window 12 12 50
I0804 13:24:14.113925 12557 sssp.cc:228] worker window 11 12 0
I0804 13:24:14.114432 27860 sssp.cc:228] worker window 29 12 0
I0804 13:24:14.109001 16101 sssp.cc:228] worker window 23 12 15
I0804 13:24:14.131206  4989 sssp.cc:228] worker window 6 12 0
I0804 13:24:14.155463 27608 sssp.cc:228] worker window 48 12 36
I0804 13:24:14.090304 16859 sssp.cc:228] worker window 25 12 1
I0804 13:24:14.114092 23326 sssp.cc:228] worker window 36 12 24
I0804 13:24:14.124900 12556 sssp.cc:228] worker window 3 12 0
I0804 13:24:14.090370 16863 sssp.cc:228] worker window 57 12 2
I0804 13:24:14.144269 16953 sssp.cc:228] worker window 50 12 0
I0804 13:24:14.121726 23325 sssp.cc:228] worker window 28 12 0
I0804 13:24:14.118162 27861 sssp.cc:228] worker window 37 12 2
I0804 13:24:14.117651 16103 sssp.cc:228] worker window 39 12 11
I0804 13:24:14.140244  4990 sssp.cc:228] worker window 14 12 3
I0804 13:24:14.158682 27609 sssp.cc:228] worker window 56 12 12
I0804 13:24:14.100198 16856 sssp.cc:228] worker window 1 12 23
I0804 13:24:14.145023 16952 sssp.cc:228] worker window 42 12 70
I0804 13:24:14.125440 12563 sssp.cc:228] worker window 59 12 0
I0804 13:24:14.118352 27863 sssp.cc:228] worker window 53 12 6
I0804 13:24:14.118325 16099 sssp.cc:228] worker window 7 12 22
I0804 13:24:14.140650  4991 sssp.cc:228] worker window 22 12 0
I0804 13:24:14.159835 27603 sssp.cc:228] worker window 8 12 3
I0804 13:24:14.145400 16949 sssp.cc:228] worker window 18 12 7
I0804 13:24:14.125870 23327 sssp.cc:228] worker window 44 12 2
I0804 13:24:14.129354 12558 sssp.cc:228] worker window 19 12 3
I0804 13:24:14.118681 27857 sssp.cc:228] worker window 5 12 2
I0804 13:24:14.120873 16105 sssp.cc:228] worker window 55 12 0
I0804 13:24:14.143149  4996 sssp.cc:228] worker window 62 12 8
I0804 13:24:14.163816 27607 sssp.cc:228] worker window 40 12 0
I0804 13:24:14.100817 16861 sssp.cc:228] worker window 41 12 19
I0804 13:24:14.146067 16948 sssp.cc:228] worker window 10 12 4
I0804 13:24:14.126178 23322 sssp.cc:228] worker window 4 12 2
I0804 13:24:14.134371 12560 sssp.cc:228] worker window 35 12 0
I0804 13:24:14.123299 27858 sssp.cc:228] worker window 13 12 27
I0804 13:24:14.121753 16106 sssp.cc:228] worker window 63 12 4
I0804 13:24:14.144531  4994 sssp.cc:228] worker window 46 12 3
I0804 13:24:14.174952 27605 sssp.cc:228] worker window 24 12 2
I0804 13:24:14.161538 16954 sssp.cc:228] worker window 58 12 2
I0804 13:24:14.126861 23329 sssp.cc:228] worker window 60 12 1
I0804 13:24:14.138464 12559 sssp.cc:228] worker window 27 12 2
I0804 13:24:14.137030 27862 sssp.cc:228] worker window 45 12 0
I0804 13:24:14.132889 16100 sssp.cc:228] worker window 15 12 5
I0804 13:24:14.154726  4993 sssp.cc:228] worker window 38 12 2
I0804 13:24:14.116442 16857 sssp.cc:228] worker window 9 12 6
I0804 13:24:14.175057 27604 sssp.cc:228] worker window 16 12 6
I0804 13:24:14.134141 16102 sssp.cc:228] worker window 31 12 0
I0804 13:24:14.160343  4995 sssp.cc:228] worker window 54 12 43
I0804 13:24:14.199425 27602 sssp.cc:228] worker window 0 12 0
I0804 13:24:14.162683 16862 sssp.cc:228] worker window 49 13 0
I0804 13:24:14.210851 16947 sssp.cc:228] worker window 2 13 0
I0804 13:24:14.198567 12561 sssp.cc:228] worker window 43 13 4
I0804 13:24:14.187942 27859 sssp.cc:228] worker window 21 13 0
I0804 13:24:14.212615  4990 sssp.cc:228] worker window 14 13 1
I0804 13:24:14.169770 16860 sssp.cc:228] worker window 33 13 22
I0804 13:24:14.214901 16951 sssp.cc:228] worker window 34 12 0
I0804 13:24:14.195102 23323 sssp.cc:228] worker window 12 13 8
I0804 13:24:14.200599 12557 sssp.cc:228] worker window 11 13 0
I0804 13:24:14.194654 16104 sssp.cc:228] worker window 47 13 0
I0804 13:24:14.218860  4992 sssp.cc:228] worker window 30 13 12
I0804 13:24:14.235898 27606 sssp.cc:228] worker window 32 13 0
I0804 13:24:14.177613 16859 sssp.cc:228] worker window 25 13 1
I0804 13:24:14.201696 27863 sssp.cc:228] worker window 53 13 0
I0804 13:24:14.224552 16950 sssp.cc:228] worker window 26 13 0
I0804 13:24:14.196631 23324 sssp.cc:228] worker window 20 13 0
I0804 13:24:14.212786 12558 sssp.cc:228] worker window 19 13 0
I0804 13:24:14.197094 16101 sssp.cc:228] worker window 23 13 4
I0804 13:24:14.225523  4991 sssp.cc:228] worker window 22 13 0
I0804 13:24:14.243543 27608 sssp.cc:228] worker window 48 13 1
I0804 13:24:14.178282 16863 sssp.cc:228] worker window 57 13 8
I0804 13:24:14.203012 27861 sssp.cc:228] worker window 37 13 0
I0804 13:24:14.180544 16856 sssp.cc:228] worker window 1 13 1
I0804 13:24:14.232172 16952 sssp.cc:228] worker window 42 13 1
I0804 13:24:14.204455 23326 sssp.cc:228] worker window 36 13 14
I0804 13:24:14.212967 12560 sssp.cc:228] worker window 35 13 0
I0804 13:24:14.203596 27857 sssp.cc:228] worker window 5 13 9
I0804 13:24:14.205749 16103 sssp.cc:228] worker window 39 13 4
I0804 13:24:14.228067  4996 sssp.cc:228] worker window 62 13 7
I0804 13:24:14.247025 27609 sssp.cc:228] worker window 56 13 1
I0804 13:24:14.189335 16861 sssp.cc:228] worker window 41 13 0
I0804 13:24:14.232350 16948 sssp.cc:228] worker window 10 13 2
I0804 13:24:14.207334 23325 sssp.cc:228] worker window 28 13 0
I0804 13:24:14.215795 12559 sssp.cc:228] worker window 27 13 2
I0804 13:24:14.204325 27858 sssp.cc:228] worker window 13 13 11
I0804 13:24:14.206363 16099 sssp.cc:228] worker window 7 13 1
I0804 13:24:14.229375  4994 sssp.cc:228] worker window 46 13 4
I0804 13:24:14.247822 27603 sssp.cc:228] worker window 8 13 0
I0804 13:24:14.232650 16949 sssp.cc:228] worker window 18 13 0
I0804 13:24:14.216331 23327 sssp.cc:228] worker window 44 13 0
I0804 13:24:14.206513 27862 sssp.cc:228] worker window 45 13 0
I0804 13:24:14.208972 16105 sssp.cc:228] worker window 55 13 0
I0804 13:24:14.209029 16106 sssp.cc:228] worker window 63 13 0
I0804 13:24:14.239411  4993 sssp.cc:228] worker window 38 13 0
I0804 13:24:14.252446 27607 sssp.cc:228] worker window 40 13 0
I0804 13:24:14.202554 16857 sssp.cc:228] worker window 9 13 0
I0804 13:24:14.236465 16954 sssp.cc:228] worker window 58 13 0
I0804 13:24:14.220804 16100 sssp.cc:228] worker window 15 13 1
I0804 13:24:14.263365 27605 sssp.cc:228] worker window 24 13 3
I0804 13:24:14.216511 23322 sssp.cc:228] worker window 4 13 0
I0804 13:24:14.244891  4995 sssp.cc:228] worker window 54 13 16
I0804 13:24:14.217170 23329 sssp.cc:228] worker window 60 13 1
I0804 13:24:14.222106 16102 sssp.cc:228] worker window 31 13 0
I0804 13:24:14.263761 27604 sssp.cc:228] worker window 16 13 0
I0804 13:24:14.287343 27602 sssp.cc:228] worker window 0 13 0
I0804 13:24:14.300776  4990 sssp.cc:228] worker window 14 14 0
I0804 13:24:14.257253 16860 sssp.cc:228] worker window 33 14 4
I0804 13:24:14.285908 12561 sssp.cc:228] worker window 43 14 0
I0804 13:24:14.283979 23323 sssp.cc:228] worker window 12 14 0
I0804 13:24:14.283988 23324 sssp.cc:228] worker window 20 14 0
I0804 13:24:14.305876  4989 sssp.cc:228] worker window 6 13 0
I0804 13:24:14.305945  4992 sssp.cc:228] worker window 30 14 5
I0804 13:24:14.323146 27606 sssp.cc:228] worker window 32 14 0
I0804 13:24:14.264937 16859 sssp.cc:228] worker window 25 14 1
I0804 13:24:14.310487 16950 sssp.cc:228] worker window 26 14 0
I0804 13:24:14.289232 27863 sssp.cc:228] worker window 53 14 0
I0804 13:24:14.284504 16103 sssp.cc:228] worker window 39 14 2
I0804 13:24:14.314438  4991 sssp.cc:228] worker window 22 14 0
I0804 13:24:14.292047 23326 sssp.cc:228] worker window 36 14 4
I0804 13:24:14.298962 12558 sssp.cc:228] worker window 19 14 0
I0804 13:24:14.329677 27608 sssp.cc:228] worker window 48 14 0
I0804 13:24:14.265951 16863 sssp.cc:228] worker window 57 14 0
I0804 13:24:14.318011 16952 sssp.cc:228] worker window 42 14 0
I0804 13:24:14.290832 27861 sssp.cc:228] worker window 37 14 0
I0804 13:24:14.285214 16099 sssp.cc:228] worker window 7 14 0
I0804 13:24:14.316889  4996 sssp.cc:228] worker window 62 14 4
I0804 13:24:14.267827 16856 sssp.cc:228] worker window 1 14 2
I0804 13:24:14.294767 23325 sssp.cc:228] worker window 28 14 0
I0804 13:24:14.300671 12560 sssp.cc:228] worker window 35 14 0
I0804 13:24:14.291465 27858 sssp.cc:228] worker window 13 14 1
I0804 13:24:14.287746 16106 sssp.cc:228] worker window 63 14 0
I0804 13:24:14.318172  4994 sssp.cc:228] worker window 46 14 0
I0804 13:24:14.333529 27609 sssp.cc:228] worker window 56 14 0
I0804 13:24:14.269906 16861 sssp.cc:228] worker window 41 14 0
I0804 13:24:14.318382 16949 sssp.cc:228] worker window 18 14 0
I0804 13:24:14.303648 12559 sssp.cc:228] worker window 27 14 0
I0804 13:24:14.292487 27857 sssp.cc:228] worker window 5 14 0
I0804 13:24:14.298410 16102 sssp.cc:228] worker window 31 14 0
I0804 13:24:14.333770 27603 sssp.cc:228] worker window 8 14 0
I0804 13:24:14.320860 16948 sssp.cc:228] worker window 10 14 0
I0804 13:24:14.303719 23327 sssp.cc:228] worker window 44 14 0
I0804 13:24:14.307096 27862 sssp.cc:228] worker window 45 14 0
I0804 13:24:14.332926  4995 sssp.cc:228] worker window 54 14 0
I0804 13:24:14.339093 27605 sssp.cc:228] worker window 24 14 0
I0804 13:24:14.289645 16857 sssp.cc:228] worker window 9 14 0
I0804 13:24:14.322782 16954 sssp.cc:228] worker window 58 14 0
I0804 13:24:14.303900 23322 sssp.cc:228] worker window 4 14 0
I0804 13:24:14.349954 27607 sssp.cc:228] worker window 40 14 0
I0804 13:24:14.350517 27604 sssp.cc:228] worker window 16 14 0
I0804 13:24:14.371752 27606 sssp.cc:228] worker window 32 15 0
I0804 13:24:14.311627 16860 sssp.cc:228] worker window 33 15 0
I0804 13:24:14.362267 16950 sssp.cc:228] worker window 26 15 0
I0804 13:24:14.336906 23323 sssp.cc:228] worker window 12 15 0
I0804 13:24:14.358242  4992 sssp.cc:228] worker window 30 15 0
I0804 13:24:14.343315 27861 sssp.cc:228] worker window 37 15 0
I0804 13:24:14.317958 16863 sssp.cc:228] worker window 57 15 0
I0804 13:24:14.369283 16948 sssp.cc:228] worker window 10 15 0
I0804 13:24:14.337604 23324 sssp.cc:228] worker window 20 15 0
I0804 13:24:14.367795  4996 sssp.cc:228] worker window 62 15 0
I0804 13:24:14.320227 16856 sssp.cc:228] worker window 1 15 0
I0804 13:24:14.343869 27858 sssp.cc:228] worker window 13 15 0
I0804 13:24:14.346633 27862 sssp.cc:228] worker window 45 15 0
I0804 13:24:14.394798 27597 worker.cc:471] [worker1] enters process result assemble, 8
I0804 13:24:14.336426 16851 worker.cc:471] [worker2] enters process result assemble, 8
I0804 13:24:14.382506 16942 worker.cc:471] [worker3] enters process result assemble, 8
I0804 13:24:14.358124 23317 worker.cc:471] [worker5] enters process result assemble, 8
I0804 13:24:14.366286 12551 worker.cc:471] [worker4] enters process result assemble, 8
I0804 13:24:14.358673 27852 worker.cc:471] [worker6] enters process result assemble, 8
I0804 13:24:14.357233 16094 worker.cc:471] [worker8] enters process result assemble, 8
I0804 13:24:14.383329  4984 worker.cc:471] [worker7] enters process result assemble, 8
I0804 13:28:19.778098 22561 metric.cc:219] -------------------------------------------------
I0804 13:28:19.778136 22561 metric.cc:220] algorithm:           sssp
I0804 13:28:19.778154 22561 metric.cc:221] dataset-vfile:       /BIGDATA1/buaa_wffan_1/grape-data/com-friendster/evr/com-friendster.v
I0804 13:28:19.778159 22561 metric.cc:222] dataset-efile:       /BIGDATA1/buaa_wffan_1/grape-data/com-friendster/evr/com-friendster.e
I0804 13:28:19.778163 22561 metric.cc:223] partition-num:       64
I0804 13:28:19.778174 22561 metric.cc:224] query-info:          file:/BIGDATA1/buaa_wffan_1/lidongze/code/sssp/cpp/build/query/sssp/bsp/1752217
I0804 13:28:19.778178 22561 metric.cc:225] graph-load-time(s):  37.3141
I0804 13:28:19.781396 22561 metric.cc:226] grape-total-time(s): 22.228
I0804 13:28:19.781409 22561 metric.cc:227] max-thread-time(s):  20.0131
I0804 13:28:19.781414 22561 metric.cc:228] min-thread-time(s):  2.54034
I0804 13:28:19.781420 22561 metric.cc:229] avg-thread-time(s):  10.6604
I0804 13:28:19.781427 22561 metric.cc:230] mpi-msg-size(Bytes): 9305788356
I0804 13:28:19.781440 22561 metric.cc:231] -------------------------------------------------
I0804 13:28:19.781443 22561 metric.cc:232] ------------Running State Time-------------------
I0804 13:28:19.781447 22561 metric.cc:234] [worker1]: 17.1318
I0804 13:28:19.781461 22561 metric.cc:234] [worker2]: 17.1452
I0804 13:28:19.781466 22561 metric.cc:234] [worker3]: 18.1611
I0804 13:28:19.781472 22561 metric.cc:234] [worker4]: 16.8286
I0804 13:28:19.781478 22561 metric.cc:234] [worker5]: 17.0093
I0804 13:28:19.781484 22561 metric.cc:234] [worker6]: 16.9093
I0804 13:28:19.781489 22561 metric.cc:234] [worker7]: 16.7208
I0804 13:28:19.781497 22561 metric.cc:234] [worker8]: 17.1113
I0804 13:28:19.781502 22561 metric.cc:236] ------------Listening State Time-----------------
I0804 13:28:19.781507 22561 metric.cc:238] [worker1]: 1.14371
I0804 13:28:19.781512 22561 metric.cc:238] [worker2]: 1.35436
I0804 13:28:19.781517 22561 metric.cc:238] [worker3]: 0.000622272
I0804 13:28:19.781523 22561 metric.cc:238] [worker4]: 1.39722
I0804 13:28:19.781529 22561 metric.cc:238] [worker5]: 1.34965
I0804 13:28:19.781534 22561 metric.cc:238] [worker6]: 1.34593
I0804 13:28:19.781540 22561 metric.cc:238] [worker7]: 1.35098
I0804 13:28:19.781545 22561 metric.cc:238] [worker8]: 1.39799
I0804 13:28:19.781550 22561 metric.cc:240] -----------------Evaluation Time-----------------
I0804 13:28:19.781554 22561 metric.cc:242] [worker1]: 22.2279
I0804 13:28:19.781560 22561 metric.cc:242] [worker2]: 22.2278
I0804 13:28:19.781566 22561 metric.cc:242] [worker3]: 22.2279
I0804 13:28:19.781571 22561 metric.cc:242] [worker4]: 22.2278
I0804 13:28:19.781577 22561 metric.cc:242] [worker5]: 22.2278
I0804 13:28:19.781584 22561 metric.cc:242] [worker6]: 22.2278
I0804 13:28:19.781589 22561 metric.cc:242] [worker7]: 22.2279
I0804 13:28:19.781594 22561 metric.cc:242] [worker8]: 22.2278
I0804 13:28:19.781600 22561 metric.cc:244] -------------------Ejecting Time-----------------
I0804 13:28:19.781605 22561 metric.cc:246] [worker1]: 5.39043
I0804 13:28:19.781610 22561 metric.cc:246] [worker2]: 4.72581
I0804 13:28:19.781615 22561 metric.cc:246] [worker3]: 5.35903
I0804 13:28:19.781620 22561 metric.cc:246] [worker4]: 4.9605
I0804 13:28:19.781625 22561 metric.cc:246] [worker5]: 5.2273
I0804 13:28:19.781630 22561 metric.cc:246] [worker6]: 5.26965
I0804 13:28:19.781635 22561 metric.cc:246] [worker7]: 4.91392
I0804 13:28:19.781641 22561 metric.cc:246] [worker8]: 5.1046
I0804 13:28:19.781646 22561 metric.cc:249] ------------------Receiving Time-----------------
I0804 13:28:19.781651 22561 metric.cc:251] [worker1]: 8.21852
I0804 13:28:19.781656 22561 metric.cc:251] [worker2]: 8.51221
I0804 13:28:19.781661 22561 metric.cc:251] [worker3]: 8.59212
I0804 13:28:19.781666 22561 metric.cc:251] [worker4]: 8.20976
I0804 13:28:19.781685 22561 metric.cc:251] [worker5]: 8.13072
I0804 13:28:19.781690 22561 metric.cc:251] [worker6]: 8.17014
I0804 13:28:19.781695 22561 metric.cc:251] [worker7]: 8.14929
I0804 13:28:19.781700 22561 metric.cc:251] [worker8]: 8.30306
I0804 13:28:19.781705 22561 metric.cc:255] ---------------------Waking Time-----------------
I0804 13:28:19.781716 22561 metric.cc:257] [worker1]: 4.6189
I0804 13:28:19.781723 22561 metric.cc:257] [worker2]: 5.10873
I0804 13:28:19.781728 22561 metric.cc:257] [worker3]: 5.50741
I0804 13:28:19.781746 22561 metric.cc:257] [worker4]: 4.78664
I0804 13:28:19.781751 22561 metric.cc:257] [worker5]: 4.77707
I0804 13:28:19.781755 22561 metric.cc:257] [worker6]: 4.54441
I0804 13:28:19.781760 22561 metric.cc:257] [worker7]: 4.78087
I0804 13:28:19.781765 22561 metric.cc:257] [worker8]: 4.84619
I0804 13:28:19.781769 22561 metric.cc:259] ---------------------Msg Size--------------------
I0804 13:28:19.781774 22561 metric.cc:261] [worker1]: 1620491272
I0804 13:28:19.781777 22561 metric.cc:261] [worker2]: 907331008
I0804 13:28:19.781780 22561 metric.cc:261] [worker3]: 1139677420
I0804 13:28:19.781785 22561 metric.cc:261] [worker4]: 1067953212
I0804 13:28:19.781787 22561 metric.cc:261] [worker5]: 1178618196
I0804 13:28:19.781790 22561 metric.cc:261] [worker6]: 1129715384
I0804 13:28:19.781795 22561 metric.cc:261] [worker7]: 1071873340
I0804 13:28:19.781797 22561 metric.cc:261] [worker8]: 1190128524
I0804 13:28:19.781800 22561 metric.cc:264] ---------------------MPI_recv time---------------
I0804 13:28:19.781805 22561 metric.cc:266] [worker1]: 0.0131688 , 0.697605, 0.00132036 , 
I0804 13:28:19.781811 22561 metric.cc:266] [worker2]: 0.0479422 , 0.379355, 0.000901937 , 
I0804 13:28:19.781818 22561 metric.cc:266] [worker3]: 0.0139694 , 0.476017, 0.00290871 , 
I0804 13:28:19.781824 22561 metric.cc:266] [worker4]: 0.0348752 , 0.445067, 0.0101862 , 
I0804 13:28:19.781831 22561 metric.cc:266] [worker5]: 0.00328588 , 0.451944, 0.000802994 , 
I0804 13:28:19.781838 22561 metric.cc:266] [worker6]: 0.0534086 , 0.451564, 0.0243015 , 
I0804 13:28:19.781844 22561 metric.cc:266] [worker7]: 0.0359409 , 0.445318, 0.00339913 , 
I0804 13:28:19.781852 22561 metric.cc:266] [worker8]: 0.0748267 , 0.482265, 0.00090003 , 
I0804 13:28:19.781858 22561 metric.cc:270] -----------------Sent Msg Num--------------------
I0804 13:28:19.781862 22561 metric.cc:274] [worker1]: 108741533
I0804 13:28:19.781865 22561 metric.cc:274] [worker2]: 65517775
I0804 13:28:19.781869 22561 metric.cc:274] [worker3]: 76075253
I0804 13:28:19.781872 22561 metric.cc:274] [worker4]: 71580078
I0804 13:28:19.781877 22561 metric.cc:274] [worker5]: 87708368
I0804 13:28:19.781879 22561 metric.cc:274] [worker6]: 80027301
I0804 13:28:19.781883 22561 metric.cc:274] [worker7]: 79344862
I0804 13:28:19.781885 22561 metric.cc:274] [worker8]: 79690800
I0804 13:28:19.781889 22561 metric.cc:277] [coordinator] : total = 648685970
I0804 13:28:19.781893 22561 metric.cc:278] [coordinator] : aggregated msg num = 41721434
I0804 13:28:19.781896 22561 metric.cc:279] [coordinator] : iter num = 156225533
I0804 13:28:19.822865 22561 worker.cc:230] all queries in the workload is processed. 
I0804 13:28:19.822881 22561 worker.cc:242] query_info=
I0804 13:28:19.823089 22561 worker.cc:269] [coordinator] shutdown.
I0804 13:28:19.823887 23317 worker.cc:361] [worker_5] shutdown.
I0804 13:28:19.801543 16851 worker.cc:361] [worker_2] shutdown.
I0804 13:28:19.849050 16942 worker.cc:361] [worker_3] shutdown.
I0804 13:28:19.824456 27852 worker.cc:361] [worker_6] shutdown.
I0804 13:28:19.823001 16094 worker.cc:361] [worker_8] shutdown.
I0804 13:28:19.849849  4984 worker.cc:361] [worker_7] shutdown.
I0804 13:28:19.861737 27597 worker.cc:361] [worker_1] shutdown.
I0804 13:28:19.832307 12551 worker.cc:361] [worker_4] shutdown.
