I0624 20:37:56.022500  4718 pagerankX.cc:154] TrainLog: fid-94;0.001102;56148;23279;79427;236933;1604;
I0624 20:37:56.009369 11490 pagerankX.cc:148] fid: 67	update_sum0.0488536
I0624 20:37:56.009397 11490 pagerankX.cc:154] TrainLog: fid-67;0.001254;56148;19813;75961;268531;801;
I0624 20:37:56.009034 30731 pagerankX.cc:154] TrainLog: fid-79;0.001193;56147;23653;79800;253835;634;
I0624 20:37:56.022594  4716 pagerankX.cc:148] fid: 78	update_sum0.764261
I0624 20:37:56.009451 11488 pagerankX.cc:148] fid: 51	update_sum1.61328
I0624 20:37:56.009029 30730 pagerankX.cc:148] fid: 71	update_sum0.183719
I0624 20:37:56.009052 30730 pagerankX.cc:154] TrainLog: fid-71;0.001213;56149;23408;79557;266288;902;
I0624 20:37:56.108626 15092 pagerankX.cc:148] fid: 65	update_sum0.627658
I0624 20:37:56.108669 15092 pagerankX.cc:154] TrainLog: fid-65;0.001375;44909;29514;74423;257145;1868;
I0624 20:37:56.009477 11488 pagerankX.cc:154] TrainLog: fid-51;0.001335;55445;24243;79688;303625;2791;
I0624 20:37:56.082576 14557 pagerankX.cc:148] fid: 60	update_sum1.41316
I0624 20:37:56.082603 14557 pagerankX.cc:154] TrainLog: fid-60;0.001351;31689;60517;92206;317951;3578;
I0624 20:37:56.022670  7507 pagerankX.cc:148] fid: 53	update_sum1.10313
I0624 20:37:56.022687  7507 pagerankX.cc:154] TrainLog: fid-53;0.001412;43731;36491;80222;344519;2589;
I0624 20:37:56.022614  4716 pagerankX.cc:154] TrainLog: fid-78;0.001316;45245;34741;79986;297484;2488;
I0624 20:37:56.021802 10406 pagerankX.cc:148] fid: 26	update_sum1.03805
I0624 20:37:56.021831 10406 pagerankX.cc:154] TrainLog: fid-26;0.001431;56135;28174;84309;319990;1681;
I0624 20:37:56.082732 14561 pagerankX.cc:148] fid: 92	update_sum3.60641
I0624 20:37:56.022768  4711 pagerankX.cc:148] fid: 38	update_sum0.120169
I0624 20:37:56.021920 10413 pagerankX.cc:148] fid: 82	update_sum0.235885
I0624 20:37:56.021950 10413 pagerankX.cc:154] TrainLog: fid-82;0.001532;55390;22879;78269;310437;1281;
I0624 20:37:56.082758 14561 pagerankX.cc:154] TrainLog: fid-92;0.001493;47253;39734;86987;341559;4077;
I0624 20:37:56.022792  4711 pagerankX.cc:154] TrainLog: fid-38;0.001442;56151;21244;77395;357719;780;
I0624 20:37:56.108911 15091 pagerankX.cc:148] fid: 57	update_sum0.268077
I0624 20:37:56.009732 11486 pagerankX.cc:148] fid: 35	update_sum2.00051
I0624 20:37:56.009402 30726 pagerankX.cc:148] fid: 39	update_sum3.98931
I0624 20:37:56.009403 30722 pagerankX.cc:148] fid: 7	update_sum4.63138
I0624 20:37:56.009433 30726 pagerankX.cc:154] TrainLog: fid-39;0.001597;42435;41687;84122;370397;6623;
I0624 20:37:56.009443 30722 pagerankX.cc:154] TrainLog: fid-7;0.001623;53562;41629;95191;362548;9181;
I0624 20:37:56.022809  4710 pagerankX.cc:148] fid: 30	update_sum0.384991
I0624 20:37:56.022810  4717 pagerankX.cc:148] fid: 86	update_sum2.53973
I0624 20:37:56.022852  4710 pagerankX.cc:154] TrainLog: fid-30;0.001457;56146;27252;83398;339824;945;
I0624 20:37:56.022867  4717 pagerankX.cc:154] TrainLog: fid-86;0.001517;50615;33821;84436;343383;3487;
I0624 20:37:56.022004 10414 pagerankX.cc:148] fid: 90	update_sum2.0095
I0624 20:37:56.022033 10414 pagerankX.cc:154] TrainLog: fid-90;0.001622;37766;54447;92213;392631;12065;
I0624 20:37:56.009452 30728 pagerankX.cc:148] fid: 55	update_sum1.08152
I0624 20:37:56.022990  4713 pagerankX.cc:148] fid: 54	update_sum1.56483
I0624 20:37:56.108937 15091 pagerankX.cc:154] TrainLog: fid-57;0.001641;56153;28670;84823;335437;2754;
I0624 20:37:56.022123 10408 pagerankX.cc:148] fid: 42	update_sum1.90109
I0624 20:37:56.009757 11486 pagerankX.cc:154] TrainLog: fid-35;0.001617;45461;53875;99336;370800;5508;
I0624 20:37:56.009474 30728 pagerankX.cc:154] TrainLog: fid-55;0.001637;41226;46400;87626;402351;2250;
I0624 20:37:56.109107 15084 pagerankX.cc:148] fid: 1	update_sum2.98812
I0624 20:37:56.009809 11482 pagerankX.cc:148] fid: 3	update_sum1.53412
I0624 20:37:56.023066  7501 pagerankX.cc:148] fid: 5	update_sum0.964117
I0624 20:37:56.023095  7501 pagerankX.cc:154] TrainLog: fid-5;0.0018;41743;52326;94069;402613;1554;
I0624 20:37:56.009652 30724 pagerankX.cc:148] fid: 23	update_sum1.29895
I0624 20:37:56.023016  4713 pagerankX.cc:154] TrainLog: fid-54;0.001668;33121;50049;83170;404284;2687;
I0624 20:37:56.109133 15084 pagerankX.cc:154] TrainLog: fid-1;0.001835;45749;38842;84591;384708;5182;
I0624 20:37:56.022151 10408 pagerankX.cc:154] TrainLog: fid-42;0.001733;44990;57630;102620;367206;4850;
I0624 20:37:56.009835 11482 pagerankX.cc:154] TrainLog: fid-3;0.001697;56148;38892;95040;374710;4397;
I0624 20:37:56.023115  7509 pagerankX.cc:148] fid: 69	update_sum0.570237
I0624 20:37:56.144066 15112 pagerankX.cc:148] fid: 48	update_sum2.75193
I0624 20:37:56.144090 15112 pagerankX.cc:154] TrainLog: fid-48;0.001933;56153;45986;102139;442255;5810;
I0624 20:37:56.109161 15086 pagerankX.cc:148] fid: 17	update_sum1.78094
I0624 20:37:56.010067 11489 pagerankX.cc:148] fid: 59	update_sum1.32037
I0624 20:37:56.023138  7509 pagerankX.cc:154] TrainLog: fid-69;0.001782;56127;55846;111973;426798;1756;
I0624 20:37:56.009677 30724 pagerankX.cc:154] TrainLog: fid-23;0.001842;56145;30405;86550;460883;3601;
I0624 20:37:56.144145 15114 pagerankX.cc:148] fid: 64	update_sum2.23557
I0624 20:37:56.022392 10411 pagerankX.cc:148] fid: 66	update_sum1.06116
I0624 20:37:56.083194 14556 pagerankX.cc:148] fid: 52	update_sum1.67992
I0624 20:37:56.083220 14556 pagerankX.cc:154] TrainLog: fid-52;0.001969;56149;58970;115119;463273;3755;
I0624 20:37:56.023340  4714 pagerankX.cc:148] fid: 62	update_sum4.73495
I0624 20:37:56.023365  4714 pagerankX.cc:154] TrainLog: fid-62;0.001966;46592;62573;109165;474764;8543;
I0624 20:37:56.144171 15114 pagerankX.cc:154] TrainLog: fid-64;0.002007;56134;42391;98525;469061;3793;
I0624 20:37:56.109163 15090 pagerankX.cc:148] fid: 49	update_sum2.33395
I0624 20:37:56.109191 15086 pagerankX.cc:154] TrainLog: fid-17;0.001898;56148;36288;92436;399333;2665;
I0624 20:37:56.010093 11489 pagerankX.cc:154] TrainLog: fid-59;0.001952;56125;37561;93686;454217;3496;
I0624 20:37:56.083254 14555 pagerankX.cc:148] fid: 44	update_sum0.428402
I0624 20:37:56.083278 14555 pagerankX.cc:154] TrainLog: fid-44;0.002025;40033;27064;67097;514352;667;
I0624 20:37:56.109200 15090 pagerankX.cc:154] TrainLog: fid-49;0.001906;49345;68239;117584;466241;5008;
I0624 20:37:56.022423 10411 pagerankX.cc:154] TrainLog: fid-66;0.002003;48148;48410;96558;429663;2901;
I0624 20:37:56.010138 11487 pagerankX.cc:148] fid: 43	update_sum2.57555
I0624 20:37:56.023437  7505 pagerankX.cc:148] fid: 37	update_sum1.53177
I0624 20:37:56.023463  7505 pagerankX.cc:154] TrainLog: fid-37;0.002165;56141;46859;103000;483038;3673;
I0624 20:37:56.144275 15109 pagerankX.cc:148] fid: 24	update_sum1.84781
I0624 20:37:56.144302 15109 pagerankX.cc:154] TrainLog: fid-24;0.00216;37147;58230;95377;567954;4727;
I0624 20:37:56.109386 15095 pagerankX.cc:148] fid: 89	update_sum0.737527
I0624 20:37:56.022423 10412 pagerankX.cc:148] fid: 74	update_sum0.969636
I0624 20:37:56.010164 11487 pagerankX.cc:154] TrainLog: fid-43;0.002033;56145;43997;100142;499746;4320;
I0624 20:37:56.010027 30732 pagerankX.cc:148] fid: 87	update_sum1.43683
I0624 20:37:56.010051 30732 pagerankX.cc:154] TrainLog: fid-87;0.002216;56133;67527;123660;524816;5143;
I0624 20:37:56.144377 15116 pagerankX.cc:148] fid: 80	update_sum3.48176
I0624 20:37:56.022449 10412 pagerankX.cc:154] TrainLog: fid-74;0.002034;56133;36552;92685;507944;1175;
I0624 20:37:56.109442 15095 pagerankX.cc:154] TrainLog: fid-89;0.002146;56127;62781;118908;505739;1781;
I0624 20:37:56.022531 10409 pagerankX.cc:148] fid: 50	update_sum0.623793
I0624 20:37:56.022557 10409 pagerankX.cc:154] TrainLog: fid-50;0.002142;55900;47038;102938;534047;2149;
I0624 20:37:56.023638  7512 pagerankX.cc:148] fid: 93	update_sum1.71388
I0624 20:37:56.144402 15116 pagerankX.cc:154] TrainLog: fid-80;0.002269;42501;67782;110283;572510;12078;
I0624 20:37:56.023663  7512 pagerankX.cc:154] TrainLog: fid-93;0.00235;56154;48687;104841;536779;3234;
I0624 20:37:56.144531 15107 pagerankX.cc:148] fid: 8	update_sum2.88973
I0624 20:37:56.023684  7503 pagerankX.cc:148] fid: 21	update_sum1.7203
I0624 20:37:56.010205 30723 pagerankX.cc:148] fid: 15	update_sum2.40553
I0624 20:37:56.010231 30723 pagerankX.cc:154] TrainLog: fid-15;0.002391;54757;64560;119317;605100;5069;
I0624 20:37:56.023725  4709 pagerankX.cc:148] fid: 22	update_sum0.159947
I0624 20:37:56.023756  4709 pagerankX.cc:154] TrainLog: fid-22;0.002419;56136;61697;117833;577564;733;
I0624 20:37:56.144556 15107 pagerankX.cc:154] TrainLog: fid-8;0.002414;56112;63168;119280;610731;7501;
I0624 20:37:56.023716  7503 pagerankX.cc:154] TrainLog: fid-21;0.00242;56139;58900;115039;553176;2651;
I0624 20:37:56.083750 14550 pagerankX.cc:148] fid: 4	update_sum5.27155
I0624 20:37:56.083775 14550 pagerankX.cc:154] TrainLog: fid-4;0.002525;55965;76077;132042;610094;11512;
I0624 20:37:56.023736  7510 pagerankX.cc:148] fid: 77	update_sum2.23324
I0624 20:37:56.144770 15106 pagerankX.cc:148] fid: 0	update_sum0.348608
I0624 20:37:56.144795 15115 pagerankX.cc:148] fid: 72	update_sum3.35084
I0624 20:37:56.144796 15106 pagerankX.cc:154] TrainLog: fid-0;0.002643;56147;66443;122590;629292;2588;
I0624 20:37:56.083941 14559 pagerankX.cc:148] fid: 76	update_sum2.23434
I0624 20:37:56.023761  7510 pagerankX.cc:154] TrainLog: fid-77;0.002447;56133;33492;89625;609796;5793;
I0624 20:37:56.144822 15115 pagerankX.cc:154] TrainLog: fid-72;0.002658;54963;58351;113314;647319;5824;
I0624 20:37:56.023054 10410 pagerankX.cc:148] fid: 58	update_sum5.80777
I0624 20:37:56.023079 10410 pagerankX.cc:154] TrainLog: fid-58;0.002663;56104;58100;114204;583999;3724;
I0624 20:37:56.023824  7504 pagerankX.cc:148] fid: 29	update_sum1.54702
I0624 20:37:56.023850  7504 pagerankX.cc:154] TrainLog: fid-29;0.002492;56137;59693;115830;640086;4557;
I0624 20:37:56.024045  4712 pagerankX.cc:148] fid: 46	update_sum1.48979
I0624 20:37:56.024083  4712 pagerankX.cc:154] TrainLog: fid-46;0.002735;56124;40946;97070;640551;4834;
I0624 20:37:56.083964 14559 pagerankX.cc:154] TrainLog: fid-76;0.002712;56142;47655;103797;684859;4260;
I0624 20:37:56.083972 14552 pagerankX.cc:148] fid: 20	update_sum1.68792
I0624 20:37:56.083994 14552 pagerankX.cc:154] TrainLog: fid-20;0.002743;55842;68718;124560;692972;4319;
I0624 20:37:56.011013 11492 pagerankX.cc:148] fid: 83	update_sum2.37402
I0624 20:37:56.110168 15085 pagerankX.cc:148] fid: 9	update_sum1.95833
I0624 20:37:56.110205 15085 pagerankX.cc:154] TrainLog: fid-9;0.002906;56114;95778;151892;766605;4423;
I0624 20:37:56.011036 11492 pagerankX.cc:154] TrainLog: fid-83;0.002841;56137;90955;147092;741945;5386;
I0624 20:37:56.084131 14551 pagerankX.cc:148] fid: 12	update_sum3.02388
I0624 20:37:56.084151 14551 pagerankX.cc:154] TrainLog: fid-12;0.002947;53200;183236;236436;694207;9865;
I0624 20:37:56.010825 30727 pagerankX.cc:148] fid: 47	update_sum1.74858
I0624 20:37:56.010844 30727 pagerankX.cc:154] TrainLog: fid-47;0.003055;55822;82031;137853;713193;3046;
I0624 20:37:56.023488 10404 pagerankX.cc:148] fid: 10	update_sum9.49754
I0624 20:37:56.023507 10404 pagerankX.cc:154] TrainLog: fid-10;0.003147;56138;85523;141661;763365;12218;
I0624 20:37:56.011377 11485 pagerankX.cc:148] fid: 27	update_sum6.66809
I0624 20:37:56.011400 11485 pagerankX.cc:154] TrainLog: fid-27;0.003271;56147;87493;143640;858940;13424;
I0624 20:37:56.024551  7508 pagerankX.cc:148] fid: 61	update_sum0.603088
I0624 20:37:56.024577  7508 pagerankX.cc:154] TrainLog: fid-61;0.003278;56153;62311;118464;795050;3985;
I0624 20:37:56.084540 14560 pagerankX.cc:148] fid: 84	update_sum2.3502
I0624 20:37:56.084563 14560 pagerankX.cc:154] TrainLog: fid-84;0.003312;56152;136602;192754;830999;7576;
I0624 20:37:56.023746 10407 pagerankX.cc:148] fid: 34	update_sum2.10668
I0624 20:37:56.023772 10407 pagerankX.cc:154] TrainLog: fid-34;0.003362;56150;109814;165964;746845;4977;
I0624 20:37:56.023955 10405 pagerankX.cc:148] fid: 18	update_sum4.19741
I0624 20:37:56.024832  7502 pagerankX.cc:148] fid: 13	update_sum4.27787
I0624 20:37:56.024857  7502 pagerankX.cc:154] TrainLog: fid-13;0.003502;56154;106318;162472;920958;12609;
I0624 20:37:56.110870 15089 pagerankX.cc:148] fid: 41	update_sum5.19572
I0624 20:37:56.110896 15089 pagerankX.cc:154] TrainLog: fid-41;0.003603;56148;81793;137941;781233;7961;
I0624 20:37:56.023980 10405 pagerankX.cc:154] TrainLog: fid-18;0.00357;56132;82996;139128;783319;9200;
I0624 20:37:56.024896  4708 pagerankX.cc:148] fid: 14	update_sum2.81422
I0624 20:37:56.024902  4707 pagerankX.cc:148] fid: 6	update_sum4.03462
I0624 20:37:56.024936  4708 pagerankX.cc:154] TrainLog: fid-14;0.003602;56139;142376;198515;967480;9090;
I0624 20:37:56.110957 15088 pagerankX.cc:148] fid: 33	update_sum3.65731
I0624 20:37:56.024950  4707 pagerankX.cc:154] TrainLog: fid-6;0.00361;56149;115889;172038;886493;8168;
I0624 20:37:56.110982 15088 pagerankX.cc:154] TrainLog: fid-33;0.00369;56148;85305;141453;795250;6906;
I0624 20:37:56.111035 15093 pagerankX.cc:148] fid: 73	update_sum6.8703
I0624 20:37:56.011883 11491 pagerankX.cc:148] fid: 75	update_sum5.65519
I0624 20:37:56.011909 11491 pagerankX.cc:154] TrainLog: fid-75;0.003753;56151;137522;193673;917931;23009;
I0624 20:37:56.111063 15093 pagerankX.cc:154] TrainLog: fid-73;0.003751;56051;109384;165435;790789;21553;
I0624 20:37:56.025233  7506 pagerankX.cc:148] fid: 45	update_sum0.982744
I0624 20:37:56.025259  7506 pagerankX.cc:154] TrainLog: fid-45;0.00396;55350;147468;202818;905836;7194;
I0624 20:37:56.085486 14554 pagerankX.cc:148] fid: 36	update_sum2.85497
I0624 20:37:56.085505 14554 pagerankX.cc:154] TrainLog: fid-36;0.004296;56084;125889;181973;1051424;6157;
I0624 20:37:56.085641 14553 pagerankX.cc:148] fid: 28	update_sum0.483574
I0624 20:37:56.012564 11484 pagerankX.cc:154] TrainLog: fid-19;0.004424;56145;61075;117220;797364;9305;
I0624 20:37:56.085667 14553 pagerankX.cc:154] TrainLog: fid-28;0.004414;56088;116576;172664;1144818;3507;
I0624 20:37:56.146620 15111 pagerankX.cc:148] fid: 40	update_sum4.0162
I0624 20:37:56.146644 15111 pagerankX.cc:154] TrainLog: fid-40;0.004489;56023;127426;183449;1111482;17838;
I0624 20:37:56.012362 30729 pagerankX.cc:148] fid: 63	update_sum0.904384
I0624 20:37:56.012387 30729 pagerankX.cc:154] TrainLog: fid-63;0.004549;56138;122790;178928;1207953;4317;
I0624 20:37:56.025386 10403 pagerankX.cc:148] fid: 2	update_sum0.450979
I0624 20:37:56.025418 10403 pagerankX.cc:154] TrainLog: fid-2;0.005007;56105;119145;175250;1187009;4098;
I0624 20:37:56.112531 15094 pagerankX.cc:148] fid: 81	update_sum1.66904
I0624 20:37:56.112555 15094 pagerankX.cc:154] TrainLog: fid-81;0.005247;56127;92545;148672;1274121;3644;
I0624 20:37:56.013305 30733 pagerankX.cc:148] fid: 95	update_sum2.2252
I0624 20:37:56.013322 30733 pagerankX.cc:154] TrainLog: fid-95;0.005526;56136;148848;204984;1561426;17712;
I0624 20:37:56.147853 15113 pagerankX.cc:148] fid: 56	update_sum1.00686
I0624 20:37:56.147871 15113 pagerankX.cc:154] TrainLog: fid-56;0.005744;56138;152146;208284;1631795;6354;
I0624 20:37:56.148313 15110 pagerankX.cc:148] fid: 32	update_sum0.0810941
I0624 20:37:56.148341 15110 pagerankX.cc:154] TrainLog: fid-32;0.000372;10344;24597;34941;66575;336;
I0624 20:37:56.027750  4715 pagerankX.cc:148] fid: 70	update_sum0.0720193
I0624 20:37:56.027776  4715 pagerankX.cc:154] TrainLog: fid-70;0.000568;19916;15136;35052;143562;253;
I0624 20:37:56.014652 11493 pagerankX.cc:148] fid: 91	update_sum0.000573054
I0624 20:37:56.014680 11493 pagerankX.cc:154] TrainLog: fid-91;0.000662;38899;17519;56418;137791;5;
I0624 20:37:56.014509 30725 pagerankX.cc:148] fid: 31	update_sum0.233411
I0624 20:37:56.014534 30725 pagerankX.cc:154] TrainLog: fid-31;0.000837;31544;27765;59309;180542;155;
I0624 20:37:56.114037 15087 pagerankX.cc:148] fid: 25	update_sum0.131546
I0624 20:37:56.114064 15087 pagerankX.cc:154] TrainLog: fid-25;0.000963;17529;83550;101079;235593;775;
I0624 20:37:56.148921 15117 pagerankX.cc:148] fid: 88	update_sum0.136593
I0624 20:37:56.148936 15108 pagerankX.cc:148] fid: 16	update_sum0.00659796
I0624 20:37:56.148946 15117 pagerankX.cc:154] TrainLog: fid-88;0.000955;31939;34629;66568;222886;132;
I0624 20:37:56.148963 15108 pagerankX.cc:154] TrainLog: fid-16;0.000994;56118;18584;74702;196104;3;
I0624 20:37:56.015036 11483 pagerankX.cc:148] fid: 11	update_sum0.00317123
I0624 20:37:56.015055 11483 pagerankX.cc:154] TrainLog: fid-11;0.001151;56150;23089;79239;246951;10;
I0624 20:37:56.088165 14558 pagerankX.cc:148] fid: 68	update_sum0.00853137
I0624 20:37:56.088191 14558 pagerankX.cc:154] TrainLog: fid-68;0.001123;56133;16389;72522;226981;3;
I0624 20:37:56.028267  4718 pagerankX.cc:148] fid: 94	update_sum0.0615501
I0624 20:37:56.028292  4718 pagerankX.cc:154] TrainLog: fid-94;0.001084;56148;23279;79427;236933;1;
I0624 20:37:56.015168 11490 pagerankX.cc:148] fid: 67	update_sum0.0175007
I0624 20:37:56.015194 11490 pagerankX.cc:154] TrainLog: fid-67;0.001237;56148;19813;75961;268531;12;
I0624 20:37:56.014837 30731 pagerankX.cc:148] fid: 79	update_sum0.0361958
I0624 20:37:56.014858 30730 pagerankX.cc:148] fid: 71	update_sum0.0467906
I0624 20:37:56.014860 30731 pagerankX.cc:154] TrainLog: fid-79;0.001161;56147;23653;79800;253835;4;
I0624 20:37:56.015224 11488 pagerankX.cc:148] fid: 51	update_sum0.48298
I0624 20:37:56.015247 11488 pagerankX.cc:154] TrainLog: fid-51;0.001292;55445;24243;79688;303625;170;
I0624 20:37:56.014889 30730 pagerankX.cc:154] TrainLog: fid-71;0.001194;56149;23408;79557;266288;16;
I0624 20:37:56.028367  4716 pagerankX.cc:148] fid: 78	update_sum0.0961819
I0624 20:37:56.028398  4716 pagerankX.cc:154] TrainLog: fid-78;0.001264;45245;34741;79986;297484;152;
I0624 20:37:56.114378 15092 pagerankX.cc:148] fid: 65	update_sum0.175326
I0624 20:37:56.114416 15092 pagerankX.cc:154] TrainLog: fid-65;0.001316;44909;29514;74423;257145;75;
I0624 20:37:56.088348 14557 pagerankX.cc:148] fid: 60	update_sum0.433755
I0624 20:37:56.088376 14557 pagerankX.cc:154] TrainLog: fid-60;0.001317;31689;60517;92206;317951;647;
I0624 20:37:56.027565 10406 pagerankX.cc:148] fid: 26	update_sum0.436383
I0624 20:37:56.027591 10406 pagerankX.cc:154] TrainLog: fid-26;0.001384;56135;28174;84309;319990;160;
I0624 20:37:56.028566  4711 pagerankX.cc:148] fid: 38	update_sum0.0450168
I0624 20:37:56.088502 14561 pagerankX.cc:148] fid: 92	update_sum1.35099
I0624 20:37:56.027657 10413 pagerankX.cc:148] fid: 82	update_sum0.0750642
I0624 20:37:56.027685 10413 pagerankX.cc:154] TrainLog: fid-82;0.001461;55390;22879;78269;310437;36;
I0624 20:37:56.015491 11486 pagerankX.cc:148] fid: 35	update_sum0.581637
I0624 20:37:56.028592  4711 pagerankX.cc:154] TrainLog: fid-38;0.00143;56151;21244;77395;357719;202;
I0624 20:37:56.028586  4717 pagerankX.cc:148] fid: 86	update_sum0.837007
I0624 20:37:56.114678 15091 pagerankX.cc:148] fid: 57	update_sum0.0929928
I0624 20:37:56.027727 10414 pagerankX.cc:148] fid: 90	update_sum0.427038
I0624 20:37:56.088527 14561 pagerankX.cc:154] TrainLog: fid-92;0.001441;47253;39734;86987;341559;170;
I0624 20:37:56.015151 30722 pagerankX.cc:148] fid: 7	update_sum1.40781
I0624 20:37:56.015161 30726 pagerankX.cc:148] fid: 39	update_sum1.5167
I0624 20:37:56.015178 30722 pagerankX.cc:154] TrainLog: fid-7;0.001557;53562;41629;95191;362548;381;
I0624 20:37:56.015184 30726 pagerankX.cc:154] TrainLog: fid-39;0.001536;42435;41687;84122;370397;260;
I0624 20:37:56.028609  4717 pagerankX.cc:154] TrainLog: fid-86;0.00145;50615;33821;84436;343383;102;
I0624 20:37:56.027751 10414 pagerankX.cc:154] TrainLog: fid-90;0.001531;37766;54447;92213;392631;335;
I0624 20:37:56.015516 11486 pagerankX.cc:154] TrainLog: fid-35;0.001562;45461;53875;99336;370800;396;
I0624 20:37:56.028604  4710 pagerankX.cc:148] fid: 30	update_sum0.125378
I0624 20:37:56.114703 15091 pagerankX.cc:154] TrainLog: fid-57;0.001601;56153;28670;84823;335437;13;
I0624 20:37:56.027832 10408 pagerankX.cc:148] fid: 42	update_sum0.662826
I0624 20:37:56.015578 11482 pagerankX.cc:148] fid: 3	update_sum0.482905
I0624 20:37:56.028784  7511 pagerankX.cc:148] fid: 85	update_sum0.405839
I0624 20:37:56.028811  7511 pagerankX.cc:154] TrainLog: fid-85;0.000969;28751;43933;72684;230072;434;
I0624 20:37:56.015280 30728 pagerankX.cc:148] fid: 55	update_sum0.372427
I0624 20:37:56.028645  4710 pagerankX.cc:154] TrainLog: fid-30;0.001438;56146;27252;83398;339824;70;
I0624 20:37:56.015602 11482 pagerankX.cc:154] TrainLog: fid-3;0.001648;56148;38892;95040;374710;252;
I0624 20:37:56.028766  4713 pagerankX.cc:148] fid: 54	update_sum0.693126
I0624 20:37:56.114848 15084 pagerankX.cc:148] fid: 1	update_sum1.25049
I0624 20:37:56.027859 10408 pagerankX.cc:154] TrainLog: fid-42;0.001648;44990;57630;102620;367206;600;
I0624 20:37:56.015305 30728 pagerankX.cc:154] TrainLog: fid-55;0.001611;41226;46400;87626;402351;436;
I0624 20:37:56.149837 15112 pagerankX.cc:148] fid: 48	update_sum0.753865
I0624 20:37:56.149860 15112 pagerankX.cc:154] TrainLog: fid-48;0.00187;56153;45986;102139;442255;295;
I0624 20:37:56.114873 15084 pagerankX.cc:154] TrainLog: fid-1;0.001767;45749;38842;84591;384708;225;
I0624 20:37:56.015852 11489 pagerankX.cc:148] fid: 59	update_sum0.504829
I0624 20:37:56.028806  4713 pagerankX.cc:154] TrainLog: fid-54;0.001649;33121;50049;83170;404284;442;
I0624 20:37:56.114917 15086 pagerankX.cc:148] fid: 17	update_sum0.757556
I0624 20:37:56.028098 10411 pagerankX.cc:148] fid: 66	update_sum0.362982
I0624 20:37:56.088961 14556 pagerankX.cc:148] fid: 52	update_sum0.645401
I0624 20:37:56.088987 14556 pagerankX.cc:154] TrainLog: fid-52;0.001929;56149;58970;115119;463273;256;
I0624 20:37:56.015429 30724 pagerankX.cc:148] fid: 23	update_sum0.40604
I0624 20:37:56.015455 30724 pagerankX.cc:154] TrainLog: fid-23;0.001835;56145;30405;86550;460883;148;
I0624 20:37:56.149909 15114 pagerankX.cc:148] fid: 64	update_sum0.77892
I0624 20:37:56.114924 15090 pagerankX.cc:148] fid: 49	update_sum0.829398
I0624 20:37:56.028125 10411 pagerankX.cc:154] TrainLog: fid-66;0.001898;48148;48410;96558;429663;273;
I0624 20:37:56.015877 11489 pagerankX.cc:154] TrainLog: fid-59;0.001921;56125;37561;93686;454217;944;
I0624 20:37:56.089037 14555 pagerankX.cc:148] fid: 44	update_sum0.161601
I0624 20:37:56.089066 14555 pagerankX.cc:154] TrainLog: fid-44;0.001997;40033;27064;67097;514352;116;
I0624 20:37:56.029060  4714 pagerankX.cc:148] fid: 62	update_sum1.51289
I0624 20:37:56.029084  4714 pagerankX.cc:154] TrainLog: fid-62;0.001876;46592;62573;109165;474764;465;
I0624 20:37:56.149952 15114 pagerankX.cc:154] TrainLog: fid-64;0.001979;56134;42391;98525;469061;150;
I0624 20:37:56.114948 15086 pagerankX.cc:154] TrainLog: fid-17;0.001844;56148;36288;92436;399333;749;
I0624 20:37:56.028193 10412 pagerankX.cc:148] fid: 74	update_sum0.381595
I0624 20:37:56.028219 10412 pagerankX.cc:154] TrainLog: fid-74;0.002002;56133;36552;92685;507944;130;
I0624 20:37:56.029157  7507 pagerankX.cc:148] fid: 53	update_sum0.379683
I0624 20:37:56.029175  7507 pagerankX.cc:154] TrainLog: fid-53;0.001418;43731;36491;80222;344519;332;
I0624 20:37:56.114958 15090 pagerankX.cc:154] TrainLog: fid-49;0.001856;49345;68239;117584;466241;623;
I0624 20:37:56.028301 10409 pagerankX.cc:148] fid: 50	update_sum0.226832
I0624 20:37:56.015974 11487 pagerankX.cc:148] fid: 43	update_sum1.1205
I0624 20:37:56.016001 11487 pagerankX.cc:154] TrainLog: fid-43;0.001987;56145;43997;100142;499746;413;
I0624 20:37:56.150084 15109 pagerankX.cc:148] fid: 24	update_sum0.437014
I0624 20:37:56.150110 15109 pagerankX.cc:154] TrainLog: fid-24;0.00212;37147;58230;95377;567954;369;
I0624 20:37:56.115187 15095 pagerankX.cc:148] fid: 89	update_sum0.217702
I0624 20:37:56.115206 15095 pagerankX.cc:154] TrainLog: fid-89;0.002124;56127;62781;118908;505739;336;
I0624 20:37:56.150156 15116 pagerankX.cc:148] fid: 80	update_sum0.646951
I0624 20:37:56.028326 10409 pagerankX.cc:154] TrainLog: fid-50;0.00211;55900;47038;102938;534047;213;
I0624 20:37:56.015837 30732 pagerankX.cc:148] fid: 87	update_sum0.419419
I0624 20:37:56.015861 30732 pagerankX.cc:154] TrainLog: fid-87;0.002189;56133;67527;123660;524816;1309;
I0624 20:37:56.150182 15116 pagerankX.cc:154] TrainLog: fid-80;0.002194;42501;67782;110283;572510;294;
I0624 20:37:56.150324 15107 pagerankX.cc:148] fid: 8	update_sum1.0589
I0624 20:37:56.150349 15107 pagerankX.cc:154] TrainLog: fid-8;0.00236;56112;63168;119280;610731;372;
I0624 20:37:56.089462 14550 pagerankX.cc:148] fid: 4	update_sum1.95738
I0624 20:37:56.029503  4709 pagerankX.cc:148] fid: 22	update_sum0.0245756
I0624 20:37:56.029530  4709 pagerankX.cc:154] TrainLog: fid-22;0.00238;56136;61697;117833;577564;37;
I0624 20:37:56.029515  7501 pagerankX.cc:148] fid: 5	update_sum0.263286
I0624 20:37:56.029542  7501 pagerankX.cc:154] TrainLog: fid-5;0.001766;41743;52326;94069;402613;312;
I0624 20:37:56.016063 30723 pagerankX.cc:148] fid: 15	update_sum0.984673
I0624 20:37:56.016088 30723 pagerankX.cc:154] TrainLog: fid-15;0.002391;54757;64560;119317;605100;510;
I0624 20:37:56.089488 14550 pagerankX.cc:154] TrainLog: fid-4;0.00243;55965;76077;132042;610094;527;
I0624 20:37:56.029608  7509 pagerankX.cc:148] fid: 69	update_sum0.145281
I0624 20:37:56.029635  7509 pagerankX.cc:154] TrainLog: fid-69;0.001794;56127;55846;111973;426798;167;
I0624 20:37:56.028757 10410 pagerankX.cc:148] fid: 58	update_sum2.59131
I0624 20:37:56.028798 10410 pagerankX.cc:154] TrainLog: fid-58;0.002559;56104;58100;114204;583999;486;
I0624 20:37:56.089702 14559 pagerankX.cc:148] fid: 76	update_sum0.736868
I0624 20:37:56.150550 15115 pagerankX.cc:148] fid: 72	update_sum1.411
I0624 20:37:56.150553 15106 pagerankX.cc:148] fid: 0	update_sum0.0658231
I0624 20:37:56.150580 15115 pagerankX.cc:154] TrainLog: fid-72;0.002606;54963;58351;113314;647319;247;
I0624 20:37:56.150588 15106 pagerankX.cc:154] TrainLog: fid-0;0.00262;56147;66443;122590;629292;62;
I0624 20:37:56.029801  4712 pagerankX.cc:148] fid: 46	update_sum0.670035
I0624 20:37:56.089726 14559 pagerankX.cc:154] TrainLog: fid-76;0.002639;56142;47655;103797;684859;274;
I0624 20:37:56.089722 14552 pagerankX.cc:148] fid: 20	update_sum0.639988
I0624 20:37:56.089745 14552 pagerankX.cc:154] TrainLog: fid-20;0.002687;55842;68718;124560;692972;570;
I0624 20:37:56.029840  4712 pagerankX.cc:154] TrainLog: fid-46;0.002669;56124;40946;97070;640551;252;
I0624 20:37:56.016796 11492 pagerankX.cc:148] fid: 83	update_sum0.82838
I0624 20:37:56.089870 14551 pagerankX.cc:148] fid: 12	update_sum0.410106
I0624 20:37:56.089891 14551 pagerankX.cc:154] TrainLog: fid-12;0.002847;53200;183236;236436;694207;1954;
I0624 20:37:56.029884  7505 pagerankX.cc:148] fid: 37	update_sum0.581694
I0624 20:37:56.029911  7505 pagerankX.cc:154] TrainLog: fid-37;0.002133;56141;46859;103000;483038;265;
I0624 20:37:56.115953 15085 pagerankX.cc:148] fid: 9	update_sum0.428064
I0624 20:37:56.115976 15085 pagerankX.cc:154] TrainLog: fid-9;0.002883;56114;95778;151892;766605;999;
I0624 20:37:56.016820 11492 pagerankX.cc:154] TrainLog: fid-83;0.002804;56137;90955;147092;741945;979;
I0624 20:37:56.029170 10404 pagerankX.cc:148] fid: 10	update_sum3.47593
I0624 20:37:56.029187 10404 pagerankX.cc:154] TrainLog: fid-10;0.00302;56138;85523;141661;763365;756;
I0624 20:37:56.030107  7512 pagerankX.cc:148] fid: 93	update_sum0.494106
I0624 20:37:56.016635 30727 pagerankX.cc:148] fid: 47	update_sum0.540095
I0624 20:37:56.016654 30727 pagerankX.cc:154] TrainLog: fid-47;0.003038;55822;82031;137853;713193;576;
I0624 20:37:56.030133  7512 pagerankX.cc:154] TrainLog: fid-93;0.002312;56154;48687;104841;536779;364;
I0624 20:37:56.030148  7503 pagerankX.cc:148] fid: 21	update_sum0.664922
I0624 20:37:56.030174  7503 pagerankX.cc:154] TrainLog: fid-21;0.002395;56139;58900;115039;553176;392;
I0624 20:37:56.017117 11485 pagerankX.cc:148] fid: 27	update_sum1.9326
I0624 20:37:56.030186  7510 pagerankX.cc:148] fid: 77	update_sum0.783047
I0624 20:37:56.030212  7510 pagerankX.cc:154] TrainLog: fid-77;0.002392;56133;33492;89625;609796;1565;
I0624 20:37:56.017139 11485 pagerankX.cc:154] TrainLog: fid-27;0.003192;56147;87493;143640;858940;1221;
I0624 20:37:56.030251  7504 pagerankX.cc:148] fid: 29	update_sum0.609745
I0624 20:37:56.030289  7504 pagerankX.cc:154] TrainLog: fid-29;0.002516;56137;59693;115830;640086;183;
I0624 20:37:56.029415 10407 pagerankX.cc:148] fid: 34	update_sum0.550572
I0624 20:37:56.029458 10407 pagerankX.cc:154] TrainLog: fid-34;0.003246;56150;109814;165964;746845;1293;
I0624 20:37:56.090307 14560 pagerankX.cc:148] fid: 84	update_sum0.631201
I0624 20:37:56.090330 14560 pagerankX.cc:154] TrainLog: fid-84;0.003263;56152;136602;192754;830999;1902;
I0624 20:37:56.029618 10405 pagerankX.cc:148] fid: 18	update_sum1.05108
I0624 20:37:56.029642 10405 pagerankX.cc:154] TrainLog: fid-18;0.003431;56132;82996;139128;783319;953;
I0624 20:37:56.116600 15089 pagerankX.cc:148] fid: 41	update_sum1.52784
I0624 20:37:56.116639 15089 pagerankX.cc:154] TrainLog: fid-41;0.003523;56148;81793;137941;781233;814;
I0624 20:37:56.017486 11491 pagerankX.cc:148] fid: 75	update_sum1.33337
I0624 20:37:56.017511 11491 pagerankX.cc:154] TrainLog: fid-75;0.003553;56151;137522;193673;917931;1511;
I0624 20:37:56.030617  4708 pagerankX.cc:148] fid: 14	update_sum0.61083
I0624 20:37:56.030645  4708 pagerankX.cc:154] TrainLog: fid-14;0.003502;56139;142376;198515;967480;2086;
I0624 20:37:56.116662 15093 pagerankX.cc:148] fid: 73	update_sum1.88854
I0624 20:37:56.030683  4707 pagerankX.cc:148] fid: 6	update_sum0.935548
I0624 20:37:56.030704  4707 pagerankX.cc:154] TrainLog: fid-6;0.003555;56149;115889;172038;886493;1327;
I0624 20:37:56.116684 15088 pagerankX.cc:148] fid: 33	update_sum1.58716
I0624 20:37:56.116685 15093 pagerankX.cc:154] TrainLog: fid-73;0.00358;56051;109384;165435;790789;1039;
I0624 20:37:56.116713 15088 pagerankX.cc:154] TrainLog: fid-33;0.003611;56148;85305;141453;795250;2466;
I0624 20:37:56.031021  7508 pagerankX.cc:148] fid: 61	update_sum0.231411
I0624 20:37:56.031047  7508 pagerankX.cc:154] TrainLog: fid-61;0.003227;56153;62311;118464;795050;1919;
I0624 20:37:56.031234  7502 pagerankX.cc:148] fid: 13	update_sum1.09729
I0624 20:37:56.031260  7502 pagerankX.cc:154] TrainLog: fid-13;0.003486;56154;106318;162472;920958;2146;
I0624 20:37:56.091241 14554 pagerankX.cc:148] fid: 36	update_sum0.821314
I0624 20:37:56.091259 14554 pagerankX.cc:154] TrainLog: fid-36;0.004243;56084;125889;181973;1051424;882;
I0624 20:37:56.091380 14553 pagerankX.cc:148] fid: 28	update_sum0.0934122
I0624 20:37:56.152320 15111 pagerankX.cc:148] fid: 40	update_sum0.933241
I0624 20:37:56.152345 15111 pagerankX.cc:154] TrainLog: fid-40;0.004375;56023;127426;183449;1111482;2194;
I0624 20:37:56.091405 14553 pagerankX.cc:154] TrainLog: fid-28;0.004351;56088;116576;172664;1144818;493;
I0624 20:37:56.018174 30729 pagerankX.cc:148] fid: 63	update_sum0.278321
I0624 20:37:56.018198 30729 pagerankX.cc:154] TrainLog: fid-63;0.004526;56138;122790;178928;1207953;621;
I0624 20:37:56.031714  7506 pagerankX.cc:148] fid: 45	update_sum0.234053
I0624 20:37:56.031740  7506 pagerankX.cc:154] TrainLog: fid-45;0.00396;55350;147468;202818;905836;2489;
I0624 20:37:56.031040 10403 pagerankX.cc:148] fid: 2	update_sum0.1048
I0624 20:37:56.031065 10403 pagerankX.cc:154] TrainLog: fid-2;0.004854;56105;119145;175250;1187009;915;
I0624 20:37:56.118281 15094 pagerankX.cc:148] fid: 81	update_sum0.491549
I0624 20:37:56.118305 15094 pagerankX.cc:154] TrainLog: fid-81;0.005189;56127;92545;148672;1274121;815;
I0624 20:37:56.019162 30733 pagerankX.cc:148] fid: 95	update_sum0.413149
I0624 20:37:56.019201 30733 pagerankX.cc:154] TrainLog: fid-95;0.00549;56136;148848;204984;1561426;6535;
I0624 20:37:56.153616 15113 pagerankX.cc:148] fid: 56	update_sum0.221438
I0624 20:37:56.153635 15113 pagerankX.cc:154] TrainLog: fid-56;0.00571;56138;152146;208284;1631795;927;
I0624 20:37:56.156460 15100 worker.cc:478] [worker1] enters process result assemble, 12
I0624 20:37:56.121601 15078 worker.cc:478] [worker2] enters process result assemble, 12
I0624 20:37:56.034718 10397 worker.cc:478] [worker3] enters process result assemble, 12
I0624 20:37:56.022449 11477 worker.cc:478] [worker4] enters process result assemble, 12
I0624 20:37:56.095556 14545 worker.cc:478] [worker5] enters process result assemble, 12
I0624 20:37:56.035598  7496 worker.cc:478] [worker6] enters process result assemble, 12
I0624 20:37:56.022133 30717 worker.cc:478] [worker8] enters process result assemble, 12
I0624 20:37:56.035637  4702 worker.cc:478] [worker7] enters process result assemble, 12
W0624 20:37:56.490901  7496 pagerankX.cc:212] eta 0 Fid 5	#internation	32
W0624 20:37:56.638659 15078 pagerankX.cc:212] eta 0 Fid 1	#internation	32
W0624 20:37:56.567422 30717 pagerankX.cc:212] eta 0 Fid 7	#internation	32
W0624 20:37:56.752858 15100 pagerankX.cc:212] eta 0 Fid 0	#internation	32
W0624 20:37:56.651423 10397 pagerankX.cc:212] eta 0 Fid 2	#internation	32
W0624 20:37:56.651594 11477 pagerankX.cc:212] eta 0 Fid 3	#internation	32
W0624 20:37:56.727257 14545 pagerankX.cc:212] eta 0 Fid 4	#internation	32
W0624 20:37:56.691920  4702 pagerankX.cc:212] eta 0 Fid 6	#internation	32
W0624 20:37:57.088819  7496 pagerankX.cc:212] eta 0 Fid 13	#internation	32
W0624 20:37:57.121719 30717 pagerankX.cc:212] eta 0 Fid 15	#internation	32
W0624 20:37:57.314496 15078 pagerankX.cc:212] eta 0 Fid 9	#internation	32
W0624 20:37:57.356554 15100 pagerankX.cc:212] eta 0 Fid 8	#internation	32
W0624 20:37:57.258468 10397 pagerankX.cc:212] eta 0 Fid 10	#internation	32
W0624 20:37:57.320392 14545 pagerankX.cc:212] eta 0 Fid 12	#internation	32
W0624 20:37:57.255789 11477 pagerankX.cc:212] eta 0 Fid 11	#internation	32
W0624 20:37:57.338491  4702 pagerankX.cc:212] eta 0 Fid 14	#internation	32
W0624 20:37:57.681484  7496 pagerankX.cc:212] eta 0 Fid 21	#internation	32
W0624 20:37:57.698374 30717 pagerankX.cc:212] eta 0 Fid 23	#internation	32
W0624 20:37:57.976644 15100 pagerankX.cc:212] eta 0 Fid 16	#internation	32
W0624 20:37:57.865233 10397 pagerankX.cc:212] eta 0 Fid 18	#internation	32
W0624 20:37:57.854024 11477 pagerankX.cc:212] eta 0 Fid 19	#internation	31
W0624 20:37:57.938324 14545 pagerankX.cc:212] eta 0 Fid 20	#internation	32
W0624 20:37:57.969499 15078 pagerankX.cc:212] eta 0 Fid 17	#internation	32
W0624 20:37:57.987537  4702 pagerankX.cc:212] eta 0 Fid 22	#internation	32
W0624 20:37:58.023974 30717 pagerankX.cc:212] eta 0 Fid 31	#internation	32
W0624 20:37:58.167487 15078 pagerankX.cc:212] eta 0 Fid 25	#internation	32
W0624 20:37:58.371592 15100 pagerankX.cc:212] eta 0 Fid 24	#internation	32
W0624 20:37:58.270968  7496 pagerankX.cc:212] eta 0 Fid 29	#internation	32
W0624 20:37:58.486575 15100 pagerankX.cc:212] eta 0 Fid 32	#internation	32
W0624 20:37:58.457592 11477 pagerankX.cc:212] eta 0 Fid 27	#internation	32
W0624 20:37:58.459338 30717 pagerankX.cc:212] eta 0 Fid 39	#internation	32
W0624 20:37:58.473237 10397 pagerankX.cc:212] eta 0 Fid 26	#internation	32
W0624 20:37:58.574872 14545 pagerankX.cc:212] eta 0 Fid 28	#internation	32
W0624 20:37:58.642264  4702 pagerankX.cc:212] eta 0 Fid 30	#internation	32
W0624 20:37:58.796077 15078 pagerankX.cc:212] eta 0 Fid 33	#internation	32
W0624 20:37:58.865921  7496 pagerankX.cc:212] eta 0 Fid 37	#internation	32
W0624 20:37:59.081545 15100 pagerankX.cc:212] eta 0 Fid 40	#internation	32
W0624 20:37:58.950165 11477 pagerankX.cc:212] eta 0 Fid 35	#internation	32
W0624 20:37:59.028789 30717 pagerankX.cc:212] eta 0 Fid 47	#internation	32
W0624 20:37:59.078892 10397 pagerankX.cc:212] eta 0 Fid 34	#internation	32
W0624 20:37:59.200748 14545 pagerankX.cc:212] eta 0 Fid 36	#internation	32
W0624 20:37:59.301244  4702 pagerankX.cc:212] eta 0 Fid 38	#internation	32
W0624 20:37:59.424715 15078 pagerankX.cc:212] eta 0 Fid 41	#internation	32
W0624 20:37:59.453979  7496 pagerankX.cc:212] eta 0 Fid 45	#internation	32
W0624 20:37:59.451596 30717 pagerankX.cc:212] eta 0 Fid 55	#internation	32
W0624 20:37:59.549298 11477 pagerankX.cc:212] eta 0 Fid 43	#internation	32
W0624 20:37:59.565332 10397 pagerankX.cc:212] eta 0 Fid 42	#internation	32
W0624 20:37:59.691964 15100 pagerankX.cc:212] eta 0 Fid 48	#internation	32
W0624 20:37:59.655560 14545 pagerankX.cc:212] eta 0 Fid 44	#internation	32
W0624 20:37:59.969326 15078 pagerankX.cc:212] eta 0 Fid 49	#internation	32
W0624 20:37:59.921813  7496 pagerankX.cc:212] eta 0 Fid 53	#internation	32
W0624 20:37:59.946221  4702 pagerankX.cc:212] eta 0 Fid 46	#internation	32
W0624 20:38:00.022331 30717 pagerankX.cc:212] eta 0 Fid 63	#internation	32
W0624 20:38:00.136020 11477 pagerankX.cc:212] eta 0 Fid 51	#internation	32
W0624 20:38:00.289314 15100 pagerankX.cc:212] eta 0 Fid 56	#internation	32
W0624 20:38:00.176584 10397 pagerankX.cc:212] eta 0 Fid 50	#internation	32
W0624 20:38:00.289391 14545 pagerankX.cc:212] eta 0 Fid 52	#internation	32
W0624 20:38:00.329531  4702 pagerankX.cc:212] eta 0 Fid 54	#internation	32
W0624 20:38:00.594100 15078 pagerankX.cc:212] eta 0 Fid 57	#internation	32
W0624 20:38:00.520915  7496 pagerankX.cc:212] eta 0 Fid 61	#internation	32
W0624 20:38:00.645320 14545 pagerankX.cc:212] eta 0 Fid 60	#internation	32
W0624 20:38:00.595248 30717 pagerankX.cc:212] eta 0 Fid 71	#internation	32
W0624 20:38:00.743268 11477 pagerankX.cc:212] eta 0 Fid 59	#internation	32
W0624 20:38:00.888875 15100 pagerankX.cc:212] eta 0 Fid 64	#internation	32
W0624 20:38:00.777213 10397 pagerankX.cc:212] eta 0 Fid 58	#internation	32
W0624 20:38:00.869424  4702 pagerankX.cc:212] eta 0 Fid 62	#internation	32
W0624 20:38:01.093993 15078 pagerankX.cc:212] eta 0 Fid 65	#internation	32
W0624 20:38:01.116809  7496 pagerankX.cc:212] eta 0 Fid 69	#internation	32
W0624 20:38:01.168597 30717 pagerankX.cc:212] eta 0 Fid 79	#internation	32
W0624 20:38:01.275338 14545 pagerankX.cc:212] eta 0 Fid 68	#internation	32
W0624 20:38:01.244575  4702 pagerankX.cc:212] eta 0 Fid 70	#internation	32
W0624 20:38:01.291725 10397 pagerankX.cc:212] eta 0 Fid 66	#internation	32
W0624 20:38:01.470779 15100 pagerankX.cc:212] eta 0 Fid 72	#internation	32
W0624 20:38:01.341433 11477 pagerankX.cc:212] eta 0 Fid 67	#internation	32
W0624 20:38:01.745715 30717 pagerankX.cc:212] eta 0 Fid 87	#internation	32
W0624 20:38:01.853524 15078 pagerankX.cc:212] eta 0 Fid 73	#internation	32
W0624 20:38:01.770606  4702 pagerankX.cc:212] eta 0 Fid 78	#internation	32
W0624 20:38:01.927845 15100 pagerankX.cc:212] eta 0 Fid 80	#internation	32
W0624 20:38:01.907263 14545 pagerankX.cc:212] eta 0 Fid 76	#internation	32
W0624 20:38:01.879789  7496 pagerankX.cc:212] eta 0 Fid 77	#internation	32
W0624 20:38:01.896615 10397 pagerankX.cc:212] eta 0 Fid 74	#internation	32
W0624 20:38:01.940575 11477 pagerankX.cc:212] eta 0 Fid 75	#internation	32
W0624 20:38:02.270752 15100 pagerankX.cc:212] eta 0 Fid 88	#internation	32
W0624 20:38:02.189182  7496 pagerankX.cc:212] eta 0 Fid 85	#internation	32
W0624 20:38:02.315873 30717 pagerankX.cc:212] eta 0 Fid 95	#internation	32
W0624 20:38:02.359452  4702 pagerankX.cc:212] eta 0 Fid 86	#internation	32
W0624 20:38:02.475550 15078 pagerankX.cc:212] eta 0 Fid 81	#internation	32
W0624 20:38:02.540050 14545 pagerankX.cc:212] eta 0 Fid 84	#internation	32
W0624 20:38:02.491890 10397 pagerankX.cc:212] eta 0 Fid 82	#internation	32
W0624 20:38:02.545878 11477 pagerankX.cc:212] eta 0 Fid 83	#internation	32
W0624 20:38:02.783893  7496 pagerankX.cc:212] eta 0 Fid 93	#internation	32
W0624 20:38:02.897156 10397 pagerankX.cc:212] eta 0 Fid 90	#internation	32
W0624 20:38:02.963986 11477 pagerankX.cc:212] eta 0 Fid 91	#internation	32
W0624 20:38:03.093386 15078 pagerankX.cc:212] eta 0 Fid 89	#internation	32
W0624 20:38:03.069402 14545 pagerankX.cc:212] eta 0 Fid 92	#internation	32
W0624 20:38:03.013041  4702 pagerankX.cc:212] eta 0 Fid 94	#internation	32
I0624 20:38:03.003432 12240 metric.cc:219] -------------------------------------------------
I0624 20:38:03.003454 12240 metric.cc:220] algorithm:           pagerank
I0624 20:38:03.003473 12240 metric.cc:221] dataset-vfile:       /BIGDATA1/buaa_wffan_1/grape-data/dbpedia/evr/dbpedia.v
I0624 20:38:03.003479 12240 metric.cc:222] dataset-efile:       /BIGDATA1/buaa_wffan_1/grape-data/dbpedia/evr/dbpedia.e
I0624 20:38:03.003482 12240 metric.cc:223] partition-num:       96
I0624 20:38:03.003486 12240 metric.cc:224] query-info:          file:/BIGDATA1/buaa_wffan_1/lidongze/code/grape/cpp/build/query/pagerank_feature/query-bsp
I0624 20:38:03.003489 12240 metric.cc:225] graph-load-time(s):  34.0869
I0624 20:38:03.003501 12240 metric.cc:226] grape-total-time(s): 0.412805
I0624 20:38:03.003509 12240 metric.cc:227] max-thread-time(s):  0.344841
I0624 20:38:03.003515 12240 metric.cc:228] min-thread-time(s):  0.0383363
I0624 20:38:03.003520 12240 metric.cc:229] avg-thread-time(s):  0.151012
I0624 20:38:03.003525 12240 metric.cc:230] mpi-msg-size(Bytes): 2453806364
I0624 20:38:03.003532 12240 metric.cc:231] -------------------------------------------------
I0624 20:38:03.003536 12240 metric.cc:232] ------------Running State Time-------------------
I0624 20:38:03.003540 12240 metric.cc:234] [worker1]: 0.375428
I0624 20:38:03.003559 12240 metric.cc:234] [worker2]: 0.377835
I0624 20:38:03.003564 12240 metric.cc:234] [worker3]: 0.376664
I0624 20:38:03.003569 12240 metric.cc:234] [worker4]: 0.368121
I0624 20:38:03.003576 12240 metric.cc:234] [worker5]: 0.384176
I0624 20:38:03.003581 12240 metric.cc:234] [worker6]: 0.368901
I0624 20:38:03.003585 12240 metric.cc:234] [worker7]: 0.36965
I0624 20:38:03.003592 12240 metric.cc:234] [worker8]: 0.379342
I0624 20:38:03.003597 12240 metric.cc:236] ------------Listening State Time-----------------
I0624 20:38:03.003600 12240 metric.cc:238] [worker1]: 0.00253296
I0624 20:38:03.003607 12240 metric.cc:238] [worker2]: 0.00302911
I0624 20:38:03.003612 12240 metric.cc:238] [worker3]: 7.70092e-05
I0624 20:38:03.003618 12240 metric.cc:238] [worker4]: 0.00463104
I0624 20:38:03.003623 12240 metric.cc:238] [worker5]: 0.0040462
I0624 20:38:03.003628 12240 metric.cc:238] [worker6]: 0.00365567
I0624 20:38:03.003634 12240 metric.cc:238] [worker7]: 0.00567198
I0624 20:38:03.003639 12240 metric.cc:238] [worker8]: 0.00265384
I0624 20:38:03.003644 12240 metric.cc:240] -----------------Evaluation Time-----------------
I0624 20:38:03.003648 12240 metric.cc:242] [worker1]: 0.412764
I0624 20:38:03.003654 12240 metric.cc:242] [worker2]: 0.412736
I0624 20:38:03.003659 12240 metric.cc:242] [worker3]: 0.412715
I0624 20:38:03.003664 12240 metric.cc:242] [worker4]: 0.412745
I0624 20:38:03.003669 12240 metric.cc:242] [worker5]: 0.412743
I0624 20:38:03.003675 12240 metric.cc:242] [worker6]: 0.412769
I0624 20:38:03.003680 12240 metric.cc:242] [worker7]: 0.412795
I0624 20:38:03.003685 12240 metric.cc:242] [worker8]: 0.412768
I0624 20:38:03.003690 12240 metric.cc:244] -------------------Ejecting Time-----------------
I0624 20:38:03.003695 12240 metric.cc:246] [worker1]: 0.188667
I0624 20:38:03.003700 12240 metric.cc:246] [worker2]: 0.185054
I0624 20:38:03.003705 12240 metric.cc:246] [worker3]: 0.188817
I0624 20:38:03.003710 12240 metric.cc:246] [worker4]: 0.169103
I0624 20:38:03.003716 12240 metric.cc:246] [worker5]: 0.222194
I0624 20:38:03.003729 12240 metric.cc:246] [worker6]: 0.187642
I0624 20:38:03.003736 12240 metric.cc:246] [worker7]: 0.172407
I0624 20:38:03.003741 12240 metric.cc:246] [worker8]: 0.184674
I0624 20:38:03.003746 12240 metric.cc:249] ------------------Receiving Time-----------------
I0624 20:38:03.003751 12240 metric.cc:251] [worker1]: 0.151239
I0624 20:38:03.003756 12240 metric.cc:251] [worker2]: 0.15815
I0624 20:38:03.003762 12240 metric.cc:251] [worker3]: 0.150234
I0624 20:38:03.003767 12240 metric.cc:251] [worker4]: 0.155379
I0624 20:38:03.003772 12240 metric.cc:251] [worker5]: 0.133542
I0624 20:38:03.003777 12240 metric.cc:251] [worker6]: 0.143387
I0624 20:38:03.003782 12240 metric.cc:251] [worker7]: 0.154994
I0624 20:38:03.003787 12240 metric.cc:251] [worker8]: 0.160313
I0624 20:38:03.003793 12240 metric.cc:255] ---------------------Waking Time-----------------
I0624 20:38:03.003796 12240 metric.cc:257] [worker1]: 0.0455723
I0624 20:38:03.003801 12240 metric.cc:257] [worker2]: 0.0445573
I0624 20:38:03.003806 12240 metric.cc:257] [worker3]: 0.0482037
I0624 20:38:03.003813 12240 metric.cc:257] [worker4]: 0.0563064
I0624 20:38:03.003818 12240 metric.cc:257] [worker5]: 0.0365646
I0624 20:38:03.003823 12240 metric.cc:257] [worker6]: 0.0489037
I0624 20:38:03.003829 12240 metric.cc:257] [worker7]: 0.0544901
I0624 20:38:03.003834 12240 metric.cc:257] [worker8]: 0.0441
I0624 20:38:03.003839 12240 metric.cc:259] ---------------------Msg Size--------------------
I0624 20:38:03.003844 12240 metric.cc:261] [worker1]: 309119900
I0624 20:38:03.003846 12240 metric.cc:261] [worker2]: 317936252
I0624 20:38:03.003850 12240 metric.cc:261] [worker3]: 309299180
I0624 20:38:03.003854 12240 metric.cc:261] [worker4]: 291550944
I0624 20:38:03.003857 12240 metric.cc:261] [worker5]: 330720228
I0624 20:38:03.003861 12240 metric.cc:261] [worker6]: 289002596
I0624 20:38:03.003865 12240 metric.cc:261] [worker7]: 242153644
I0624 20:38:03.003868 12240 metric.cc:261] [worker8]: 364023620
I0624 20:38:03.003872 12240 metric.cc:264] ---------------------MPI_recv time---------------
I0624 20:38:03.003875 12240 metric.cc:266] [worker1]: 0.00275159 , 0.0751915, 0.00219226 , 
I0624 20:38:03.003882 12240 metric.cc:266] [worker2]: 0.00497937 , 0.0801766, 0.00458264 , 
I0624 20:38:03.003890 12240 metric.cc:266] [worker3]: 0.00407124 , 0.0763535, 0.00255394 , 
I0624 20:38:03.003896 12240 metric.cc:266] [worker4]: 0.00254607 , 0.064817, 0.00199652 , 
I0624 20:38:03.003903 12240 metric.cc:266] [worker5]: 0.00547028 , 0.0603962, 0.00249624 , 
I0624 20:38:03.003911 12240 metric.cc:266] [worker6]: 0.00258017 , 0.0687647, 0.00233579 , 
I0624 20:38:03.003916 12240 metric.cc:266] [worker7]: 0.00305367 , 0.0658894, 0.00202823 , 
I0624 20:38:03.003923 12240 metric.cc:266] [worker8]: 0.00292778 , 0.0864701, 0.00437808 , 
I0624 20:38:03.003931 12240 metric.cc:270] -----------------Sent Msg Num--------------------
I0624 20:38:03.003933 12240 metric.cc:274] [worker1]: 21531661
I0624 20:38:03.003937 12240 metric.cc:274] [worker2]: 23725035
I0624 20:38:03.003942 12240 metric.cc:274] [worker3]: 21740529
I0624 20:38:03.003945 12240 metric.cc:274] [worker4]: 18418230
I0624 20:38:03.003949 12240 metric.cc:274] [worker5]: 27522552
I0624 20:38:03.003952 12240 metric.cc:274] [worker6]: 21282557
I0624 20:38:03.003957 12240 metric.cc:274] [worker7]: 17744512
I0624 20:38:03.003959 12240 metric.cc:274] [worker8]: 20470826
I0624 20:38:03.003963 12240 metric.cc:277] [coordinator] : total = 172435902
I0624 20:38:03.003968 12240 metric.cc:278] [coordinator] : aggregated msg num = 0
I0624 20:38:03.003970 12240 metric.cc:279] [coordinator] : iter num = 0
I0624 20:38:03.030200 12240 worker.cc:235] all queries in the workload is processed. 
I0624 20:38:03.030215 12240 worker.cc:249] query_info=
I0624 20:38:03.030290 12240 worker.cc:276] [coordinator] shutdown.
I0624 20:38:03.027854 11477 worker.cc:368] [worker_4] shutdown.
I0624 20:38:03.127049 15078 worker.cc:368] [worker_2] shutdown.
I0624 20:38:03.100993 14545 worker.cc:368] [worker_5] shutdown.
I0624 20:38:03.041009  7496 worker.cc:368] [worker_6] shutdown.
I0624 20:38:03.027537 30717 worker.cc:368] [worker_8] shutdown.
I0624 20:38:03.041028  4702 worker.cc:368] [worker_7] shutdown.
I0624 20:38:03.161924 15100 worker.cc:368] [worker_1] shutdown.
I0624 20:38:03.040125 10397 worker.cc:368] [worker_3] shutdown.
