I0624 20:37:21.523162 10397 fragment_loader.cc:23] [worker3]: Begin loading rfile...
I0624 20:37:21.510687 30717 fragment_loader.cc:23] [worker8]: Begin loading rfile...
I0624 20:37:21.610064 15078 fragment_loader.cc:23] [worker2]: Begin loading rfile...
I0624 20:37:21.524240  7496 fragment_loader.cc:23] [worker6]: Begin loading rfile...
I0624 20:37:21.524397  4702 fragment_loader.cc:23] [worker7]: Begin loading rfile...
I0624 20:37:21.511234 11477 fragment_loader.cc:23] [worker4]: Begin loading rfile...
I0624 20:37:21.584177 14545 fragment_loader.cc:23] [worker5]: Begin loading rfile...
I0624 20:37:21.645082 15100 fragment_loader.cc:23] [worker1]: Begin loading rfile...
I0624 20:37:23.245894 14545 fragment_loader.cc:51] [worker5]: Finished loading rfile...
I0624 20:37:23.247033 14545 fragment_loader.cc:75] [worker5]: Begin loading efile... local frag num is 12
I0624 20:37:23.195912 10397 fragment_loader.cc:51] [worker3]: Finished loading rfile...
I0624 20:37:23.282670 15078 fragment_loader.cc:51] [worker2]: Finished loading rfile...
I0624 20:37:23.318091 15100 fragment_loader.cc:49] frag-0 vertex num is 56147
I0624 20:37:23.318141 15100 fragment_loader.cc:49] frag-1 vertex num is 45749
I0624 20:37:23.318169 15100 fragment_loader.cc:49] frag-2 vertex num is 56105
I0624 20:37:23.318173 15100 fragment_loader.cc:49] frag-3 vertex num is 56148
I0624 20:37:23.318177 15100 fragment_loader.cc:49] frag-4 vertex num is 55965
I0624 20:37:23.196732 10397 fragment_loader.cc:75] [worker3]: Begin loading efile... local frag num is 12
I0624 20:37:23.318181 15100 fragment_loader.cc:49] frag-5 vertex num is 41743
I0624 20:37:23.318184 15100 fragment_loader.cc:49] frag-6 vertex num is 56149
I0624 20:37:23.318187 15100 fragment_loader.cc:49] frag-7 vertex num is 53562
I0624 20:37:23.318192 15100 fragment_loader.cc:49] frag-8 vertex num is 56112
I0624 20:37:23.318194 15100 fragment_loader.cc:49] frag-9 vertex num is 56114
I0624 20:37:23.318197 15100 fragment_loader.cc:49] frag-10 vertex num is 56138
I0624 20:37:23.318202 15100 fragment_loader.cc:49] frag-11 vertex num is 56150
I0624 20:37:23.318204 15100 fragment_loader.cc:49] frag-12 vertex num is 53200
I0624 20:37:23.318207 15100 fragment_loader.cc:49] frag-13 vertex num is 56154
I0624 20:37:23.318210 15100 fragment_loader.cc:49] frag-14 vertex num is 56139
I0624 20:37:23.318214 15100 fragment_loader.cc:49] frag-15 vertex num is 54757
I0624 20:37:23.318217 15100 fragment_loader.cc:49] frag-16 vertex num is 56118
I0624 20:37:23.318220 15100 fragment_loader.cc:49] frag-17 vertex num is 56148
I0624 20:37:23.318223 15100 fragment_loader.cc:49] frag-18 vertex num is 56132
I0624 20:37:23.318226 15100 fragment_loader.cc:49] frag-19 vertex num is 56145
I0624 20:37:23.318230 15100 fragment_loader.cc:49] frag-20 vertex num is 55842
I0624 20:37:23.318233 15100 fragment_loader.cc:49] frag-21 vertex num is 56139
I0624 20:37:23.318238 15100 fragment_loader.cc:49] frag-22 vertex num is 56136
I0624 20:37:23.318240 15100 fragment_loader.cc:49] frag-23 vertex num is 56145
I0624 20:37:23.318243 15100 fragment_loader.cc:49] frag-24 vertex num is 37147
I0624 20:37:23.318246 15100 fragment_loader.cc:49] frag-25 vertex num is 17529
I0624 20:37:23.318249 15100 fragment_loader.cc:49] frag-26 vertex num is 56135
I0624 20:37:23.318253 15100 fragment_loader.cc:49] frag-27 vertex num is 56147
I0624 20:37:23.318256 15100 fragment_loader.cc:49] frag-28 vertex num is 56088
I0624 20:37:23.318259 15100 fragment_loader.cc:49] frag-29 vertex num is 56137
I0624 20:37:23.318262 15100 fragment_loader.cc:49] frag-30 vertex num is 56146
I0624 20:37:23.318266 15100 fragment_loader.cc:49] frag-31 vertex num is 31544
I0624 20:37:23.318269 15100 fragment_loader.cc:49] frag-32 vertex num is 10344
I0624 20:37:23.318272 15100 fragment_loader.cc:49] frag-33 vertex num is 56148
I0624 20:37:23.283774 15078 fragment_loader.cc:75] [worker2]: Begin loading efile... local frag num is 12
I0624 20:37:23.318275 15100 fragment_loader.cc:49] frag-34 vertex num is 56150
I0624 20:37:23.318279 15100 fragment_loader.cc:49] frag-35 vertex num is 45461
I0624 20:37:23.318282 15100 fragment_loader.cc:49] frag-36 vertex num is 56084
I0624 20:37:23.318285 15100 fragment_loader.cc:49] frag-37 vertex num is 56141
I0624 20:37:23.318289 15100 fragment_loader.cc:49] frag-38 vertex num is 56151
I0624 20:37:23.318292 15100 fragment_loader.cc:49] frag-39 vertex num is 42435
I0624 20:37:23.318295 15100 fragment_loader.cc:49] frag-40 vertex num is 56023
I0624 20:37:23.318298 15100 fragment_loader.cc:49] frag-41 vertex num is 56148
I0624 20:37:23.318301 15100 fragment_loader.cc:49] frag-42 vertex num is 44990
I0624 20:37:23.318305 15100 fragment_loader.cc:49] frag-43 vertex num is 56145
I0624 20:37:23.318308 15100 fragment_loader.cc:49] frag-44 vertex num is 40033
I0624 20:37:23.318311 15100 fragment_loader.cc:49] frag-45 vertex num is 55350
I0624 20:37:23.318315 15100 fragment_loader.cc:49] frag-46 vertex num is 56124
I0624 20:37:23.318317 15100 fragment_loader.cc:49] frag-47 vertex num is 55822
I0624 20:37:23.318320 15100 fragment_loader.cc:49] frag-48 vertex num is 56153
I0624 20:37:23.318323 15100 fragment_loader.cc:49] frag-49 vertex num is 49345
I0624 20:37:23.318327 15100 fragment_loader.cc:49] frag-50 vertex num is 55900
I0624 20:37:23.318331 15100 fragment_loader.cc:49] frag-51 vertex num is 55445
I0624 20:37:23.318346 15100 fragment_loader.cc:49] frag-52 vertex num is 56149
I0624 20:37:23.318351 15100 fragment_loader.cc:49] frag-53 vertex num is 43731
I0624 20:37:23.318354 15100 fragment_loader.cc:49] frag-54 vertex num is 33121
I0624 20:37:23.318357 15100 fragment_loader.cc:49] frag-55 vertex num is 41226
I0624 20:37:23.318361 15100 fragment_loader.cc:49] frag-56 vertex num is 56138
I0624 20:37:23.318363 15100 fragment_loader.cc:49] frag-57 vertex num is 56153
I0624 20:37:23.318367 15100 fragment_loader.cc:49] frag-58 vertex num is 56104
I0624 20:37:23.318370 15100 fragment_loader.cc:49] frag-59 vertex num is 56125
I0624 20:37:23.318373 15100 fragment_loader.cc:49] frag-60 vertex num is 31689
I0624 20:37:23.318377 15100 fragment_loader.cc:49] frag-61 vertex num is 56153
I0624 20:37:23.318380 15100 fragment_loader.cc:49] frag-62 vertex num is 46592
I0624 20:37:23.318383 15100 fragment_loader.cc:49] frag-63 vertex num is 56138
I0624 20:37:23.318387 15100 fragment_loader.cc:49] frag-64 vertex num is 56134
I0624 20:37:23.318389 15100 fragment_loader.cc:49] frag-65 vertex num is 44909
I0624 20:37:23.318393 15100 fragment_loader.cc:49] frag-66 vertex num is 48148
I0624 20:37:23.318397 15100 fragment_loader.cc:49] frag-67 vertex num is 56148
I0624 20:37:23.318400 15100 fragment_loader.cc:49] frag-68 vertex num is 56133
I0624 20:37:23.318403 15100 fragment_loader.cc:49] frag-69 vertex num is 56127
I0624 20:37:23.318406 15100 fragment_loader.cc:49] frag-70 vertex num is 19916
I0624 20:37:23.318409 15100 fragment_loader.cc:49] frag-71 vertex num is 56149
I0624 20:37:23.318413 15100 fragment_loader.cc:49] frag-72 vertex num is 54963
I0624 20:37:23.318416 15100 fragment_loader.cc:49] frag-73 vertex num is 56051
I0624 20:37:23.318419 15100 fragment_loader.cc:49] frag-74 vertex num is 56133
I0624 20:37:23.318423 15100 fragment_loader.cc:49] frag-75 vertex num is 56151
I0624 20:37:23.318425 15100 fragment_loader.cc:49] frag-76 vertex num is 56142
I0624 20:37:23.318429 15100 fragment_loader.cc:49] frag-77 vertex num is 56133
I0624 20:37:23.318433 15100 fragment_loader.cc:49] frag-78 vertex num is 45245
I0624 20:37:23.318435 15100 fragment_loader.cc:49] frag-79 vertex num is 56147
I0624 20:37:23.318439 15100 fragment_loader.cc:49] frag-80 vertex num is 42501
I0624 20:37:23.318441 15100 fragment_loader.cc:49] frag-81 vertex num is 56127
I0624 20:37:23.318445 15100 fragment_loader.cc:49] frag-82 vertex num is 55390
I0624 20:37:23.318449 15100 fragment_loader.cc:49] frag-83 vertex num is 56137
I0624 20:37:23.318451 15100 fragment_loader.cc:49] frag-84 vertex num is 56152
I0624 20:37:23.318454 15100 fragment_loader.cc:49] frag-85 vertex num is 28751
I0624 20:37:23.318459 15100 fragment_loader.cc:49] frag-86 vertex num is 50615
I0624 20:37:23.318461 15100 fragment_loader.cc:49] frag-87 vertex num is 56133
I0624 20:37:23.318464 15100 fragment_loader.cc:49] frag-88 vertex num is 31939
I0624 20:37:23.318467 15100 fragment_loader.cc:49] frag-89 vertex num is 56127
I0624 20:37:23.318471 15100 fragment_loader.cc:49] frag-90 vertex num is 37766
I0624 20:37:23.318475 15100 fragment_loader.cc:49] frag-91 vertex num is 38899
I0624 20:37:23.318477 15100 fragment_loader.cc:49] frag-92 vertex num is 47253
I0624 20:37:23.318480 15100 fragment_loader.cc:49] frag-93 vertex num is 56154
I0624 20:37:23.318483 15100 fragment_loader.cc:49] frag-94 vertex num is 56148
I0624 20:37:23.318487 15100 fragment_loader.cc:49] frag-95 vertex num is 56136
I0624 20:37:23.318490 15100 fragment_loader.cc:51] [worker1]: Finished loading rfile...
I0624 20:37:23.319272 15100 fragment_loader.cc:75] [worker1]: Begin loading efile... local frag num is 12
I0624 20:37:23.185883 30717 fragment_loader.cc:51] [worker8]: Finished loading rfile...
I0624 20:37:23.187180 11477 fragment_loader.cc:51] [worker4]: Finished loading rfile...
I0624 20:37:23.187063 30717 fragment_loader.cc:75] [worker8]: Begin loading efile... local frag num is 12
I0624 20:37:23.188344 11477 fragment_loader.cc:75] [worker4]: Begin loading efile... local frag num is 12
I0624 20:37:23.202499  7496 fragment_loader.cc:51] [worker6]: Finished loading rfile...
I0624 20:37:23.203472  7496 fragment_loader.cc:75] [worker6]: Begin loading efile... local frag num is 12
I0624 20:37:23.211136  4702 fragment_loader.cc:51] [worker7]: Finished loading rfile...
I0624 20:37:23.212229  4702 fragment_loader.cc:75] [worker7]: Begin loading efile... local frag num is 12
I0624 20:37:46.706509  4702 fragment_loader.cc:182] [worker7]: Finished loading efile...
I0624 20:37:46.707425  4702 fragment_loader.cc:197] [worker7]: Begin loading vfile... vnum is 4900578
I0624 20:37:47.147511 10397 fragment_loader.cc:182] [worker3]: Finished loading efile...
I0624 20:37:47.148550 10397 fragment_loader.cc:197] [worker3]: Begin loading vfile... vnum is 4900578
I0624 20:37:47.334378 15078 fragment_loader.cc:182] [worker2]: Finished loading efile...
I0624 20:37:47.335235 15078 fragment_loader.cc:197] [worker2]: Begin loading vfile... vnum is 4900578
I0624 20:37:47.305044  7496 fragment_loader.cc:182] [worker6]: Finished loading efile...
I0624 20:37:47.306100  7496 fragment_loader.cc:197] [worker6]: Begin loading vfile... vnum is 4900578
I0624 20:37:47.305951 30717 fragment_loader.cc:182] [worker8]: Finished loading efile...
I0624 20:37:47.306941 30717 fragment_loader.cc:197] [worker8]: Begin loading vfile... vnum is 4900578
I0624 20:37:47.450513 14545 fragment_loader.cc:182] [worker5]: Finished loading efile...
I0624 20:37:47.451364 14545 fragment_loader.cc:197] [worker5]: Begin loading vfile... vnum is 4900578
I0624 20:37:47.567754 15100 fragment_loader.cc:182] [worker1]: Finished loading efile...
I0624 20:37:47.568677 15100 fragment_loader.cc:197] [worker1]: Begin loading vfile... vnum is 4900578
I0624 20:37:50.353521 11477 fragment_loader.cc:182] [worker4]: Finished loading efile...
I0624 20:37:50.354765 11477 fragment_loader.cc:197] [worker4]: Begin loading vfile... vnum is 4900578
I0624 20:37:50.509742  4702 fragment_loader.cc:210] [worker7]: Finished loading vfile...
I0624 20:37:50.598484  4702 fragment.cc:50] 7 11 172038
I0624 20:37:50.738441  4702 fragment.cc:50] 7 11 198515
I0624 20:37:50.887282  4702 fragment.cc:50] 7 11 117833
I0624 20:37:50.955535  4702 fragment.cc:50] 7 11 83398
I0624 20:37:50.989069  4702 fragment.cc:50] 7 11 77395
I0624 20:37:51.020709  4702 fragment.cc:50] 7 11 97070
I0624 20:37:51.086478  4702 fragment.cc:50] 7 11 83170
I0624 20:37:51.132472  4702 fragment.cc:50] 7 11 109165
I0624 20:37:51.187335  4702 fragment.cc:50] 7 11 35052
I0624 20:37:51.204087  4702 fragment.cc:50] 7 11 79986
I0624 20:37:51.233451  4702 fragment.cc:50] 7 11 84436
I0624 20:37:51.268069  4702 fragment.cc:50] 7 11 79427
I0624 20:37:51.461937 10397 fragment_loader.cc:210] [worker3]: Finished loading vfile...
I0624 20:37:51.569736 10397 fragment.cc:50] 3 11 175250
I0624 20:37:51.664631 30717 fragment_loader.cc:210] [worker8]: Finished loading vfile...
I0624 20:37:51.744477 10397 fragment.cc:50] 3 11 141661
I0624 20:37:51.759052 30717 fragment.cc:50] 8 11 95191
I0624 20:37:51.801482 30717 fragment.cc:50] 8 11 119317
I0624 20:37:51.838884 10397 fragment.cc:50] 3 11 139128
I0624 20:37:51.928480 15078 fragment_loader.cc:210] [worker2]: Finished loading vfile...
I0624 20:37:51.868631 30717 fragment.cc:50] 8 11 86550
I0624 20:37:51.909092 30717 fragment.cc:50] 8 11 59309
I0624 20:37:51.941452 10397 fragment.cc:50] 3 11 84309
I0624 20:37:51.931892 30717 fragment.cc:50] 8 11 84122
I0624 20:37:52.034870 15078 fragment.cc:50] 2 11 84591
I0624 20:37:51.981819 10397 fragment.cc:50] 3 11 165964
I0624 20:37:52.103967 15100 fragment_loader.cc:210] [worker1]: Finished loading vfile...
I0624 20:37:51.977963 30717 fragment.cc:50] 8 11 137853
I0624 20:37:52.082628 15078 fragment.cc:50] 2 11 151892
I0624 20:37:52.046252  7496 fragment_loader.cc:210] [worker6]: Finished loading vfile...
I0624 20:37:52.199210 15100 fragment.cc:50] 1 11 122590
I0624 20:37:52.067024 30717 fragment.cc:50] 8 11 87626
I0624 20:37:52.082581 10397 fragment.cc:50] 3 11 102620
I0624 20:37:52.185926 15078 fragment.cc:50] 2 11 92436
I0624 20:37:52.126637 10397 fragment.cc:50] 3 11 102938
I0624 20:37:52.119814 30717 fragment.cc:50] 8 11 178928
I0624 20:37:52.144495  7496 fragment.cc:50] 6 11 94069
I0624 20:37:52.233825 15078 fragment.cc:50] 2 11 101079
I0624 20:37:52.286754 15100 fragment.cc:50] 1 11 119280
I0624 20:37:52.185742 10397 fragment.cc:50] 3 11 114204
I0624 20:37:52.277925 15078 fragment.cc:50] 2 11 141453
I0624 20:37:52.200274  7496 fragment.cc:50] 6 11 162472
I0624 20:37:52.354605 15100 fragment.cc:50] 1 11 74702
I0624 20:37:52.247920 10397 fragment.cc:50] 3 11 96558
I0624 20:37:52.378316 15100 fragment.cc:50] 1 11 95377
I0624 20:37:52.280596 30717 fragment.cc:50] 8 11 79557
I0624 20:37:52.295326 10397 fragment.cc:50] 3 11 92685
I0624 20:37:52.384268 15078 fragment.cc:50] 2 11 137941
I0624 20:37:52.307404 30717 fragment.cc:50] 8 11 79800
I0624 20:37:52.449694 15100 fragment.cc:50] 1 11 34941
I0624 20:37:52.332756  7496 fragment.cc:50] 6 11 115039
I0624 20:37:52.344861 10397 fragment.cc:50] 3 11 78269
I0624 20:37:52.471259 15100 fragment.cc:50] 1 11 183449
I0624 20:37:52.339606 30717 fragment.cc:50] 8 11 123660
I0624 20:37:52.378135 10397 fragment.cc:50] 3 11 92213
I0624 20:37:52.399446  7496 fragment.cc:50] 6 11 115830
I0624 20:37:52.487243 15078 fragment.cc:50] 2 11 117584
I0624 20:37:52.413345 30717 fragment.cc:50] 8 11 204984
I0624 20:37:52.543733 15078 fragment.cc:50] 2 11 84823
I0624 20:37:52.474647  7496 fragment.cc:50] 6 11 103000
I0624 20:37:52.580395 15078 fragment.cc:50] 2 11 74423
I0624 20:37:52.639930 15100 fragment.cc:50] 1 11 102139
I0624 20:37:52.619005 15078 fragment.cc:50] 2 11 165435
I0624 20:37:52.539376  7496 fragment.cc:50] 6 11 202818
I0624 20:37:52.617946 14545 fragment_loader.cc:210] [worker5]: Finished loading vfile...
I0624 20:37:52.706996 15100 fragment.cc:50] 1 11 208284
I0624 20:37:52.734709 15078 fragment.cc:50] 2 11 148672
I0624 20:37:52.739038 14545 fragment.cc:50] 5 11 132042
I0624 20:37:52.680982  7496 fragment.cc:50] 6 11 80222
I0624 20:37:52.720386  7496 fragment.cc:50] 6 11 118464
I0624 20:37:52.824489 14545 fragment.cc:50] 5 11 236436
I0624 20:37:52.891595 15078 fragment.cc:50] 2 11 118908
I0624 20:37:52.811259  7496 fragment.cc:50] 6 11 111973
I0624 20:37:52.954460 15100 fragment.cc:50] 1 11 98525
I0624 20:37:52.863896  7496 fragment.cc:50] 6 11 89625
I0624 20:37:52.943428 14545 fragment.cc:50] 5 11 124560
I0624 20:37:53.007247 15100 fragment.cc:50] 1 11 113314
I0624 20:37:52.929157  7496 fragment.cc:50] 6 11 72684
I0624 20:37:53.077940 15100 fragment.cc:50] 1 11 110283
I0624 20:37:52.960841  7496 fragment.cc:50] 6 11 104841
I0624 20:37:53.028702 14545 fragment.cc:50] 5 11 172664
I0624 20:37:53.150918 15100 fragment.cc:50] 1 11 66568
I0624 20:37:53.202538 14545 fragment.cc:50] 5 11 181973
I0624 20:37:53.345381 14545 fragment.cc:50] 5 11 67097
I0624 20:37:53.396493 14545 fragment.cc:50] 5 11 115119
I0624 20:37:53.451063 14545 fragment.cc:50] 5 11 92206
I0624 20:37:53.490502 14545 fragment.cc:50] 5 11 72522
I0624 20:37:53.516911 14545 fragment.cc:50] 5 11 103797
I0624 20:37:53.604933 14545 fragment.cc:50] 5 11 192754
I0624 20:37:53.727351 14545 fragment.cc:50] 5 11 86987
I0624 20:37:54.422555 11477 fragment_loader.cc:210] [worker4]: Finished loading vfile...
I0624 20:37:54.510740 11477 fragment.cc:50] 4 11 95040
I0624 20:37:54.550427 11477 fragment.cc:50] 4 11 79239
I0624 20:37:54.583544 11477 fragment.cc:50] 4 11 117220
I0624 20:37:54.681972 11477 fragment.cc:50] 4 11 143640
I0624 20:37:54.797003 11477 fragment.cc:50] 4 11 99336
I0624 20:37:54.842039 11477 fragment.cc:50] 4 11 100142
I0624 20:37:54.895061 11477 fragment.cc:50] 4 11 79688
I0624 20:37:54.923497 11477 fragment.cc:50] 4 11 93686
I0624 20:37:54.967133 11477 fragment.cc:50] 4 11 75961
I0624 20:37:55.009620 11477 fragment.cc:50] 4 11 193673
I0624 20:37:55.157372 11477 fragment.cc:50] 4 11 147092
I0624 20:37:55.247823 11477 fragment.cc:50] 4 11 56418
I0624 20:37:55.604229 12240 util.cc:56] "query-bsp"
I0624 20:37:55.708936 15085 worker.cc:155] tid-1 access Cool
I0624 20:37:55.708981 15087 worker.cc:155] tid-3 access Cool
I0624 20:37:55.708943 15086 worker.cc:155] tid-2 access Cool
I0624 20:37:55.709009 15089 worker.cc:155] tid-5 access Cool
I0624 20:37:55.708943 15084 worker.cc:155] tid-0 access Cool
I0624 20:37:55.709033 15088 worker.cc:155] tid-4 access Cool
I0624 20:37:55.743858 15107 worker.cc:155] tid-1 access Cool
I0624 20:37:55.743876 15106 worker.cc:155] tid-0 access Cool
I0624 20:37:55.743896 15109 worker.cc:155] tid-3 access Cool
I0624 20:37:55.709043 15090 worker.cc:155] tid-6 access Cool
I0624 20:37:55.709064 15091 worker.cc:155] tid-7 access Cool
I0624 20:37:55.622138 10404 worker.cc:155] tid-1 access Cool
I0624 20:37:55.622139 10403 worker.cc:155] tid-0 access Cool
I0624 20:37:55.622162 10406 worker.cc:155] tid-3 access Cool
I0624 20:37:55.609900 11485 worker.cc:155] tid-3 access Cool
I0624 20:37:55.609884 11484 worker.cc:155] tid-2 access Cool
I0624 20:37:55.682973 14551 worker.cc:155] tid-1 access Cool
I0624 20:37:55.682974 14550 worker.cc:155] tid-0 access Cool
I0624 20:37:55.682996 14553 worker.cc:155] tid-3 access Cool
I0624 20:37:55.623031  7502 worker.cc:155] tid-1 access Cool
I0624 20:37:55.623044  7505 worker.cc:155] tid-4 access Cool
I0624 20:37:55.623031  7503 worker.cc:155] tid-2 access Cool
I0624 20:37:55.609504 30723 worker.cc:155] tid-1 access Cool
I0624 20:37:55.609521 30726 worker.cc:155] tid-4 access Cool
I0624 20:37:55.609508 30724 worker.cc:155] tid-2 access Cool
I0624 20:37:55.623042  4708 worker.cc:155] tid-1 access Cool
I0624 20:37:55.743996 15108 worker.cc:155] tid-2 access Cool
I0624 20:37:55.709081 15092 worker.cc:155] tid-8 access Cool
I0624 20:37:55.709097 15093 worker.cc:155] tid-9 access Cool
I0624 20:37:55.622231 10407 worker.cc:155] tid-4 access Cool
I0624 20:37:55.609881 11483 worker.cc:155] tid-1 access Cool
I0624 20:37:55.609920 11486 worker.cc:155] tid-4 access Cool
I0624 20:37:55.683073 14552 worker.cc:155] tid-2 access Cool
I0624 20:37:55.623149  7501 worker.cc:155] tid-0 access Cool
I0624 20:37:55.623170  7506 worker.cc:155] tid-5 access Cool
I0624 20:37:55.609645 30722 worker.cc:155] tid-0 access Cool
I0624 20:37:55.609647 30725 worker.cc:155] tid-3 access Cool
I0624 20:37:55.609668 30727 worker.cc:155] tid-5 access Cool
I0624 20:37:55.609673 30728 worker.cc:155] tid-6 access Cool
I0624 20:37:55.609694 30729 worker.cc:155] tid-7 access Cool
I0624 20:37:55.623059  4712 worker.cc:155] tid-5 access Cool
I0624 20:37:55.623044  4709 worker.cc:155] tid-2 access Cool
I0624 20:37:55.623124  4714 worker.cc:155] tid-7 access Cool
I0624 20:37:55.744022 15111 worker.cc:155] tid-5 access Cool
I0624 20:37:55.709112 15094 worker.cc:155] tid-10 access Cool
I0624 20:37:55.709138 15095 worker.cc:155] tid-11 access Cool
I0624 20:37:55.709139 15078 worker.cc:49] Enter worker loop, task num is 12
I0624 20:37:55.622267 10405 worker.cc:155] tid-2 access Cool
I0624 20:37:55.609982 11482 worker.cc:155] tid-0 access Cool
I0624 20:37:55.609989 11488 worker.cc:155] tid-6 access Cool
I0624 20:37:55.610008 11489 worker.cc:155] tid-7 access Cool
I0624 20:37:55.683084 14554 worker.cc:155] tid-4 access Cool
I0624 20:37:55.683104 14555 worker.cc:155] tid-5 access Cool
I0624 20:37:55.623152  7504 worker.cc:155] tid-3 access Cool
I0624 20:37:55.623185  7507 worker.cc:155] tid-6 access Cool
I0624 20:37:55.609707 30730 worker.cc:155] tid-8 access Cool
I0624 20:37:55.609727 30731 worker.cc:155] tid-9 access Cool
I0624 20:37:55.609740 30732 worker.cc:155] tid-10 access Cool
I0624 20:37:55.623046  4711 worker.cc:155] tid-4 access Cool
I0624 20:37:55.744042 15112 worker.cc:155] tid-6 access Cool
I0624 20:37:55.744007 15110 worker.cc:155] tid-4 access Cool
I0624 20:37:55.622270 10408 worker.cc:155] tid-5 access Cool
I0624 20:37:55.609966 11487 worker.cc:155] tid-5 access Cool
I0624 20:37:55.683120 14556 worker.cc:155] tid-6 access Cool
I0624 20:37:55.623206  7508 worker.cc:155] tid-7 access Cool
I0624 20:37:55.623217  7509 worker.cc:155] tid-8 access Cool
I0624 20:37:55.609757 30717 worker.cc:49] Enter worker loop, task num is 12
I0624 20:37:55.609758 30733 worker.cc:155] tid-11 access Cool
I0624 20:37:55.623044  4707 worker.cc:155] tid-0 access Cool
I0624 20:37:55.744058 15113 worker.cc:155] tid-7 access Cool
I0624 20:37:55.622290 10409 worker.cc:155] tid-6 access Cool
I0624 20:37:55.610033 11490 worker.cc:155] tid-8 access Cool
I0624 20:37:55.610044 11491 worker.cc:155] tid-9 access Cool
I0624 20:37:55.683136 14557 worker.cc:155] tid-7 access Cool
I0624 20:37:55.683148 14558 worker.cc:155] tid-8 access Cool
I0624 20:37:55.683166 14559 worker.cc:155] tid-9 access Cool
I0624 20:37:55.623234  7510 worker.cc:155] tid-9 access Cool
I0624 20:37:55.623164  4715 worker.cc:155] tid-8 access Cool
I0624 20:37:55.744073 15114 worker.cc:155] tid-8 access Cool
I0624 20:37:55.622308 10410 worker.cc:155] tid-7 access Cool
I0624 20:37:55.622334 10411 worker.cc:155] tid-8 access Cool
I0624 20:37:55.610060 11492 worker.cc:155] tid-10 access Cool
I0624 20:37:55.610075 11493 worker.cc:155] tid-11 access Cool
I0624 20:37:55.683192 14545 worker.cc:49] Enter worker loop, task num is 12
I0624 20:37:55.623246  7511 worker.cc:155] tid-10 access Cool
I0624 20:37:55.623193  4713 worker.cc:155] tid-6 access Cool
I0624 20:37:55.623064  4710 worker.cc:155] tid-3 access Cool
I0624 20:37:55.744091 15115 worker.cc:155] tid-9 access Cool
I0624 20:37:55.744102 15116 worker.cc:155] tid-10 access Cool
I0624 20:37:55.622349 10412 worker.cc:155] tid-9 access Cool
I0624 20:37:55.622367 10413 worker.cc:155] tid-10 access Cool
I0624 20:37:55.610076 11477 worker.cc:49] Enter worker loop, task num is 12
I0624 20:37:55.683205 14560 worker.cc:155] tid-10 access Cool
I0624 20:37:55.683193 14561 worker.cc:155] tid-11 access Cool
I0624 20:37:55.623261  7496 worker.cc:49] Enter worker loop, task num is 12
I0624 20:37:55.623220  4716 worker.cc:155] tid-9 access Cool
I0624 20:37:55.623237  4717 worker.cc:155] tid-10 access Cool
I0624 20:37:55.623253  4718 worker.cc:155] tid-11 access Cool
I0624 20:37:55.744118 15100 worker.cc:49] Enter worker loop, task num is 12
I0624 20:37:55.622385 10414 worker.cc:155] tid-11 access Cool
I0624 20:37:55.622385 10397 worker.cc:49] Enter worker loop, task num is 12
I0624 20:37:55.623263  7512 worker.cc:155] tid-11 access Cool
I0624 20:37:55.623257  4702 worker.cc:49] Enter worker loop, task num is 12
I0624 20:37:55.744120 15117 worker.cc:155] tid-11 access Cool
I0624 20:37:55.647779  4715 pagerankX.cc:154] TrainLog: fid-70;0.001167;19916;15136;35052;143562;6852;
I0624 20:37:55.648918  4718 pagerankX.cc:154] TrainLog: fid-94;0.002277;56148;23279;79427;236933;23129;
I0624 20:37:55.649737  4710 pagerankX.cc:154] TrainLog: fid-30;0.003135;56146;27252;83398;339824;22994;
I0624 20:37:55.649168  4711 pagerankX.cc:154] TrainLog: fid-38;0.002559;56151;21244;77395;357719;15375;
I0624 20:37:55.651602  4716 pagerankX.cc:154] TrainLog: fid-78;0.004996;45245;34741;79986;297484;25441;
I0624 20:37:55.651660  4717 pagerankX.cc:154] TrainLog: fid-86;0.005031;50615;33821;84436;343383;26492;
I0624 20:37:55.652045  4713 pagerankX.cc:154] TrainLog: fid-54;0.005443;33121;50049;83170;404284;29814;
I0624 20:37:55.635859 11493 pagerankX.cc:154] TrainLog: fid-91;0.001333;38899;17519;56418;137791;20897;
I0624 20:37:55.636768 11490 pagerankX.cc:154] TrainLog: fid-67;0.002267;56148;19813;75961;268531;19320;
I0624 20:37:55.636425 11483 pagerankX.cc:154] TrainLog: fid-11;0.001933;56150;23089;79239;246951;25006;
I0624 20:37:55.639060 11486 pagerankX.cc:154] TrainLog: fid-35;0.004565;45461;53875;99336;370800;42928;
I0624 20:37:55.639065 11488 pagerankX.cc:154] TrainLog: fid-51;0.004571;55445;24243;79688;303625;25604;
I0624 20:37:55.652500  4712 pagerankX.cc:154] TrainLog: fid-46;0.005899;56124;40946;97070;640551;51858;
I0624 20:37:55.653040  4709 pagerankX.cc:154] TrainLog: fid-22;0.006439;56136;61697;117833;577564;35440;
I0624 20:37:55.772986 15117 pagerankX.cc:154] TrainLog: fid-88;0.004439;31939;34629;66568;222886;26878;
I0624 20:37:55.770437 15108 pagerankX.cc:154] TrainLog: fid-16;0.001891;56118;18584;74702;196104;12188;
I0624 20:37:55.769950 15110 pagerankX.cc:154] TrainLog: fid-32;0.001382;10344;24597;34941;66575;12745;
I0624 20:37:55.640408 11489 pagerankX.cc:154] TrainLog: fid-59;0.005863;56125;37561;93686;454217;34495;
I0624 20:37:55.648663 10406 pagerankX.cc:154] TrainLog: fid-26;0.002538;56135;28174;84309;319990;29907;
I0624 20:37:55.649683 10414 pagerankX.cc:154] TrainLog: fid-90;0.003572;37766;54447;92213;392631;58342;
I0624 20:37:55.649523 10412 pagerankX.cc:154] TrainLog: fid-74;0.003413;56133;36552;92685;507944;39081;
I0624 20:37:55.640975 11484 pagerankX.cc:154] TrainLog: fid-19;0.006481;56145;61075;117220;797364;111608;
I0624 20:37:55.654167  4714 pagerankX.cc:154] TrainLog: fid-62;0.007566;46592;62573;109165;474764;50910;
I0624 20:37:55.648923 10413 pagerankX.cc:154] TrainLog: fid-82;0.002784;55390;22879;78269;310437;19912;
I0624 20:37:55.641197 11482 pagerankX.cc:154] TrainLog: fid-3;0.006688;56148;38892;95040;374710;33444;
I0624 20:37:55.653573 10409 pagerankX.cc:154] TrainLog: fid-50;0.007464;55900;47038;102938;534047;36566;
I0624 20:37:55.775514 15114 pagerankX.cc:154] TrainLog: fid-64;0.006963;56134;42391;98525;469061;36825;
I0624 20:37:55.775559 15112 pagerankX.cc:154] TrainLog: fid-48;0.006997;56153;45986;102139;442255;52906;
I0624 20:37:55.775578 15109 pagerankX.cc:154] TrainLog: fid-24;0.007025;37147;58230;95377;567954;46523;
I0624 20:37:55.775633 15116 pagerankX.cc:154] TrainLog: fid-80;0.007087;42501;67782;110283;572510;61988;
I0624 20:37:55.653890 10411 pagerankX.cc:154] TrainLog: fid-66;0.007755;48148;48410;96558;429663;36472;
I0624 20:37:55.641685 11487 pagerankX.cc:154] TrainLog: fid-43;0.007192;56145;43997;100142;499746;38736;
I0624 20:37:55.654038 10408 pagerankX.cc:154] TrainLog: fid-42;0.007927;44990;57630;102620;367206;45113;
I0624 20:37:55.775797 15106 pagerankX.cc:154] TrainLog: fid-0;0.00725;56147;66443;122590;629292;60938;
I0624 20:37:55.654076 10404 pagerankX.cc:154] TrainLog: fid-10;0.007966;56138;85523;141661;763365;98988;
I0624 20:37:55.637946 30731 pagerankX.cc:154] TrainLog: fid-79;0.002321;56147;23653;79800;253835;24805;
I0624 20:37:55.637971 30730 pagerankX.cc:154] TrainLog: fid-71;0.002343;56149;23408;79557;266288;21215;
I0624 20:37:55.637585 30725 pagerankX.cc:154] TrainLog: fid-31;0.001939;31544;27765;59309;180542;26205;
I0624 20:37:55.638999 30728 pagerankX.cc:154] TrainLog: fid-55;0.003374;41226;46400;87626;402351;39173;
I0624 20:37:55.605645 12240 worker.cc:238] The query absolute path is /BIGDATA1/buaa_wffan_1/lidongze/code/grape/cpp/build/query/pagerank_feature/query-bsp
I0624 20:37:55.655176  4708 pagerankX.cc:154] TrainLog: fid-14;0.008575;56139;142376;198515;967480;164767;
I0624 20:37:55.608724 12240 worker.cc:244] query detail: 
I0624 20:37:55.608741 12240 query.cc:75] terminate = 0
I0624 20:37:55.608769 12240 query.cc:76] bound = 0
I0624 20:37:55.608777 12240 query.cc:77] root = 0
I0624 20:37:55.608781 12240 query.cc:78] lower_bound_ = 0
I0624 20:37:55.608786 12240 query.cc:79] upper_bound_ = 50
I0624 20:37:55.608789 12240 query.cc:80] ttl_ = 100000
I0624 20:37:55.611882 12240 worker.cc:249] query_info=file:/BIGDATA1/buaa_wffan_1/lidongze/code/grape/cpp/build/query/pagerank_feature/query-bsp
I0624 20:37:55.612063 12240 worker.cc:35] Enter coordinator loop
I0624 20:37:55.651142  7507 pagerankX.cc:154] TrainLog: fid-53;0.002793;43731;36491;80222;344519;33399;
I0624 20:37:55.776243 15115 pagerankX.cc:154] TrainLog: fid-72;0.007697;54963;58351;113314;647319;47382;
I0624 20:37:55.776265 15107 pagerankX.cc:154] TrainLog: fid-8;0.007719;56112;63168;119280;610731;58617;
I0624 20:37:55.642315 11485 pagerankX.cc:154] TrainLog: fid-27;0.007823;56147;87493;143640;858940;119968;
I0624 20:37:55.650755  7511 pagerankX.cc:154] TrainLog: fid-85;0.002397;28751;43933;72684;230072;33759;
I0624 20:37:55.655522  7503 pagerankX.cc:154] TrainLog: fid-21;0.007163;56139;58900;115039;553176;50156;
I0624 20:37:55.655613  4707 pagerankX.cc:154] TrainLog: fid-6;0.00901;56149;115889;172038;886493;124067;
I0624 20:37:55.654770 10410 pagerankX.cc:154] TrainLog: fid-58;0.00733;56104;58100;114204;583999;56071;
I0624 20:37:55.642192 30722 pagerankX.cc:154] TrainLog: fid-7;0.006558;53562;41629;95191;362548;52052;
I0624 20:37:55.642763 11492 pagerankX.cc:154] TrainLog: fid-83;0.00827;56137;90955;147092;741945;76019;
I0624 20:37:55.642468 30726 pagerankX.cc:154] TrainLog: fid-39;0.006839;42435;41687;84122;370397;43320;
I0624 20:37:55.642688 30724 pagerankX.cc:154] TrainLog: fid-23;0.007055;56145;30405;86550;460883;27949;
I0624 20:37:55.737746 15092 pagerankX.cc:154] TrainLog: fid-65;0.002658;44909;29514;74423;257145;22668;
I0624 20:37:55.740896 15091 pagerankX.cc:154] TrainLog: fid-57;0.003;56153;28670;84823;335437;24465;
I0624 20:37:55.656396  7510 pagerankX.cc:154] TrainLog: fid-77;0.008044;56133;33492;89625;609796;57596;
I0624 20:37:55.656420  7505 pagerankX.cc:154] TrainLog: fid-37;0.008069;56141;46859;103000;483038;38399;
I0624 20:37:55.656499  7509 pagerankX.cc:154] TrainLog: fid-69;0.008137;56127;55846;111973;426798;43827;
I0624 20:37:55.742447 15087 pagerankX.cc:154] TrainLog: fid-25;0.007354;17529;83550;101079;235593;49811;
I0624 20:37:55.742606 15084 pagerankX.cc:154] TrainLog: fid-1;0.007524;45749;38842;84591;384708;29909;
I0624 20:37:55.656574  7501 pagerankX.cc:154] TrainLog: fid-5;0.008223;41743;52326;94069;402613;46170;
I0624 20:37:55.742733 15086 pagerankX.cc:154] TrainLog: fid-17;0.007657;56148;36288;92436;399333;32184;
I0624 20:37:55.655876 10405 pagerankX.cc:154] TrainLog: fid-18;0.009765;56132;82996;139128;783319;108178;
I0624 20:37:55.643355 30732 pagerankX.cc:154] TrainLog: fid-87;0.007725;56133;67527;123660;524816;58367;
I0624 20:37:55.712971 14558 pagerankX.cc:154] TrainLog: fid-68;0.001897;56133;16389;72522;226981;15372;
I0624 20:37:55.716735 14552 pagerankX.cc:154] TrainLog: fid-20;0.005664;55842;68718;124560;692972;61844;
I0624 20:37:55.657075  7512 pagerankX.cc:154] TrainLog: fid-93;0.008723;56154;48687;104841;536779;42405;
I0624 20:37:55.643985 11491 pagerankX.cc:154] TrainLog: fid-75;0.009489;56151;137522;193673;917931;158701;
I0624 20:37:55.717471 14555 pagerankX.cc:154] TrainLog: fid-44;0.006406;40033;27064;67097;514352;15889;
I0624 20:37:55.656721 10407 pagerankX.cc:154] TrainLog: fid-34;0.01061;56150;109814;165964;746845;99141;
I0624 20:37:55.743702 15095 pagerankX.cc:154] TrainLog: fid-89;0.00863;56127;62781;118908;505739;50020;
I0624 20:37:55.644289 30727 pagerankX.cc:154] TrainLog: fid-47;0.00866;55822;82031;137853;713193;76119;
I0624 20:37:55.657979  7508 pagerankX.cc:154] TrainLog: fid-61;0.009625;56153;62311;118464;795050;51028;
I0624 20:37:55.718161 14561 pagerankX.cc:154] TrainLog: fid-92;0.007077;47253;39734;86987;341559;33559;
I0624 20:37:55.718372 14557 pagerankX.cc:154] TrainLog: fid-60;0.007306;31689;60517;92206;317951;46443;
I0624 20:37:55.779260 15111 pagerankX.cc:154] TrainLog: fid-40;0.010714;56023;127426;183449;1111482;167913;
I0624 20:37:55.658510  7502 pagerankX.cc:154] TrainLog: fid-13;0.010161;56154;106318;162472;920958;128057;
I0624 20:37:55.718580 14550 pagerankX.cc:154] TrainLog: fid-4;0.007514;55965;76077;132042;610094;70077;
I0624 20:37:55.744597 15089 pagerankX.cc:154] TrainLog: fid-41;0.009519;56148;81793;137941;781233;92020;
I0624 20:37:55.718585 14556 pagerankX.cc:154] TrainLog: fid-52;0.007518;56149;58970;115119;463273;46696;
I0624 20:37:55.744665 15090 pagerankX.cc:154] TrainLog: fid-49;0.009594;49345;68239;117584;466241;60039;
I0624 20:37:55.718706 14559 pagerankX.cc:154] TrainLog: fid-76;0.007638;56142;47655;103797;684859;50821;
I0624 20:37:55.658718  7504 pagerankX.cc:154] TrainLog: fid-29;0.010369;56137;59693;115830;640086;41815;
I0624 20:37:55.744730 15085 pagerankX.cc:154] TrainLog: fid-9;0.009659;56114;95778;151892;766605;99696;
I0624 20:37:55.645496 30723 pagerankX.cc:154] TrainLog: fid-15;0.00987;54757;64560;119317;605100;54624;
I0624 20:37:55.779954 15113 pagerankX.cc:154] TrainLog: fid-56;0.011408;56138;152146;208284;1631795;188081;
I0624 20:37:55.745283 15088 pagerankX.cc:154] TrainLog: fid-33;0.010205;56148;85305;141453;795250;96076;
I0624 20:37:55.719507 14553 pagerankX.cc:154] TrainLog: fid-28;0.008444;56088;116576;172664;1144818;126094;
I0624 20:37:55.745725 15093 pagerankX.cc:154] TrainLog: fid-73;0.010652;56051;109384;165435;790789;126563;
I0624 20:37:55.745734 15094 pagerankX.cc:154] TrainLog: fid-81;0.01066;56127;92545;148672;1274121;109866;
I0624 20:37:55.646229 30729 pagerankX.cc:154] TrainLog: fid-63;0.0106;56138;122790;178928;1207953;123998;
I0624 20:37:55.720366 14554 pagerankX.cc:154] TrainLog: fid-36;0.009301;56084;125889;181973;1051424;128169;
I0624 20:37:55.659631 10403 pagerankX.cc:154] TrainLog: fid-2;0.01352;56105;119145;175250;1187009;129284;
I0624 20:37:55.647593 30733 pagerankX.cc:154] TrainLog: fid-95;0.011963;56136;148848;204984;1561426;309890;
I0624 20:37:55.721524 14551 pagerankX.cc:154] TrainLog: fid-12;0.010458;53200;183236;236436;694207;114675;
I0624 20:37:55.662204  7506 pagerankX.cc:154] TrainLog: fid-45;0.013847;55350;147468;202818;905836;142843;
I0624 20:37:55.722402 14560 pagerankX.cc:154] TrainLog: fid-84;0.011316;56152;136602;192754;830999;134590;
I0624 20:37:55.654296 11493 pagerankX.cc:154] TrainLog: fid-91;0.001327;38899;17519;56418;137791;20897;
I0624 20:37:55.654866 11483 pagerankX.cc:154] TrainLog: fid-11;0.001942;56150;23089;79239;246951;25006;
I0624 20:37:55.655256 11490 pagerankX.cc:154] TrainLog: fid-67;0.002283;56148;19813;75961;268531;19320;
I0624 20:37:55.655558 11488 pagerankX.cc:154] TrainLog: fid-51;0.002594;55445;24243;79688;303625;25604;
I0624 20:37:55.669167  7511 pagerankX.cc:154] TrainLog: fid-85;0.002345;28751;43933;72684;230072;33759;
I0624 20:37:55.669440  4715 pagerankX.cc:154] TrainLog: fid-70;0.001161;19916;15136;35052;143562;6852;
I0624 20:37:55.729357 14558 pagerankX.cc:154] TrainLog: fid-68;0.001936;56133;16389;72522;226981;15372;
I0624 20:37:55.656394 11482 pagerankX.cc:154] TrainLog: fid-3;0.003468;56148;38892;95040;374710;33444;
I0624 20:37:55.669560  7507 pagerankX.cc:154] TrainLog: fid-53;0.002774;43731;36491;80222;344519;33399;
I0624 20:37:55.656527 11487 pagerankX.cc:154] TrainLog: fid-43;0.003598;56145;43997;100142;499746;38736;
I0624 20:37:55.656715 11489 pagerankX.cc:154] TrainLog: fid-59;0.003778;56125;37561;93686;454217;34495;
I0624 20:37:55.656760 11486 pagerankX.cc:154] TrainLog: fid-35;0.003801;45461;53875;99336;370800;42928;
I0624 20:37:55.730525 14555 pagerankX.cc:154] TrainLog: fid-44;0.003111;40033;27064;67097;514352;15889;
I0624 20:37:55.670622  7509 pagerankX.cc:154] TrainLog: fid-69;0.003835;56127;55846;111973;426798;43827;
I0624 20:37:55.670650  4718 pagerankX.cc:154] TrainLog: fid-94;0.002369;56148;23279;79427;236933;23129;
I0624 20:37:55.730677 14561 pagerankX.cc:154] TrainLog: fid-92;0.003284;47253;39734;86987;341559;33559;
I0624 20:37:55.669873 10406 pagerankX.cc:154] TrainLog: fid-26;0.00245;56135;28174;84309;319990;29907;
I0624 20:37:55.670817  4711 pagerankX.cc:154] TrainLog: fid-38;0.002611;56151;21244;77395;357719;15375;
I0624 20:37:55.670842  7501 pagerankX.cc:154] TrainLog: fid-5;0.004073;41743;52326;94069;402613;46170;
I0624 20:37:55.670959  4710 pagerankX.cc:154] TrainLog: fid-30;0.002749;56146;27252;83398;339824;22994;
I0624 20:37:55.791815 15110 pagerankX.cc:154] TrainLog: fid-32;0.001298;10344;24597;34941;66575;12745;
I0624 20:37:55.671134  4716 pagerankX.cc:154] TrainLog: fid-78;0.002932;45245;34741;79986;297484;25441;
I0624 20:37:55.670279 10413 pagerankX.cc:154] TrainLog: fid-82;0.002851;55390;22879;78269;310437;19912;
I0624 20:37:55.731242 14557 pagerankX.cc:154] TrainLog: fid-60;0.003833;31689;60517;92206;317951;46443;
I0624 20:37:55.671377  4717 pagerankX.cc:154] TrainLog: fid-86;0.003174;50615;33821;84436;343383;26492;
I0624 20:37:55.671402  7504 pagerankX.cc:154] TrainLog: fid-29;0.00461;56137;59693;115830;640086;41815;
I0624 20:37:55.671414  7505 pagerankX.cc:154] TrainLog: fid-37;0.004615;56141;46859;103000;483038;38399;
I0624 20:37:55.671607  7510 pagerankX.cc:154] TrainLog: fid-77;0.004776;56133;33492;89625;609796;57596;
I0624 20:37:55.792513 15108 pagerankX.cc:154] TrainLog: fid-16;0.001975;56118;18584;74702;196104;12188;
I0624 20:37:55.670789 10412 pagerankX.cc:154] TrainLog: fid-74;0.003308;56133;36552;92685;507944;39081;
I0624 20:37:55.671905  4713 pagerankX.cc:154] TrainLog: fid-54;0.003717;33121;50049;83170;404284;29814;
I0624 20:37:55.731922 14556 pagerankX.cc:154] TrainLog: fid-52;0.004514;56149;58970;115119;463273;46696;
I0624 20:37:55.671123 10414 pagerankX.cc:154] TrainLog: fid-90;0.003625;37766;54447;92213;392631;58342;
I0624 20:37:55.658859 11485 pagerankX.cc:154] TrainLog: fid-27;0.005934;56147;87493;143640;858940;119968;
I0624 20:37:55.658927 11492 pagerankX.cc:154] TrainLog: fid-83;0.005991;56137;90955;147092;741945;76019;
I0624 20:37:55.672117  4714 pagerankX.cc:154] TrainLog: fid-62;0.003925;46592;62573;109165;474764;50910;
I0624 20:37:55.671317 10409 pagerankX.cc:154] TrainLog: fid-50;0.003834;55900;47038;102938;534047;36566;
I0624 20:37:55.793099 15117 pagerankX.cc:154] TrainLog: fid-88;0.002523;31939;34629;66568;222886;26878;
I0624 20:37:55.732441 14559 pagerankX.cc:154] TrainLog: fid-76;0.00505;56142;47655;103797;684859;50821;
I0624 20:37:55.659381 11484 pagerankX.cc:154] TrainLog: fid-19;0.006423;56145;61075;117220;797364;111608;
I0624 20:37:55.671708 10411 pagerankX.cc:154] TrainLog: fid-66;0.004326;48148;48410;96558;429663;36472;
I0624 20:37:55.671821 10408 pagerankX.cc:154] TrainLog: fid-42;0.004395;44990;57630;102620;367206;45113;
I0624 20:37:55.672917  4709 pagerankX.cc:154] TrainLog: fid-22;0.004745;56136;61697;117833;577564;35440;
I0624 20:37:55.672999  4712 pagerankX.cc:154] TrainLog: fid-46;0.004811;56124;40946;97070;640551;51858;
I0624 20:37:55.673054  7508 pagerankX.cc:154] TrainLog: fid-61;0.006241;56153;62311;118464;795050;51028;
I0624 20:37:55.733108 14550 pagerankX.cc:154] TrainLog: fid-4;0.005706;55965;76077;132042;610094;70077;
I0624 20:37:55.794420 15109 pagerankX.cc:154] TrainLog: fid-24;0.003884;37147;58230;95377;567954;46523;
I0624 20:37:55.672729 10410 pagerankX.cc:154] TrainLog: fid-58;0.005304;56104;58100;114204;583999;56071;
I0624 20:37:55.673719  7502 pagerankX.cc:154] TrainLog: fid-13;0.006955;56154;106318;162472;920958;128057;
I0624 20:37:55.673941  7512 pagerankX.cc:154] TrainLog: fid-93;0.007114;56154;48687;104841;536779;42405;
I0624 20:37:55.733908 14552 pagerankX.cc:154] TrainLog: fid-20;0.006503;55842;68718;124560;692972;61844;
I0624 20:37:55.794793 15112 pagerankX.cc:154] TrainLog: fid-48;0.00424;56153;45986;102139;442255;52906;
I0624 20:37:55.674046  7503 pagerankX.cc:154] TrainLog: fid-21;0.007252;56139;58900;115039;553176;50156;
I0624 20:37:55.795018 15107 pagerankX.cc:154] TrainLog: fid-8;0.004509;56112;63168;119280;610731;58617;
I0624 20:37:55.795107 15116 pagerankX.cc:154] TrainLog: fid-80;0.004512;42501;67782;110283;572510;61988;
I0624 20:37:55.673341 10404 pagerankX.cc:154] TrainLog: fid-10;0.005975;56138;85523;141661;763365;98988;
I0624 20:37:55.661240 30725 pagerankX.cc:154] TrainLog: fid-31;0.001904;31544;27765;59309;180542;26223;
I0624 20:37:55.760855 15092 pagerankX.cc:154] TrainLog: fid-65;0.002904;44909;29514;74423;257145;22748;
I0624 20:37:55.761029 15091 pagerankX.cc:154] TrainLog: fid-57;0.003078;56153;28670;84823;335437;24613;
I0624 20:37:55.661662 30731 pagerankX.cc:154] TrainLog: fid-79;0.002271;56147;23653;79800;253835;25084;
I0624 20:37:55.661708 30730 pagerankX.cc:154] TrainLog: fid-71;0.002317;56149;23408;79557;266288;21253;
I0624 20:37:55.761236 15087 pagerankX.cc:154] TrainLog: fid-25;0.003307;17529;83550;101079;235593;49829;
I0624 20:37:55.796159 15115 pagerankX.cc:154] TrainLog: fid-72;0.005579;54963;58351;113314;647319;47382;
I0624 20:37:55.796190 15106 pagerankX.cc:154] TrainLog: fid-0;0.00566;56147;66443;122590;629292;60938;
I0624 20:37:55.674432 10405 pagerankX.cc:154] TrainLog: fid-18;0.007062;56132;82996;139128;783319;108178;
I0624 20:37:55.735255 14551 pagerankX.cc:154] TrainLog: fid-12;0.00789;53200;183236;236436;694207;114675;
I0624 20:37:55.735550 14553 pagerankX.cc:154] TrainLog: fid-28;0.008187;56088;116576;172664;1144818;126094;
I0624 20:37:55.735582 14560 pagerankX.cc:154] TrainLog: fid-84;0.008171;56152;136602;192754;830999;134590;
I0624 20:37:55.761620 15084 pagerankX.cc:154] TrainLog: fid-1;0.003701;45749;38842;84591;384708;29920;
I0624 20:37:55.735678 14554 pagerankX.cc:154] TrainLog: fid-36;0.008311;56084;125889;181973;1051424;128169;
I0624 20:37:55.761723 15086 pagerankX.cc:154] TrainLog: fid-17;0.003807;56148;36288;92436;399333;32232;
I0624 20:37:55.675761  4708 pagerankX.cc:154] TrainLog: fid-14;0.007593;56139;142376;198515;967480;164767;
I0624 20:37:55.796578 15114 pagerankX.cc:154] TrainLog: fid-64;0.006052;56134;42391;98525;469061;36825;
I0624 20:37:55.674966 10407 pagerankX.cc:154] TrainLog: fid-34;0.007592;56150;109814;165964;746845;99141;
I0624 20:37:55.676157  4707 pagerankX.cc:154] TrainLog: fid-6;0.007988;56149;115889;172038;886493;124067;
I0624 20:37:55.762204 15090 pagerankX.cc:154] TrainLog: fid-49;0.004296;49345;68239;117584;466241;60094;
I0624 20:37:55.662699 30724 pagerankX.cc:154] TrainLog: fid-23;0.003397;56145;30405;86550;460883;27992;
I0624 20:37:55.662781 30728 pagerankX.cc:154] TrainLog: fid-55;0.003392;41226;46400;87626;402351;39190;
I0624 20:37:55.662891 30726 pagerankX.cc:154] TrainLog: fid-39;0.003562;42435;41687;84122;370397;43353;
I0624 20:37:55.662962 30722 pagerankX.cc:154] TrainLog: fid-7;0.003645;53562;41629;95191;362548;52065;
I0624 20:37:55.762485 15095 pagerankX.cc:154] TrainLog: fid-89;0.004566;56127;62781;118908;505739;50279;
I0624 20:37:55.663822 30723 pagerankX.cc:154] TrainLog: fid-15;0.004519;54757;64560;119317;605100;54642;
I0624 20:37:55.763803 15085 pagerankX.cc:154] TrainLog: fid-9;0.005917;56114;95778;151892;766605;99714;
I0624 20:37:55.664989 11491 pagerankX.cc:154] TrainLog: fid-75;0.012042;56151;137522;193673;917931;158701;
I0624 20:37:55.678544  7506 pagerankX.cc:154] TrainLog: fid-45;0.011757;55350;147468;202818;905836;142843;
I0624 20:37:55.765090 15089 pagerankX.cc:154] TrainLog: fid-41;0.007181;56148;81793;137941;781233;92062;
I0624 20:37:55.765223 15088 pagerankX.cc:154] TrainLog: fid-33;0.007315;56148;85305;141453;795250;96099;
I0624 20:37:55.665787 30727 pagerankX.cc:154] TrainLog: fid-47;0.006478;55822;82031;137853;713193;76125;
I0624 20:37:55.678941 10403 pagerankX.cc:154] TrainLog: fid-2;0.011573;56105;119145;175250;1187009;129284;
I0624 20:37:55.801241 15111 pagerankX.cc:154] TrainLog: fid-40;0.010701;56023;127426;183449;1111482;167913;
I0624 20:37:55.766554 15093 pagerankX.cc:154] TrainLog: fid-73;0.008638;56051;109384;165435;790789;126584;
I0624 20:37:55.667260 30732 pagerankX.cc:154] TrainLog: fid-87;0.007908;56133;67527;123660;524816;58394;
I0624 20:37:55.802055 15113 pagerankX.cc:154] TrainLog: fid-56;0.011537;56138;152146;208284;1631795;188081;
I0624 20:37:55.767549 15094 pagerankX.cc:154] TrainLog: fid-81;0.009632;56127;92545;148672;1274121;109898;
I0624 20:37:55.668926 30729 pagerankX.cc:154] TrainLog: fid-63;0.009612;56138;122790;178928;1207953;124019;
I0624 20:37:55.670725 30733 pagerankX.cc:154] TrainLog: fid-95;0.011406;56136;148848;204984;1561426;309900;
I0624 20:37:55.806604 15110 pagerankX.cc:154] TrainLog: fid-32;0.001328;10344;24597;34941;66575;12745;
I0624 20:37:55.672765 11493 pagerankX.cc:154] TrainLog: fid-91;0.001306;38899;17519;56418;137791;20897;
I0624 20:37:55.686085  4715 pagerankX.cc:154] TrainLog: fid-70;0.001176;19916;15136;35052;143562;6852;
I0624 20:37:55.673377 11483 pagerankX.cc:154] TrainLog: fid-11;0.001934;56150;23089;79239;246951;25006;
I0624 20:37:55.746464 14558 pagerankX.cc:154] TrainLog: fid-68;0.00179;56133;16389;72522;226981;15372;
I0624 20:37:55.807404 15108 pagerankX.cc:154] TrainLog: fid-16;0.002146;56118;18584;74702;196104;12188;
I0624 20:37:55.673297 30725 pagerankX.cc:154] TrainLog: fid-31;0.001959;31544;27765;59309;180542;26187;
I0624 20:37:55.673723 11490 pagerankX.cc:154] TrainLog: fid-67;0.002263;56148;19813;75961;268531;19320;
I0624 20:37:55.686069 10406 pagerankX.cc:154] TrainLog: fid-26;0.002416;56135;28174;84309;319990;29907;
I0624 20:37:55.673980 11488 pagerankX.cc:154] TrainLog: fid-51;0.002521;55445;24243;79688;303625;25604;
I0624 20:37:55.687126  4718 pagerankX.cc:154] TrainLog: fid-94;0.002218;56148;23279;79427;236933;23129;
I0624 20:37:55.673689 30731 pagerankX.cc:154] TrainLog: fid-79;0.002352;56147;23653;79800;253835;24526;
I0624 20:37:55.673701 30730 pagerankX.cc:154] TrainLog: fid-71;0.002364;56149;23408;79557;266288;21177;
I0624 20:37:55.687166  7511 pagerankX.cc:154] TrainLog: fid-85;0.002327;28751;43933;72684;230072;33759;
I0624 20:37:55.808043 15117 pagerankX.cc:154] TrainLog: fid-88;0.002751;31939;34629;66568;222886;26878;
I0624 20:37:55.686441 10413 pagerankX.cc:154] TrainLog: fid-82;0.002843;55390;22879;78269;310437;19912;
I0624 20:37:55.773407 15092 pagerankX.cc:154] TrainLog: fid-65;0.002761;44909;29514;74423;257145;22588;
I0624 20:37:55.687479  4711 pagerankX.cc:154] TrainLog: fid-38;0.002579;56151;21244;77395;357719;15375;
I0624 20:37:55.687546  7507 pagerankX.cc:154] TrainLog: fid-53;0.002719;43731;36491;80222;344519;33399;
I0624 20:37:55.687546  4710 pagerankX.cc:154] TrainLog: fid-30;0.002647;56146;27252;83398;339824;22994;
I0624 20:37:55.773687 15091 pagerankX.cc:154] TrainLog: fid-57;0.003042;56153;28670;84823;335437;24317;
I0624 20:37:55.747633 14555 pagerankX.cc:154] TrainLog: fid-44;0.002974;40033;27064;67097;514352;15889;
I0624 20:37:55.687773  4716 pagerankX.cc:154] TrainLog: fid-78;0.002898;45245;34741;79986;297484;25441;
I0624 20:37:55.773792 15087 pagerankX.cc:154] TrainLog: fid-25;0.003172;17529;83550;101079;235593;49793;
I0624 20:37:55.686960 10412 pagerankX.cc:154] TrainLog: fid-74;0.003309;56133;36552;92685;507944;39081;
I0624 20:37:55.687134 10414 pagerankX.cc:154] TrainLog: fid-90;0.00348;37766;54447;92213;392631;58342;
I0624 20:37:55.674887 11482 pagerankX.cc:154] TrainLog: fid-3;0.003441;56148;38892;95040;374710;33444;
I0624 20:37:55.688086  4717 pagerankX.cc:154] TrainLog: fid-86;0.00321;50615;33821;84436;343383;26492;
I0624 20:37:55.674963 11487 pagerankX.cc:154] TrainLog: fid-43;0.003508;56145;43997;100142;499746;38736;
I0624 20:37:55.748039 14561 pagerankX.cc:154] TrainLog: fid-92;0.003354;47253;39734;86987;341559;33559;
I0624 20:37:55.687328 10409 pagerankX.cc:154] TrainLog: fid-50;0.003675;55900;47038;102938;534047;36566;
I0624 20:37:55.675104 11486 pagerankX.cc:154] TrainLog: fid-35;0.003658;45461;53875;99336;370800;42928;
I0624 20:37:55.774255 15084 pagerankX.cc:154] TrainLog: fid-1;0.003642;45749;38842;84591;384708;29898;
I0624 20:37:55.674803 30728 pagerankX.cc:154] TrainLog: fid-55;0.003469;41226;46400;87626;402351;39156;
I0624 20:37:55.674825 30724 pagerankX.cc:154] TrainLog: fid-23;0.003557;56145;30405;86550;460883;27906;
I0624 20:37:55.809137 15109 pagerankX.cc:154] TrainLog: fid-24;0.003892;37147;58230;95377;567954;46523;
I0624 20:37:55.748306 14557 pagerankX.cc:154] TrainLog: fid-60;0.003635;31689;60517;92206;317951;46443;
I0624 20:37:55.774327 15086 pagerankX.cc:154] TrainLog: fid-17;0.003699;56148;36288;92436;399333;32136;
I0624 20:37:55.675258 11489 pagerankX.cc:154] TrainLog: fid-59;0.003799;56125;37561;93686;454217;34495;
I0624 20:37:55.809341 15114 pagerankX.cc:154] TrainLog: fid-64;0.00405;56134;42391;98525;469061;36825;
I0624 20:37:55.688491  7509 pagerankX.cc:154] TrainLog: fid-69;0.003655;56127;55846;111973;426798;43827;
I0624 20:37:55.674983 30726 pagerankX.cc:154] TrainLog: fid-39;0.003713;42435;41687;84122;370397;43287;
I0624 20:37:55.674983 30722 pagerankX.cc:154] TrainLog: fid-7;0.00372;53562;41629;95191;362548;52039;
I0624 20:37:55.809406 15112 pagerankX.cc:154] TrainLog: fid-48;0.00413;56153;45986;102139;442255;52906;
I0624 20:37:55.687736 10408 pagerankX.cc:154] TrainLog: fid-42;0.004138;44990;57630;102620;367206;45113;
I0624 20:37:55.687767 10411 pagerankX.cc:154] TrainLog: fid-66;0.004167;48148;48410;96558;429663;36472;
I0624 20:37:55.688686  4713 pagerankX.cc:154] TrainLog: fid-54;0.003784;33121;50049;83170;404284;29814;
I0624 20:37:55.774760 15090 pagerankX.cc:154] TrainLog: fid-49;0.004157;49345;68239;117584;466241;59984;
I0624 20:37:55.688823  7501 pagerankX.cc:154] TrainLog: fid-5;0.003995;41743;52326;94069;402613;46170;
I0624 20:37:55.809780 15116 pagerankX.cc:154] TrainLog: fid-80;0.004529;42501;67782;110283;572510;61988;
