I0804 11:09:30.488497  7266 bfs.cc:131] worker window 61 24 0
I0804 11:09:30.498800  7261 bfs.cc:131] worker window 21 24 0
I0804 11:09:30.499404  7262 bfs.cc:131] worker window 29 24 0
I0804 11:09:30.499558  7263 bfs.cc:131] worker window 37 24 0
I0804 11:09:30.500712  7260 bfs.cc:131] worker window 13 24 4
I0804 11:09:30.893301 32748 bfs.cc:131] worker window 30 24 55
I0804 11:09:30.501555  7265 bfs.cc:131] worker window 53 24 0
I0804 11:09:30.503068  7264 bfs.cc:131] worker window 45 24 0
I0804 11:09:30.504349  7259 bfs.cc:131] worker window 5 24 0
I0804 11:09:30.897588 32745 bfs.cc:131] worker window 6 24 0
I0804 11:09:30.902312 32752 bfs.cc:131] worker window 62 24 15
I0804 11:09:30.903944 32750 bfs.cc:131] worker window 46 24 0
I0804 11:09:30.905144 32747 bfs.cc:131] worker window 22 24 0
I0804 11:09:30.907269 32746 bfs.cc:131] worker window 14 24 2
I0804 11:09:30.907493 32749 bfs.cc:131] worker window 38 24 0
I0804 11:09:30.910084 32751 bfs.cc:131] worker window 54 24 17
I0804 11:09:30.447186  8705 bfs.cc:131] worker window 47 24 0
I0804 11:09:30.450368  8700 bfs.cc:131] worker window 7 24 5
I0804 11:09:30.450717  8704 bfs.cc:131] worker window 39 24 3
I0804 11:09:30.452886  8701 bfs.cc:131] worker window 15 24 0
I0804 11:09:30.453176  8707 bfs.cc:131] worker window 63 24 0
I0804 11:09:30.781150  5467 bfs.cc:131] worker window 32 24 0
I0804 11:09:30.455623  8706 bfs.cc:131] worker window 55 24 0
I0804 11:09:30.781889  5469 bfs.cc:131] worker window 48 24 25
I0804 11:09:30.456230  8702 bfs.cc:131] worker window 23 24 1
I0804 11:09:30.457871  8703 bfs.cc:131] worker window 31 24 0
I0804 11:09:30.786195  5464 bfs.cc:131] worker window 8 24 0
I0804 11:09:30.786444  5470 bfs.cc:131] worker window 56 24 1
I0804 11:09:30.787295  5466 bfs.cc:131] worker window 24 24 0
I0804 11:09:30.788596  5465 bfs.cc:131] worker window 16 24 0
I0804 11:09:30.790241  5468 bfs.cc:131] worker window 40 24 7
I0804 11:09:30.824379  5463 bfs.cc:131] worker window 0 24 0
I0804 11:09:31.647321 13516 bfs.cc:131] worker window 33 25 18
I0804 11:09:31.649498 13518 bfs.cc:131] worker window 49 25 1
I0804 11:09:31.651341 13514 bfs.cc:131] worker window 17 25 0
I0804 11:09:31.651796 13519 bfs.cc:131] worker window 57 25 6
I0804 11:09:31.655279 13515 bfs.cc:131] worker window 25 25 2
I0804 11:09:31.655762 13512 bfs.cc:131] worker window 1 25 4
I0804 11:09:31.658484 13513 bfs.cc:131] worker window 9 25 0
I0804 11:09:31.659587 13517 bfs.cc:131] worker window 41 25 0
I0804 11:09:32.237828 20664 bfs.cc:131] worker window 34 25 1
I0804 11:09:32.247838 20663 bfs.cc:131] worker window 26 25 4
I0804 11:09:31.471065 23444 bfs.cc:131] worker window 43 25 12
I0804 11:09:31.471688 23440 bfs.cc:131] worker window 11 25 0
I0804 11:09:31.471844 23445 bfs.cc:131] worker window 51 25 0
I0804 11:09:32.251318 20660 bfs.cc:131] worker window 2 25 0
I0804 11:09:32.252840 20665 bfs.cc:131] worker window 42 25 30
I0804 11:09:32.253707 20661 bfs.cc:131] worker window 10 25 0
I0804 11:09:32.254709 20662 bfs.cc:131] worker window 18 25 1
I0804 11:09:32.257340 20666 bfs.cc:131] worker window 50 25 0
I0804 11:09:32.257592 20667 bfs.cc:131] worker window 58 25 0
I0804 11:09:31.481310 23446 bfs.cc:131] worker window 59 25 0
I0804 11:09:31.483311 23439 bfs.cc:131] worker window 3 25 0
I0804 11:09:31.484433 23443 bfs.cc:131] worker window 35 25 0
I0804 11:09:31.485590 23441 bfs.cc:131] worker window 19 25 31
I0804 11:09:31.485926 23442 bfs.cc:131] worker window 27 25 0
I0804 11:09:31.311110  7266 bfs.cc:131] worker window 61 25 0
I0804 11:09:31.319242  7263 bfs.cc:131] worker window 37 25 0
I0804 11:09:31.320022  7260 bfs.cc:131] worker window 13 25 2
I0804 11:09:31.320945  7262 bfs.cc:131] worker window 29 25 0
I0804 11:09:31.321362  7261 bfs.cc:131] worker window 21 25 0
I0804 11:09:31.321696  7265 bfs.cc:131] worker window 53 25 0
I0804 11:09:31.322479  7264 bfs.cc:131] worker window 45 25 0
I0804 11:09:31.323055  7259 bfs.cc:131] worker window 5 25 0
I0804 11:09:31.400784 18943 bfs.cc:131] worker window 20 25 1
I0804 11:09:31.721791 32748 bfs.cc:131] worker window 30 25 47
I0804 11:09:31.723834 32745 bfs.cc:131] worker window 6 25 0
I0804 11:09:31.404296 18942 bfs.cc:131] worker window 12 25 12
I0804 11:09:31.405669 18947 bfs.cc:131] worker window 52 25 21
I0804 11:09:31.409155 18944 bfs.cc:131] worker window 28 25 0
I0804 11:09:31.410526 18945 bfs.cc:131] worker window 36 25 1
I0804 11:09:31.729960 32752 bfs.cc:131] worker window 62 25 13
I0804 11:09:31.731628 32750 bfs.cc:131] worker window 46 25 1
I0804 11:09:31.732147 32746 bfs.cc:131] worker window 14 25 0
I0804 11:09:31.412993 18946 bfs.cc:131] worker window 44 25 6
I0804 11:09:31.732493 32747 bfs.cc:131] worker window 22 25 0
I0804 11:09:31.413786 18948 bfs.cc:131] worker window 60 25 0
I0804 11:09:31.734457 32751 bfs.cc:131] worker window 54 25 8
I0804 11:09:31.415035 18941 bfs.cc:131] worker window 4 25 10
I0804 11:09:31.735482 32749 bfs.cc:131] worker window 38 25 0
I0804 11:09:31.283855  8705 bfs.cc:131] worker window 47 25 0
I0804 11:09:31.286854  8700 bfs.cc:131] worker window 7 25 6
I0804 11:09:31.287447  8704 bfs.cc:131] worker window 39 25 0
I0804 11:09:31.289726  8707 bfs.cc:131] worker window 63 25 0
I0804 11:09:31.289875  8701 bfs.cc:131] worker window 15 25 1
I0804 11:09:31.292181  8706 bfs.cc:131] worker window 55 25 0
I0804 11:09:31.292824  8702 bfs.cc:131] worker window 23 25 1
I0804 11:09:31.294572  8703 bfs.cc:131] worker window 31 25 0
I0804 11:09:31.780526  5467 bfs.cc:131] worker window 32 25 0
I0804 11:09:31.781229  5469 bfs.cc:131] worker window 48 25 27
I0804 11:09:31.785791  5464 bfs.cc:131] worker window 8 25 0
I0804 11:09:31.786128  5470 bfs.cc:131] worker window 56 25 1
I0804 11:09:31.786994  5466 bfs.cc:131] worker window 24 25 0
I0804 11:09:31.788337  5465 bfs.cc:131] worker window 16 25 1
I0804 11:09:31.790313  5468 bfs.cc:131] worker window 40 25 7
I0804 11:09:31.823375  5463 bfs.cc:131] worker window 0 25 0
I0804 11:09:32.805019 13514 bfs.cc:131] worker window 17 26 0
I0804 11:09:32.807054 13519 bfs.cc:131] worker window 57 26 6
I0804 11:09:32.816831 13517 bfs.cc:131] worker window 41 26 0
I0804 11:09:32.816959 13513 bfs.cc:131] worker window 9 26 0
I0804 11:09:32.818579 13516 bfs.cc:131] worker window 33 26 28
I0804 11:09:33.385131 20664 bfs.cc:131] worker window 34 26 1
I0804 11:09:32.613870 23444 bfs.cc:131] worker window 43 26 5
I0804 11:09:32.614521 23440 bfs.cc:131] worker window 11 26 0
I0804 11:09:32.614753 23445 bfs.cc:131] worker window 51 26 0
I0804 11:09:33.395107 20663 bfs.cc:131] worker window 26 26 3
I0804 11:09:33.398087 20660 bfs.cc:131] worker window 2 26 0
I0804 11:09:33.399376 20665 bfs.cc:131] worker window 42 26 15
I0804 11:09:33.400046 20661 bfs.cc:131] worker window 10 26 0
I0804 11:09:33.400710 20662 bfs.cc:131] worker window 18 26 2
I0804 11:09:32.624014 23446 bfs.cc:131] worker window 59 26 0
I0804 11:09:33.403635 20666 bfs.cc:131] worker window 50 26 0
I0804 11:09:33.403723 20667 bfs.cc:131] worker window 58 26 0
I0804 11:09:32.626003 23443 bfs.cc:131] worker window 35 26 0
I0804 11:09:32.626155 23439 bfs.cc:131] worker window 3 26 0
I0804 11:09:32.628417 23441 bfs.cc:131] worker window 19 26 19
I0804 11:09:32.628551 23442 bfs.cc:131] worker window 27 26 0
I0804 11:09:32.845284 13518 bfs.cc:131] worker window 49 26 0
I0804 11:09:32.498837 18943 bfs.cc:131] worker window 20 26 0
I0804 11:09:32.502212 18942 bfs.cc:131] worker window 12 26 12
I0804 11:09:32.503335 18947 bfs.cc:131] worker window 52 26 5
I0804 11:09:32.861662 13512 bfs.cc:131] worker window 1 26 3
I0804 11:09:32.507019 18944 bfs.cc:131] worker window 28 26 0
I0804 11:09:32.508241 18945 bfs.cc:131] worker window 36 26 2
I0804 11:09:32.436400  7266 bfs.cc:131] worker window 61 26 0
I0804 11:09:32.510530 18946 bfs.cc:131] worker window 44 26 1
I0804 11:09:32.511550 18948 bfs.cc:131] worker window 60 26 0
I0804 11:09:32.512306 18941 bfs.cc:131] worker window 4 26 5
I0804 11:09:32.444291  7263 bfs.cc:131] worker window 37 26 0
I0804 11:09:32.445190  7260 bfs.cc:131] worker window 13 26 1
I0804 11:09:32.446277  7265 bfs.cc:131] worker window 53 26 0
I0804 11:09:32.446439  7262 bfs.cc:131] worker window 29 26 0
I0804 11:09:32.447383  7261 bfs.cc:131] worker window 21 26 0
I0804 11:09:32.447782  7264 bfs.cc:131] worker window 45 26 0
I0804 11:09:32.448154  7259 bfs.cc:131] worker window 5 26 0
I0804 11:09:32.843231 32748 bfs.cc:131] worker window 30 26 37
I0804 11:09:32.845939 32745 bfs.cc:131] worker window 6 26 0
I0804 11:09:32.851617 32752 bfs.cc:131] worker window 62 26 5
I0804 11:09:32.853090 32750 bfs.cc:131] worker window 46 26 0
I0804 11:09:32.854192 32747 bfs.cc:131] worker window 22 26 0
I0804 11:09:32.854856 32746 bfs.cc:131] worker window 14 26 0
I0804 11:09:32.856564 32749 bfs.cc:131] worker window 38 26 0
I0804 11:09:32.856806 32751 bfs.cc:131] worker window 54 26 3
I0804 11:09:32.397876  8705 bfs.cc:131] worker window 47 26 0
I0804 11:09:32.725458  5467 bfs.cc:131] worker window 32 26 0
I0804 11:09:32.726161  5469 bfs.cc:131] worker window 48 26 7
I0804 11:09:32.401031  8700 bfs.cc:131] worker window 7 26 6
I0804 11:09:32.401722  8704 bfs.cc:131] worker window 39 26 0
I0804 11:09:32.403717  8707 bfs.cc:131] worker window 63 26 0
I0804 11:09:32.403849  8701 bfs.cc:131] worker window 15 26 0
I0804 11:09:32.730760  5464 bfs.cc:131] worker window 8 26 0
I0804 11:09:32.731155  5470 bfs.cc:131] worker window 56 26 0
I0804 11:09:32.731839  5466 bfs.cc:131] worker window 24 26 0
I0804 11:09:32.406093  8706 bfs.cc:131] worker window 55 26 0
I0804 11:09:32.406726  8702 bfs.cc:131] worker window 23 26 0
I0804 11:09:32.733459  5465 bfs.cc:131] worker window 16 26 0
I0804 11:09:32.734354  5468 bfs.cc:131] worker window 40 26 3
I0804 11:09:32.408881  8703 bfs.cc:131] worker window 31 26 0
I0804 11:09:32.770123  5463 bfs.cc:131] worker window 0 26 0
I0804 11:09:32.965282 13515 bfs.cc:131] worker window 25 26 0
I0804 11:09:33.320345 23444 bfs.cc:131] worker window 43 27 3
I0804 11:09:33.321115 23445 bfs.cc:131] worker window 51 27 0
I0804 11:09:33.321132 23440 bfs.cc:131] worker window 11 27 0
I0804 11:09:33.330756 23446 bfs.cc:131] worker window 59 27 0
I0804 11:09:33.331655 23443 bfs.cc:131] worker window 35 27 0
I0804 11:09:33.331761 23439 bfs.cc:131] worker window 3 27 0
I0804 11:09:33.335320 23442 bfs.cc:131] worker window 27 27 0
I0804 11:09:33.335748 23441 bfs.cc:131] worker window 19 27 5
I0804 11:09:33.577124 13516 bfs.cc:131] worker window 33 27 35
I0804 11:09:33.580842 13514 bfs.cc:131] worker window 17 27 0
I0804 11:09:33.581725 13519 bfs.cc:131] worker window 57 27 0
I0804 11:09:33.585999 13512 bfs.cc:131] worker window 1 27 4
I0804 11:09:33.586215 13515 bfs.cc:131] worker window 25 27 0
I0804 11:09:33.586370 13518 bfs.cc:131] worker window 49 27 0
I0804 11:09:33.589445 13513 bfs.cc:131] worker window 9 27 0
I0804 11:09:33.590617 13517 bfs.cc:131] worker window 41 27 0
I0804 11:09:33.562794 32748 bfs.cc:131] worker window 30 27 8
I0804 11:09:33.565220 32745 bfs.cc:131] worker window 6 27 0
I0804 11:09:34.165477 20664 bfs.cc:131] worker window 34 27 0
I0804 11:09:33.570945 32752 bfs.cc:131] worker window 62 27 4
I0804 11:09:33.572412 32750 bfs.cc:131] worker window 46 27 0
I0804 11:09:33.573652 32747 bfs.cc:131] worker window 22 27 0
I0804 11:09:33.574398 32746 bfs.cc:131] worker window 14 27 0
I0804 11:09:33.575886 32749 bfs.cc:131] worker window 38 27 0
I0804 11:09:33.575979 32751 bfs.cc:131] worker window 54 27 17
I0804 11:09:34.177129 20663 bfs.cc:131] worker window 26 27 2
I0804 11:09:34.182278 20660 bfs.cc:131] worker window 2 27 0
I0804 11:09:34.185036 20661 bfs.cc:131] worker window 10 27 0
I0804 11:09:34.185437 20662 bfs.cc:131] worker window 18 27 0
I0804 11:09:34.185892 20665 bfs.cc:131] worker window 42 27 8
I0804 11:09:34.190392 20666 bfs.cc:131] worker window 50 27 0
I0804 11:09:33.198721  7266 bfs.cc:131] worker window 61 27 0
I0804 11:09:34.192078 20667 bfs.cc:131] worker window 58 27 0
I0804 11:09:33.119699  8705 bfs.cc:131] worker window 47 27 0
I0804 11:09:33.122644  8700 bfs.cc:131] worker window 7 27 3
I0804 11:09:33.123208  8704 bfs.cc:131] worker window 39 27 0
I0804 11:09:33.205649  7263 bfs.cc:131] worker window 37 27 0
I0804 11:09:33.125560  8701 bfs.cc:131] worker window 15 27 0
I0804 11:09:33.125643  8707 bfs.cc:131] worker window 63 27 0
I0804 11:09:33.206331  7260 bfs.cc:131] worker window 13 27 0
I0804 11:09:33.206722  7262 bfs.cc:131] worker window 29 27 0
I0804 11:09:33.207222  7261 bfs.cc:131] worker window 21 27 0
I0804 11:09:33.207710  7265 bfs.cc:131] worker window 53 27 0
I0804 11:09:33.128090  8706 bfs.cc:131] worker window 55 27 0
I0804 11:09:33.128594  8702 bfs.cc:131] worker window 23 27 0
I0804 11:09:33.209107  7264 bfs.cc:131] worker window 45 27 0
I0804 11:09:33.209400  7259 bfs.cc:131] worker window 5 27 0
I0804 11:09:33.130339  8703 bfs.cc:131] worker window 31 27 0
I0804 11:09:33.324631 18943 bfs.cc:131] worker window 20 27 0
I0804 11:09:33.327859 18942 bfs.cc:131] worker window 12 27 13
I0804 11:09:33.329257 18947 bfs.cc:131] worker window 52 27 2
I0804 11:09:33.332949 18944 bfs.cc:131] worker window 28 27 0
I0804 11:09:33.334139 18945 bfs.cc:131] worker window 36 27 1
I0804 11:09:33.336457 18946 bfs.cc:131] worker window 44 27 0
I0804 11:09:33.337375 18948 bfs.cc:131] worker window 60 27 0
I0804 11:09:33.338582 18941 bfs.cc:131] worker window 4 27 2
I0804 11:09:33.683724  5467 bfs.cc:131] worker window 32 27 0
I0804 11:09:33.684567  5469 bfs.cc:131] worker window 48 27 8
I0804 11:09:33.688871  5464 bfs.cc:131] worker window 8 27 0
I0804 11:09:33.689430  5470 bfs.cc:131] worker window 56 27 0
I0804 11:09:33.690068  5466 bfs.cc:131] worker window 24 27 0
I0804 11:09:33.691651  5465 bfs.cc:131] worker window 16 27 0
I0804 11:09:33.692538  5468 bfs.cc:131] worker window 40 27 5
I0804 11:09:33.726660  5463 bfs.cc:131] worker window 0 27 0
I0804 11:09:34.649817 13516 bfs.cc:131] worker window 33 28 22
I0804 11:09:34.652106 13518 bfs.cc:131] worker window 49 28 0
I0804 11:09:34.653628 13514 bfs.cc:131] worker window 17 28 0
I0804 11:09:34.653968 13519 bfs.cc:131] worker window 57 28 0
I0804 11:09:34.657965 13515 bfs.cc:131] worker window 25 28 0
I0804 11:09:34.658025 13512 bfs.cc:131] worker window 1 28 1
I0804 11:09:34.660598 13513 bfs.cc:131] worker window 9 28 0
I0804 11:09:34.661731 13517 bfs.cc:131] worker window 41 28 0
I0804 11:09:35.242226 20664 bfs.cc:131] worker window 34 28 0
I0804 11:09:34.472678 23444 bfs.cc:131] worker window 43 28 7
I0804 11:09:34.473407 23440 bfs.cc:131] worker window 11 28 0
I0804 11:09:34.473634 23445 bfs.cc:131] worker window 51 28 0
I0804 11:09:35.252775 20663 bfs.cc:131] worker window 26 28 0
I0804 11:09:35.257995 20660 bfs.cc:131] worker window 2 28 0
I0804 11:09:35.258913 20665 bfs.cc:131] worker window 42 28 2
I0804 11:09:35.260107 20661 bfs.cc:131] worker window 10 28 0
I0804 11:09:35.260869 20662 bfs.cc:131] worker window 18 28 0
I0804 11:09:34.482759 23446 bfs.cc:131] worker window 59 28 0
I0804 11:09:35.261970 20666 bfs.cc:131] worker window 50 28 0
I0804 11:09:35.262321 20667 bfs.cc:131] worker window 58 28 0
I0804 11:09:34.484864 23443 bfs.cc:131] worker window 35 28 0
I0804 11:09:34.484988 23439 bfs.cc:131] worker window 3 28 0
I0804 11:09:34.487288 23441 bfs.cc:131] worker window 19 28 1
I0804 11:09:34.487416 23442 bfs.cc:131] worker window 27 28 0
I0804 11:09:34.366914 18943 bfs.cc:131] worker window 20 28 0
I0804 11:09:34.370080 18942 bfs.cc:131] worker window 12 28 1
I0804 11:09:34.371423 18947 bfs.cc:131] worker window 52 28 0
I0804 11:09:34.375025 18944 bfs.cc:131] worker window 28 28 0
I0804 11:09:34.376662 18945 bfs.cc:131] worker window 36 28 0
I0804 11:09:34.379176 18946 bfs.cc:131] worker window 44 28 0
I0804 11:09:34.379776 18948 bfs.cc:131] worker window 60 28 0
I0804 11:09:34.307010  7266 bfs.cc:131] worker window 61 28 0
I0804 11:09:34.381184 18941 bfs.cc:131] worker window 4 28 0
I0804 11:09:34.316339  7263 bfs.cc:131] worker window 37 28 0
I0804 11:09:34.316799  7260 bfs.cc:131] worker window 13 28 0
I0804 11:09:34.317093  7262 bfs.cc:131] worker window 29 28 0
I0804 11:09:34.317863  7261 bfs.cc:131] worker window 21 28 0
I0804 11:09:34.318044  7265 bfs.cc:131] worker window 53 28 0
I0804 11:09:34.319500  7264 bfs.cc:131] worker window 45 28 0
I0804 11:09:34.319726  7259 bfs.cc:131] worker window 5 28 0
I0804 11:09:34.723819 32745 bfs.cc:131] worker window 6 28 0
I0804 11:09:34.724134 32748 bfs.cc:131] worker window 30 28 9
I0804 11:09:34.730830 32752 bfs.cc:131] worker window 62 28 14
I0804 11:09:34.732839 32750 bfs.cc:131] worker window 46 28 0
I0804 11:09:34.734906 32747 bfs.cc:131] worker window 22 28 0
I0804 11:09:34.736405 32746 bfs.cc:131] worker window 14 28 0
I0804 11:09:34.736896 32751 bfs.cc:131] worker window 54 28 0
I0804 11:09:34.737610 32749 bfs.cc:131] worker window 38 28 0
I0804 11:09:34.279460  8705 bfs.cc:131] worker window 47 28 0
I0804 11:09:34.282229  8700 bfs.cc:131] worker window 7 28 2
I0804 11:09:34.283344  8704 bfs.cc:131] worker window 39 28 0
I0804 11:09:34.285332  8701 bfs.cc:131] worker window 15 28 0
I0804 11:09:34.285465  8707 bfs.cc:131] worker window 63 28 0
I0804 11:09:34.288218  8702 bfs.cc:131] worker window 23 28 0
I0804 11:09:34.290529  8703 bfs.cc:131] worker window 31 28 0
I0804 11:09:34.291079  8706 bfs.cc:131] worker window 55 28 0
I0804 11:09:34.621930  5467 bfs.cc:131] worker window 32 28 0
I0804 11:09:34.622872  5469 bfs.cc:131] worker window 48 28 3
I0804 11:09:34.626991  5464 bfs.cc:131] worker window 8 28 0
I0804 11:09:34.627743  5470 bfs.cc:131] worker window 56 28 0
I0804 11:09:34.628250  5466 bfs.cc:131] worker window 24 28 0
I0804 11:09:34.629911  5465 bfs.cc:131] worker window 16 28 0
I0804 11:09:34.630865  5468 bfs.cc:131] worker window 40 28 1
I0804 11:09:34.665771  5463 bfs.cc:131] worker window 0 28 0
I0804 11:09:35.529727 13514 bfs.cc:131] worker window 17 29 0
I0804 11:09:35.530481 13519 bfs.cc:131] worker window 57 29 0
I0804 11:09:35.531669 13516 bfs.cc:131] worker window 33 29 23
I0804 11:09:35.539974 13513 bfs.cc:131] worker window 9 29 0
I0804 11:09:35.540000 13517 bfs.cc:131] worker window 41 29 0
I0804 11:09:35.541384 13515 bfs.cc:131] worker window 25 29 0
I0804 11:09:35.542510 13512 bfs.cc:131] worker window 1 29 1
I0804 11:09:36.114501 20664 bfs.cc:131] worker window 34 29 0
I0804 11:09:35.343750 23444 bfs.cc:131] worker window 43 29 0
I0804 11:09:35.344478 23440 bfs.cc:131] worker window 11 29 0
I0804 11:09:35.344590 23445 bfs.cc:131] worker window 51 29 0
I0804 11:09:36.124761 20663 bfs.cc:131] worker window 26 29 0
I0804 11:09:36.127899 20660 bfs.cc:131] worker window 2 29 0
I0804 11:09:36.129161 20665 bfs.cc:131] worker window 42 29 1
I0804 11:09:36.129950 20661 bfs.cc:131] worker window 10 29 0
I0804 11:09:36.130733 20662 bfs.cc:131] worker window 18 29 0
I0804 11:09:35.354022 23446 bfs.cc:131] worker window 59 29 0
I0804 11:09:35.355041 23443 bfs.cc:131] worker window 35 29 0
I0804 11:09:35.355091 23439 bfs.cc:131] worker window 3 29 0
I0804 11:09:36.133498 20666 bfs.cc:131] worker window 50 29 0
I0804 11:09:36.133733 20667 bfs.cc:131] worker window 58 29 0
I0804 11:09:35.357183 23441 bfs.cc:131] worker window 19 29 0
I0804 11:09:35.358665 23442 bfs.cc:131] worker window 27 29 0
I0804 11:09:35.590656 13518 bfs.cc:131] worker window 49 29 0
I0804 11:09:35.174667  7266 bfs.cc:131] worker window 61 29 0
I0804 11:09:35.249531 18943 bfs.cc:131] worker window 20 29 0
I0804 11:09:35.179128  7263 bfs.cc:131] worker window 37 29 0
I0804 11:09:35.179213  7260 bfs.cc:131] worker window 13 29 0
I0804 11:09:35.179770  7262 bfs.cc:131] worker window 29 29 0
I0804 11:09:35.180527  7261 bfs.cc:131] worker window 21 29 0
I0804 11:09:35.180750  7259 bfs.cc:131] worker window 5 29 0
I0804 11:09:35.253350 18942 bfs.cc:131] worker window 12 29 0
I0804 11:09:35.180958  7265 bfs.cc:131] worker window 53 29 0
I0804 11:09:35.254345 18947 bfs.cc:131] worker window 52 29 0
I0804 11:09:35.182093  7264 bfs.cc:131] worker window 45 29 0
I0804 11:09:35.257872 18944 bfs.cc:131] worker window 28 29 0
I0804 11:09:35.577141 32748 bfs.cc:131] worker window 30 29 5
I0804 11:09:35.259047 18945 bfs.cc:131] worker window 36 29 0
I0804 11:09:35.580142 32745 bfs.cc:131] worker window 6 29 0
I0804 11:09:35.261487 18946 bfs.cc:131] worker window 44 29 0
I0804 11:09:35.262450 18948 bfs.cc:131] worker window 60 29 0
I0804 11:09:35.263331 18941 bfs.cc:131] worker window 4 29 0
I0804 11:09:35.586081 32752 bfs.cc:131] worker window 62 29 6
I0804 11:09:35.587514 32750 bfs.cc:131] worker window 46 29 0
I0804 11:09:35.588817 32746 bfs.cc:131] worker window 14 29 0
I0804 11:09:35.588918 32747 bfs.cc:131] worker window 22 29 0
I0804 11:09:35.590571 32751 bfs.cc:131] worker window 54 29 0
I0804 11:09:35.591521 32749 bfs.cc:131] worker window 38 29 0
I0804 11:09:35.135375  8705 bfs.cc:131] worker window 47 29 0
I0804 11:09:35.138754  8700 bfs.cc:131] worker window 7 29 0
I0804 11:09:35.138808  8704 bfs.cc:131] worker window 39 29 0
I0804 11:09:35.140967  8701 bfs.cc:131] worker window 15 29 0
I0804 11:09:35.141213  8707 bfs.cc:131] worker window 63 29 0
I0804 11:09:35.143507  8702 bfs.cc:131] worker window 23 29 0
I0804 11:09:35.143931  8706 bfs.cc:131] worker window 55 29 0
I0804 11:09:35.145676  8703 bfs.cc:131] worker window 31 29 0
I0804 11:09:35.588368  5467 bfs.cc:131] worker window 32 29 0
I0804 11:09:35.589224  5469 bfs.cc:131] worker window 48 29 1
I0804 11:09:35.593204  5464 bfs.cc:131] worker window 8 29 0
I0804 11:09:35.593977  5470 bfs.cc:131] worker window 56 29 0
I0804 11:09:35.594740  5466 bfs.cc:131] worker window 24 29 0
I0804 11:09:35.596216  5465 bfs.cc:131] worker window 16 29 0
I0804 11:09:35.597204  5468 bfs.cc:131] worker window 40 29 1
I0804 11:09:35.631170  5463 bfs.cc:131] worker window 0 29 0
I0804 11:09:37.389771 20654 worker.cc:471] [worker3] enters process result assemble, 8
I0804 11:09:36.611413 23433 worker.cc:471] [worker4] enters process result assemble, 8
I0804 11:09:36.317039  8694 worker.cc:471] [worker8] enters process result assemble, 8
I0804 11:09:36.397426  7253 worker.cc:471] [worker6] enters process result assemble, 8
I0804 11:09:36.642900  5457 worker.cc:471] [worker1] enters process result assemble, 8
I0804 11:09:36.827037 13506 worker.cc:471] [worker2] enters process result assemble, 8
I0804 11:09:36.470154 18935 worker.cc:471] [worker5] enters process result assemble, 8
I0804 11:09:36.789713 32739 worker.cc:471] [worker7] enters process result assemble, 8
I0804 11:12:22.078399 23203 metric.cc:219] -------------------------------------------------
I0804 11:12:22.078433 23203 metric.cc:220] algorithm:           bfs
I0804 11:12:22.078451 23203 metric.cc:221] dataset-vfile:       /BIGDATA1/buaa_wffan_1/grape-data/com-friendster/evr/com-friendster.v
I0804 11:12:22.078456 23203 metric.cc:222] dataset-efile:       /BIGDATA1/buaa_wffan_1/grape-data/com-friendster/evr/com-friendster.e
I0804 11:12:22.078461 23203 metric.cc:223] partition-num:       64
I0804 11:12:22.078470 23203 metric.cc:224] query-info:          file:/BIGDATA1/buaa_wffan_1/lidongze/code/sssp/cpp/build/query/bfs/query-100-bsp
I0804 11:12:22.078475 23203 metric.cc:225] graph-load-time(s):  22.5792
I0804 11:12:22.102030 23203 metric.cc:226] grape-total-time(s): 37.6669
I0804 11:12:22.102043 23203 metric.cc:227] max-thread-time(s):  22.2707
I0804 11:12:22.102049 23203 metric.cc:228] min-thread-time(s):  2.83158
I0804 11:12:22.102056 23203 metric.cc:229] avg-thread-time(s):  8.4623
I0804 11:12:22.102061 23203 metric.cc:230] mpi-msg-size(Bytes): 118522322648
I0804 11:12:22.102084 23203 metric.cc:231] -------------------------------------------------
I0804 11:12:22.102088 23203 metric.cc:232] ------------Running State Time-------------------
I0804 11:12:22.102092 23203 metric.cc:234] [worker1]: 36.3962
I0804 11:12:22.102098 23203 metric.cc:234] [worker2]: 34.6205
I0804 11:12:22.102104 23203 metric.cc:234] [worker3]: 34.8549
I0804 11:12:22.102110 23203 metric.cc:234] [worker4]: 34.6765
I0804 11:12:22.102115 23203 metric.cc:234] [worker5]: 35.0855
I0804 11:12:22.102121 23203 metric.cc:234] [worker6]: 34.9392
I0804 11:12:22.102126 23203 metric.cc:234] [worker7]: 34.9573
I0804 11:12:22.102133 23203 metric.cc:234] [worker8]: 34.9751
I0804 11:12:22.102138 23203 metric.cc:236] ------------Listening State Time-----------------
I0804 11:12:22.102141 23203 metric.cc:238] [worker1]: 0.000114918
I0804 11:12:22.102147 23203 metric.cc:238] [worker2]: 0.268957
I0804 11:12:22.102154 23203 metric.cc:238] [worker3]: 0.223353
I0804 11:12:22.102159 23203 metric.cc:238] [worker4]: 0.237457
I0804 11:12:22.102164 23203 metric.cc:238] [worker5]: 0.226298
I0804 11:12:22.102169 23203 metric.cc:238] [worker6]: 0.205556
I0804 11:12:22.102174 23203 metric.cc:238] [worker7]: 0.184213
I0804 11:12:22.102180 23203 metric.cc:238] [worker8]: 0.146122
I0804 11:12:22.102185 23203 metric.cc:240] -----------------Evaluation Time-----------------
I0804 11:12:22.102188 23203 metric.cc:242] [worker1]: 37.6668
I0804 11:12:22.102193 23203 metric.cc:242] [worker2]: 37.6668
I0804 11:12:22.102200 23203 metric.cc:242] [worker3]: 37.6673
I0804 11:12:22.102205 23203 metric.cc:242] [worker4]: 37.6667
I0804 11:12:22.102210 23203 metric.cc:242] [worker5]: 37.6667
I0804 11:12:22.102216 23203 metric.cc:242] [worker6]: 37.6667
I0804 11:12:22.102221 23203 metric.cc:242] [worker7]: 37.6669
I0804 11:12:22.102239 23203 metric.cc:242] [worker8]: 37.6666
I0804 11:12:22.102246 23203 metric.cc:244] -------------------Ejecting Time-----------------
I0804 11:12:22.102248 23203 metric.cc:246] [worker1]: 22.0404
I0804 11:12:22.102254 23203 metric.cc:246] [worker2]: 18.0174
I0804 11:12:22.102259 23203 metric.cc:246] [worker3]: 18.568
I0804 11:12:22.102265 23203 metric.cc:246] [worker4]: 17.657
I0804 11:12:22.102270 23203 metric.cc:246] [worker5]: 19.8752
I0804 11:12:22.102275 23203 metric.cc:246] [worker6]: 18.9845
I0804 11:12:22.102282 23203 metric.cc:246] [worker7]: 18.6063
I0804 11:12:22.102288 23203 metric.cc:246] [worker8]: 18.1216
I0804 11:12:22.102293 23203 metric.cc:249] ------------------Receiving Time-----------------
I0804 11:12:22.102296 23203 metric.cc:251] [worker1]: 12.7082
I0804 11:12:22.102301 23203 metric.cc:251] [worker2]: 12.9669
I0804 11:12:22.102306 23203 metric.cc:251] [worker3]: 12.94
I0804 11:12:22.102313 23203 metric.cc:251] [worker4]: 13.4022
I0804 11:12:22.102319 23203 metric.cc:251] [worker5]: 12.4111
I0804 11:12:22.102324 23203 metric.cc:251] [worker6]: 12.6753
I0804 11:12:22.102329 23203 metric.cc:251] [worker7]: 12.991
I0804 11:12:22.102334 23203 metric.cc:251] [worker8]: 13.4497
I0804 11:12:22.102339 23203 metric.cc:255] ---------------------Waking Time-----------------
I0804 11:12:22.102356 23203 metric.cc:257] [worker1]: 2.15276
I0804 11:12:22.102362 23203 metric.cc:257] [worker2]: 4.74831
I0804 11:12:22.102368 23203 metric.cc:257] [worker3]: 4.37169
I0804 11:12:22.102373 23203 metric.cc:257] [worker4]: 4.72145
I0804 11:12:22.102378 23203 metric.cc:257] [worker5]: 3.65768
I0804 11:12:22.102383 23203 metric.cc:257] [worker6]: 4.28096
I0804 11:12:22.102389 23203 metric.cc:257] [worker7]: 4.3803
I0804 11:12:22.102394 23203 metric.cc:257] [worker8]: 4.44364
I0804 11:12:22.102399 23203 metric.cc:259] ---------------------Msg Size--------------------
I0804 11:12:22.102402 23203 metric.cc:261] [worker1]: 20307111560
I0804 11:12:22.102406 23203 metric.cc:261] [worker2]: 12028914144
I0804 11:12:22.102411 23203 metric.cc:261] [worker3]: 14465204352
I0804 11:12:22.102413 23203 metric.cc:261] [worker4]: 13686904224
I0804 11:12:22.102417 23203 metric.cc:261] [worker5]: 14965349240
I0804 11:12:22.102421 23203 metric.cc:261] [worker6]: 14363914688
I0804 11:12:22.102424 23203 metric.cc:261] [worker7]: 13842560648
I0804 11:12:22.102428 23203 metric.cc:261] [worker8]: 14862363792
I0804 11:12:22.102432 23203 metric.cc:264] ---------------------MPI_recv time---------------
I0804 11:12:22.102435 23203 metric.cc:266] [worker1]: 0.0335295 , 9.19043, 0.00362992 , 
I0804 11:12:22.102442 23203 metric.cc:266] [worker2]: 0.0177341 , 5.5194, 0.00200057 , 
I0804 11:12:22.102449 23203 metric.cc:266] [worker3]: 0.0187745 , 6.51737, 0.002455 , 
I0804 11:12:22.102457 23203 metric.cc:266] [worker4]: 0.015048 , 5.98529, 0.00239682 , 
I0804 11:12:22.102463 23203 metric.cc:266] [worker5]: 0.0195985 , 6.63008, 0.00353646 , 
I0804 11:12:22.102468 23203 metric.cc:266] [worker6]: 0.024915 , 6.3362, 0.00340772 , 
I0804 11:12:22.102475 23203 metric.cc:266] [worker7]: 0.0151877 , 6.13738, 0.00531816 , 
I0804 11:12:22.102481 23203 metric.cc:266] [worker8]: 0.0173676 , 6.44586, 0.00634313 , 
I0804 11:12:22.102488 23203 metric.cc:270] -----------------Sent Msg Num--------------------
I0804 11:12:22.102493 23203 metric.cc:274] [worker1]: 1305254233
I0804 11:12:22.102495 23203 metric.cc:274] [worker2]: 929768280
I0804 11:12:22.102499 23203 metric.cc:274] [worker3]: 1014353171
I0804 11:12:22.102504 23203 metric.cc:274] [worker4]: 896201654
I0804 11:12:22.102506 23203 metric.cc:274] [worker5]: 1096474412
I0804 11:12:22.102510 23203 metric.cc:274] [worker6]: 1017981272
I0804 11:12:22.102514 23203 metric.cc:274] [worker7]: 1011348695
I0804 11:12:22.102517 23203 metric.cc:274] [worker8]: 990450958
I0804 11:12:22.102520 23203 metric.cc:277] [coordinator] : total = 8261832675
I0804 11:12:22.102524 23203 metric.cc:278] [coordinator] : aggregated msg num = 0
I0804 11:12:22.102528 23203 metric.cc:279] [coordinator] : iter num = 0
I0804 11:12:22.125440 23203 worker.cc:230] all queries in the workload is processed. 
I0804 11:12:22.125456 23203 worker.cc:242] query_info=
I0804 11:12:22.125643 23203 worker.cc:269] [coordinator] shutdown.
I0804 11:12:22.157032  5457 worker.cc:361] [worker_1] shutdown.
I0804 11:12:22.905911 20654 worker.cc:361] [worker_3] shutdown.
I0804 11:12:21.910910  7253 worker.cc:361] [worker_6] shutdown.
I0804 11:12:22.341706 13506 worker.cc:361] [worker_2] shutdown.
I0804 11:12:22.125495 23433 worker.cc:361] [worker_4] shutdown.
I0804 11:12:21.983821 18935 worker.cc:361] [worker_5] shutdown.
I0804 11:12:22.304289 32739 worker.cc:361] [worker_7] shutdown.
I0804 11:12:21.830327  8694 worker.cc:361] [worker_8] shutdown.
