I0624 20:42:32.860271 12160 fragment_loader.cc:23] [worker3]: Begin loading rfile...
I0624 20:42:32.867763 12285 fragment_loader.cc:23] [worker5]: Begin loading rfile...
I0624 20:42:32.921401 19224 fragment_loader.cc:23] [worker2]: Begin loading rfile...
I0624 20:42:32.893596 11128 fragment_loader.cc:23] [worker7]: Begin loading rfile...
I0624 20:42:32.866434 11127 fragment_loader.cc:23] [worker8]: Begin loading rfile...
I0624 20:42:32.851531  1093 fragment_loader.cc:23] [worker6]: Begin loading rfile...
I0624 20:42:32.860015  5452 fragment_loader.cc:23] [worker4]: Begin loading rfile...
I0624 20:42:32.848255 11535 fragment_loader.cc:23] [worker1]: Begin loading rfile...
I0624 20:42:34.434640 11127 fragment_loader.cc:51] [worker8]: Finished loading rfile...
I0624 20:42:34.435535 11127 fragment_loader.cc:75] [worker8]: Begin loading efile... local frag num is 16
I0624 20:42:34.430464 12160 fragment_loader.cc:51] [worker3]: Finished loading rfile...
I0624 20:42:34.431015 12160 fragment_loader.cc:75] [worker3]: Begin loading efile... local frag num is 16
I0624 20:42:34.437705  5452 fragment_loader.cc:51] [worker4]: Finished loading rfile...
I0624 20:42:34.438310  5452 fragment_loader.cc:75] [worker4]: Begin loading efile... local frag num is 16
I0624 20:42:34.435446  1093 fragment_loader.cc:51] [worker6]: Finished loading rfile...
I0624 20:42:34.435992  1093 fragment_loader.cc:75] [worker6]: Begin loading efile... local frag num is 16
I0624 20:42:34.485199 11128 fragment_loader.cc:51] [worker7]: Finished loading rfile...
I0624 20:42:34.485666 11128 fragment_loader.cc:75] [worker7]: Begin loading efile... local frag num is 16
I0624 20:42:34.529189 19224 fragment_loader.cc:51] [worker2]: Finished loading rfile...
I0624 20:42:34.529819 19224 fragment_loader.cc:75] [worker2]: Begin loading efile... local frag num is 16
I0624 20:42:34.476330 12285 fragment_loader.cc:51] [worker5]: Finished loading rfile...
I0624 20:42:34.476969 12285 fragment_loader.cc:75] [worker5]: Begin loading efile... local frag num is 16
I0624 20:42:34.629254 11535 fragment_loader.cc:49] frag-0 vertex num is 42101
I0624 20:42:34.629313 11535 fragment_loader.cc:49] frag-1 vertex num is 42110
I0624 20:42:34.629320 11535 fragment_loader.cc:49] frag-2 vertex num is 42113
I0624 20:42:34.629325 11535 fragment_loader.cc:49] frag-3 vertex num is 42107
I0624 20:42:34.629330 11535 fragment_loader.cc:49] frag-4 vertex num is 16326
I0624 20:42:34.629335 11535 fragment_loader.cc:49] frag-5 vertex num is 42104
I0624 20:42:34.629340 11535 fragment_loader.cc:49] frag-6 vertex num is 42111
I0624 20:42:34.629344 11535 fragment_loader.cc:49] frag-7 vertex num is 42097
I0624 20:42:34.629349 11535 fragment_loader.cc:49] frag-8 vertex num is 42110
I0624 20:42:34.629354 11535 fragment_loader.cc:49] frag-9 vertex num is 42100
I0624 20:42:34.629357 11535 fragment_loader.cc:49] frag-10 vertex num is 42104
I0624 20:42:34.629362 11535 fragment_loader.cc:49] frag-11 vertex num is 42112
I0624 20:42:34.629366 11535 fragment_loader.cc:49] frag-12 vertex num is 42104
I0624 20:42:34.629371 11535 fragment_loader.cc:49] frag-13 vertex num is 42116
I0624 20:42:34.629375 11535 fragment_loader.cc:49] frag-14 vertex num is 42111
I0624 20:42:34.629380 11535 fragment_loader.cc:49] frag-15 vertex num is 42107
I0624 20:42:34.629384 11535 fragment_loader.cc:49] frag-16 vertex num is 32269
I0624 20:42:34.629390 11535 fragment_loader.cc:49] frag-17 vertex num is 42108
I0624 20:42:34.629393 11535 fragment_loader.cc:49] frag-18 vertex num is 42116
I0624 20:42:34.629398 11535 fragment_loader.cc:49] frag-19 vertex num is 41453
I0624 20:42:34.629402 11535 fragment_loader.cc:49] frag-20 vertex num is 31681
I0624 20:42:34.629406 11535 fragment_loader.cc:49] frag-21 vertex num is 42094
I0624 20:42:34.629411 11535 fragment_loader.cc:49] frag-22 vertex num is 42116
I0624 20:42:34.629415 11535 fragment_loader.cc:49] frag-23 vertex num is 11055
I0624 20:42:34.629420 11535 fragment_loader.cc:49] frag-24 vertex num is 42112
I0624 20:42:34.629424 11535 fragment_loader.cc:49] frag-25 vertex num is 35211
I0624 20:42:34.629429 11535 fragment_loader.cc:49] frag-26 vertex num is 42103
I0624 20:42:34.629433 11535 fragment_loader.cc:49] frag-27 vertex num is 42098
I0624 20:42:34.629437 11535 fragment_loader.cc:49] frag-28 vertex num is 41281
I0624 20:42:34.629442 11535 fragment_loader.cc:49] frag-29 vertex num is 42110
I0624 20:42:34.629446 11535 fragment_loader.cc:49] frag-30 vertex num is 41766
I0624 20:42:34.629451 11535 fragment_loader.cc:49] frag-31 vertex num is 42107
I0624 20:42:34.629456 11535 fragment_loader.cc:49] frag-32 vertex num is 24341
I0624 20:42:34.629459 11535 fragment_loader.cc:49] frag-33 vertex num is 37418
I0624 20:42:34.629464 11535 fragment_loader.cc:49] frag-34 vertex num is 42106
I0624 20:42:34.629468 11535 fragment_loader.cc:49] frag-35 vertex num is 38317
I0624 20:42:34.629473 11535 fragment_loader.cc:49] frag-36 vertex num is 42111
I0624 20:42:34.629477 11535 fragment_loader.cc:49] frag-37 vertex num is 42114
I0624 20:42:34.629482 11535 fragment_loader.cc:49] frag-38 vertex num is 37269
I0624 20:42:34.629487 11535 fragment_loader.cc:49] frag-39 vertex num is 42114
I0624 20:42:34.629490 11535 fragment_loader.cc:49] frag-40 vertex num is 42019
I0624 20:42:34.629495 11535 fragment_loader.cc:49] frag-41 vertex num is 40759
I0624 20:42:34.629499 11535 fragment_loader.cc:49] frag-42 vertex num is 42108
I0624 20:42:34.629504 11535 fragment_loader.cc:49] frag-43 vertex num is 42090
I0624 20:42:34.629508 11535 fragment_loader.cc:49] frag-44 vertex num is 42114
I0624 20:42:34.629513 11535 fragment_loader.cc:49] frag-45 vertex num is 37649
I0624 20:42:34.629518 11535 fragment_loader.cc:49] frag-46 vertex num is 42106
I0624 20:42:34.629521 11535 fragment_loader.cc:49] frag-47 vertex num is 42114
I0624 20:42:34.629526 11535 fragment_loader.cc:49] frag-48 vertex num is 7760
I0624 20:42:34.629530 11535 fragment_loader.cc:49] frag-49 vertex num is 42116
I0624 20:42:34.629535 11535 fragment_loader.cc:49] frag-50 vertex num is 42098
I0624 20:42:34.629539 11535 fragment_loader.cc:49] frag-51 vertex num is 25922
I0624 20:42:34.629559 11535 fragment_loader.cc:49] frag-52 vertex num is 42115
I0624 20:42:34.629564 11535 fragment_loader.cc:49] frag-53 vertex num is 42114
I0624 20:42:34.629568 11535 fragment_loader.cc:49] frag-54 vertex num is 42098
I0624 20:42:34.629572 11535 fragment_loader.cc:49] frag-55 vertex num is 42112
I0624 20:42:34.629577 11535 fragment_loader.cc:49] frag-56 vertex num is 39945
I0624 20:42:34.629581 11535 fragment_loader.cc:49] frag-57 vertex num is 42115
I0624 20:42:34.629586 11535 fragment_loader.cc:49] frag-58 vertex num is 42113
I0624 20:42:34.629590 11535 fragment_loader.cc:49] frag-59 vertex num is 37505
I0624 20:42:34.629595 11535 fragment_loader.cc:49] frag-60 vertex num is 42114
I0624 20:42:34.629600 11535 fragment_loader.cc:49] frag-61 vertex num is 42097
I0624 20:42:34.629603 11535 fragment_loader.cc:49] frag-62 vertex num is 42021
I0624 20:42:34.629609 11535 fragment_loader.cc:49] frag-63 vertex num is 37159
I0624 20:42:34.629614 11535 fragment_loader.cc:49] frag-64 vertex num is 42097
I0624 20:42:34.629618 11535 fragment_loader.cc:49] frag-65 vertex num is 42081
I0624 20:42:34.629623 11535 fragment_loader.cc:49] frag-66 vertex num is 42109
I0624 20:42:34.629627 11535 fragment_loader.cc:49] frag-67 vertex num is 40515
I0624 20:42:34.629631 11535 fragment_loader.cc:49] frag-68 vertex num is 21870
I0624 20:42:34.629637 11535 fragment_loader.cc:49] frag-69 vertex num is 42104
I0624 20:42:34.629640 11535 fragment_loader.cc:49] frag-70 vertex num is 42113
I0624 20:42:34.629644 11535 fragment_loader.cc:49] frag-71 vertex num is 40780
I0624 20:42:34.629649 11535 fragment_loader.cc:49] frag-72 vertex num is 42113
I0624 20:42:34.629653 11535 fragment_loader.cc:49] frag-73 vertex num is 42098
I0624 20:42:34.629657 11535 fragment_loader.cc:49] frag-74 vertex num is 42115
I0624 20:42:34.629662 11535 fragment_loader.cc:49] frag-75 vertex num is 31391
I0624 20:42:34.629667 11535 fragment_loader.cc:49] frag-76 vertex num is 42117
I0624 20:42:34.629671 11535 fragment_loader.cc:49] frag-77 vertex num is 39985
I0624 20:42:34.629675 11535 fragment_loader.cc:49] frag-78 vertex num is 38875
I0624 20:42:34.629680 11535 fragment_loader.cc:49] frag-79 vertex num is 20128
I0624 20:42:34.629684 11535 fragment_loader.cc:49] frag-80 vertex num is 30222
I0624 20:42:34.629688 11535 fragment_loader.cc:49] frag-81 vertex num is 42098
I0624 20:42:34.629693 11535 fragment_loader.cc:49] frag-82 vertex num is 42102
I0624 20:42:34.629698 11535 fragment_loader.cc:49] frag-83 vertex num is 42113
I0624 20:42:34.629701 11535 fragment_loader.cc:49] frag-84 vertex num is 42114
I0624 20:42:34.629706 11535 fragment_loader.cc:49] frag-85 vertex num is 37004
I0624 20:42:34.629710 11535 fragment_loader.cc:49] frag-86 vertex num is 36178
I0624 20:42:34.629714 11535 fragment_loader.cc:49] frag-87 vertex num is 42103
I0624 20:42:34.629719 11535 fragment_loader.cc:49] frag-88 vertex num is 42114
I0624 20:42:34.629724 11535 fragment_loader.cc:49] frag-89 vertex num is 42093
I0624 20:42:34.629727 11535 fragment_loader.cc:49] frag-90 vertex num is 32305
I0624 20:42:34.629732 11535 fragment_loader.cc:49] frag-91 vertex num is 42095
I0624 20:42:34.629736 11535 fragment_loader.cc:49] frag-92 vertex num is 18614
I0624 20:42:34.629740 11535 fragment_loader.cc:49] frag-93 vertex num is 42109
I0624 20:42:34.629745 11535 fragment_loader.cc:49] frag-94 vertex num is 42117
I0624 20:42:34.629750 11535 fragment_loader.cc:49] frag-95 vertex num is 32009
I0624 20:42:34.629755 11535 fragment_loader.cc:49] frag-96 vertex num is 31872
I0624 20:42:34.629758 11535 fragment_loader.cc:49] frag-97 vertex num is 42113
I0624 20:42:34.629762 11535 fragment_loader.cc:49] frag-98 vertex num is 7727
I0624 20:42:34.629767 11535 fragment_loader.cc:49] frag-99 vertex num is 42025
I0624 20:42:34.629771 11535 fragment_loader.cc:49] frag-100 vertex num is 42117
I0624 20:42:34.629776 11535 fragment_loader.cc:49] frag-101 vertex num is 42117
I0624 20:42:34.629781 11535 fragment_loader.cc:49] frag-102 vertex num is 31044
I0624 20:42:34.629784 11535 fragment_loader.cc:49] frag-103 vertex num is 42105
I0624 20:42:34.629793 11535 fragment_loader.cc:49] frag-104 vertex num is 42097
I0624 20:42:34.629798 11535 fragment_loader.cc:49] frag-105 vertex num is 42104
I0624 20:42:34.629803 11535 fragment_loader.cc:49] frag-106 vertex num is 42104
I0624 20:42:34.629807 11535 fragment_loader.cc:49] frag-107 vertex num is 42112
I0624 20:42:34.629812 11535 fragment_loader.cc:49] frag-108 vertex num is 20847
I0624 20:42:34.629817 11535 fragment_loader.cc:49] frag-109 vertex num is 42104
I0624 20:42:34.629822 11535 fragment_loader.cc:49] frag-110 vertex num is 17486
I0624 20:42:34.629825 11535 fragment_loader.cc:49] frag-111 vertex num is 32996
I0624 20:42:34.629829 11535 fragment_loader.cc:49] frag-112 vertex num is 42114
I0624 20:42:34.629834 11535 fragment_loader.cc:49] frag-113 vertex num is 21640
I0624 20:42:34.629838 11535 fragment_loader.cc:49] frag-114 vertex num is 42107
I0624 20:42:34.629843 11535 fragment_loader.cc:49] frag-115 vertex num is 42101
I0624 20:42:34.629848 11535 fragment_loader.cc:49] frag-116 vertex num is 17249
I0624 20:42:34.629851 11535 fragment_loader.cc:49] frag-117 vertex num is 42067
I0624 20:42:34.629856 11535 fragment_loader.cc:49] frag-118 vertex num is 42098
I0624 20:42:34.629860 11535 fragment_loader.cc:49] frag-119 vertex num is 42097
I0624 20:42:34.629864 11535 fragment_loader.cc:49] frag-120 vertex num is 33970
I0624 20:42:34.629869 11535 fragment_loader.cc:49] frag-121 vertex num is 42110
I0624 20:42:34.629873 11535 fragment_loader.cc:49] frag-122 vertex num is 42115
I0624 20:42:34.629878 11535 fragment_loader.cc:49] frag-123 vertex num is 42104
I0624 20:42:34.629882 11535 fragment_loader.cc:49] frag-124 vertex num is 42051
I0624 20:42:34.629886 11535 fragment_loader.cc:49] frag-125 vertex num is 42040
I0624 20:42:34.629890 11535 fragment_loader.cc:49] frag-126 vertex num is 29985
I0624 20:42:34.629895 11535 fragment_loader.cc:49] frag-127 vertex num is 42113
I0624 20:42:34.629899 11535 fragment_loader.cc:51] [worker1]: Finished loading rfile...
I0624 20:42:34.630568 11535 fragment_loader.cc:75] [worker1]: Begin loading efile... local frag num is 16
I0624 20:42:58.191005 12285 fragment_loader.cc:182] [worker5]: Finished loading efile...
I0624 20:42:58.191591 12285 fragment_loader.cc:197] [worker5]: Begin loading vfile... vnum is 4900578
I0624 20:42:58.273936 12160 fragment_loader.cc:182] [worker3]: Finished loading efile...
I0624 20:42:58.274467 12160 fragment_loader.cc:197] [worker3]: Begin loading vfile... vnum is 4900578
I0624 20:42:58.494114 11127 fragment_loader.cc:182] [worker8]: Finished loading efile...
I0624 20:42:58.495060 11127 fragment_loader.cc:197] [worker8]: Begin loading vfile... vnum is 4900578
I0624 20:42:58.576684  5452 fragment_loader.cc:182] [worker4]: Finished loading efile...
I0624 20:42:58.577718  5452 fragment_loader.cc:197] [worker4]: Begin loading vfile... vnum is 4900578
I0624 20:42:58.854523 11128 fragment_loader.cc:182] [worker7]: Finished loading efile...
I0624 20:42:58.855546 11128 fragment_loader.cc:197] [worker7]: Begin loading vfile... vnum is 4900578
I0624 20:42:59.144014 19224 fragment_loader.cc:182] [worker2]: Finished loading efile...
I0624 20:42:59.144831 19224 fragment_loader.cc:197] [worker2]: Begin loading vfile... vnum is 4900578
I0624 20:43:00.095341  1093 fragment_loader.cc:182] [worker6]: Finished loading efile...
I0624 20:43:00.096263  1093 fragment_loader.cc:197] [worker6]: Begin loading vfile... vnum is 4900578
I0624 20:43:03.291785 12285 fragment_loader.cc:210] [worker5]: Finished loading vfile...
I0624 20:43:03.366415 12285 fragment.cc:50] 5 11 62073
I0624 20:43:03.391649 12285 fragment.cc:50] 5 11 76325
I0624 20:43:03.443856 12285 fragment.cc:50] 5 11 117407
I0624 20:43:03.497011 12285 fragment.cc:50] 5 11 50062
I0624 20:43:03.510915 12285 fragment.cc:50] 5 11 78803
I0624 20:43:03.548471 12285 fragment.cc:50] 5 11 74944
I0624 20:43:03.575820 12285 fragment.cc:50] 5 11 58537
I0624 20:43:03.592161 12285 fragment.cc:50] 5 11 58046
I0624 20:43:03.615512 12285 fragment.cc:50] 5 11 74019
I0624 20:43:03.650624 12285 fragment.cc:50] 5 11 65227
I0624 20:43:03.688346 12285 fragment.cc:50] 5 11 151839
I0624 20:43:03.828526 12285 fragment.cc:50] 5 11 41699
I0624 20:43:03.845522 12285 fragment.cc:50] 5 11 81919
I0624 20:43:03.878787 12285 fragment.cc:50] 5 11 38786
I0624 20:43:03.889828 12285 fragment.cc:50] 5 11 53883
I0624 20:43:03.910578 12285 fragment.cc:50] 5 11 85193
I0624 20:43:04.351775 12160 fragment_loader.cc:210] [worker3]: Finished loading vfile...
I0624 20:43:04.445070 12160 fragment.cc:50] 3 11 101133
I0624 20:43:04.485723 11127 fragment_loader.cc:210] [worker8]: Finished loading vfile...
I0624 20:43:04.498329 12160 fragment.cc:50] 3 11 79624
I0624 20:43:04.537773 12160 fragment.cc:50] 3 11 79810
I0624 20:43:04.560963 11535 fragment_loader.cc:182] [worker1]: Finished loading efile...
I0624 20:43:04.561964 11535 fragment_loader.cc:197] [worker1]: Begin loading vfile... vnum is 4900578
I0624 20:43:04.582026 11127 fragment.cc:50] 8 11 66817
I0624 20:43:04.583359 12160 fragment.cc:50] 3 11 122818
I0624 20:43:04.617045 11127 fragment.cc:50] 8 11 110926
I0624 20:43:04.668401 12160 fragment.cc:50] 3 11 69554
I0624 20:43:04.702893 11127 fragment.cc:50] 8 11 48097
I0624 20:43:04.698529 12160 fragment.cc:50] 3 11 87558
I0624 20:43:04.718947 11127 fragment.cc:50] 8 11 93147
I0624 20:43:04.748004 12160 fragment.cc:50] 3 11 73608
I0624 20:43:04.779866 12160 fragment.cc:50] 3 11 101195
I0624 20:43:04.787776 11127 fragment.cc:50] 8 11 167898
I0624 20:43:04.832203 12160 fragment.cc:50] 3 11 66898
I0624 20:43:04.859467 12160 fragment.cc:50] 3 11 66803
I0624 20:43:04.891964 12160 fragment.cc:50] 3 11 97373
I0624 20:43:04.909426 11127 fragment.cc:50] 8 11 76864
I0624 20:43:04.945158 11127 fragment.cc:50] 8 11 69804
I0624 20:43:04.943166 12160 fragment.cc:50] 3 11 76488
I0624 20:43:04.972956 11127 fragment.cc:50] 8 11 55481
I0624 20:43:04.992072 11127 fragment.cc:50] 8 11 68951
I0624 20:43:04.992599 12160 fragment.cc:50] 3 11 43776
I0624 20:43:05.005443 12160 fragment.cc:50] 3 11 72740
I0624 20:43:05.019479 11127 fragment.cc:50] 8 11 33033
I0624 20:43:05.029085 11127 fragment.cc:50] 8 11 75502
I0624 20:43:05.039928 12160 fragment.cc:50] 3 11 77151
I0624 20:43:05.064476 11127 fragment.cc:50] 8 11 75763
I0624 20:43:05.082613 12160 fragment.cc:50] 3 11 113415
I0624 20:43:05.120304 11127 fragment.cc:50] 8 11 176984
I0624 20:43:05.283288 11127 fragment.cc:50] 8 11 70486
I0624 20:43:05.282899  5452 fragment_loader.cc:210] [worker4]: Finished loading vfile...
I0624 20:43:05.314551 11127 fragment.cc:50] 8 11 96742
I0624 20:43:05.357794 11128 fragment_loader.cc:210] [worker7]: Finished loading vfile...
I0624 20:43:05.362236 11127 fragment.cc:50] 8 11 93987
I0624 20:43:05.400485  5452 fragment.cc:50] 4 11 84019
I0624 20:43:05.457300 11128 fragment.cc:50] 7 11 105356
I0624 20:43:05.461607  5452 fragment.cc:50] 4 11 176882
I0624 20:43:05.515569 11128 fragment.cc:50] 7 11 85471
I0624 20:43:05.564597 11128 fragment.cc:50] 7 11 63242
I0624 20:43:05.590458 11128 fragment.cc:50] 7 11 112355
I0624 20:43:05.564873  5452 fragment.cc:50] 4 11 94136
I0624 20:43:05.603237  5452 fragment.cc:50] 4 11 97861
I0624 20:43:05.659004 11128 fragment.cc:50] 7 11 72015
I0624 20:43:05.694221 11128 fragment.cc:50] 7 11 94582
I0624 20:43:05.677664  5452 fragment.cc:50] 4 11 113295
I0624 20:43:05.755412 11128 fragment.cc:50] 7 11 78454
I0624 20:43:05.744964  5452 fragment.cc:50] 4 11 81609
I0624 20:43:05.804019 11128 fragment.cc:50] 7 11 133203
I0624 20:43:05.782693  5452 fragment.cc:50] 4 11 47736
I0624 20:43:05.800783  5452 fragment.cc:50] 4 11 68914
I0624 20:43:05.831851  5452 fragment.cc:50] 4 11 78062
I0624 20:43:05.883615 11128 fragment.cc:50] 7 11 120606
I0624 20:43:05.874831  5452 fragment.cc:50] 4 11 105616
I0624 20:43:05.932024  5452 fragment.cc:50] 4 11 110241
I0624 20:43:05.983698 11128 fragment.cc:50] 7 11 73892
I0624 20:43:06.011996 11128 fragment.cc:50] 7 11 67409
I0624 20:43:05.987078  5452 fragment.cc:50] 4 11 84958
I0624 20:43:06.046723 11128 fragment.cc:50] 7 11 78727
I0624 20:43:06.043534  5452 fragment.cc:50] 4 11 72849
I0624 20:43:06.093556 11128 fragment.cc:50] 7 11 67650
I0624 20:43:06.085690  5452 fragment.cc:50] 4 11 147385
I0624 20:43:06.120776 11128 fragment.cc:50] 7 11 29004
I0624 20:43:06.134205 11128 fragment.cc:50] 7 11 100351
I0624 20:43:06.203089 11128 fragment.cc:50] 7 11 107584
I0624 20:43:06.178136  5452 fragment.cc:50] 4 11 99973
I0624 20:43:06.282824 19224 fragment_loader.cc:210] [worker2]: Finished loading vfile...
I0624 20:43:06.235708  5452 fragment.cc:50] 4 11 108694
I0624 20:43:06.415506 19224 fragment.cc:50] 2 11 75682
I0624 20:43:06.478796 19224 fragment.cc:50] 2 11 124231
I0624 20:43:06.563822 19224 fragment.cc:50] 2 11 134038
I0624 20:43:06.641492 19224 fragment.cc:50] 2 11 68442
I0624 20:43:06.668534 19224 fragment.cc:50] 2 11 71056
I0624 20:43:06.701228 19224 fragment.cc:50] 2 11 66681
I0624 20:43:06.738243 19224 fragment.cc:50] 2 11 165000
I0624 20:43:06.890086 19224 fragment.cc:50] 2 11 118239
I0624 20:43:06.977563 19224 fragment.cc:50] 2 11 139737
I0624 20:43:07.109009 19224 fragment.cc:50] 2 11 100432
I0624 20:43:07.204402 19224 fragment.cc:50] 2 11 54278
I0624 20:43:07.223119 19224 fragment.cc:50] 2 11 108970
I0624 20:43:07.295647 19224 fragment.cc:50] 2 11 125384
I0624 20:43:07.247225  1093 fragment_loader.cc:210] [worker6]: Finished loading vfile...
I0624 20:43:07.402087 19224 fragment.cc:50] 2 11 82753
I0624 20:43:07.440902 19224 fragment.cc:50] 2 11 79543
I0624 20:43:07.375030  1093 fragment.cc:50] 6 11 68837
I0624 20:43:07.483052 19224 fragment.cc:50] 2 11 144412
I0624 20:43:07.425741  1093 fragment.cc:50] 6 11 120832
I0624 20:43:07.503407  1093 fragment.cc:50] 6 11 148730
I0624 20:43:07.643911  1093 fragment.cc:50] 6 11 69204
I0624 20:43:07.672024  1093 fragment.cc:50] 6 11 100206
I0624 20:43:07.719611  1093 fragment.cc:50] 6 11 79623
I0624 20:43:07.751345  1093 fragment.cc:50] 6 11 75537
I0624 20:43:07.797206  1093 fragment.cc:50] 6 11 194939
I0624 20:43:07.971652  1093 fragment.cc:50] 6 11 119427
I0624 20:43:08.040563  1093 fragment.cc:50] 6 11 68694
I0624 20:43:08.076397  1093 fragment.cc:50] 6 11 123902
I0624 20:43:08.150763  1093 fragment.cc:50] 6 11 107325
I0624 20:43:08.212494  1093 fragment.cc:50] 6 11 81967
I0624 20:43:08.257021  1093 fragment.cc:50] 6 11 152769
I0624 20:43:08.396697  1093 fragment.cc:50] 6 11 64640
I0624 20:43:08.426394  1093 fragment.cc:50] 6 11 74897
I0624 20:43:10.553522 11535 fragment_loader.cc:210] [worker1]: Finished loading vfile...
I0624 20:43:10.639575 11535 fragment.cc:50] 1 11 79137
I0624 20:43:10.679100 11535 fragment.cc:50] 1 11 60059
I0624 20:43:10.698155 11535 fragment.cc:50] 1 11 42178
I0624 20:43:10.724634 11535 fragment.cc:50] 1 11 143188
I0624 20:43:10.868723 11535 fragment.cc:50] 1 11 57833
I0624 20:43:10.895334 11535 fragment.cc:50] 1 11 126656
I0624 20:43:10.985210 11535 fragment.cc:50] 1 11 17391
I0624 20:43:10.996637 11535 fragment.cc:50] 1 11 120370
I0624 20:43:11.073546 11535 fragment.cc:50] 1 11 60874
I0624 20:43:11.101622 11535 fragment.cc:50] 1 11 132867
I0624 20:43:11.192330 11535 fragment.cc:50] 1 11 69366
I0624 20:43:11.223896 11535 fragment.cc:50] 1 11 74178
I0624 20:43:11.258029 11535 fragment.cc:50] 1 11 66868
I0624 20:43:11.283262 11535 fragment.cc:50] 1 11 73843
I0624 20:43:11.328708 11535 fragment.cc:50] 1 11 62959
I0624 20:43:11.358543 11535 fragment.cc:50] 1 11 73153
I0624 20:43:11.816416 21007 util.cc:56] "query-bsp"
I0624 20:43:11.782338  5458 worker.cc:155] tid-1 access Cool
I0624 20:43:11.782359  5457 worker.cc:155] tid-0 access Cool
I0624 20:43:11.782375  5460 worker.cc:155] tid-3 access Cool
I0624 20:43:11.782433  5461 worker.cc:155] tid-4 access Cool
I0624 20:43:11.816162 11134 worker.cc:155] tid-1 access Cool
I0624 20:43:11.816205 11136 worker.cc:155] tid-3 access Cool
I0624 20:43:11.816197 11137 worker.cc:155] tid-4 access Cool
I0624 20:43:11.769558 11540 worker.cc:155] tid-0 access Cool
I0624 20:43:11.769559 11541 worker.cc:155] tid-1 access Cool
I0624 20:43:11.769580 11543 worker.cc:155] tid-3 access Cool
I0624 20:43:11.769635 11544 worker.cc:155] tid-4 access Cool
I0624 20:43:11.769649 11542 worker.cc:155] tid-2 access Cool
I0624 20:43:11.844285 19230 worker.cc:155] tid-1 access Cool
I0624 20:43:11.844370 19234 worker.cc:155] tid-5 access Cool
I0624 20:43:11.844317 19231 worker.cc:155] tid-2 access Cool
I0624 20:43:11.783123 12166 worker.cc:155] tid-1 access Cool
I0624 20:43:11.783257 12167 worker.cc:155] tid-2 access Cool
I0624 20:43:11.783252 12168 worker.cc:155] tid-3 access Cool
I0624 20:43:11.782482  5459 worker.cc:155] tid-2 access Cool
I0624 20:43:11.790575 12291 worker.cc:155] tid-1 access Cool
I0624 20:43:11.790577 12294 worker.cc:155] tid-4 access Cool
I0624 20:43:11.816283 11138 worker.cc:155] tid-5 access Cool
I0624 20:43:11.789129 11133 worker.cc:155] tid-1 access Cool
I0624 20:43:11.789197 11134 worker.cc:155] tid-2 access Cool
I0624 20:43:11.774170  1099 worker.cc:155] tid-1 access Cool
I0624 20:43:11.774209  1098 worker.cc:155] tid-0 access Cool
I0624 20:43:11.774271  1104 worker.cc:155] tid-6 access Cool
I0624 20:43:11.774252  1103 worker.cc:155] tid-5 access Cool
I0624 20:43:11.774264  1102 worker.cc:155] tid-4 access Cool
I0624 20:43:11.774170  1101 worker.cc:155] tid-3 access Cool
I0624 20:43:11.769663 11545 worker.cc:155] tid-5 access Cool
I0624 20:43:11.769680 11546 worker.cc:155] tid-6 access Cool
I0624 20:43:11.769695 11547 worker.cc:155] tid-7 access Cool
I0624 20:43:11.844408 19229 worker.cc:155] tid-0 access Cool
I0624 20:43:11.844326 19232 worker.cc:155] tid-3 access Cool
I0624 20:43:11.783185 12165 worker.cc:155] tid-0 access Cool
I0624 20:43:11.783311 12169 worker.cc:155] tid-4 access Cool
I0624 20:43:11.782510  5463 worker.cc:155] tid-6 access Cool
I0624 20:43:11.782524  5464 worker.cc:155] tid-7 access Cool
I0624 20:43:11.790577 12292 worker.cc:155] tid-2 access Cool
I0624 20:43:11.790661 12296 worker.cc:155] tid-6 access Cool
I0624 20:43:11.816308 11133 worker.cc:155] tid-0 access Cool
I0624 20:43:11.789185 11136 worker.cc:155] tid-4 access Cool
I0624 20:43:11.789173 11135 worker.cc:155] tid-3 access Cool
I0624 20:43:11.789279 11137 worker.cc:155] tid-5 access Cool
I0624 20:43:11.774289  1105 worker.cc:155] tid-7 access Cool
I0624 20:43:11.774319  1106 worker.cc:155] tid-8 access Cool
I0624 20:43:11.774209  1100 worker.cc:155] tid-2 access Cool
I0624 20:43:11.769706 11548 worker.cc:155] tid-8 access Cool
I0624 20:43:11.844456 19237 worker.cc:155] tid-8 access Cool
I0624 20:43:11.844313 19233 worker.cc:155] tid-4 access Cool
I0624 20:43:11.783329 12170 worker.cc:155] tid-5 access Cool
I0624 20:43:11.782491  5462 worker.cc:155] tid-5 access Cool
I0624 20:43:11.790578 12290 worker.cc:155] tid-0 access Cool
I0624 20:43:11.790575 12293 worker.cc:155] tid-3 access Cool
I0624 20:43:11.816339 11139 worker.cc:155] tid-6 access Cool
I0624 20:43:11.789290 11139 worker.cc:155] tid-7 access Cool
I0624 20:43:11.774353  1108 worker.cc:155] tid-10 access Cool
I0624 20:43:11.769721 11549 worker.cc:155] tid-9 access Cool
I0624 20:43:11.844415 19235 worker.cc:155] tid-6 access Cool
I0624 20:43:11.783375 12171 worker.cc:155] tid-6 access Cool
I0624 20:43:11.783392 12172 worker.cc:155] tid-7 access Cool
I0624 20:43:11.782593  5467 worker.cc:155] tid-10 access Cool
I0624 20:43:11.782600  5466 worker.cc:155] tid-9 access Cool
I0624 20:43:11.790725 12295 worker.cc:155] tid-5 access Cool
I0624 20:43:11.816340 11135 worker.cc:155] tid-2 access Cool
I0624 20:43:11.816370 11140 worker.cc:155] tid-7 access Cool
I0624 20:43:11.816385 11141 worker.cc:155] tid-8 access Cool
I0624 20:43:11.816403 11142 worker.cc:155] tid-9 access Cool
I0624 20:43:11.789291 11138 worker.cc:155] tid-6 access Cool
I0624 20:43:11.774435  1107 worker.cc:155] tid-9 access Cool
I0624 20:43:11.769737 11550 worker.cc:155] tid-10 access Cool
I0624 20:43:11.844489 19238 worker.cc:155] tid-9 access Cool
I0624 20:43:11.783408 12173 worker.cc:155] tid-8 access Cool
I0624 20:43:11.783424 12174 worker.cc:155] tid-9 access Cool
I0624 20:43:11.782614  5468 worker.cc:155] tid-11 access Cool
I0624 20:43:11.782634  5469 worker.cc:155] tid-12 access Cool
I0624 20:43:11.790740 12297 worker.cc:155] tid-7 access Cool
I0624 20:43:11.816419 11143 worker.cc:155] tid-10 access Cool
I0624 20:43:11.789193 11132 worker.cc:155] tid-0 access Cool
I0624 20:43:11.789340 11141 worker.cc:155] tid-9 access Cool
I0624 20:43:11.789320 11140 worker.cc:155] tid-8 access Cool
I0624 20:43:11.774452  1109 worker.cc:155] tid-11 access Cool
I0624 20:43:11.774468  1110 worker.cc:155] tid-12 access Cool
I0624 20:43:11.769783 11551 worker.cc:155] tid-11 access Cool
I0624 20:43:11.769803 11553 worker.cc:155] tid-13 access Cool
I0624 20:43:11.844449 19236 worker.cc:155] tid-7 access Cool
I0624 20:43:11.783437 12175 worker.cc:155] tid-10 access Cool
I0624 20:43:11.782557  5465 worker.cc:155] tid-8 access Cool
I0624 20:43:11.790753 12298 worker.cc:155] tid-8 access Cool
I0624 20:43:11.816435 11144 worker.cc:155] tid-11 access Cool
I0624 20:43:11.816450 11145 worker.cc:155] tid-12 access Cool
I0624 20:43:11.789371 11143 worker.cc:155] tid-11 access Cool
I0624 20:43:11.789383 11142 worker.cc:155] tid-10 access Cool
I0624 20:43:11.774484  1111 worker.cc:155] tid-13 access Cool
I0624 20:43:11.769817 11552 worker.cc:155] tid-12 access Cool
I0624 20:43:11.769841 11555 worker.cc:155] tid-15 access Cool
I0624 20:43:11.844522 19240 worker.cc:155] tid-11 access Cool
I0624 20:43:11.783453 12176 worker.cc:155] tid-11 access Cool
I0624 20:43:11.782650  5470 worker.cc:155] tid-13 access Cool
I0624 20:43:11.790776 12299 worker.cc:155] tid-9 access Cool
I0624 20:43:11.816468 11146 worker.cc:155] tid-13 access Cool
I0624 20:43:11.789391 11144 worker.cc:155] tid-12 access Cool
I0624 20:43:11.789422 11146 worker.cc:155] tid-14 access Cool
I0624 20:43:11.774503  1112 worker.cc:155] tid-14 access Cool
I0624 20:43:11.769845 11535 worker.cc:49] Enter worker loop, task num is 16
I0624 20:43:11.844535 19241 worker.cc:155] tid-12 access Cool
I0624 20:43:11.844516 19239 worker.cc:155] tid-10 access Cool
I0624 20:43:11.783468 12177 worker.cc:155] tid-12 access Cool
I0624 20:43:11.782661  5471 worker.cc:155] tid-14 access Cool
I0624 20:43:11.790793 12300 worker.cc:155] tid-10 access Cool
I0624 20:43:11.790812 12301 worker.cc:155] tid-11 access Cool
I0624 20:43:11.816483 11147 worker.cc:155] tid-14 access Cool
I0624 20:43:11.789425 11145 worker.cc:155] tid-13 access Cool
I0624 20:43:11.774515  1113 worker.cc:155] tid-15 access Cool
I0624 20:43:11.769851 11554 worker.cc:155] tid-14 access Cool
I0624 20:43:11.844568 19243 worker.cc:155] tid-14 access Cool
I0624 20:43:11.783483 12178 worker.cc:155] tid-13 access Cool
I0624 20:43:11.782680  5472 worker.cc:155] tid-15 access Cool
I0624 20:43:11.790824 12302 worker.cc:155] tid-12 access Cool
I0624 20:43:11.790840 12303 worker.cc:155] tid-13 access Cool
I0624 20:43:11.816496 11128 worker.cc:49] Enter worker loop, task num is 16
I0624 20:43:11.816498 11148 worker.cc:155] tid-15 access Cool
I0624 20:43:11.789449 11127 worker.cc:49] Enter worker loop, task num is 16
I0624 20:43:11.774518  1093 worker.cc:49] Enter worker loop, task num is 16
I0624 20:43:11.844583 19224 worker.cc:49] Enter worker loop, task num is 16
I0624 20:43:11.844583 19244 worker.cc:155] tid-15 access Cool
I0624 20:43:11.783496 12179 worker.cc:155] tid-14 access Cool
I0624 20:43:11.782680  5452 worker.cc:49] Enter worker loop, task num is 16
I0624 20:43:11.790853 12304 worker.cc:155] tid-14 access Cool
I0624 20:43:11.789464 11147 worker.cc:155] tid-15 access Cool
I0624 20:43:11.844643 19242 worker.cc:155] tid-13 access Cool
I0624 20:43:11.783514 12180 worker.cc:155] tid-15 access Cool
I0624 20:43:11.790868 12305 worker.cc:155] tid-15 access Cool
I0624 20:43:11.783515 12160 worker.cc:49] Enter worker loop, task num is 16
I0624 20:43:11.790870 12285 worker.cc:49] Enter worker loop, task num is 16
I0624 20:43:11.817807 21007 worker.cc:238] The query absolute path is /BIGDATA1/buaa_wffan_1/lidongze/code/grape/cpp/build/query/pagerank_feature/query-bsp
I0624 20:43:11.820688 21007 worker.cc:244] query detail: 
I0624 20:43:11.820719 21007 query.cc:75] terminate = 0
I0624 20:43:11.820734 21007 query.cc:76] bound = 0
I0624 20:43:11.820741 21007 query.cc:77] root = 0
I0624 20:43:11.820747 21007 query.cc:78] lower_bound_ = 0
I0624 20:43:11.820751 21007 query.cc:79] upper_bound_ = 50
I0624 20:43:11.820755 21007 query.cc:80] ttl_ = 100000
I0624 20:43:11.823720 21007 worker.cc:249] query_info=file:/BIGDATA1/buaa_wffan_1/lidongze/code/grape/cpp/build/query/pagerank_feature/query-bsp
I0624 20:43:11.823925 21007 worker.cc:35] Enter coordinator loop
I0624 20:43:11.819303 11550 pagerankX.cc:154] TrainLog: fid-80;0.00277;30222;39144;69366;286900;28628;
I0624 20:43:11.818357 11548 pagerankX.cc:154] TrainLog: fid-64;0.001823;42097;18777;60874;204650;19830;
I0624 20:43:11.817090 11546 pagerankX.cc:154] TrainLog: fid-48;0.000548;7760;9631;17391;29185;6877;
I0624 20:43:11.818739 11544 pagerankX.cc:154] TrainLog: fid-32;0.002204;24341;33492;57833;187808;26605;
I0624 20:43:11.818136 11542 pagerankX.cc:154] TrainLog: fid-16;0.001603;32269;9909;42178;227323;7313;
I0624 20:43:11.818384 11541 pagerankX.cc:154] TrainLog: fid-8;0.001851;42110;17949;60059;193153;19092;
I0624 20:43:11.819851 11540 pagerankX.cc:154] TrainLog: fid-0;0.003318;42101;37036;79137;394776;37616;
I0624 20:43:11.840111 12296 pagerankX.cc:154] TrainLog: fid-52;0.001554;42115;16422;58537;170468;9023;
I0624 20:43:11.838673 12293 pagerankX.cc:154] TrainLog: fid-28;0.001165;41281;8781;50062;168740;5589;
I0624 20:43:11.840139 12301 pagerankX.cc:154] TrainLog: fid-92;0.001725;18614;23085;41699;131010;19760;
I0624 20:43:11.840106 12303 pagerankX.cc:154] TrainLog: fid-108;0.001297;20847;17939;38786;69498;14193;
I0624 20:43:11.839926 12299 pagerankX.cc:154] TrainLog: fid-76;0.002419;42117;23110;65227;270077;21827;
I0624 20:43:11.820559 11554 pagerankX.cc:154] TrainLog: fid-112;0.002323;42114;20845;62959;314602;23617;
I0624 20:43:11.841589 12302 pagerankX.cc:154] TrainLog: fid-100;0.004089;42117;39802;81919;314712;33655;
I0624 20:43:11.837383 11141 pagerankX.cc:154] TrainLog: fid-79;0.00114;20128;12905;33033;64174;11870;
I0624 20:43:11.837839 11139 pagerankX.cc:154] TrainLog: fid-63;0.001605;37159;18322;55481;155501;17060;
I0624 20:43:11.837854 11134 pagerankX.cc:154] TrainLog: fid-23;0.001614;11055;37042;48097;93141;21984;
I0624 20:43:11.821004 11552 pagerankX.cc:154] TrainLog: fid-96;0.002772;31872;34996;66868;217654;31413;
I0624 20:43:11.841859 12297 pagerankX.cc:154] TrainLog: fid-60;0.004306;42114;15932;58046;197135;16331;
I0624 20:43:11.841874 12295 pagerankX.cc:154] TrainLog: fid-44;0.004375;42114;32830;74944;264839;25667;
I0624 20:43:11.821115 11555 pagerankX.cc:154] TrainLog: fid-120;0.002715;33970;39183;73153;247148;35275;
I0624 20:43:11.821148 11551 pagerankX.cc:154] TrainLog: fid-88;0.00292;42114;32064;74178;266559;32019;
I0624 20:43:11.842128 12298 pagerankX.cc:154] TrainLog: fid-68;0.004628;21870;52149;74019;264240;41206;
I0624 20:43:11.840800 11137 pagerankX.cc:154] TrainLog: fid-47;0.004564;42114;34750;76864;358133;33647;
I0624 20:43:11.840860 11132 pagerankX.cc:154] TrainLog: fid-7;0.004614;42097;24720;66817;277994;23033;
I0624 20:43:11.866211 11143 pagerankX.cc:154] TrainLog: fid-86;0.002791;36178;31231;67409;314107;20826;
I0624 20:43:11.867031 11144 pagerankX.cc:154] TrainLog: fid-94;0.003302;42117;36610;78727;377626;27013;
I0624 20:43:11.865684 11135 pagerankX.cc:154] TrainLog: fid-22;0.002271;42116;21126;63242;187350;19966;
I0624 20:43:11.867086 11139 pagerankX.cc:154] TrainLog: fid-54;0.003259;42098;36356;78454;397083;30987;
I0624 20:43:11.841035 11142 pagerankX.cc:154] TrainLog: fid-87;0.004801;42103;33399;75502;297096;24253;
I0624 20:43:11.868106 11145 pagerankX.cc:154] TrainLog: fid-102;0.003619;31044;36606;67650;242406;31453;
I0624 20:43:11.867030 11142 pagerankX.cc:154] TrainLog: fid-78;0.002907;38875;35017;73892;255823;29797;
I0624 20:43:11.841075 11140 pagerankX.cc:154] TrainLog: fid-71;0.004815;40780;28171;68951;282044;25884;
I0624 20:43:11.864490 11146 pagerankX.cc:154] TrainLog: fid-110;0.001053;17486;11518;29004;74571;10193;
I0624 20:43:11.866461 11137 pagerankX.cc:154] TrainLog: fid-38;0.003048;37269;34746;72015;313259;26431;
I0624 20:43:11.867045 11134 pagerankX.cc:154] TrainLog: fid-14;0.003634;42111;43360;85471;453378;51744;
I0624 20:43:11.841218 11143 pagerankX.cc:154] TrainLog: fid-95;0.004983;32009;43754;75763;359618;38470;
I0624 20:43:11.834148 12166 pagerankX.cc:154] TrainLog: fid-10;0.003071;42104;37520;79624;366343;33691;
I0624 20:43:11.834075 12169 pagerankX.cc:154] TrainLog: fid-34;0.002758;42106;27448;69554;262247;25700;
I0624 20:43:11.832617 12178 pagerankX.cc:154] TrainLog: fid-106;0.002602;42104;30636;72740;293371;26259;
I0624 20:43:11.831475 12177 pagerankX.cc:154] TrainLog: fid-98;0.001442;7727;36049;43776;70307;14359;
I0624 20:43:11.832814 12174 pagerankX.cc:154] TrainLog: fid-74;0.002796;42115;24688;66803;288275;20440;
I0624 20:43:11.834141 12173 pagerankX.cc:154] TrainLog: fid-66;0.002351;42109;24789;66898;258361;21506;
I0624 20:43:11.842743 12291 pagerankX.cc:154] TrainLog: fid-12;0.005243;42104;34221;76325;448440;32452;
I0624 20:43:11.834153 12167 pagerankX.cc:154] TrainLog: fid-18;0.003538;42116;37694;79810;367542;41275;
I0624 20:43:11.834148 12171 pagerankX.cc:154] TrainLog: fid-50;0.002893;42098;31510;73608;244457;33742;
I0624 20:43:11.834110 12179 pagerankX.cc:154] TrainLog: fid-114;0.003198;42107;35044;77151;368637;28581;
I0624 20:43:11.835180 12175 pagerankX.cc:154] TrainLog: fid-82;0.004868;42102;55271;97373;393208;54676;
I0624 20:43:11.835253 12176 pagerankX.cc:154] TrainLog: fid-90;0.005229;32305;44183;76488;437767;36653;
I0624 20:43:11.821986 11553 pagerankX.cc:154] TrainLog: fid-104;0.003749;42097;31746;73843;462305;87935;
I0624 20:43:11.822187 11547 pagerankX.cc:154] TrainLog: fid-56;0.005653;39945;80425;120370;606830;79338;
I0624 20:43:11.868782 11136 pagerankX.cc:154] TrainLog: fid-30;0.005352;41766;70589;112355;549438;66001;
I0624 20:43:11.843024 12294 pagerankX.cc:154] TrainLog: fid-36;0.005516;42111;36692;78803;329860;34452;
I0624 20:43:11.831403  5463 pagerankX.cc:154] TrainLog: fid-51;0.001842;25922;21814;47736;167525;13914;
I0624 20:43:11.835294  5459 pagerankX.cc:154] TrainLog: fid-19;0.005674;41453;52683;94136;313267;32778;
I0624 20:43:11.826439  1110 pagerankX.cc:154] TrainLog: fid-101;0.005209;42117;39850;81967;337765;39189;
I0624 20:43:11.823971  1112 pagerankX.cc:154] TrainLog: fid-117;0.002726;42067;22573;64640;346757;22159;
I0624 20:43:11.823974  1107 pagerankX.cc:154] TrainLog: fid-77;0.002737;39985;28709;68694;297379;22095;
I0624 20:43:11.869196 11138 pagerankX.cc:154] TrainLog: fid-46;0.005784;42106;52476;94582;534456;52771;
I0624 20:43:11.836022 12170 pagerankX.cc:154] TrainLog: fid-42;0.006005;42108;45450;87558;447894;42091;
I0624 20:43:11.827170  1101 pagerankX.cc:154] TrainLog: fid-29;0.005939;42110;27094;69204;271627;24723;
I0624 20:43:11.836208 12172 pagerankX.cc:154] TrainLog: fid-58;0.006183;42113;59082;101195;448316;58191;
I0624 20:43:11.869347 11148 pagerankX.cc:154] TrainLog: fid-126;0.005921;29985;77599;107584;407657;57087;
I0624 20:43:11.827400  1098 pagerankX.cc:154] TrainLog: fid-5;0.006152;42104;26733;68837;431461;47787;
I0624 20:43:11.842301 11135 pagerankX.cc:154] TrainLog: fid-31;0.006053;42107;51040;93147;454477;41620;
I0624 20:43:11.896502 19234 pagerankX.cc:154] TrainLog: fid-41;0.002605;40759;25922;66681;254020;21559;
I0624 20:43:11.894755 19239 pagerankX.cc:154] TrainLog: fid-81;0.001239;42098;12180;54278;116703;22364;
I0624 20:43:11.835734  5465 pagerankX.cc:154] TrainLog: fid-67;0.006164;40515;37547;78062;339436;33612;
I0624 20:43:11.897467 19232 pagerankX.cc:154] TrainLog: fid-25;0.003968;35211;33231;68442;276795;31371;
I0624 20:43:11.835860  5469 pagerankX.cc:154] TrainLog: fid-99;0.006279;42025;30824;72849;306303;24361;
I0624 20:43:11.843894 12305 pagerankX.cc:154] TrainLog: fid-124;0.00506;42051;43142;85193;397251;37509;
I0624 20:43:11.823141 11545 pagerankX.cc:154] TrainLog: fid-40;0.006596;42019;84637;126656;697242;102579;
I0624 20:43:11.836014  5468 pagerankX.cc:154] TrainLog: fid-91;0.006458;42095;42863;84958;532674;45488;
I0624 20:43:11.869758 11133 pagerankX.cc:154] TrainLog: fid-6;0.006324;42111;63245;105356;473378;58151;
I0624 20:43:11.827633  1113 pagerankX.cc:154] TrainLog: fid-125;0.004325;42040;32857;74897;555027;25351;
I0624 20:43:11.897831 19229 pagerankX.cc:154] TrainLog: fid-1;0.004317;42110;33572;75682;576331;45392;
I0624 20:43:11.842736 11138 pagerankX.cc:154] TrainLog: fid-55;0.006475;42112;27692;69804;269324;25653;
I0624 20:43:11.842782 11146 pagerankX.cc:154] TrainLog: fid-119;0.006525;42097;54645;96742;391406;56361;
I0624 20:43:11.842825 11145 pagerankX.cc:154] TrainLog: fid-111;0.006585;32996;37490;70486;267784;28328;
I0624 20:43:11.836228  5461 pagerankX.cc:154] TrainLog: fid-35;0.006648;38317;74978;113295;529624;64567;
I0624 20:43:11.870095 11141 pagerankX.cc:154] TrainLog: fid-70;0.006667;42113;78493;120606;790361;86621;
I0624 20:43:11.836416  5471 pagerankX.cc:154] TrainLog: fid-115;0.004275;42101;57872;99973;468503;42367;
I0624 20:43:11.836484  5457 pagerankX.cc:154] TrainLog: fid-3;0.006932;42107;41912;84019;499956;31953;
I0624 20:43:11.836560  5460 pagerankX.cc:154] TrainLog: fid-27;0.006953;42098;55763;97861;604929;70161;
I0624 20:43:11.898283 19242 pagerankX.cc:154] TrainLog: fid-105;0.004769;42104;40649;82753;321702;33876;
I0624 20:43:11.898336 19233 pagerankX.cc:154] TrainLog: fid-33;0.004836;37418;33638;71056;286691;34196;
I0624 20:43:11.828275  1102 pagerankX.cc:154] TrainLog: fid-37;0.007044;42114;58092;100206;378918;66238;
I0624 20:43:11.844694 12290 pagerankX.cc:154] TrainLog: fid-4;0.007194;16326;45747;62073;190654;26171;
I0624 20:43:11.828328  1106 pagerankX.cc:154] TrainLog: fid-69;0.00707;42104;77323;119427;536042;79793;
I0624 20:43:11.837275 12165 pagerankX.cc:154] TrainLog: fid-2;0.007257;42113;59020;101133;459130;60145;
I0624 20:43:11.836704  5464 pagerankX.cc:154] TrainLog: fid-59;0.007148;37505;31409;68914;274238;30522;
I0624 20:43:11.844730 12304 pagerankX.cc:154] TrainLog: fid-116;0.007222;17249;36634;53883;147792;22441;
I0624 20:43:11.843351 11133 pagerankX.cc:154] TrainLog: fid-15;0.007108;42107;68819;110926;728089;63727;
I0624 20:43:11.898558 19243 pagerankX.cc:154] TrainLog: fid-113;0.00506;21640;57903;79543;232853;47716;
I0624 20:43:11.828543  1109 pagerankX.cc:154] TrainLog: fid-93;0.0073;42109;65216;107325;522110;82725;
I0624 20:43:11.845021 12292 pagerankX.cc:154] TrainLog: fid-20;0.007518;31681;85726;117407;405605;66583;
I0624 20:43:11.898761 19240 pagerankX.cc:154] TrainLog: fid-89;0.00527;42093;66877;108970;557373;84484;
I0624 20:43:11.898777 19236 pagerankX.cc:154] TrainLog: fid-57;0.005282;42115;76124;118239;666785;68033;
I0624 20:43:11.837122  5466 pagerankX.cc:154] TrainLog: fid-75;0.00757;31391;74225;105616;409093;59371;
I0624 20:43:11.870950 11147 pagerankX.cc:154] TrainLog: fid-118;0.004699;42098;58253;100351;529738;54770;
I0624 20:43:11.828758  1099 pagerankX.cc:154] TrainLog: fid-13;0.007522;42116;78716;120832;531622;88423;
I0624 20:43:11.828838  1103 pagerankX.cc:154] TrainLog: fid-45;0.007598;37649;41974;79623;288304;36120;
I0624 20:43:11.837163  5462 pagerankX.cc:154] TrainLog: fid-43;0.00761;42090;39519;81609;376282;32806;
I0624 20:43:11.837250  5467 pagerankX.cc:154] TrainLog: fid-83;0.007695;42113;68128;110241;459565;59643;
I0624 20:43:11.871158 11140 pagerankX.cc:154] TrainLog: fid-62;0.007742;42021;91182;133203;553994;85066;
I0624 20:43:11.845453 12300 pagerankX.cc:154] TrainLog: fid-84;0.007951;42114;109725;151839;983158;127199;
I0624 20:43:11.829191  1104 pagerankX.cc:154] TrainLog: fid-53;0.007961;42114;33423;75537;288996;34028;
I0624 20:43:11.837676  5470 pagerankX.cc:154] TrainLog: fid-107;0.008118;42112;105273;147385;617238;107237;
I0624 20:43:11.899425 19230 pagerankX.cc:154] TrainLog: fid-9;0.005929;42100;82131;124231;593280;103350;
I0624 20:43:11.844388 11147 pagerankX.cc:154] TrainLog: fid-127;0.006486;42113;51874;93987;463419;52246;
I0624 20:43:11.825006 11543 pagerankX.cc:154] TrainLog: fid-24;0.008471;42112;101076;143188;991455;118311;
I0624 20:43:11.838457 12180 pagerankX.cc:154] TrainLog: fid-122;0.005721;42115;71300;113415;543802;72961;
I0624 20:43:11.838457 12168 pagerankX.cc:154] TrainLog: fid-26;0.008444;42103;80715;122818;682651;108649;
I0624 20:43:11.838240  5472 pagerankX.cc:154] TrainLog: fid-123;0.008679;42104;66590;108694;611242;59324;
I0624 20:43:11.900028 19238 pagerankX.cc:154] TrainLog: fid-73;0.006516;42098;58334;100432;840321;70426;
I0624 20:43:11.844924 11144 pagerankX.cc:154] TrainLog: fid-103;0.008676;42105;134879;176984;1056655;146231;
I0624 20:43:11.900418 19231 pagerankX.cc:154] TrainLog: fid-17;0.006927;42108;91930;134038;588860;98066;
I0624 20:43:11.838757  5458 pagerankX.cc:154] TrainLog: fid-11;0.009206;42112;134770;176882;679497;95056;
I0624 20:43:11.900667 19241 pagerankX.cc:154] TrainLog: fid-97;0.007173;42113;83271;125384;911425;93488;
I0624 20:43:11.831229  1108 pagerankX.cc:154] TrainLog: fid-85;0.00998;37004;86898;123902;517591;86176;
I0624 20:43:11.831408  1111 pagerankX.cc:154] TrainLog: fid-109;0.010176;42104;110665;152769;964063;145404;
I0624 20:43:11.846668 11136 pagerankX.cc:154] TrainLog: fid-39;0.010422;42114;125784;167898;774730;145654;
I0624 20:43:11.827339 11549 pagerankX.cc:154] TrainLog: fid-72;0.010337;42113;90754;132867;713733;83632;
I0624 20:43:11.902190 19237 pagerankX.cc:154] TrainLog: fid-65;0.0087;42081;97656;139737;981300;102440;
I0624 20:43:11.832216  1100 pagerankX.cc:154] TrainLog: fid-21;0.010982;42094;106636;148730;1009068;153493;
I0624 20:43:11.902663 19244 pagerankX.cc:154] TrainLog: fid-121;0.00773;42110;102302;144412;851405;105301;
I0624 20:43:11.903163 19235 pagerankX.cc:154] TrainLog: fid-49;0.009672;42116;122884;165000;990153;163791;
I0624 20:43:11.834455  1105 pagerankX.cc:154] TrainLog: fid-61;0.013224;42097;152842;194939;1073328;211396;
I0624 20:43:11.836551 11546 pagerankX.cc:154] TrainLog: fid-48;0.000581;7760;9631;17391;29185;6877;
I0624 20:43:11.837713 11541 pagerankX.cc:154] TrainLog: fid-8;0.001722;42110;17949;60059;193153;19092;
I0624 20:43:11.837734 11542 pagerankX.cc:154] TrainLog: fid-16;0.001746;32269;9909;42178;227323;7313;
I0624 20:43:11.837754 11548 pagerankX.cc:154] TrainLog: fid-64;0.00174;42097;18777;60874;204650;19830;
I0624 20:43:11.838107 11544 pagerankX.cc:154] TrainLog: fid-32;0.002105;24341;33492;57833;187808;26605;
I0624 20:43:11.851711 12177 pagerankX.cc:154] TrainLog: fid-98;0.001379;7727;36049;43776;70307;14395;
I0624 20:43:11.913084 19239 pagerankX.cc:154] TrainLog: fid-81;0.001262;42098;12180;54278;116703;22364;
I0624 20:43:11.838590 11554 pagerankX.cc:154] TrainLog: fid-112;0.0026;42114;20845;62959;314602;23617;
I0624 20:43:11.838697 11550 pagerankX.cc:154] TrainLog: fid-80;0.002717;30222;39144;69366;286900;28628;
I0624 20:43:11.838876 11552 pagerankX.cc:154] TrainLog: fid-96;0.002891;31872;34996;66868;217654;31413;
I0624 20:43:11.839002 11551 pagerankX.cc:154] TrainLog: fid-88;0.002993;42114;32064;74178;266559;32019;
I0624 20:43:11.859824 12293 pagerankX.cc:154] TrainLog: fid-28;0.00109;41281;8781;50062;168740;5591;
I0624 20:43:11.852532 12173 pagerankX.cc:154] TrainLog: fid-66;0.002236;42109;24789;66898;258361;21506;
I0624 20:43:11.885812 11146 pagerankX.cc:154] TrainLog: fid-110;0.001054;17486;11518;29004;74571;10198;
I0624 20:43:11.860108 12303 pagerankX.cc:154] TrainLog: fid-108;0.00135;20847;17939;38786;69498;14199;
I0624 20:43:11.860154 12296 pagerankX.cc:154] TrainLog: fid-52;0.001427;42115;16422;58537;170468;9025;
I0624 20:43:11.852133  5463 pagerankX.cc:154] TrainLog: fid-51;0.001874;25922;21814;47736;167525;13923;
I0624 20:43:11.852988 12169 pagerankX.cc:154] TrainLog: fid-34;0.002669;42106;27448;69554;262247;25701;
I0624 20:43:11.853024 12178 pagerankX.cc:154] TrainLog: fid-106;0.002692;42104;30636;72740;293371;26262;
I0624 20:43:11.839653 11540 pagerankX.cc:154] TrainLog: fid-0;0.003693;42101;37036;79137;394776;37616;
I0624 20:43:11.853036 12174 pagerankX.cc:154] TrainLog: fid-74;0.002713;42115;24688;66803;288275;20446;
I0624 20:43:11.860532 12297 pagerankX.cc:154] TrainLog: fid-60;0.001816;42114;15932;58046;197135;16332;
I0624 20:43:11.853116 12171 pagerankX.cc:154] TrainLog: fid-50;0.002796;42098;31510;73608;244457;33752;
I0624 20:43:11.914497 19232 pagerankX.cc:154] TrainLog: fid-25;0.002662;35211;33231;68442;276795;31371;
I0624 20:43:11.914551 19234 pagerankX.cc:154] TrainLog: fid-41;0.002694;40759;25922;66681;254020;21559;
I0624 20:43:11.853410 12166 pagerankX.cc:154] TrainLog: fid-10;0.003101;42104;37520;79624;366343;33711;
I0624 20:43:11.840037 11553 pagerankX.cc:154] TrainLog: fid-104;0.003444;42097;31746;73843;462305;87935;
I0624 20:43:11.853497 12179 pagerankX.cc:154] TrainLog: fid-114;0.003194;42107;35044;77151;368637;28596;
I0624 20:43:11.852936  5464 pagerankX.cc:154] TrainLog: fid-59;0.002724;37505;31409;68914;274238;30530;
I0624 20:43:11.859560 11141 pagerankX.cc:154] TrainLog: fid-79;0.001125;20128;12905;33033;64174;12388;
I0624 20:43:11.840308 11555 pagerankX.cc:154] TrainLog: fid-120;0.002553;33970;39183;73153;247148;35275;
I0624 20:43:11.914842 19233 pagerankX.cc:154] TrainLog: fid-33;0.002998;37418;33638;71056;286691;34196;
I0624 20:43:11.886934 11135 pagerankX.cc:154] TrainLog: fid-22;0.002228;42116;21126;63242;187350;19966;
I0624 20:43:11.853801 12167 pagerankX.cc:154] TrainLog: fid-18;0.003498;42116;37694;79810;367542;41284;
I0624 20:43:11.853200  5469 pagerankX.cc:154] TrainLog: fid-99;0.00294;42025;30824;72849;306303;24390;
I0624 20:43:11.915004 19243 pagerankX.cc:154] TrainLog: fid-113;0.003147;21640;57903;79543;232853;47716;
I0624 20:43:11.853386  5465 pagerankX.cc:154] TrainLog: fid-67;0.003174;40515;37547;78062;339436;33619;
I0624 20:43:11.861368 12301 pagerankX.cc:154] TrainLog: fid-92;0.00265;18614;23085;41699;131010;19766;
I0624 20:43:11.861377 12299 pagerankX.cc:154] TrainLog: fid-76;0.00263;42117;23110;65227;270077;21827;
I0624 20:43:11.915181 19242 pagerankX.cc:154] TrainLog: fid-105;0.003323;42104;40649;82753;321702;33876;
I0624 20:43:11.854037 12176 pagerankX.cc:154] TrainLog: fid-90;0.003736;32305;44183;76488;437767;36742;
I0624 20:43:11.861506 12290 pagerankX.cc:154] TrainLog: fid-4;0.0028;16326;45747;62073;190654;26235;
I0624 20:43:11.861613 12304 pagerankX.cc:154] TrainLog: fid-116;0.002115;17249;36634;53883;147792;22465;
I0624 20:43:11.854240 12175 pagerankX.cc:154] TrainLog: fid-82;0.003908;42102;55271;97373;393208;54693;
I0624 20:43:11.854264 12170 pagerankX.cc:154] TrainLog: fid-42;0.003946;42108;45450;87558;447894;42131;
I0624 20:43:11.861770 12295 pagerankX.cc:154] TrainLog: fid-44;0.003056;42114;32830;74944;264839;25670;
I0624 20:43:11.840943 11547 pagerankX.cc:154] TrainLog: fid-56;0.00497;39945;80425;120370;606830;79338;
I0624 20:43:11.861771 12298 pagerankX.cc:154] TrainLog: fid-68;0.003058;21870;52149;74019;264240;41333;
I0624 20:43:11.887583 11145 pagerankX.cc:154] TrainLog: fid-102;0.002848;31044;36606;67650;242406;31465;
I0624 20:43:11.887661 11143 pagerankX.cc:154] TrainLog: fid-86;0.00291;36178;31231;67409;314107;20834;
I0624 20:43:11.861918 12302 pagerankX.cc:154] TrainLog: fid-100;0.003173;42117;39802;81919;314712;34318;
I0624 20:43:11.860532 11139 pagerankX.cc:154] TrainLog: fid-63;0.002099;37159;18322;55481;155501;19839;
I0624 20:43:11.861945 12294 pagerankX.cc:154] TrainLog: fid-36;0.003237;42111;36692;78803;329860;34454;
I0624 20:43:11.853983  5459 pagerankX.cc:154] TrainLog: fid-19;0.003748;41453;52683;94136;313267;32787;
